CMake Warning at src/CMakeLists.txt:292 (add_executable):
  Cannot generate a safe runtime search path for target openroad because
  files in some directories may conflict with libraries in implicit
  directories:

    runtime library [libz.so.1] in /usr/lib/x86_64-linux-gnu may be hidden by files in:
      /opt/or-tools/lib

  Some of these libraries may not be found correctly.


CMake Warning at src/odb/test/cpp/CMakeLists.txt:23 (add_executable):
  Cannot generate a safe runtime search path for target OdbGTests because
  files in some directories may conflict with libraries in implicit
  directories:

    runtime library [libz.so.1] in /usr/lib/x86_64-linux-gnu may be hidden by files in:
      /opt/or-tools/lib

  Some of these libraries may not be found correctly.


CMake Warning at src/odb/test/cpp/CMakeLists.txt:24 (add_executable):
  Cannot generate a safe runtime search path for target TestCallBacks because
  files in some directories may conflict with libraries in implicit
  directories:

    runtime library [libz.so.1] in /usr/lib/x86_64-linux-gnu may be hidden by files in:
      /opt/or-tools/lib

  Some of these libraries may not be found correctly.


CMake Warning at src/odb/test/cpp/CMakeLists.txt:25 (add_executable):
  Cannot generate a safe runtime search path for target TestGeom because
  files in some directories may conflict with libraries in implicit
  directories:

    runtime library [libz.so.1] in /usr/lib/x86_64-linux-gnu may be hidden by files in:
      /opt/or-tools/lib

  Some of these libraries may not be found correctly.


CMake Warning at src/odb/test/cpp/CMakeLists.txt:26 (add_executable):
  Cannot generate a safe runtime search path for target TestModule because
  files in some directories may conflict with libraries in implicit
  directories:

    runtime library [libz.so.1] in /usr/lib/x86_64-linux-gnu may be hidden by files in:
      /opt/or-tools/lib

  Some of these libraries may not be found correctly.


CMake Warning at src/odb/test/cpp/CMakeLists.txt:28 (add_executable):
  Cannot generate a safe runtime search path for target TestGroup because
  files in some directories may conflict with libraries in implicit
  directories:

    runtime library [libz.so.1] in /usr/lib/x86_64-linux-gnu may be hidden by files in:
      /opt/or-tools/lib

  Some of these libraries may not be found correctly.


CMake Warning at src/odb/test/cpp/CMakeLists.txt:29 (add_executable):
  Cannot generate a safe runtime search path for target TestGCellGrid because
  files in some directories may conflict with libraries in implicit
  directories:

    runtime library [libz.so.1] in /usr/lib/x86_64-linux-gnu may be hidden by files in:
      /opt/or-tools/lib

  Some of these libraries may not be found correctly.


CMake Warning at src/odb/test/cpp/CMakeLists.txt:32 (add_executable):
  Cannot generate a safe runtime search path for target TestGuide because
  files in some directories may conflict with libraries in implicit
  directories:

    runtime library [libz.so.1] in /usr/lib/x86_64-linux-gnu may be hidden by files in:
      /opt/or-tools/lib

  Some of these libraries may not be found correctly.


CMake Warning at src/odb/test/cpp/CMakeLists.txt:33 (add_executable):
  Cannot generate a safe runtime search path for target TestNetTrack because
  files in some directories may conflict with libraries in implicit
  directories:

    runtime library [libz.so.1] in /usr/lib/x86_64-linux-gnu may be hidden by files in:
      /opt/or-tools/lib

  Some of these libraries may not be found correctly.


CMake Warning at src/odb/test/cpp/CMakeLists.txt:34 (add_executable):
  Cannot generate a safe runtime search path for target TestMaster because
  files in some directories may conflict with libraries in implicit
  directories:

    runtime library [libz.so.1] in /usr/lib/x86_64-linux-gnu may be hidden by files in:
      /opt/or-tools/lib

  Some of these libraries may not be found correctly.


CMake Warning at src/odb/test/cpp/CMakeLists.txt:36 (add_executable):
  Cannot generate a safe runtime search path for target TestChips because
  files in some directories may conflict with libraries in implicit
  directories:

    runtime library [libz.so.1] in /usr/lib/x86_64-linux-gnu may be hidden by files in:
      /opt/or-tools/lib

  Some of these libraries may not be found correctly.


CMake Warning at src/odb/test/cpp/CMakeLists.txt:37 (add_executable):
  Cannot generate a safe runtime search path for target Test3DBloxParser
  because files in some directories may conflict with libraries in implicit
  directories:

    runtime library [libz.so.1] in /usr/lib/x86_64-linux-gnu may be hidden by files in:
      /opt/or-tools/lib

  Some of these libraries may not be found correctly.


CMake Warning at src/odb/test/cpp/CMakeLists.txt:38 (add_executable):
  Cannot generate a safe runtime search path for target Test3DBloxChecker
  because files in some directories may conflict with libraries in implicit
  directories:

    runtime library [libz.so.1] in /usr/lib/x86_64-linux-gnu may be hidden by files in:
      /opt/or-tools/lib

  Some of these libraries may not be found correctly.


CMake Warning at src/odb/test/cpp/CMakeLists.txt:39 (add_executable):
  Cannot generate a safe runtime search path for target
  Test3DBloxVerilogWriter because files in some directories may conflict with
  libraries in implicit directories:

    runtime library [libz.so.1] in /usr/lib/x86_64-linux-gnu may be hidden by files in:
      /opt/or-tools/lib

  Some of these libraries may not be found correctly.


CMake Warning at src/odb/test/cpp/CMakeLists.txt:40 (add_executable):
  Cannot generate a safe runtime search path for target TestSwapMaster
  because files in some directories may conflict with libraries in implicit
  directories:

    runtime library [libz.so.1] in /usr/lib/x86_64-linux-gnu may be hidden by files in:
      /opt/or-tools/lib

  Some of these libraries may not be found correctly.


CMake Warning at src/odb/test/cpp/CMakeLists.txt:41 (add_executable):
  Cannot generate a safe runtime search path for target
  TestSwapMasterUnusedPort because files in some directories may conflict
  with libraries in implicit directories:

    runtime library [libz.so.1] in /usr/lib/x86_64-linux-gnu may be hidden by files in:
      /opt/or-tools/lib

  Some of these libraries may not be found correctly.


CMake Warning at src/odb/test/cpp/CMakeLists.txt:42 (add_executable):
  Cannot generate a safe runtime search path for target TestWriteReadDbHier
  because files in some directories may conflict with libraries in implicit
  directories:

    runtime library [libz.so.1] in /usr/lib/x86_64-linux-gnu may be hidden by files in:
      /opt/or-tools/lib

  Some of these libraries may not be found correctly.


CMake Warning at src/odb/test/cpp/CMakeLists.txt:43 (add_executable):
  Cannot generate a safe runtime search path for target TestObjectType
  because files in some directories may conflict with libraries in implicit
  directories:

    runtime library [libz.so.1] in /usr/lib/x86_64-linux-gnu may be hidden by files in:
      /opt/or-tools/lib

  Some of these libraries may not be found correctly.


CMake Warning at src/odb/test/cpp/CMakeLists.txt:27 (add_executable):
  Cannot generate a safe runtime search path for target TestLef58Properties
  because files in some directories may conflict with libraries in implicit
  directories:

    runtime library [libz.so.1] in /usr/lib/x86_64-linux-gnu may be hidden by files in:
      /opt/or-tools/lib

  Some of these libraries may not be found correctly.


CMake Warning at src/odb/test/cpp/CMakeLists.txt:30 (add_executable):
  Cannot generate a safe runtime search path for target TestJournal because
  files in some directories may conflict with libraries in implicit
  directories:

    runtime library [libz.so.1] in /usr/lib/x86_64-linux-gnu may be hidden by files in:
      /opt/or-tools/lib

  Some of these libraries may not be found correctly.


CMake Warning at src/odb/test/cpp/CMakeLists.txt:31 (add_executable):
  Cannot generate a safe runtime search path for target TestAccessPoint
  because files in some directories may conflict with libraries in implicit
  directories:

    runtime library [libz.so.1] in /usr/lib/x86_64-linux-gnu may be hidden by files in:
      /opt/or-tools/lib

  Some of these libraries may not be found correctly.


CMake Warning at src/odb/test/cpp/CMakeLists.txt:35 (add_executable):
  Cannot generate a safe runtime search path for target TestGDSIn because
  files in some directories may conflict with libraries in implicit
  directories:

    runtime library [libz.so.1] in /usr/lib/x86_64-linux-gnu may be hidden by files in:
      /opt/or-tools/lib

  Some of these libraries may not be found correctly.


CMake Warning at src/odb/test/cpp/scan/CMakeLists.txt:21 (add_executable):
  Cannot generate a safe runtime search path for target TestScanChain because
  files in some directories may conflict with libraries in implicit
  directories:

    runtime library [libz.so.1] in /usr/lib/x86_64-linux-gnu may be hidden by files in:
      /opt/or-tools/lib

  Some of these libraries may not be found correctly.


CMake Warning at src/odb/src/swig/python/CMakeLists.txt:31 (add_executable):
  Cannot generate a safe runtime search path for target odb_py-bin because
  files in some directories may conflict with libraries in implicit
  directories:

    runtime library [libz.so.1] in /usr/lib/x86_64-linux-gnu may be hidden by files in:
      /opt/or-tools/lib

  Some of these libraries may not be found correctly.


CMake Warning at src/odb/src/swig/tcl/CMakeLists.txt:35 (add_executable):
  Cannot generate a safe runtime search path for target odbtcl-bin because
  files in some directories may conflict with libraries in implicit
  directories:

    runtime library [libz.so.1] in /usr/lib/x86_64-linux-gnu may be hidden by files in:
      /opt/or-tools/lib

  Some of these libraries may not be found correctly.


CMake Warning at src/dbSta/test/cpp/CMakeLists.txt:3 (add_executable):
  Cannot generate a safe runtime search path for target TestHconn because
  files in some directories may conflict with libraries in implicit
  directories:

    runtime library [libz.so.1] in /usr/lib/x86_64-linux-gnu may be hidden by files in:
      /opt/or-tools/lib

  Some of these libraries may not be found correctly.


CMake Warning at src/dbSta/test/cpp/CMakeLists.txt:28 (add_executable):
  Cannot generate a safe runtime search path for target TestDbSta because
  files in some directories may conflict with libraries in implicit
  directories:

    runtime library [libz.so.1] in /usr/lib/x86_64-linux-gnu may be hidden by files in:
      /opt/or-tools/lib

  Some of these libraries may not be found correctly.


CMake Warning at src/dbSta/test/cpp/CMakeLists.txt:57 (add_executable):
  Cannot generate a safe runtime search path for target TestReadVerilog
  because files in some directories may conflict with libraries in implicit
  directories:

    runtime library [libz.so.1] in /usr/lib/x86_64-linux-gnu may be hidden by files in:
      /opt/or-tools/lib

  Some of these libraries may not be found correctly.


CMake Warning at src/dbSta/test/cpp/CMakeLists.txt:86 (add_executable):
  Cannot generate a safe runtime search path for target TestWriteVerilog
  because files in some directories may conflict with libraries in implicit
  directories:

    runtime library [libz.so.1] in /usr/lib/x86_64-linux-gnu may be hidden by files in:
      /opt/or-tools/lib

  Some of these libraries may not be found correctly.


CMake Warning at src/rsz/test/cpp/CMakeLists.txt:3 (add_executable):
  Cannot generate a safe runtime search path for target TestBufRem1 because
  files in some directories may conflict with libraries in implicit
  directories:

    runtime library [libz.so.1] in /usr/lib/x86_64-linux-gnu may be hidden by files in:
      /opt/or-tools/lib

  Some of these libraries may not be found correctly.


CMake Warning at src/rsz/test/cpp/CMakeLists.txt:31 (add_executable):
  Cannot generate a safe runtime search path for target TestBufferRemoval2
  because files in some directories may conflict with libraries in implicit
  directories:

    runtime library [libz.so.1] in /usr/lib/x86_64-linux-gnu may be hidden by files in:
      /opt/or-tools/lib

  Some of these libraries may not be found correctly.


CMake Warning at src/rsz/test/cpp/CMakeLists.txt:61 (add_executable):
  Cannot generate a safe runtime search path for target TestBufferRemoval3
  because files in some directories may conflict with libraries in implicit
  directories:

    runtime library [libz.so.1] in /usr/lib/x86_64-linux-gnu may be hidden by files in:
      /opt/or-tools/lib

  Some of these libraries may not be found correctly.


CMake Warning at src/rsz/test/cpp/CMakeLists.txt:90 (add_executable):
  Cannot generate a safe runtime search path for target TestResizer because
  files in some directories may conflict with libraries in implicit
  directories:

    runtime library [libz.so.1] in /usr/lib/x86_64-linux-gnu may be hidden by files in:
      /opt/or-tools/lib

  Some of these libraries may not be found correctly.


CMake Warning at src/rsz/test/cpp/CMakeLists.txt:119 (add_executable):
  Cannot generate a safe runtime search path for target TestInsertBuffer
  because files in some directories may conflict with libraries in implicit
  directories:

    runtime library [libz.so.1] in /usr/lib/x86_64-linux-gnu may be hidden by files in:
      /opt/or-tools/lib

  Some of these libraries may not be found correctly.


CMake Warning at src/rsz/test/cpp/CMakeLists.txt:146 (add_executable):
  Cannot generate a safe runtime search path for target TestResizerMt because
  files in some directories may conflict with libraries in implicit
  directories:

    runtime library [libz.so.1] in /usr/lib/x86_64-linux-gnu may be hidden by files in:
      /opt/or-tools/lib

  Some of these libraries may not be found correctly.


CMake Warning at src/gpl/test/CMakeLists.txt:69 (add_executable):
  Cannot generate a safe runtime search path for target mbff_test because
  files in some directories may conflict with libraries in implicit
  directories:

    runtime library [libz.so.1] in /usr/lib/x86_64-linux-gnu may be hidden by files in:
      /opt/or-tools/lib

  Some of these libraries may not be found correctly.


CMake Warning at src/dpl/test/CMakeLists.txt:92 (add_executable):
  Cannot generate a safe runtime search path for target dpl_test because
  files in some directories may conflict with libraries in implicit
  directories:

    runtime library [libz.so.1] in /usr/lib/x86_64-linux-gnu may be hidden by files in:
      /opt/or-tools/lib

  Some of these libraries may not be found correctly.


CMake Warning at src/rmp/test/cpp/CMakeLists.txt:3 (add_executable):
  Cannot generate a safe runtime search path for target RmpGTests because
  files in some directories may conflict with libraries in implicit
  directories:

    runtime library [libz.so.1] in /usr/lib/x86_64-linux-gnu may be hidden by files in:
      /opt/or-tools/lib

  Some of these libraries may not be found correctly.


CMake Warning at src/cts/test/CMakeLists.txt:50 (add_executable):
  Cannot generate a safe runtime search path for target cts_unittest because
  files in some directories may conflict with libraries in implicit
  directories:

    runtime library [libz.so.1] in /usr/lib/x86_64-linux-gnu may be hidden by files in:
      /opt/or-tools/lib

  Some of these libraries may not be found correctly.


CMake Warning at src/cut/test/cpp/CMakeLists.txt:3 (add_executable):
  Cannot generate a safe runtime search path for target CutGTests because
  files in some directories may conflict with libraries in implicit
  directories:

    runtime library [libz.so.1] in /usr/lib/x86_64-linux-gnu may be hidden by files in:
      /opt/or-tools/lib

  Some of these libraries may not be found correctly.


CMake Warning at src/rcx/src/CMakeLists.txt:100 (add_executable):
  Cannot generate a safe runtime search path for target rcxUnitTest because
  files in some directories may conflict with libraries in implicit
  directories:

    runtime library [libz.so.1] in /usr/lib/x86_64-linux-gnu may be hidden by files in:
      /opt/or-tools/lib

  Some of these libraries may not be found correctly.


CMake Warning at src/drt/CMakeLists.txt:156 (add_executable):
  Cannot generate a safe runtime search path for target trTest because files
  in some directories may conflict with libraries in implicit directories:

    runtime library [libz.so.1] in /usr/lib/x86_64-linux-gnu may be hidden by files in:
      /opt/or-tools/lib

  Some of these libraries may not be found correctly.


CMake Warning at src/dst/test/cpp/CMakeLists.txt:12 (add_executable):
  Cannot generate a safe runtime search path for target TestWorker because
  files in some directories may conflict with libraries in implicit
  directories:

    runtime library [libz.so.1] in /usr/lib/x86_64-linux-gnu may be hidden by files in:
      /opt/or-tools/lib

  Some of these libraries may not be found correctly.


CMake Warning at src/dst/test/cpp/CMakeLists.txt:13 (add_executable):
  Cannot generate a safe runtime search path for target TestBalancer because
  files in some directories may conflict with libraries in implicit
  directories:

    runtime library [libz.so.1] in /usr/lib/x86_64-linux-gnu may be hidden by files in:
      /opt/or-tools/lib

  Some of these libraries may not be found correctly.


CMake Warning at src/dst/test/cpp/CMakeLists.txt:14 (add_executable):
  Cannot generate a safe runtime search path for target TestDistributed
  because files in some directories may conflict with libraries in implicit
  directories:

    runtime library [libz.so.1] in /usr/lib/x86_64-linux-gnu may be hidden by files in:
      /opt/or-tools/lib

  Some of these libraries may not be found correctly.


CMake Warning at src/dft/test/cpp/CMakeLists.txt:15 (add_executable):
  Cannot generate a safe runtime search path for target TestScanArchitect
  because files in some directories may conflict with libraries in implicit
  directories:

    runtime library [libz.so.1] in /usr/lib/x86_64-linux-gnu may be hidden by files in:
      /opt/or-tools/lib

  Some of these libraries may not be found correctly.


CMake Warning at src/dft/test/cpp/CMakeLists.txt:19 (add_executable):
  Cannot generate a safe runtime search path for target
  TestScanArchitectHeuristic because files in some directories may conflict
  with libraries in implicit directories:

    runtime library [libz.so.1] in /usr/lib/x86_64-linux-gnu may be hidden by files in:
      /opt/or-tools/lib

  Some of these libraries may not be found correctly.


CMake Warning at src/mpl/test/cpp/CMakeLists.txt:15 (add_executable):
  Cannot generate a safe runtime search path for target TestSnapper because
  files in some directories may conflict with libraries in implicit
  directories:

    runtime library [libz.so.1] in /usr/lib/x86_64-linux-gnu may be hidden by files in:
      /opt/or-tools/lib

  Some of these libraries may not be found correctly.


CMake Warning at src/mpl/test/cpp/CMakeLists.txt:19 (add_executable):
  Cannot generate a safe runtime search path for target
  TestBlockMacroChannels because files in some directories may conflict with
  libraries in implicit directories:

    runtime library [libz.so.1] in /usr/lib/x86_64-linux-gnu may be hidden by files in:
      /opt/or-tools/lib

  Some of these libraries may not be found correctly.


CMake Warning at src/mpl/test/cpp/CMakeLists.txt:25 (add_executable):
  Cannot generate a safe runtime search path for target TestPusher because
  files in some directories may conflict with libraries in implicit
  directories:

    runtime library [libz.so.1] in /usr/lib/x86_64-linux-gnu may be hidden by files in:
      /opt/or-tools/lib

  Some of these libraries may not be found correctly.


CMake Warning at src/web/test/cpp/CMakeLists.txt:13 (add_executable):
  Cannot generate a safe runtime search path for target TestTileGenerator
  because files in some directories may conflict with libraries in implicit
  directories:

    runtime library [libz.so.1] in /usr/lib/x86_64-linux-gnu may be hidden by files in:
      /opt/or-tools/lib

  Some of these libraries may not be found correctly.


CMake Warning at src/web/test/cpp/CMakeLists.txt:26 (add_executable):
  Cannot generate a safe runtime search path for target TestRequestHandler
  because files in some directories may conflict with libraries in implicit
  directories:

    runtime library [libz.so.1] in /usr/lib/x86_64-linux-gnu may be hidden by files in:
      /opt/or-tools/lib

  Some of these libraries may not be found correctly.


CMake Warning at src/web/test/cpp/CMakeLists.txt:39 (add_executable):
  Cannot generate a safe runtime search path for target TestSaveReport
  because files in some directories may conflict with libraries in implicit
  directories:

    runtime library [libz.so.1] in /usr/lib/x86_64-linux-gnu may be hidden by files in:
      /opt/or-tools/lib

  Some of these libraries may not be found correctly.


CMake Warning at src/web/test/cpp/CMakeLists.txt:52 (add_executable):
  Cannot generate a safe runtime search path for target TestDebugGraphics
  because files in some directories may conflict with libraries in implicit
  directories:

    runtime library [libz.so.1] in /usr/lib/x86_64-linux-gnu may be hidden by files in:
      /opt/or-tools/lib

  Some of these libraries may not be found correctly.


CMake Warning at src/web/test/cpp/CMakeLists.txt:65 (add_executable):
  Cannot generate a safe runtime search path for target TestGlyphCache
  because files in some directories may conflict with libraries in implicit
  directories:

    runtime library [libz.so.1] in /usr/lib/x86_64-linux-gnu may be hidden by files in:
      /opt/or-tools/lib

  Some of these libraries may not be found correctly.


CMake Warning:
  Manually-specified variables were not used by the project:

    bison_ROOT
    cudd_ROOT
    cusp_ROOT


In file included from /OpenROAD/src/utl/include/utl/CFileUtils.h:11,
                 from /OpenROAD/src/utl/src/CFileUtils.cpp:1:
/OpenROAD/src/utl/include/utl/Logger.h:64:3: error: ‘ToolId’ does not name a type
   64 |   ToolId tool;
      |   ^~~~~~
/OpenROAD/src/utl/include/utl/Logger.h: In member function ‘bool utl::SchemaKey::operator==(const utl::SchemaKey&) const’:
/OpenROAD/src/utl/include/utl/Logger.h:68:12: error: ‘tool’ was not declared in this scope; did you mean ‘bool’?
   68 |     return tool == other.tool && id == other.id;
      |            ^~~~
      |            bool
/OpenROAD/src/utl/include/utl/Logger.h:68:26: error: ‘const struct utl::SchemaKey’ has no member named ‘tool’
   68 |     return tool == other.tool && id == other.id;
      |                          ^~~~
/OpenROAD/src/utl/include/utl/Logger.h: In member function ‘size_t utl::SchemaKeyHasher::operator()(const utl::SchemaKey&) const’:
/OpenROAD/src/utl/include/utl/Logger.h:74:48: error: ‘const struct utl::SchemaKey’ has no member named ‘tool’
   74 |     return std::hash<int>{}(static_cast<int>(k.tool)) ^ (std::hash<int>{}(k.id) << 1);
      |                                                ^~~~
/OpenROAD/src/utl/include/utl/Logger.h: At global scope:
/OpenROAD/src/utl/include/utl/Logger.h:101:20: error: ‘SQLiteType’ does not name a type
  101 |   static constexpr SQLiteType value = SQLiteType::INTEGER;
      |                    ^~~~~~~~~~
/OpenROAD/src/utl/include/utl/Logger.h:106:20: error: ‘SQLiteType’ does not name a type
  106 |   static constexpr SQLiteType value = SQLiteType::REAL;
      |                    ^~~~~~~~~~
/OpenROAD/src/utl/include/utl/Logger.h:127:9: error: ‘SchemaInfo’ does not name a type
  127 |   const SchemaInfo& schema_info() const { return info_; }
      |         ^~~~~~~~~~
/OpenROAD/src/utl/include/utl/Logger.h:147:3: error: ‘SchemaInfo’ does not name a type
  147 |   SchemaInfo info_;
      |   ^~~~~~~~~~
/OpenROAD/src/utl/include/utl/Logger.h:159:33: error: expected ‘)’ before ‘info’
  159 |   explicit TypedQueue(SchemaInfo info) { info_ = std::move(info); }
      |                      ~          ^~~~~
      |                                 )
/OpenROAD/src/utl/include/utl/Logger.h: In static member function ‘static void TypedQueue<Args>::bind_field(sqlite3_stmt*, int, T)’:
/OpenROAD/src/utl/include/utl/Logger.h:237:45: error: ‘SQLiteType’ has not been declared
  237 |     if constexpr (TypeToSQLite<T>::value == SQLiteType::INTEGER) {
      |                                             ^~~~~~~~~~
/OpenROAD/src/utl/include/utl/Logger.h:239:52: error: ‘SQLiteType’ has not been declared
  239 |     } else if constexpr (TypeToSQLite<T>::value == SQLiteType::REAL) {
      |                                                    ^~~~~~~~~~
/OpenROAD/src/utl/include/utl/Logger.h: In member function ‘bool TypedQueue<Args>::build_insert_stmt(sqlite3*)’:
/OpenROAD/src/utl/include/utl/Logger.h:256:40: error: ‘info_’ was not declared in this scope
  256 |     std::string sql = "INSERT INTO " + info_.table_name + " (";
      |                                        ^~~~~
/OpenROAD/src/utl/include/utl/Logger.h: At global scope:
/OpenROAD/src/utl/include/utl/Logger.h:280:3: error: ‘SchemaKey’ does not name a type
  280 |   SchemaKey key;
      |   ^~~~~~~~~
/OpenROAD/src/utl/include/utl/Logger.h:287:28: error: ‘SchemaKey’ was not declared in this scope; did you mean ‘utl::SchemaKey’?
  287 |       = std::unordered_map<SchemaKey, std::shared_ptr<AbstractQueue>, SchemaKeyHasher>;
      |                            ^~~~~~~~~
      |                            utl::SchemaKey
/OpenROAD/src/utl/include/utl/Logger.h:63:8: note: ‘utl::SchemaKey’ declared here
   63 | struct SchemaKey {
      |        ^~~~~~~~~
/OpenROAD/src/utl/include/utl/Logger.h:287:71: error: ‘SchemaKeyHasher’ was not declared in this scope; did you mean ‘utl::SchemaKeyHasher’?
  287 |       = std::unordered_map<SchemaKey, std::shared_ptr<AbstractQueue>, SchemaKeyHasher>;
      |                                                                       ^~~~~~~~~~~~~~~
      |                                                                       utl::SchemaKeyHasher
/OpenROAD/src/utl/include/utl/Logger.h:72:8: note: ‘utl::SchemaKeyHasher’ declared here
   72 | struct SchemaKeyHasher {
      |        ^~~~~~~~~~~~~~~
/OpenROAD/src/utl/include/utl/Logger.h:287:86: error: template argument 1 is invalid
  287 |       = std::unordered_map<SchemaKey, std::shared_ptr<AbstractQueue>, SchemaKeyHasher>;
      |                                                                                      ^
/OpenROAD/src/utl/include/utl/Logger.h:287:86: error: template argument 3 is invalid
/OpenROAD/src/utl/include/utl/Logger.h:287:86: error: template argument 4 is invalid
/OpenROAD/src/utl/include/utl/Logger.h:287:86: error: template argument 5 is invalid
/OpenROAD/src/utl/include/utl/Logger.h:287:14: error: ‘<expression error>’ in namespace ‘std’ does not name a type
  287 |       = std::unordered_map<SchemaKey, std::shared_ptr<AbstractQueue>, SchemaKeyHasher>;
      |              ^~~~~~~~~~~~~~~~~~~~~~~~~~~~~~~~~~~~~~~~~~~~~~~~~~~~~~~~~~~~~~~~~~~~~~~~~
/OpenROAD/src/utl/include/utl/Logger.h:291:25: error: ISO C++ forbids declaration of ‘type name’ with no type [-fpermissive]
  291 |   std::shared_ptr<const RegistryMap> get_map() const {
      |                         ^~~~~~~~~~~
/OpenROAD/src/utl/include/utl/Logger.h:291:36: error: template argument 1 is invalid
  291 |   std::shared_ptr<const RegistryMap> get_map() const {
      |                                    ^
/OpenROAD/src/utl/include/utl/Logger.h:291:8: error: ‘<expression error>’ in namespace ‘std’ does not name a type
  291 |   std::shared_ptr<const RegistryMap> get_map() const {
      |        ^~~~~~~~~~~~~~~~~~~~~~~~~~~~~
/OpenROAD/src/utl/include/utl/Logger.h:298:7: error: ‘SchemaKey’ has not been declared
  298 |       SchemaKey key,
      |       ^~~~~~~~~
/OpenROAD/src/utl/include/utl/Logger.h:318:25: error: ISO C++ forbids declaration of ‘type name’ with no type [-fpermissive]
  318 |   std::shared_ptr<const RegistryMap> registry_ptr_;
      |                         ^~~~~~~~~~~
/OpenROAD/src/utl/include/utl/Logger.h:318:36: error: template argument 1 is invalid
  318 |   std::shared_ptr<const RegistryMap> registry_ptr_;
      |                                    ^
/OpenROAD/src/utl/include/utl/Logger.h:318:8: error: ‘<expression error>’ in namespace ‘std’ does not name a type
  318 |   std::shared_ptr<const RegistryMap> registry_ptr_;
      |        ^~~~~~~~~~~~~~~~~~~~~~~~~~~~~
/OpenROAD/src/utl/include/utl/Logger.h: In constructor ‘SchemaRegistry::SchemaRegistry()’:
/OpenROAD/src/utl/include/utl/Logger.h:289:22: error: class ‘SchemaRegistry’ does not have any field named ‘registry_ptr_’
  289 |   SchemaRegistry() : registry_ptr_(std::make_shared<const RegistryMap>()) {}
      |                      ^~~~~~~~~~~~~
/OpenROAD/src/utl/include/utl/Logger.h:289:59: error: ISO C++ forbids declaration of ‘type name’ with no type [-fpermissive]
  289 |   SchemaRegistry() : registry_ptr_(std::make_shared<const RegistryMap>()) {}
      |                                                           ^~~~~~~~~~~
/OpenROAD/src/utl/include/utl/Logger.h:289:41: error: parse error in template argument list
  289 |   SchemaRegistry() : registry_ptr_(std::make_shared<const RegistryMap>()) {}
      |                                         ^~~~~~~~~~~~~~~~~~~~~~~~~~~~~~
/OpenROAD/src/utl/include/utl/Logger.h:289:71: error: no matching function for call to ‘make_shared<<expression error> >()’
  289 |   SchemaRegistry() : registry_ptr_(std::make_shared<const RegistryMap>()) {}
      |                                    ~~~~~~~~~~~~~~~~~~~~~~~~~~~~~~~~~~~^~
In file included from /usr/include/c++/13/memory:80,
                 from /OpenROAD/src/utl/include/utl/Logger.h:17:
/usr/include/c++/13/bits/shared_ptr.h:1005:5: note: candidate: ‘template<class _Tp, class ... _Args> std::shared_ptr<std::_NonArray<_Tp> > std::make_shared(_Args&& ...)’
 1005 |     make_shared(_Args&&... __args)
      |     ^~~~~~~~~~~
/usr/include/c++/13/bits/shared_ptr.h:1005:5: note:   template argument deduction/substitution failed:
/OpenROAD/src/utl/include/utl/Logger.h:289:71: error: template argument 1 is invalid
  289 |   SchemaRegistry() : registry_ptr_(std::make_shared<const RegistryMap>()) {}
      |                                    ~~~~~~~~~~~~~~~~~~~~~~~~~~~~~~~~~~~^~
/usr/include/c++/13/bits/shared_ptr.h:1037:5: note: candidate: ‘template<class _Tp> std::shared_ptr<std::_UnboundedArray<_Tp> > std::make_shared(size_t)’
 1037 |     make_shared(size_t __n)
      |     ^~~~~~~~~~~
/usr/include/c++/13/bits/shared_ptr.h:1037:5: note:   candidate expects 1 argument, 0 provided
/usr/include/c++/13/bits/shared_ptr.h:1053:5: note: candidate: ‘template<class _Tp> std::shared_ptr<std::_UnboundedArray<_Tp> > std::make_shared(size_t, remove_extent_t<_Iter>&)’
 1053 |     make_shared(size_t __n, const remove_extent_t<_Tp>& __u)
      |     ^~~~~~~~~~~
/usr/include/c++/13/bits/shared_ptr.h:1053:5: note:   candidate expects 2 arguments, 0 provided
/usr/include/c++/13/bits/shared_ptr.h:1080:5: note: candidate: ‘template<class _Tp> std::shared_ptr<std::_BoundedArray<_Tp> > std::make_shared()’
 1080 |     make_shared()
      |     ^~~~~~~~~~~
/usr/include/c++/13/bits/shared_ptr.h:1080:5: note:   template argument deduction/substitution failed:
/OpenROAD/src/utl/include/utl/Logger.h:289:71: error: template argument 1 is invalid
  289 |   SchemaRegistry() : registry_ptr_(std::make_shared<const RegistryMap>()) {}
      |                                    ~~~~~~~~~~~~~~~~~~~~~~~~~~~~~~~~~~~^~
/usr/include/c++/13/bits/shared_ptr.h:1095:5: note: candidate: ‘template<class _Tp> std::shared_ptr<std::_BoundedArray<_Tp> > std::make_shared(remove_extent_t<_Iter>&)’
 1095 |     make_shared(const remove_extent_t<_Tp>& __u)
      |     ^~~~~~~~~~~
/usr/include/c++/13/bits/shared_ptr.h:1095:5: note:   candidate expects 1 argument, 0 provided
/OpenROAD/src/utl/include/utl/Logger.h: In member function ‘std::shared_ptr<AbstractQueue> SchemaRegistry::register_schema(int, std::shared_ptr<AbstractQueue>)’:
/OpenROAD/src/utl/include/utl/Logger.h:302:24: error: ‘get_map’ was not declared in this scope
  302 |     auto current_map = get_map();
      |                        ^~~~~~~
/OpenROAD/src/utl/include/utl/Logger.h:309:37: error: ‘RegistryMap’ was not declared in this scope
  309 |     auto new_map = std::make_shared<RegistryMap>(*current_map);
      |                                     ^~~~~~~~~~~
/OpenROAD/src/utl/include/utl/Logger.h:312:10: error: ‘registry_ptr_’ was not declared in this scope; did you mean ‘register_t’?
  312 |         &registry_ptr_,
      |          ^~~~~~~~~~~~~
      |          register_t
/OpenROAD/src/utl/include/utl/Logger.h:313:39: error: ISO C++ forbids declaration of ‘type name’ with no type [-fpermissive]
  313 |         std::const_pointer_cast<const RegistryMap>(new_map));
      |                                       ^~~~~~~~~~~
/OpenROAD/src/utl/include/utl/Logger.h:313:14: error: parse error in template argument list
  313 |         std::const_pointer_cast<const RegistryMap>(new_map));
      |              ^~~~~~~~~~~~~~~~~~~~~~~~~~~~~~~~~~~~~
/OpenROAD/src/utl/include/utl/Logger.h: At global scope:
/OpenROAD/src/utl/include/utl/Logger.h:698:13: error: ‘MetricsEntry’ was not declared in this scope; did you mean ‘utl::MetricsEntry’?
  698 |   std::list<MetricsEntry> metrics_entries_;
      |             ^~~~~~~~~~~~
      |             utl::MetricsEntry
In file included from /OpenROAD/src/utl/include/utl/Logger.h:44:
/OpenROAD/src/utl/include/utl/Metrics.h:13:8: note: ‘utl::MetricsEntry’ declared here
   13 | struct MetricsEntry
      |        ^~~~~~~~~~~~
/OpenROAD/src/utl/include/utl/Logger.h:698:25: error: template argument 1 is invalid
  698 |   std::list<MetricsEntry> metrics_entries_;
      |                         ^
/OpenROAD/src/utl/include/utl/Logger.h:698:25: error: template argument 2 is invalid
/OpenROAD/src/utl/include/utl/Logger.h:698:8: error: ‘<expression error>’ in namespace ‘std’ does not name a type
  698 |   std::list<MetricsEntry> metrics_entries_;
      |        ^~~~~~~~~~~~~~~~~~
/OpenROAD/src/utl/include/utl/Logger.h:699:15: error: ‘MetricsPolicy’ was not declared in this scope; did you mean ‘utl::MetricsPolicy’?
  699 |   std::vector<MetricsPolicy> metrics_policies_;
      |               ^~~~~~~~~~~~~
      |               utl::MetricsPolicy
/OpenROAD/src/utl/include/utl/Metrics.h:28:7: note: ‘utl::MetricsPolicy’ declared here
   28 | class MetricsPolicy
      |       ^~~~~~~~~~~~~
/OpenROAD/src/utl/include/utl/Logger.h:699:28: error: template argument 1 is invalid
  699 |   std::vector<MetricsPolicy> metrics_policies_;
      |                            ^
/OpenROAD/src/utl/include/utl/Logger.h:699:28: error: template argument 2 is invalid
/OpenROAD/src/utl/include/utl/Logger.h:699:8: error: ‘<expression error>’ in namespace ‘std’ does not name a type
  699 |   std::vector<MetricsPolicy> metrics_policies_;
      |        ^~~~~~~~~~~~~~~~~~~~~
/OpenROAD/src/utl/include/utl/Logger.h:816:66: error: ‘SchemaKey’ has not been declared
  816 |   std::optional<std::shared_ptr<AbstractQueue>> logToDbFindQueue(SchemaKey key);
      |                                                                  ^~~~~~~~~
/OpenROAD/src/utl/include/utl/Logger.h:817:3: error: ‘SchemaInfo’ does not name a type
  817 |   SchemaInfo logToDbBuildSchemaInfo(sqlite3* db,
      |   ^~~~~~~~~~
/OpenROAD/src/utl/include/utl/Logger.h:821:29: error: ‘SchemaKey’ has not been declared
  821 |   void logToDbRegisterQueue(SchemaKey key,
      |                             ^~~~~~~~~
/OpenROAD/src/utl/include/utl/Logger.h: In member function ‘void Logger::logToDb(ToolId, int, Args&& ...)’:
/OpenROAD/src/utl/include/utl/Logger.h:623:26: error: ‘SQLiteType’ was not declared in this scope; did you mean ‘utl::SQLiteType’?
  623 |     constexpr std::array<SQLiteType, sizeof...(Args)> types_arr
      |                          ^~~~~~~~~~
      |                          utl::SQLiteType
/OpenROAD/src/utl/include/utl/Logger.h:56:12: note: ‘utl::SQLiteType’ declared here
   56 | enum class SQLiteType {
      |            ^~~~~~~~~~
/OpenROAD/src/utl/include/utl/Logger.h:623:53: error: template argument 1 is invalid
  623 |     constexpr std::array<SQLiteType, sizeof...(Args)> types_arr
      |                                                     ^
/OpenROAD/src/utl/include/utl/Logger.h:627:5: error: ‘SchemaKey’ was not declared in this scope; did you mean ‘utl::SchemaKey’?
  627 |     SchemaKey key{tool, id};
      |     ^~~~~~~~~
      |     utl::SchemaKey
/OpenROAD/src/utl/include/utl/Logger.h:63:8: note: ‘utl::SchemaKey’ declared here
   63 | struct SchemaKey {
      |        ^~~~~~~~~
/OpenROAD/src/utl/include/utl/Logger.h:628:39: error: ‘key’ was not declared in this scope; did you mean ‘key_t’?
  628 |     auto queue_opt = logToDbFindQueue(key);
      |                                       ^~~
      |                                       key_t
/OpenROAD/src/utl/include/utl/Logger.h:631:7: error: ‘SchemaInfo’ was not declared in this scope; did you mean ‘utl::SchemaInfo’?
  631 |       SchemaInfo info = logToDbBuildSchemaInfo(
      |       ^~~~~~~~~~
      |       utl::SchemaInfo
/OpenROAD/src/utl/include/utl/Logger.h:83:8: note: ‘utl::SchemaInfo’ declared here
   83 | struct SchemaInfo {
      |        ^~~~~~~~~~
/OpenROAD/src/utl/include/utl/Logger.h:636:67: error: no matching function for call to ‘move(<unresolved overloaded function type>)’
  636 |       auto queue = std::make_shared<TypedQueue<Args...>>(std::move(info));
      |                                                          ~~~~~~~~~^~~~~~
In file included from /usr/include/c++/13/bits/stl_pair.h:61,
                 from /usr/include/c++/13/bits/stl_algobase.h:64,
                 from /usr/include/c++/13/array:43,
                 from /usr/include/c++/13/span:41,
                 from /OpenROAD/src/utl/include/utl/CFileUtils.h:8:
/usr/include/c++/13/bits/move.h:97:5: note: candidate: ‘template<class _Tp> constexpr typename std::remove_reference<_Tp>::type&& std::move(_Tp&&)’
   97 |     move(_Tp&& __t) noexcept
      |     ^~~~
/usr/include/c++/13/bits/move.h:97:5: note:   template argument deduction/substitution failed:
/OpenROAD/src/utl/include/utl/Logger.h:636:67: note:   couldn’t deduce template parameter ‘_Tp’
  636 |       auto queue = std::make_shared<TypedQueue<Args...>>(std::move(info));
      |                                                          ~~~~~~~~~^~~~~~
/usr/include/c++/13/bits/stl_algobase.h:657:5: note: candidate: ‘template<class _II, class _OI> constexpr _OI std::move(_II, _II, _OI)’
  657 |     move(_II __first, _II __last, _OI __result)
      |     ^~~~
/usr/include/c++/13/bits/stl_algobase.h:657:5: note:   template argument deduction/substitution failed:
/OpenROAD/src/utl/include/utl/Logger.h:636:67: note:   candidate expects 3 arguments, 1 provided
  636 |       auto queue = std::make_shared<TypedQueue<Args...>>(std::move(info));
      |                                                          ~~~~~~~~~^~~~~~
In file included from /usr/include/c++/13/algorithm:73,
                 from /usr/local/include/spdlog/fmt/bundled/chrono.h:12,
                 from /usr/local/include/spdlog/fmt/bundled/ostream.h:23,
                 from /usr/local/include/spdlog/fmt/ostr.h:19,
                 from /OpenROAD/src/utl/include/utl/Logger.h:43:
/usr/include/c++/13/pstl/glue_algorithm_defs.h:353:1: note: candidate: ‘template<class _ExecutionPolicy, class _ForwardIterator1, class _ForwardIterator2> __pstl::__internal::__enable_if_execution_policy<_ExecutionPolicy, _ForwardIterator> std::move(_ExecutionPolicy&&, _ForwardIterator1, _ForwardIterator1, _ForwardIterator2)’
  353 | move(_ExecutionPolicy&& __exec, _ForwardIterator1 __first, _ForwardIterator1 __last, _ForwardIterator2 __d_first);
      | ^~~~
/usr/include/c++/13/pstl/glue_algorithm_defs.h:353:1: note:   template argument deduction/substitution failed:
/OpenROAD/src/utl/include/utl/Logger.h:636:67: note:   candidate expects 4 arguments, 1 provided
  636 |       auto queue = std::make_shared<TypedQueue<Args...>>(std::move(info));
      |                                                          ~~~~~~~~~^~~~~~
/OpenROAD/src/utl/include/utl/Logger.h: In member function ‘void Logger::log_metric(const std::string&, const std::string&)’:
/OpenROAD/src/utl/include/utl/Logger.h:747:5: error: ‘metrics_entries_’ was not declared in this scope; did you mean ‘metrics_stages_’?
  747 |     metrics_entries_.push_back({std::move(key), value});
      |     ^~~~~~~~~~~~~~~~
      |     metrics_stages_
/OpenROAD/src/utl/include/utl/Logger.h: At global scope:
/OpenROAD/src/utl/include/utl/Logger.h:855:1: error: expected declaration before ‘}’ token
  855 | }  // namespace utl
      | ^
In file included from /OpenROAD/build/src/utl/CMakeFiles/utl_py.dir/Logger-pyPYTHON_wrap.cxx:3368:
/OpenROAD/src/utl/include/utl/Logger.h:64:3: error: ‘ToolId’ does not name a type
   64 |   ToolId tool;
      |   ^~~~~~
/OpenROAD/src/utl/include/utl/Logger.h: In member function ‘bool utl::SchemaKey::operator==(const utl::SchemaKey&) const’:
/OpenROAD/src/utl/include/utl/Logger.h:68:12: error: ‘tool’ was not declared in this scope; did you mean ‘bool’?
   68 |     return tool == other.tool && id == other.id;
      |            ^~~~
      |            bool
/OpenROAD/src/utl/include/utl/Logger.h:68:26: error: ‘const struct utl::SchemaKey’ has no member named ‘tool’
   68 |     return tool == other.tool && id == other.id;
      |                          ^~~~
/OpenROAD/src/utl/include/utl/Logger.h: In member function ‘size_t utl::SchemaKeyHasher::operator()(const utl::SchemaKey&) const’:
/OpenROAD/src/utl/include/utl/Logger.h:74:48: error: ‘const struct utl::SchemaKey’ has no member named ‘tool’
   74 |     return std::hash<int>{}(static_cast<int>(k.tool)) ^ (std::hash<int>{}(k.id) << 1);
      |                                                ^~~~
/OpenROAD/src/utl/include/utl/Logger.h: At global scope:
/OpenROAD/src/utl/include/utl/Logger.h:101:20: error: ‘SQLiteType’ does not name a type
  101 |   static constexpr SQLiteType value = SQLiteType::INTEGER;
      |                    ^~~~~~~~~~
/OpenROAD/src/utl/include/utl/Logger.h:106:20: error: ‘SQLiteType’ does not name a type
  106 |   static constexpr SQLiteType value = SQLiteType::REAL;
      |                    ^~~~~~~~~~
/OpenROAD/src/utl/include/utl/Logger.h:127:9: error: ‘SchemaInfo’ does not name a type
  127 |   const SchemaInfo& schema_info() const { return info_; }
      |         ^~~~~~~~~~
/OpenROAD/src/utl/include/utl/Logger.h:147:3: error: ‘SchemaInfo’ does not name a type
  147 |   SchemaInfo info_;
      |   ^~~~~~~~~~
/OpenROAD/src/utl/include/utl/Logger.h:159:33: error: expected ‘)’ before ‘info’
  159 |   explicit TypedQueue(SchemaInfo info) { info_ = std::move(info); }
      |                      ~          ^~~~~
      |                                 )
/OpenROAD/src/utl/include/utl/Logger.h: In static member function ‘static void TypedQueue<Args>::bind_field(sqlite3_stmt*, int, T)’:
/OpenROAD/src/utl/include/utl/Logger.h:237:45: error: ‘SQLiteType’ has not been declared
  237 |     if constexpr (TypeToSQLite<T>::value == SQLiteType::INTEGER) {
      |                                             ^~~~~~~~~~
/OpenROAD/src/utl/include/utl/Logger.h:239:52: error: ‘SQLiteType’ has not been declared
  239 |     } else if constexpr (TypeToSQLite<T>::value == SQLiteType::REAL) {
      |                                                    ^~~~~~~~~~
/OpenROAD/src/utl/include/utl/Logger.h: In member function ‘bool TypedQueue<Args>::build_insert_stmt(sqlite3*)’:
/OpenROAD/src/utl/include/utl/Logger.h:256:40: error: ‘info_’ was not declared in this scope
  256 |     std::string sql = "INSERT INTO " + info_.table_name + " (";
      |                                        ^~~~~
/OpenROAD/src/utl/include/utl/Logger.h: At global scope:
/OpenROAD/src/utl/include/utl/Logger.h:280:3: error: ‘SchemaKey’ does not name a type
  280 |   SchemaKey key;
      |   ^~~~~~~~~
/OpenROAD/src/utl/include/utl/Logger.h:287:28: error: ‘SchemaKey’ was not declared in this scope; did you mean ‘utl::SchemaKey’?
  287 |       = std::unordered_map<SchemaKey, std::shared_ptr<AbstractQueue>, SchemaKeyHasher>;
      |                            ^~~~~~~~~
      |                            utl::SchemaKey
/OpenROAD/src/utl/include/utl/Logger.h:63:8: note: ‘utl::SchemaKey’ declared here
   63 | struct SchemaKey {
      |        ^~~~~~~~~
/OpenROAD/src/utl/include/utl/Logger.h:287:71: error: ‘SchemaKeyHasher’ was not declared in this scope; did you mean ‘utl::SchemaKeyHasher’?
  287 |       = std::unordered_map<SchemaKey, std::shared_ptr<AbstractQueue>, SchemaKeyHasher>;
      |                                                                       ^~~~~~~~~~~~~~~
      |                                                                       utl::SchemaKeyHasher
/OpenROAD/src/utl/include/utl/Logger.h:72:8: note: ‘utl::SchemaKeyHasher’ declared here
   72 | struct SchemaKeyHasher {
      |        ^~~~~~~~~~~~~~~
/OpenROAD/src/utl/include/utl/Logger.h:287:86: error: template argument 1 is invalid
  287 |       = std::unordered_map<SchemaKey, std::shared_ptr<AbstractQueue>, SchemaKeyHasher>;
      |                                                                                      ^
/OpenROAD/src/utl/include/utl/Logger.h:287:86: error: template argument 3 is invalid
/OpenROAD/src/utl/include/utl/Logger.h:287:86: error: template argument 4 is invalid
/OpenROAD/src/utl/include/utl/Logger.h:287:86: error: template argument 5 is invalid
/OpenROAD/src/utl/include/utl/Logger.h:287:14: error: ‘<expression error>’ in namespace ‘std’ does not name a type
  287 |       = std::unordered_map<SchemaKey, std::shared_ptr<AbstractQueue>, SchemaKeyHasher>;
      |              ^~~~~~~~~~~~~~~~~~~~~~~~~~~~~~~~~~~~~~~~~~~~~~~~~~~~~~~~~~~~~~~~~~~~~~~~~
/OpenROAD/src/utl/include/utl/Logger.h:291:25: error: ISO C++ forbids declaration of ‘type name’ with no type [-fpermissive]
  291 |   std::shared_ptr<const RegistryMap> get_map() const {
      |                         ^~~~~~~~~~~
/OpenROAD/src/utl/include/utl/Logger.h:291:36: error: template argument 1 is invalid
  291 |   std::shared_ptr<const RegistryMap> get_map() const {
      |                                    ^
/OpenROAD/src/utl/include/utl/Logger.h:291:8: error: ‘<expression error>’ in namespace ‘std’ does not name a type
  291 |   std::shared_ptr<const RegistryMap> get_map() const {
      |        ^~~~~~~~~~~~~~~~~~~~~~~~~~~~~
/OpenROAD/src/utl/include/utl/Logger.h:298:7: error: ‘SchemaKey’ has not been declared
  298 |       SchemaKey key,
      |       ^~~~~~~~~
/OpenROAD/src/utl/include/utl/Logger.h:318:25: error: ISO C++ forbids declaration of ‘type name’ with no type [-fpermissive]
  318 |   std::shared_ptr<const RegistryMap> registry_ptr_;
      |                         ^~~~~~~~~~~
/OpenROAD/src/utl/include/utl/Logger.h:318:36: error: template argument 1 is invalid
  318 |   std::shared_ptr<const RegistryMap> registry_ptr_;
      |                                    ^
/OpenROAD/src/utl/include/utl/Logger.h:318:8: error: ‘<expression error>’ in namespace ‘std’ does not name a type
  318 |   std::shared_ptr<const RegistryMap> registry_ptr_;
      |        ^~~~~~~~~~~~~~~~~~~~~~~~~~~~~
/OpenROAD/src/utl/include/utl/Logger.h: In constructor ‘SchemaRegistry::SchemaRegistry()’:
/OpenROAD/src/utl/include/utl/Logger.h:289:22: error: class ‘SchemaRegistry’ does not have any field named ‘registry_ptr_’
  289 |   SchemaRegistry() : registry_ptr_(std::make_shared<const RegistryMap>()) {}
      |                      ^~~~~~~~~~~~~
/OpenROAD/src/utl/include/utl/Logger.h:289:59: error: ISO C++ forbids declaration of ‘type name’ with no type [-fpermissive]
  289 |   SchemaRegistry() : registry_ptr_(std::make_shared<const RegistryMap>()) {}
      |                                                           ^~~~~~~~~~~
/OpenROAD/src/utl/include/utl/Logger.h:289:41: error: parse error in template argument list
  289 |   SchemaRegistry() : registry_ptr_(std::make_shared<const RegistryMap>()) {}
      |                                         ^~~~~~~~~~~~~~~~~~~~~~~~~~~~~~
/OpenROAD/src/utl/include/utl/Logger.h:289:71: error: no matching function for call to ‘make_shared<<expression error> >()’
  289 |   SchemaRegistry() : registry_ptr_(std::make_shared<const RegistryMap>()) {}
      |                                    ~~~~~~~~~~~~~~~~~~~~~~~~~~~~~~~~~~~^~
In file included from /usr/include/c++/13/memory:80,
                 from /OpenROAD/src/utl/include/utl/Logger.h:17:
/usr/include/c++/13/bits/shared_ptr.h:1005:5: note: candidate: ‘template<class _Tp, class ... _Args> std::shared_ptr<std::_NonArray<_Tp> > std::make_shared(_Args&& ...)’
 1005 |     make_shared(_Args&&... __args)
      |     ^~~~~~~~~~~
/usr/include/c++/13/bits/shared_ptr.h:1005:5: note:   template argument deduction/substitution failed:
/OpenROAD/src/utl/include/utl/Logger.h:289:71: error: template argument 1 is invalid
  289 |   SchemaRegistry() : registry_ptr_(std::make_shared<const RegistryMap>()) {}
      |                                    ~~~~~~~~~~~~~~~~~~~~~~~~~~~~~~~~~~~^~
/usr/include/c++/13/bits/shared_ptr.h:1037:5: note: candidate: ‘template<class _Tp> std::shared_ptr<std::_UnboundedArray<_Tp> > std::make_shared(size_t)’
 1037 |     make_shared(size_t __n)
      |     ^~~~~~~~~~~
/usr/include/c++/13/bits/shared_ptr.h:1037:5: note:   candidate expects 1 argument, 0 provided
/usr/include/c++/13/bits/shared_ptr.h:1053:5: note: candidate: ‘template<class _Tp> std::shared_ptr<std::_UnboundedArray<_Tp> > std::make_shared(size_t, remove_extent_t<_Iter>&)’
 1053 |     make_shared(size_t __n, const remove_extent_t<_Tp>& __u)
      |     ^~~~~~~~~~~
/usr/include/c++/13/bits/shared_ptr.h:1053:5: note:   candidate expects 2 arguments, 0 provided
/usr/include/c++/13/bits/shared_ptr.h:1080:5: note: candidate: ‘template<class _Tp> std::shared_ptr<std::_BoundedArray<_Tp> > std::make_shared()’
 1080 |     make_shared()
      |     ^~~~~~~~~~~
/usr/include/c++/13/bits/shared_ptr.h:1080:5: note:   template argument deduction/substitution failed:
/OpenROAD/src/utl/include/utl/Logger.h:289:71: error: template argument 1 is invalid
  289 |   SchemaRegistry() : registry_ptr_(std::make_shared<const RegistryMap>()) {}
      |                                    ~~~~~~~~~~~~~~~~~~~~~~~~~~~~~~~~~~~^~
/usr/include/c++/13/bits/shared_ptr.h:1095:5: note: candidate: ‘template<class _Tp> std::shared_ptr<std::_BoundedArray<_Tp> > std::make_shared(remove_extent_t<_Iter>&)’
 1095 |     make_shared(const remove_extent_t<_Tp>& __u)
      |     ^~~~~~~~~~~
/usr/include/c++/13/bits/shared_ptr.h:1095:5: note:   candidate expects 1 argument, 0 provided
/OpenROAD/src/utl/include/utl/Logger.h: In member function ‘std::shared_ptr<AbstractQueue> SchemaRegistry::register_schema(int, std::shared_ptr<AbstractQueue>)’:
/OpenROAD/src/utl/include/utl/Logger.h:302:24: error: ‘get_map’ was not declared in this scope
  302 |     auto current_map = get_map();
      |                        ^~~~~~~
In file included from /OpenROAD/src/utl/src/ServiceRegistry.cpp:8:
/OpenROAD/src/utl/include/utl/Logger.h:64:3: error: ‘ToolId’ does not name a type
   64 |   ToolId tool;
      |   ^~~~~~
/OpenROAD/src/utl/include/utl/Logger.h:309:37: error: ‘RegistryMap’ was not declared in this scope
  309 |     auto new_map = std::make_shared<RegistryMap>(*current_map);
      |                                     ^~~~~~~~~~~
/OpenROAD/src/utl/include/utl/Logger.h: In member function ‘bool utl::SchemaKey::operator==(const utl::SchemaKey&) const’:
/OpenROAD/src/utl/include/utl/Logger.h:68:12: error: ‘tool’ was not declared in this scope; did you mean ‘bool’?
   68 |     return tool == other.tool && id == other.id;
      |            ^~~~
      |            bool
/OpenROAD/src/utl/include/utl/Logger.h:68:26: error: ‘const struct utl::SchemaKey’ has no member named ‘tool’
   68 |     return tool == other.tool && id == other.id;
      |                          ^~~~
/OpenROAD/src/utl/include/utl/Logger.h: In member function ‘size_t utl::SchemaKeyHasher::operator()(const utl::SchemaKey&) const’:
/OpenROAD/src/utl/include/utl/Logger.h:74:48: error: ‘const struct utl::SchemaKey’ has no member named ‘tool’
   74 |     return std::hash<int>{}(static_cast<int>(k.tool)) ^ (std::hash<int>{}(k.id) << 1);
      |                                                ^~~~
/OpenROAD/src/utl/include/utl/Logger.h: At global scope:
/OpenROAD/src/utl/include/utl/Logger.h:101:20: error: ‘SQLiteType’ does not name a type
  101 |   static constexpr SQLiteType value = SQLiteType::INTEGER;
      |                    ^~~~~~~~~~
/OpenROAD/src/utl/include/utl/Logger.h:106:20: error: ‘SQLiteType’ does not name a type
  106 |   static constexpr SQLiteType value = SQLiteType::REAL;
      |                    ^~~~~~~~~~
/OpenROAD/src/utl/include/utl/Logger.h:312:10: error: ‘registry_ptr_’ was not declared in this scope; did you mean ‘register_t’?
  312 |         &registry_ptr_,
      |          ^~~~~~~~~~~~~
      |          register_t
/OpenROAD/src/utl/include/utl/Logger.h:313:39: error: ISO C++ forbids declaration of ‘type name’ with no type [-fpermissive]
  313 |         std::const_pointer_cast<const RegistryMap>(new_map));
      |                                       ^~~~~~~~~~~
/OpenROAD/src/utl/include/utl/Logger.h:313:14: error: parse error in template argument list
  313 |         std::const_pointer_cast<const RegistryMap>(new_map));
      |              ^~~~~~~~~~~~~~~~~~~~~~~~~~~~~~~~~~~~~
/OpenROAD/src/utl/include/utl/Logger.h:127:9: error: ‘SchemaInfo’ does not name a type
  127 |   const SchemaInfo& schema_info() const { return info_; }
      |         ^~~~~~~~~~
/OpenROAD/src/utl/include/utl/Logger.h: At global scope:
/OpenROAD/src/utl/include/utl/Logger.h:698:13: error: ‘MetricsEntry’ was not declared in this scope; did you mean ‘utl::MetricsEntry’?
  698 |   std::list<MetricsEntry> metrics_entries_;
      |             ^~~~~~~~~~~~
      |             utl::MetricsEntry
In file included from /OpenROAD/src/utl/include/utl/Logger.h:44:
/OpenROAD/src/utl/include/utl/Metrics.h:13:8: note: ‘utl::MetricsEntry’ declared here
   13 | struct MetricsEntry
      |        ^~~~~~~~~~~~
/OpenROAD/src/utl/include/utl/Logger.h:698:25: error: template argument 1 is invalid
  698 |   std::list<MetricsEntry> metrics_entries_;
      |                         ^
/OpenROAD/src/utl/include/utl/Logger.h:698:25: error: template argument 2 is invalid
/OpenROAD/src/utl/include/utl/Logger.h:698:8: error: ‘<expression error>’ in namespace ‘std’ does not name a type
  698 |   std::list<MetricsEntry> metrics_entries_;
      |        ^~~~~~~~~~~~~~~~~~
/OpenROAD/src/utl/include/utl/Logger.h:699:15: error: ‘MetricsPolicy’ was not declared in this scope; did you mean ‘utl::MetricsPolicy’?
  699 |   std::vector<MetricsPolicy> metrics_policies_;
      |               ^~~~~~~~~~~~~
      |               utl::MetricsPolicy
/OpenROAD/src/utl/include/utl/Metrics.h:28:7: note: ‘utl::MetricsPolicy’ declared here
   28 | class MetricsPolicy
      |       ^~~~~~~~~~~~~
/OpenROAD/src/utl/include/utl/Logger.h:699:28: error: template argument 1 is invalid
  699 |   std::vector<MetricsPolicy> metrics_policies_;
      |                            ^
/OpenROAD/src/utl/include/utl/Logger.h:699:28: error: template argument 2 is invalid
/OpenROAD/src/utl/include/utl/Logger.h:699:8: error: ‘<expression error>’ in namespace ‘std’ does not name a type
  699 |   std::vector<MetricsPolicy> metrics_policies_;
      |        ^~~~~~~~~~~~~~~~~~~~~
/OpenROAD/src/utl/include/utl/Logger.h:147:3: error: ‘SchemaInfo’ does not name a type
  147 |   SchemaInfo info_;
      |   ^~~~~~~~~~
/OpenROAD/src/utl/include/utl/Logger.h:159:33: error: expected ‘)’ before ‘info’
  159 |   explicit TypedQueue(SchemaInfo info) { info_ = std::move(info); }
      |                      ~          ^~~~~
      |                                 )
/OpenROAD/src/utl/include/utl/Logger.h: In static member function ‘static void TypedQueue<Args>::bind_field(sqlite3_stmt*, int, T)’:
/OpenROAD/src/utl/include/utl/Logger.h:237:45: error: ‘SQLiteType’ has not been declared
  237 |     if constexpr (TypeToSQLite<T>::value == SQLiteType::INTEGER) {
      |                                             ^~~~~~~~~~
/OpenROAD/src/utl/include/utl/Logger.h:239:52: error: ‘SQLiteType’ has not been declared
  239 |     } else if constexpr (TypeToSQLite<T>::value == SQLiteType::REAL) {
      |                                                    ^~~~~~~~~~
/OpenROAD/src/utl/include/utl/Logger.h: In member function ‘bool TypedQueue<Args>::build_insert_stmt(sqlite3*)’:
/OpenROAD/src/utl/include/utl/Logger.h:256:40: error: ‘info_’ was not declared in this scope
  256 |     std::string sql = "INSERT INTO " + info_.table_name + " (";
      |                                        ^~~~~
/OpenROAD/src/utl/include/utl/Logger.h: At global scope:
/OpenROAD/src/utl/include/utl/Logger.h:280:3: error: ‘SchemaKey’ does not name a type
  280 |   SchemaKey key;
      |   ^~~~~~~~~
/OpenROAD/src/utl/include/utl/Logger.h:287:28: error: ‘SchemaKey’ was not declared in this scope; did you mean ‘utl::SchemaKey’?
  287 |       = std::unordered_map<SchemaKey, std::shared_ptr<AbstractQueue>, SchemaKeyHasher>;
      |                            ^~~~~~~~~
      |                            utl::SchemaKey
/OpenROAD/src/utl/include/utl/Logger.h:63:8: note: ‘utl::SchemaKey’ declared here
   63 | struct SchemaKey {
      |        ^~~~~~~~~
/OpenROAD/src/utl/include/utl/Logger.h:287:71: error: ‘SchemaKeyHasher’ was not declared in this scope; did you mean ‘utl::SchemaKeyHasher’?
  287 |       = std::unordered_map<SchemaKey, std::shared_ptr<AbstractQueue>, SchemaKeyHasher>;
      |                                                                       ^~~~~~~~~~~~~~~
      |                                                                       utl::SchemaKeyHasher
/OpenROAD/src/utl/include/utl/Logger.h:72:8: note: ‘utl::SchemaKeyHasher’ declared here
   72 | struct SchemaKeyHasher {
      |        ^~~~~~~~~~~~~~~
/OpenROAD/src/utl/include/utl/Logger.h:287:86: error: template argument 1 is invalid
  287 |       = std::unordered_map<SchemaKey, std::shared_ptr<AbstractQueue>, SchemaKeyHasher>;
      |                                                                                      ^
/OpenROAD/src/utl/include/utl/Logger.h:287:86: error: template argument 3 is invalid
/OpenROAD/src/utl/include/utl/Logger.h:287:86: error: template argument 4 is invalid
/OpenROAD/src/utl/include/utl/Logger.h:287:86: error: template argument 5 is invalid
/OpenROAD/src/utl/include/utl/Logger.h:287:14: error: ‘<expression error>’ in namespace ‘std’ does not name a type
  287 |       = std::unordered_map<SchemaKey, std::shared_ptr<AbstractQueue>, SchemaKeyHasher>;
      |              ^~~~~~~~~~~~~~~~~~~~~~~~~~~~~~~~~~~~~~~~~~~~~~~~~~~~~~~~~~~~~~~~~~~~~~~~~
/OpenROAD/src/utl/include/utl/Logger.h:291:25: error: ISO C++ forbids declaration of ‘type name’ with no type [-fpermissive]
  291 |   std::shared_ptr<const RegistryMap> get_map() const {
      |                         ^~~~~~~~~~~
/OpenROAD/src/utl/include/utl/Logger.h:291:36: error: template argument 1 is invalid
  291 |   std::shared_ptr<const RegistryMap> get_map() const {
      |                                    ^
/OpenROAD/src/utl/include/utl/Logger.h:291:8: error: ‘<expression error>’ in namespace ‘std’ does not name a type
  291 |   std::shared_ptr<const RegistryMap> get_map() const {
      |        ^~~~~~~~~~~~~~~~~~~~~~~~~~~~~
/OpenROAD/src/utl/include/utl/Logger.h:298:7: error: ‘SchemaKey’ has not been declared
  298 |       SchemaKey key,
      |       ^~~~~~~~~
/OpenROAD/src/utl/include/utl/Logger.h:318:25: error: ISO C++ forbids declaration of ‘type name’ with no type [-fpermissive]
  318 |   std::shared_ptr<const RegistryMap> registry_ptr_;
      |                         ^~~~~~~~~~~
/OpenROAD/src/utl/include/utl/Logger.h:318:36: error: template argument 1 is invalid
  318 |   std::shared_ptr<const RegistryMap> registry_ptr_;
      |                                    ^
/OpenROAD/src/utl/include/utl/Logger.h:318:8: error: ‘<expression error>’ in namespace ‘std’ does not name a type
  318 |   std::shared_ptr<const RegistryMap> registry_ptr_;
      |        ^~~~~~~~~~~~~~~~~~~~~~~~~~~~~
/OpenROAD/src/utl/include/utl/Logger.h: In constructor ‘SchemaRegistry::SchemaRegistry()’:
/OpenROAD/src/utl/include/utl/Logger.h:289:22: error: class ‘SchemaRegistry’ does not have any field named ‘registry_ptr_’
  289 |   SchemaRegistry() : registry_ptr_(std::make_shared<const RegistryMap>()) {}
      |                      ^~~~~~~~~~~~~
/OpenROAD/src/utl/include/utl/Logger.h:289:59: error: ISO C++ forbids declaration of ‘type name’ with no type [-fpermissive]
  289 |   SchemaRegistry() : registry_ptr_(std::make_shared<const RegistryMap>()) {}
      |                                                           ^~~~~~~~~~~
/OpenROAD/src/utl/include/utl/Logger.h:289:41: error: parse error in template argument list
  289 |   SchemaRegistry() : registry_ptr_(std::make_shared<const RegistryMap>()) {}
      |                                         ^~~~~~~~~~~~~~~~~~~~~~~~~~~~~~
/OpenROAD/src/utl/include/utl/Logger.h:289:71: error: no matching function for call to ‘make_shared<<expression error> >()’
  289 |   SchemaRegistry() : registry_ptr_(std::make_shared<const RegistryMap>()) {}
      |                                    ~~~~~~~~~~~~~~~~~~~~~~~~~~~~~~~~~~~^~
In file included from /usr/include/c++/13/memory:80,
                 from /OpenROAD/src/utl/include/utl/Logger.h:17:
/usr/include/c++/13/bits/shared_ptr.h:1005:5: note: candidate: ‘template<class _Tp, class ... _Args> std::shared_ptr<std::_NonArray<_Tp> > std::make_shared(_Args&& ...)’
 1005 |     make_shared(_Args&&... __args)
      |     ^~~~~~~~~~~
/usr/include/c++/13/bits/shared_ptr.h:1005:5: note:   template argument deduction/substitution failed:
/OpenROAD/src/utl/include/utl/Logger.h:289:71: error: template argument 1 is invalid
  289 |   SchemaRegistry() : registry_ptr_(std::make_shared<const RegistryMap>()) {}
      |                                    ~~~~~~~~~~~~~~~~~~~~~~~~~~~~~~~~~~~^~
/usr/include/c++/13/bits/shared_ptr.h:1037:5: note: candidate: ‘template<class _Tp> std::shared_ptr<std::_UnboundedArray<_Tp> > std::make_shared(size_t)’
 1037 |     make_shared(size_t __n)
      |     ^~~~~~~~~~~
/usr/include/c++/13/bits/shared_ptr.h:1037:5: note:   candidate expects 1 argument, 0 provided
/usr/include/c++/13/bits/shared_ptr.h:1053:5: note: candidate: ‘template<class _Tp> std::shared_ptr<std::_UnboundedArray<_Tp> > std::make_shared(size_t, remove_extent_t<_Iter>&)’
 1053 |     make_shared(size_t __n, const remove_extent_t<_Tp>& __u)
      |     ^~~~~~~~~~~
/usr/include/c++/13/bits/shared_ptr.h:1053:5: note:   candidate expects 2 arguments, 0 provided
/usr/include/c++/13/bits/shared_ptr.h:1080:5: note: candidate: ‘template<class _Tp> std::shared_ptr<std::_BoundedArray<_Tp> > std::make_shared()’
 1080 |     make_shared()
      |     ^~~~~~~~~~~
/usr/include/c++/13/bits/shared_ptr.h:1080:5: note:   template argument deduction/substitution failed:
/OpenROAD/src/utl/include/utl/Logger.h:289:71: error: template argument 1 is invalid
  289 |   SchemaRegistry() : registry_ptr_(std::make_shared<const RegistryMap>()) {}
      |                                    ~~~~~~~~~~~~~~~~~~~~~~~~~~~~~~~~~~~^~
/usr/include/c++/13/bits/shared_ptr.h:1095:5: note: candidate: ‘template<class _Tp> std::shared_ptr<std::_BoundedArray<_Tp> > std::make_shared(remove_extent_t<_Iter>&)’
 1095 |     make_shared(const remove_extent_t<_Tp>& __u)
      |     ^~~~~~~~~~~
/usr/include/c++/13/bits/shared_ptr.h:1095:5: note:   candidate expects 1 argument, 0 provided
/OpenROAD/src/utl/include/utl/Logger.h: In member function ‘std::shared_ptr<AbstractQueue> SchemaRegistry::register_schema(int, std::shared_ptr<AbstractQueue>)’:
/OpenROAD/src/utl/include/utl/Logger.h:302:24: error: ‘get_map’ was not declared in this scope
  302 |     auto current_map = get_map();
      |                        ^~~~~~~
/OpenROAD/src/utl/include/utl/Logger.h:816:66: error: ‘SchemaKey’ has not been declared
  816 |   std::optional<std::shared_ptr<AbstractQueue>> logToDbFindQueue(SchemaKey key);
      |                                                                  ^~~~~~~~~
/OpenROAD/src/utl/include/utl/Logger.h:309:37: error: ‘RegistryMap’ was not declared in this scope
  309 |     auto new_map = std::make_shared<RegistryMap>(*current_map);
      |                                     ^~~~~~~~~~~
/OpenROAD/src/utl/include/utl/Logger.h:817:3: error: ‘SchemaInfo’ does not name a type
  817 |   SchemaInfo logToDbBuildSchemaInfo(sqlite3* db,
      |   ^~~~~~~~~~
/OpenROAD/src/utl/include/utl/Logger.h:821:29: error: ‘SchemaKey’ has not been declared
  821 |   void logToDbRegisterQueue(SchemaKey key,
      |                             ^~~~~~~~~
/OpenROAD/src/utl/include/utl/Logger.h:312:10: error: ‘registry_ptr_’ was not declared in this scope; did you mean ‘register_t’?
  312 |         &registry_ptr_,
      |          ^~~~~~~~~~~~~
      |          register_t
/OpenROAD/src/utl/include/utl/Logger.h:313:39: error: ISO C++ forbids declaration of ‘type name’ with no type [-fpermissive]
  313 |         std::const_pointer_cast<const RegistryMap>(new_map));
      |                                       ^~~~~~~~~~~
/OpenROAD/src/utl/include/utl/Logger.h: In member function ‘void Logger::logToDb(ToolId, int, Args&& ...)’:
/OpenROAD/src/utl/include/utl/Logger.h:623:26: error: ‘SQLiteType’ was not declared in this scope; did you mean ‘utl::SQLiteType’?
  623 |     constexpr std::array<SQLiteType, sizeof...(Args)> types_arr
      |                          ^~~~~~~~~~
      |                          utl::SQLiteType
/OpenROAD/src/utl/include/utl/Logger.h:313:14: error: parse error in template argument list
  313 |         std::const_pointer_cast<const RegistryMap>(new_map));
      |              ^~~~~~~~~~~~~~~~~~~~~~~~~~~~~~~~~~~~~
/OpenROAD/src/utl/include/utl/Logger.h:56:12: note: ‘utl::SQLiteType’ declared here
   56 | enum class SQLiteType {
      |            ^~~~~~~~~~
/OpenROAD/src/utl/include/utl/Logger.h:623:53: error: template argument 1 is invalid
  623 |     constexpr std::array<SQLiteType, sizeof...(Args)> types_arr
      |                                                     ^
/OpenROAD/src/utl/include/utl/Logger.h:627:5: error: ‘SchemaKey’ was not declared in this scope; did you mean ‘utl::SchemaKey’?
  627 |     SchemaKey key{tool, id};
      |     ^~~~~~~~~
      |     utl::SchemaKey
/OpenROAD/src/utl/include/utl/Logger.h:63:8: note: ‘utl::SchemaKey’ declared here
   63 | struct SchemaKey {
      |        ^~~~~~~~~
/OpenROAD/src/utl/include/utl/Logger.h: At global scope:
/OpenROAD/src/utl/include/utl/Logger.h:698:13: error: ‘MetricsEntry’ was not declared in this scope; did you mean ‘utl::MetricsEntry’?
  698 |   std::list<MetricsEntry> metrics_entries_;
      |             ^~~~~~~~~~~~
      |             utl::MetricsEntry
In file included from /OpenROAD/src/utl/include/utl/Logger.h:44:
/OpenROAD/src/utl/include/utl/Metrics.h:13:8: note: ‘utl::MetricsEntry’ declared here
   13 | struct MetricsEntry
      |        ^~~~~~~~~~~~
/OpenROAD/src/utl/include/utl/Logger.h:698:25: error: template argument 1 is invalid
  698 |   std::list<MetricsEntry> metrics_entries_;
      |                         ^
/OpenROAD/src/utl/include/utl/Logger.h:698:25: error: template argument 2 is invalid
/OpenROAD/src/utl/include/utl/Logger.h:698:8: error: ‘<expression error>’ in namespace ‘std’ does not name a type
  698 |   std::list<MetricsEntry> metrics_entries_;
      |        ^~~~~~~~~~~~~~~~~~
gmake[2]: *** [src/utl/CMakeFiles/utl_lib.dir/build.make:93: src/utl/CMakeFiles/utl_lib.dir/src/CFileUtils.cpp.o] Error 1
gmake[2]: *** Waiting for unfinished jobs....
/OpenROAD/src/utl/include/utl/Logger.h:699:15: error: ‘MetricsPolicy’ was not declared in this scope; did you mean ‘utl::MetricsPolicy’?
  699 |   std::vector<MetricsPolicy> metrics_policies_;
      |               ^~~~~~~~~~~~~
      |               utl::MetricsPolicy
/OpenROAD/src/utl/include/utl/Metrics.h:28:7: note: ‘utl::MetricsPolicy’ declared here
   28 | class MetricsPolicy
      |       ^~~~~~~~~~~~~
/OpenROAD/src/utl/include/utl/Logger.h:699:28: error: template argument 1 is invalid
  699 |   std::vector<MetricsPolicy> metrics_policies_;
      |                            ^
/OpenROAD/src/utl/include/utl/Logger.h:699:28: error: template argument 2 is invalid
/OpenROAD/src/utl/include/utl/Logger.h:699:8: error: ‘<expression error>’ in namespace ‘std’ does not name a type
  699 |   std::vector<MetricsPolicy> metrics_policies_;
      |        ^~~~~~~~~~~~~~~~~~~~~
/OpenROAD/src/utl/include/utl/Logger.h:628:39: error: ‘key’ was not declared in this scope; did you mean ‘key_t’?
  628 |     auto queue_opt = logToDbFindQueue(key);
      |                                       ^~~
      |                                       key_t
/OpenROAD/src/utl/include/utl/Logger.h:631:7: error: ‘SchemaInfo’ was not declared in this scope; did you mean ‘utl::SchemaInfo’?
  631 |       SchemaInfo info = logToDbBuildSchemaInfo(
      |       ^~~~~~~~~~
      |       utl::SchemaInfo
/OpenROAD/src/utl/include/utl/Logger.h:83:8: note: ‘utl::SchemaInfo’ declared here
   83 | struct SchemaInfo {
      |        ^~~~~~~~~~
/OpenROAD/src/utl/include/utl/Logger.h:636:67: error: no matching function for call to ‘move(<unresolved overloaded function type>)’
  636 |       auto queue = std::make_shared<TypedQueue<Args...>>(std::move(info));
      |                                                          ~~~~~~~~~^~~~~~
In file included from /usr/include/c++/13/bits/stl_pair.h:61,
                 from /usr/include/c++/13/bits/stl_algobase.h:64,
                 from /usr/include/c++/13/bits/specfun.h:43,
                 from /usr/include/c++/13/cmath:3699,
                 from /usr/include/c++/13/math.h:36,
                 from /usr/include/python3.12/pyport.h:195,
                 from /usr/include/python3.12/Python.h:38,
                 from /OpenROAD/build/src/utl/CMakeFiles/utl_py.dir/Logger-pyPYTHON_wrap.cxx:203:
/usr/include/c++/13/bits/move.h:97:5: note: candidate: ‘template<class _Tp> constexpr typename std::remove_reference<_Tp>::type&& std::move(_Tp&&)’
   97 |     move(_Tp&& __t) noexcept
      |     ^~~~
/usr/include/c++/13/bits/move.h:97:5: note:   template argument deduction/substitution failed:
/OpenROAD/src/utl/include/utl/Logger.h:636:67: note:   couldn’t deduce template parameter ‘_Tp’
  636 |       auto queue = std::make_shared<TypedQueue<Args...>>(std::move(info));
      |                                                          ~~~~~~~~~^~~~~~
/usr/include/c++/13/bits/stl_algobase.h:657:5: note: candidate: ‘template<class _II, class _OI> constexpr _OI std::move(_II, _II, _OI)’
  657 |     move(_II __first, _II __last, _OI __result)
      |     ^~~~
/usr/include/c++/13/bits/stl_algobase.h:657:5: note:   template argument deduction/substitution failed:
/OpenROAD/src/utl/include/utl/Logger.h:636:67: note:   candidate expects 3 arguments, 1 provided
  636 |       auto queue = std::make_shared<TypedQueue<Args...>>(std::move(info));
      |                                                          ~~~~~~~~~^~~~~~
In file included from /usr/include/c++/13/algorithm:73,
                 from /usr/local/include/spdlog/fmt/bundled/chrono.h:12,
                 from /usr/local/include/spdlog/fmt/bundled/ostream.h:23,
                 from /usr/local/include/spdlog/fmt/ostr.h:19,
                 from /OpenROAD/src/utl/include/utl/Logger.h:43:
/usr/include/c++/13/pstl/glue_algorithm_defs.h:353:1: note: candidate: ‘template<class _ExecutionPolicy, class _ForwardIterator1, class _ForwardIterator2> __pstl::__internal::__enable_if_execution_policy<_ExecutionPolicy, _ForwardIterator> std::move(_ExecutionPolicy&&, _ForwardIterator1, _ForwardIterator1, _ForwardIterator2)’
  353 | move(_ExecutionPolicy&& __exec, _ForwardIterator1 __first, _ForwardIterator1 __last, _ForwardIterator2 __d_first);
      | ^~~~
/usr/include/c++/13/pstl/glue_algorithm_defs.h:353:1: note:   template argument deduction/substitution failed:
/OpenROAD/src/utl/include/utl/Logger.h:636:67: note:   candidate expects 4 arguments, 1 provided
  636 |       auto queue = std::make_shared<TypedQueue<Args...>>(std::move(info));
      |                                                          ~~~~~~~~~^~~~~~
/OpenROAD/src/utl/include/utl/Logger.h: In member function ‘void Logger::log_metric(const std::string&, const std::string&)’:
/OpenROAD/src/utl/include/utl/Logger.h:747:5: error: ‘metrics_entries_’ was not declared in this scope; did you mean ‘metrics_stages_’?
  747 |     metrics_entries_.push_back({std::move(key), value});
      |     ^~~~~~~~~~~~~~~~
      |     metrics_stages_
/OpenROAD/src/utl/include/utl/Logger.h:816:66: error: ‘SchemaKey’ has not been declared
  816 |   std::optional<std::shared_ptr<AbstractQueue>> logToDbFindQueue(SchemaKey key);
      |                                                                  ^~~~~~~~~
/OpenROAD/src/utl/include/utl/Logger.h: At global scope:
/OpenROAD/src/utl/include/utl/Logger.h:855:1: error: expected declaration before ‘}’ token
  855 | }  // namespace utl
      | ^
In file included from /OpenROAD/build/src/utl/CMakeFiles/utl_py.dir/Logger-pyPYTHON_wrap.cxx:3369:
/OpenROAD/src/utl/src/LoggerCommon.h:12:6: error: variable or field ‘info’ declared void
   12 | void info(utl::ToolId tool, int id, const char* msg);
      |      ^~~~
/OpenROAD/src/utl/src/LoggerCommon.h:12:16: error: ‘ToolId’ is not a member of ‘utl’; did you mean ‘ToolId’?
   12 | void info(utl::ToolId tool, int id, const char* msg);
      |                ^~~~~~
/OpenROAD/src/utl/include/utl/Logger.h:464:6: note: ‘ToolId’ declared here
  464 | enum ToolId
      |      ^~~~~~
/OpenROAD/src/utl/src/LoggerCommon.h:12:29: error: expected primary-expression before ‘int’
   12 | void info(utl::ToolId tool, int id, const char* msg);
      |                             ^~~
/OpenROAD/src/utl/src/LoggerCommon.h:12:37: error: expected primary-expression before ‘const’
   12 | void info(utl::ToolId tool, int id, const char* msg);
      |                                     ^~~~~
/OpenROAD/src/utl/src/LoggerCommon.h:13:6: error: variable or field ‘warn’ declared void
   13 | void warn(utl::ToolId tool, int id, const char* msg);
      |      ^~~~
/OpenROAD/src/utl/src/LoggerCommon.h:13:16: error: ‘ToolId’ is not a member of ‘utl’; did you mean ‘ToolId’?
   13 | void warn(utl::ToolId tool, int id, const char* msg);
      |                ^~~~~~
/OpenROAD/src/utl/include/utl/Logger.h:464:6: note: ‘ToolId’ declared here
  464 | enum ToolId
      |      ^~~~~~
/OpenROAD/src/utl/src/LoggerCommon.h:13:29: error: expected primary-expression before ‘int’
   13 | void warn(utl::ToolId tool, int id, const char* msg);
      |                             ^~~
/OpenROAD/src/utl/src/LoggerCommon.h:13:37: error: expected primary-expression before ‘const’
   13 | void warn(utl::ToolId tool, int id, const char* msg);
      |                                     ^~~~~
/OpenROAD/src/utl/src/LoggerCommon.h:14:6: error: variable or field ‘error’ declared void
   14 | void error(utl::ToolId tool, int id, const char* msg);
      |      ^~~~~
/OpenROAD/src/utl/src/LoggerCommon.h:14:17: error: ‘ToolId’ is not a member of ‘utl’; did you mean ‘ToolId’?
   14 | void error(utl::ToolId tool, int id, const char* msg);
      |                 ^~~~~~
/OpenROAD/src/utl/include/utl/Logger.h:464:6: note: ‘ToolId’ declared here
  464 | enum ToolId
      |      ^~~~~~
/OpenROAD/src/utl/src/LoggerCommon.h:14:30: error: expected primary-expression before ‘int’
   14 | void error(utl::ToolId tool, int id, const char* msg);
      |                              ^~~
/OpenROAD/src/utl/src/LoggerCommon.h:14:38: error: expected primary-expression before ‘const’
   14 | void error(utl::ToolId tool, int id, const char* msg);
      |                                      ^~~~~
/OpenROAD/src/utl/src/LoggerCommon.h:15:6: error: variable or field ‘critical’ declared void
   15 | void critical(utl::ToolId tool, int id, const char* msg);
      |      ^~~~~~~~
/OpenROAD/src/utl/src/LoggerCommon.h:15:20: error: ‘ToolId’ is not a member of ‘utl’; did you mean ‘ToolId’?
   15 | void critical(utl::ToolId tool, int id, const char* msg);
      |                    ^~~~~~
/OpenROAD/src/utl/include/utl/Logger.h:817:3: error: ‘SchemaInfo’ does not name a type
  817 |   SchemaInfo logToDbBuildSchemaInfo(sqlite3* db,
      |   ^~~~~~~~~~
/OpenROAD/src/utl/include/utl/Logger.h:821:29: error: ‘SchemaKey’ has not been declared
  821 |   void logToDbRegisterQueue(SchemaKey key,
      |                             ^~~~~~~~~
/OpenROAD/src/utl/include/utl/Logger.h:464:6: note: ‘ToolId’ declared here
  464 | enum ToolId
      |      ^~~~~~
/OpenROAD/src/utl/src/LoggerCommon.h:15:33: error: expected primary-expression before ‘int’
   15 | void critical(utl::ToolId tool, int id, const char* msg);
      |                                 ^~~
/OpenROAD/src/utl/src/LoggerCommon.h:15:41: error: expected primary-expression before ‘const’
   15 | void critical(utl::ToolId tool, int id, const char* msg);
      |                                         ^~~~~
/OpenROAD/src/utl/src/LoggerCommon.h:26:6: error: variable or field ‘suppress_message’ declared void
   26 | void suppress_message(utl::ToolId tool, int id);
      |      ^~~~~~~~~~~~~~~~
/OpenROAD/src/utl/src/LoggerCommon.h:26:28: error: ‘ToolId’ is not a member of ‘utl’; did you mean ‘ToolId’?
   26 | void suppress_message(utl::ToolId tool, int id);
      |                            ^~~~~~
/OpenROAD/src/utl/include/utl/Logger.h:464:6: note: ‘ToolId’ declared here
  464 | enum ToolId
      |      ^~~~~~
/OpenROAD/src/utl/src/LoggerCommon.h:26:41: error: expected primary-expression before ‘int’
   26 | void suppress_message(utl::ToolId tool, int id);
      |                                         ^~~
/OpenROAD/src/utl/src/LoggerCommon.h:27:6: error: variable or field ‘unsuppress_message’ declared void
   27 | void unsuppress_message(utl::ToolId tool, int id);
      |      ^~~~~~~~~~~~~~~~~~
/OpenROAD/src/utl/src/LoggerCommon.h:27:30: error: ‘ToolId’ is not a member of ‘utl’; did you mean ‘ToolId’?
   27 | void unsuppress_message(utl::ToolId tool, int id);
      |                              ^~~~~~
/OpenROAD/src/utl/include/utl/Logger.h:464:6: note: ‘ToolId’ declared here
  464 | enum ToolId
      |      ^~~~~~
/OpenROAD/src/utl/src/LoggerCommon.h:27:43: error: expected primary-expression before ‘int’
   27 | void unsuppress_message(utl::ToolId tool, int id);
      |                                           ^~~
/OpenROAD/build/src/utl/CMakeFiles/utl_py.dir/Logger-pyPYTHON_wrap.cxx:3373:6: error: ‘Logger’ in namespace ‘utl’ does not name a type
 3373 | utl::Logger *
      |      ^~~~~~
/OpenROAD/build/src/utl/CMakeFiles/utl_py.dir/Logger-pyPYTHON_wrap.cxx:3377:12: error: ‘ToolId’ has not been declared in ‘utl’
 3377 | using utl::ToolId;
      |            ^~~~~~
/OpenROAD/build/src/utl/CMakeFiles/utl_py.dir/Logger-pyPYTHON_wrap.cxx:3378:12: error: ‘Logger’ has not been declared in ‘utl’
 3378 | using utl::Logger;
      |            ^~~~~~
/OpenROAD/build/src/utl/CMakeFiles/utl_py.dir/Logger-pyPYTHON_wrap.cxx:3379:12: error: ‘getLogger’ has not been declared in ‘ord’
 3379 | using ord::getLogger;
      |            ^~~~~~~~~
/OpenROAD/src/utl/include/utl/Logger.h: In member function ‘void Logger::logToDb(ToolId, int, Args&& ...)’:
/OpenROAD/src/utl/include/utl/Logger.h:623:26: error: ‘SQLiteType’ was not declared in this scope; did you mean ‘utl::SQLiteType’?
  623 |     constexpr std::array<SQLiteType, sizeof...(Args)> types_arr
      |                          ^~~~~~~~~~
      |                          utl::SQLiteType
/OpenROAD/src/utl/include/utl/Logger.h:56:12: note: ‘utl::SQLiteType’ declared here
   56 | enum class SQLiteType {
      |            ^~~~~~~~~~
/OpenROAD/src/utl/include/utl/Logger.h:623:53: error: template argument 1 is invalid
  623 |     constexpr std::array<SQLiteType, sizeof...(Args)> types_arr
      |                                                     ^
/OpenROAD/src/utl/include/utl/Logger.h:627:5: error: ‘SchemaKey’ was not declared in this scope; did you mean ‘utl::SchemaKey’?
  627 |     SchemaKey key{tool, id};
      |     ^~~~~~~~~
      |     utl::SchemaKey
/OpenROAD/src/utl/include/utl/Logger.h:63:8: note: ‘utl::SchemaKey’ declared here
   63 | struct SchemaKey {
      |        ^~~~~~~~~
/OpenROAD/src/utl/include/utl/Logger.h:628:39: error: ‘key’ was not declared in this scope; did you mean ‘key_t’?
  628 |     auto queue_opt = logToDbFindQueue(key);
      |                                       ^~~
      |                                       key_t
/OpenROAD/src/utl/include/utl/Logger.h:631:7: error: ‘SchemaInfo’ was not declared in this scope; did you mean ‘utl::SchemaInfo’?
  631 |       SchemaInfo info = logToDbBuildSchemaInfo(
      |       ^~~~~~~~~~
      |       utl::SchemaInfo
/OpenROAD/src/utl/include/utl/Logger.h:83:8: note: ‘utl::SchemaInfo’ declared here
   83 | struct SchemaInfo {
      |        ^~~~~~~~~~
/OpenROAD/src/utl/include/utl/Logger.h:636:67: error: no matching function for call to ‘move(<unresolved overloaded function type>)’
  636 |       auto queue = std::make_shared<TypedQueue<Args...>>(std::move(info));
      |                                                          ~~~~~~~~~^~~~~~
In file included from /usr/include/c++/13/bits/stl_pair.h:61,
                 from /usr/include/c++/13/tuple:38,
                 from /usr/include/c++/13/bits/hashtable_policy.h:34,
                 from /usr/include/c++/13/bits/hashtable.h:35,
                 from /usr/include/c++/13/bits/unordered_map.h:33,
                 from /usr/include/c++/13/unordered_map:41,
                 from /OpenROAD/src/utl/include/utl/ServiceRegistry.h:8,
                 from /OpenROAD/src/utl/src/ServiceRegistry.cpp:4:
/usr/include/c++/13/bits/move.h:97:5: note: candidate: ‘template<class _Tp> constexpr typename std::remove_reference<_Tp>::type&& std::move(_Tp&&)’
   97 |     move(_Tp&& __t) noexcept
      |     ^~~~
/usr/include/c++/13/bits/move.h:97:5: note:   template argument deduction/substitution failed:
/OpenROAD/src/utl/include/utl/Logger.h:636:67: note:   couldn’t deduce template parameter ‘_Tp’
  636 |       auto queue = std::make_shared<TypedQueue<Args...>>(std::move(info));
      |                                                          ~~~~~~~~~^~~~~~
In file included from /usr/include/c++/13/bits/hashtable_policy.h:36:
/usr/include/c++/13/bits/stl_algobase.h:657:5: note: candidate: ‘template<class _II, class _OI> constexpr _OI std::move(_II, _II, _OI)’
  657 |     move(_II __first, _II __last, _OI __result)
      |     ^~~~
/usr/include/c++/13/bits/stl_algobase.h:657:5: note:   template argument deduction/substitution failed:
/OpenROAD/src/utl/include/utl/Logger.h:636:67: note:   candidate expects 3 arguments, 1 provided
  636 |       auto queue = std::make_shared<TypedQueue<Args...>>(std::move(info));
      |                                                          ~~~~~~~~~^~~~~~
In file included from /usr/include/c++/13/algorithm:73,
                 from /usr/local/include/spdlog/fmt/bundled/chrono.h:12,
                 from /usr/local/include/spdlog/fmt/bundled/ostream.h:23,
                 from /usr/local/include/spdlog/fmt/ostr.h:19,
                 from /OpenROAD/src/utl/include/utl/Logger.h:43:
/usr/include/c++/13/pstl/glue_algorithm_defs.h:353:1: note: candidate: ‘template<class _ExecutionPolicy, class _ForwardIterator1, class _ForwardIterator2> __pstl::__internal::__enable_if_execution_policy<_ExecutionPolicy, _ForwardIterator> std::move(_ExecutionPolicy&&, _ForwardIterator1, _ForwardIterator1, _ForwardIterator2)’
  353 | move(_ExecutionPolicy&& __exec, _ForwardIterator1 __first, _ForwardIterator1 __last, _ForwardIterator2 __d_first);
      | ^~~~
/usr/include/c++/13/pstl/glue_algorithm_defs.h:353:1: note:   template argument deduction/substitution failed:
/OpenROAD/src/utl/include/utl/Logger.h:636:67: note:   candidate expects 4 arguments, 1 provided
  636 |       auto queue = std::make_shared<TypedQueue<Args...>>(std::move(info));
      |                                                          ~~~~~~~~~^~~~~~
/OpenROAD/src/utl/include/utl/Logger.h: In member function ‘void Logger::log_metric(const std::string&, const std::string&)’:
/OpenROAD/src/utl/include/utl/Logger.h:747:5: error: ‘metrics_entries_’ was not declared in this scope; did you mean ‘metrics_stages_’?
  747 |     metrics_entries_.push_back({std::move(key), value});
      |     ^~~~~~~~~~~~~~~~
      |     metrics_stages_
/OpenROAD/src/utl/include/utl/Logger.h: At global scope:
/OpenROAD/src/utl/include/utl/Logger.h:855:1: error: expected declaration before ‘}’ token
  855 | }  // namespace utl
      | ^
/OpenROAD/src/utl/src/ServiceRegistry.cpp: In member function ‘void utl::ServiceRegistry::provideImpl(std::type_index, void*, const char*)’:
/OpenROAD/src/utl/src/ServiceRegistry.cpp:21:12: error: invalid use of incomplete type ‘class utl::Logger’
   21 |     logger_->error(
      |            ^~
/OpenROAD/src/utl/include/utl/ServiceRegistry.h:12:7: note: forward declaration of ‘class utl::Logger’
   12 | class Logger;
      |       ^~~~~~
/OpenROAD/src/utl/src/ServiceRegistry.cpp:26:12: error: invalid use of incomplete type ‘class utl::Logger’
   26 |     logger_->error(UTL, 202, "Service {} already has a provider", name);
      |            ^~
/OpenROAD/src/utl/include/utl/ServiceRegistry.h:12:7: note: forward declaration of ‘class utl::Logger’
   12 | class Logger;
      |       ^~~~~~
/OpenROAD/src/utl/src/ServiceRegistry.cpp: In member function ‘void* utl::ServiceRegistry::requireImpl(std::type_index, const char*) const’:
/OpenROAD/src/utl/src/ServiceRegistry.cpp:48:12: error: invalid use of incomplete type ‘class utl::Logger’
   48 |     logger_->error(UTL, 203, "Required service {} has no provider", name);
      |            ^~
/OpenROAD/src/utl/include/utl/ServiceRegistry.h:12:7: note: forward declaration of ‘class utl::Logger’
   12 | class Logger;
      |       ^~~~~~
/OpenROAD/build/src/utl/CMakeFiles/utl_py.dir/Logger-pyPYTHON_wrap.cxx: In function ‘PyObject* _wrap_new_Logger__SWIG_0(PyObject*, Py_ssize_t, PyObject**)’:
/OpenROAD/build/src/utl/CMakeFiles/utl_py.dir/Logger-pyPYTHON_wrap.cxx:3919:84: error: invalid use of incomplete type ‘class utl::Logger’
 3919 |       result = (utl::Logger *)new utl::Logger((char const *)arg1,(char const *)arg2);
      |                                                                                    ^
In file included from /OpenROAD/build/src/utl/CMakeFiles/utl_py.dir/Logger-pyPYTHON_wrap.cxx:3390:
/OpenROAD/include/ord/OpenRoad.hh:110:7: note: forward declaration of ‘class utl::Logger’
  110 | class Logger;
      |       ^~~~~~
/OpenROAD/build/src/utl/CMakeFiles/utl_py.dir/Logger-pyPYTHON_wrap.cxx:3930:19: error: invalid use of incomplete type ‘class utl::Logger’
 3930 |         if (logger->debugCheck(utl::ORD, "trace", 1)) {
      |                   ^~
/OpenROAD/include/ord/OpenRoad.hh:110:7: note: forward declaration of ‘class utl::Logger’
  110 | class Logger;
      |       ^~~~~~
/OpenROAD/build/src/utl/CMakeFiles/utl_py.dir/Logger-pyPYTHON_wrap.cxx:3930:37: error: ‘ORD’ is not a member of ‘utl’; did you mean ‘ORD’?
 3930 |         if (logger->debugCheck(utl::ORD, "trace", 1)) {
      |                                     ^~~
/OpenROAD/src/utl/include/utl/Logger.h:435:5: note: ‘ORD’ declared here
  435 |   X(ORD)                \
      |     ^~~
/OpenROAD/src/utl/include/utl/Logger.h:454:29: note: in definition of macro ‘GENERATE_ENUM’
  454 | #define GENERATE_ENUM(ENUM) ENUM,
      |                             ^~~~
/OpenROAD/src/utl/include/utl/Logger.h:466:3: note: in expansion of macro ‘FOREACH_TOOL’
  466 |   FOREACH_TOOL(GENERATE_ENUM)
      |   ^~~~~~~~~~~~
/OpenROAD/build/src/utl/CMakeFiles/utl_py.dir/Logger-pyPYTHON_wrap.cxx:3933:17: error: invalid use of incomplete type ‘class utl::Logger’
 3933 |           logger->report("Stack trace");
      |                 ^~
/OpenROAD/include/ord/OpenRoad.hh:110:7: note: forward declaration of ‘class utl::Logger’
  110 | class Logger;
      |       ^~~~~~
/OpenROAD/build/src/utl/CMakeFiles/utl_py.dir/Logger-pyPYTHON_wrap.cxx:3934:17: error: invalid use of incomplete type ‘class utl::Logger’
 3934 |           logger->report(trace.str());
      |                 ^~
/OpenROAD/include/ord/OpenRoad.hh:110:7: note: forward declaration of ‘class utl::Logger’
  110 | class Logger;
      |       ^~~~~~
/OpenROAD/build/src/utl/CMakeFiles/utl_py.dir/Logger-pyPYTHON_wrap.cxx:3946:19: error: invalid use of incomplete type ‘class utl::Logger’
 3946 |         if (logger->debugCheck(utl::ORD, "trace", 1)) {
      |                   ^~
/OpenROAD/include/ord/OpenRoad.hh:110:7: note: forward declaration of ‘class utl::Logger’
  110 | class Logger;
      |       ^~~~~~
/OpenROAD/build/src/utl/CMakeFiles/utl_py.dir/Logger-pyPYTHON_wrap.cxx:3946:37: error: ‘ORD’ is not a member of ‘utl’; did you mean ‘ORD’?
 3946 |         if (logger->debugCheck(utl::ORD, "trace", 1)) {
      |                                     ^~~
/OpenROAD/src/utl/include/utl/Logger.h:435:5: note: ‘ORD’ declared here
  435 |   X(ORD)                \
      |     ^~~
/OpenROAD/src/utl/include/utl/Logger.h:454:29: note: in definition of macro ‘GENERATE_ENUM’
  454 | #define GENERATE_ENUM(ENUM) ENUM,
      |                             ^~~~
/OpenROAD/src/utl/include/utl/Logger.h:466:3: note: in expansion of macro ‘FOREACH_TOOL’
  466 |   FOREACH_TOOL(GENERATE_ENUM)
      |   ^~~~~~~~~~~~
/OpenROAD/build/src/utl/CMakeFiles/utl_py.dir/Logger-pyPYTHON_wrap.cxx:3949:17: error: invalid use of incomplete type ‘class utl::Logger’
 3949 |           logger->report("Stack trace");
      |                 ^~
/OpenROAD/include/ord/OpenRoad.hh:110:7: note: forward declaration of ‘class utl::Logger’
  110 | class Logger;
      |       ^~~~~~
/OpenROAD/build/src/utl/CMakeFiles/utl_py.dir/Logger-pyPYTHON_wrap.cxx:3950:17: error: invalid use of incomplete type ‘class utl::Logger’
 3950 |           logger->report(trace.str());
      |                 ^~
/OpenROAD/include/ord/OpenRoad.hh:110:7: note: forward declaration of ‘class utl::Logger’
  110 | class Logger;
      |       ^~~~~~
/OpenROAD/build/src/utl/CMakeFiles/utl_py.dir/Logger-pyPYTHON_wrap.cxx: In function ‘PyObject* _wrap_new_Logger__SWIG_1(PyObject*, Py_ssize_t, PyObject**)’:
/OpenROAD/build/src/utl/CMakeFiles/utl_py.dir/Logger-pyPYTHON_wrap.cxx:3987:65: error: invalid use of incomplete type ‘class utl::Logger’
 3987 |       result = (utl::Logger *)new utl::Logger((char const *)arg1);
      |                                                                 ^
/OpenROAD/include/ord/OpenRoad.hh:110:7: note: forward declaration of ‘class utl::Logger’
  110 | class Logger;
      |       ^~~~~~
/OpenROAD/build/src/utl/CMakeFiles/utl_py.dir/Logger-pyPYTHON_wrap.cxx:3998:19: error: invalid use of incomplete type ‘class utl::Logger’
 3998 |         if (logger->debugCheck(utl::ORD, "trace", 1)) {
      |                   ^~
/OpenROAD/include/ord/OpenRoad.hh:110:7: note: forward declaration of ‘class utl::Logger’
  110 | class Logger;
      |       ^~~~~~
/OpenROAD/build/src/utl/CMakeFiles/utl_py.dir/Logger-pyPYTHON_wrap.cxx:3998:37: error: ‘ORD’ is not a member of ‘utl’; did you mean ‘ORD’?
 3998 |         if (logger->debugCheck(utl::ORD, "trace", 1)) {
      |                                     ^~~
/OpenROAD/src/utl/include/utl/Logger.h:435:5: note: ‘ORD’ declared here
  435 |   X(ORD)                \
      |     ^~~
/OpenROAD/src/utl/include/utl/Logger.h:454:29: note: in definition of macro ‘GENERATE_ENUM’
  454 | #define GENERATE_ENUM(ENUM) ENUM,
      |                             ^~~~
/OpenROAD/src/utl/include/utl/Logger.h:466:3: note: in expansion of macro ‘FOREACH_TOOL’
  466 |   FOREACH_TOOL(GENERATE_ENUM)
      |   ^~~~~~~~~~~~
/OpenROAD/build/src/utl/CMakeFiles/utl_py.dir/Logger-pyPYTHON_wrap.cxx:4001:17: error: invalid use of incomplete type ‘class utl::Logger’
 4001 |           logger->report("Stack trace");
      |                 ^~
/OpenROAD/include/ord/OpenRoad.hh:110:7: note: forward declaration of ‘class utl::Logger’
  110 | class Logger;
      |       ^~~~~~
/OpenROAD/build/src/utl/CMakeFiles/utl_py.dir/Logger-pyPYTHON_wrap.cxx:4002:17: error: invalid use of incomplete type ‘class utl::Logger’
 4002 |           logger->report(trace.str());
      |                 ^~
/OpenROAD/include/ord/OpenRoad.hh:110:7: note: forward declaration of ‘class utl::Logger’
  110 | class Logger;
      |       ^~~~~~
/OpenROAD/build/src/utl/CMakeFiles/utl_py.dir/Logger-pyPYTHON_wrap.cxx:4014:19: error: invalid use of incomplete type ‘class utl::Logger’
 4014 |         if (logger->debugCheck(utl::ORD, "trace", 1)) {
      |                   ^~
/OpenROAD/include/ord/OpenRoad.hh:110:7: note: forward declaration of ‘class utl::Logger’
  110 | class Logger;
      |       ^~~~~~
/OpenROAD/build/src/utl/CMakeFiles/utl_py.dir/Logger-pyPYTHON_wrap.cxx:4014:37: error: ‘ORD’ is not a member of ‘utl’; did you mean ‘ORD’?
 4014 |         if (logger->debugCheck(utl::ORD, "trace", 1)) {
      |                                     ^~~
/OpenROAD/src/utl/include/utl/Logger.h:435:5: note: ‘ORD’ declared here
  435 |   X(ORD)                \
      |     ^~~
/OpenROAD/src/utl/include/utl/Logger.h:454:29: note: in definition of macro ‘GENERATE_ENUM’
  454 | #define GENERATE_ENUM(ENUM) ENUM,
      |                             ^~~~
/OpenROAD/src/utl/include/utl/Logger.h:466:3: note: in expansion of macro ‘FOREACH_TOOL’
  466 |   FOREACH_TOOL(GENERATE_ENUM)
      |   ^~~~~~~~~~~~
/OpenROAD/build/src/utl/CMakeFiles/utl_py.dir/Logger-pyPYTHON_wrap.cxx:4017:17: error: invalid use of incomplete type ‘class utl::Logger’
 4017 |           logger->report("Stack trace");
      |                 ^~
/OpenROAD/include/ord/OpenRoad.hh:110:7: note: forward declaration of ‘class utl::Logger’
  110 | class Logger;
      |       ^~~~~~
/OpenROAD/build/src/utl/CMakeFiles/utl_py.dir/Logger-pyPYTHON_wrap.cxx:4018:17: error: invalid use of incomplete type ‘class utl::Logger’
 4018 |           logger->report(trace.str());
      |                 ^~
/OpenROAD/include/ord/OpenRoad.hh:110:7: note: forward declaration of ‘class utl::Logger’
  110 | class Logger;
      |       ^~~~~~
/OpenROAD/build/src/utl/CMakeFiles/utl_py.dir/Logger-pyPYTHON_wrap.cxx: In function ‘PyObject* _wrap_new_Logger__SWIG_2(PyObject*, Py_ssize_t, PyObject**)’:
/OpenROAD/build/src/utl/CMakeFiles/utl_py.dir/Logger-pyPYTHON_wrap.cxx:4044:47: error: invalid use of incomplete type ‘class utl::Logger’
 4044 |       result = (utl::Logger *)new utl::Logger();
      |                                               ^
/OpenROAD/include/ord/OpenRoad.hh:110:7: note: forward declaration of ‘class utl::Logger’
  110 | class Logger;
      |       ^~~~~~
/OpenROAD/build/src/utl/CMakeFiles/utl_py.dir/Logger-pyPYTHON_wrap.cxx:4055:19: error: invalid use of incomplete type ‘class utl::Logger’
 4055 |         if (logger->debugCheck(utl::ORD, "trace", 1)) {
      |                   ^~
/OpenROAD/include/ord/OpenRoad.hh:110:7: note: forward declaration of ‘class utl::Logger’
  110 | class Logger;
      |       ^~~~~~
/OpenROAD/build/src/utl/CMakeFiles/utl_py.dir/Logger-pyPYTHON_wrap.cxx:4055:37: error: ‘ORD’ is not a member of ‘utl’; did you mean ‘ORD’?
 4055 |         if (logger->debugCheck(utl::ORD, "trace", 1)) {
      |                                     ^~~
/OpenROAD/src/utl/include/utl/Logger.h:435:5: note: ‘ORD’ declared here
  435 |   X(ORD)                \
      |     ^~~
/OpenROAD/src/utl/include/utl/Logger.h:454:29: note: in definition of macro ‘GENERATE_ENUM’
  454 | #define GENERATE_ENUM(ENUM) ENUM,
      |                             ^~~~
/OpenROAD/src/utl/include/utl/Logger.h:466:3: note: in expansion of macro ‘FOREACH_TOOL’
  466 |   FOREACH_TOOL(GENERATE_ENUM)
      |   ^~~~~~~~~~~~
/OpenROAD/build/src/utl/CMakeFiles/utl_py.dir/Logger-pyPYTHON_wrap.cxx:4058:17: error: invalid use of incomplete type ‘class utl::Logger’
 4058 |           logger->report("Stack trace");
      |                 ^~
/OpenROAD/include/ord/OpenRoad.hh:110:7: note: forward declaration of ‘class utl::Logger’
  110 | class Logger;
      |       ^~~~~~
/OpenROAD/build/src/utl/CMakeFiles/utl_py.dir/Logger-pyPYTHON_wrap.cxx:4059:17: error: invalid use of incomplete type ‘class utl::Logger’
 4059 |           logger->report(trace.str());
      |                 ^~
/OpenROAD/include/ord/OpenRoad.hh:110:7: note: forward declaration of ‘class utl::Logger’
  110 | class Logger;
      |       ^~~~~~
/OpenROAD/build/src/utl/CMakeFiles/utl_py.dir/Logger-pyPYTHON_wrap.cxx:4071:19: error: invalid use of incomplete type ‘class utl::Logger’
 4071 |         if (logger->debugCheck(utl::ORD, "trace", 1)) {
      |                   ^~
/OpenROAD/include/ord/OpenRoad.hh:110:7: note: forward declaration of ‘class utl::Logger’
  110 | class Logger;
      |       ^~~~~~
/OpenROAD/build/src/utl/CMakeFiles/utl_py.dir/Logger-pyPYTHON_wrap.cxx:4071:37: error: ‘ORD’ is not a member of ‘utl’; did you mean ‘ORD’?
 4071 |         if (logger->debugCheck(utl::ORD, "trace", 1)) {
      |                                     ^~~
/OpenROAD/src/utl/include/utl/Logger.h:435:5: note: ‘ORD’ declared here
  435 |   X(ORD)                \
      |     ^~~
/OpenROAD/src/utl/include/utl/Logger.h:454:29: note: in definition of macro ‘GENERATE_ENUM’
  454 | #define GENERATE_ENUM(ENUM) ENUM,
      |                             ^~~~
/OpenROAD/src/utl/include/utl/Logger.h:466:3: note: in expansion of macro ‘FOREACH_TOOL’
  466 |   FOREACH_TOOL(GENERATE_ENUM)
      |   ^~~~~~~~~~~~
/OpenROAD/build/src/utl/CMakeFiles/utl_py.dir/Logger-pyPYTHON_wrap.cxx:4074:17: error: invalid use of incomplete type ‘class utl::Logger’
 4074 |           logger->report("Stack trace");
      |                 ^~
/OpenROAD/include/ord/OpenRoad.hh:110:7: note: forward declaration of ‘class utl::Logger’
  110 | class Logger;
      |       ^~~~~~
/OpenROAD/build/src/utl/CMakeFiles/utl_py.dir/Logger-pyPYTHON_wrap.cxx:4075:17: error: invalid use of incomplete type ‘class utl::Logger’
 4075 |           logger->report(trace.str());
      |                 ^~
/OpenROAD/include/ord/OpenRoad.hh:110:7: note: forward declaration of ‘class utl::Logger’
  110 | class Logger;
      |       ^~~~~~
/OpenROAD/build/src/utl/CMakeFiles/utl_py.dir/Logger-pyPYTHON_wrap.cxx: In function ‘PyObject* _wrap_delete_Logger(PyObject*, PyObject*)’:
/OpenROAD/build/src/utl/CMakeFiles/utl_py.dir/Logger-pyPYTHON_wrap.cxx:4150:7: warning: possible problem detected in invocation of ‘operator delete’ [-Wdelete-incomplete]
 4150 |       delete arg1;
      |       ^~~~~~~~~~~
/OpenROAD/build/src/utl/CMakeFiles/utl_py.dir/Logger-pyPYTHON_wrap.cxx:4135:16: warning: ‘arg1’ has incomplete type
 4135 |   utl::Logger *arg1 = (utl::Logger *) 0 ;
      |                ^~~~
/OpenROAD/include/ord/OpenRoad.hh:110:7: note: forward declaration of ‘class utl::Logger’
  110 | class Logger;
      |       ^~~~~~
/OpenROAD/build/src/utl/CMakeFiles/utl_py.dir/Logger-pyPYTHON_wrap.cxx:4150:7: note: neither the destructor nor the class-specific ‘operator delete’ will be called, even if they are declared when the class is defined
 4150 |       delete arg1;
      |       ^~~~~~~~~~~
/OpenROAD/build/src/utl/CMakeFiles/utl_py.dir/Logger-pyPYTHON_wrap.cxx:4161:19: error: invalid use of incomplete type ‘class utl::Logger’
 4161 |         if (logger->debugCheck(utl::ORD, "trace", 1)) {
      |                   ^~
/OpenROAD/include/ord/OpenRoad.hh:110:7: note: forward declaration of ‘class utl::Logger’
  110 | class Logger;
      |       ^~~~~~
/OpenROAD/build/src/utl/CMakeFiles/utl_py.dir/Logger-pyPYTHON_wrap.cxx:4161:37: error: ‘ORD’ is not a member of ‘utl’; did you mean ‘ORD’?
 4161 |         if (logger->debugCheck(utl::ORD, "trace", 1)) {
      |                                     ^~~
/OpenROAD/src/utl/include/utl/Logger.h:435:5: note: ‘ORD’ declared here
  435 |   X(ORD)                \
      |     ^~~
/OpenROAD/src/utl/include/utl/Logger.h:454:29: note: in definition of macro ‘GENERATE_ENUM’
  454 | #define GENERATE_ENUM(ENUM) ENUM,
      |                             ^~~~
/OpenROAD/src/utl/include/utl/Logger.h:466:3: note: in expansion of macro ‘FOREACH_TOOL’
  466 |   FOREACH_TOOL(GENERATE_ENUM)
      |   ^~~~~~~~~~~~
/OpenROAD/build/src/utl/CMakeFiles/utl_py.dir/Logger-pyPYTHON_wrap.cxx:4164:17: error: invalid use of incomplete type ‘class utl::Logger’
 4164 |           logger->report("Stack trace");
      |                 ^~
/OpenROAD/include/ord/OpenRoad.hh:110:7: note: forward declaration of ‘class utl::Logger’
  110 | class Logger;
      |       ^~~~~~
/OpenROAD/build/src/utl/CMakeFiles/utl_py.dir/Logger-pyPYTHON_wrap.cxx:4165:17: error: invalid use of incomplete type ‘class utl::Logger’
 4165 |           logger->report(trace.str());
      |                 ^~
/OpenROAD/include/ord/OpenRoad.hh:110:7: note: forward declaration of ‘class utl::Logger’
  110 | class Logger;
      |       ^~~~~~
/OpenROAD/build/src/utl/CMakeFiles/utl_py.dir/Logger-pyPYTHON_wrap.cxx:4177:19: error: invalid use of incomplete type ‘class utl::Logger’
 4177 |         if (logger->debugCheck(utl::ORD, "trace", 1)) {
      |                   ^~
/OpenROAD/include/ord/OpenRoad.hh:110:7: note: forward declaration of ‘class utl::Logger’
  110 | class Logger;
      |       ^~~~~~
/OpenROAD/build/src/utl/CMakeFiles/utl_py.dir/Logger-pyPYTHON_wrap.cxx:4177:37: error: ‘ORD’ is not a member of ‘utl’; did you mean ‘ORD’?
 4177 |         if (logger->debugCheck(utl::ORD, "trace", 1)) {
      |                                     ^~~
/OpenROAD/src/utl/include/utl/Logger.h:435:5: note: ‘ORD’ declared here
  435 |   X(ORD)                \
      |     ^~~
/OpenROAD/src/utl/include/utl/Logger.h:454:29: note: in definition of macro ‘GENERATE_ENUM’
  454 | #define GENERATE_ENUM(ENUM) ENUM,
      |                             ^~~~
/OpenROAD/src/utl/include/utl/Logger.h:466:3: note: in expansion of macro ‘FOREACH_TOOL’
  466 |   FOREACH_TOOL(GENERATE_ENUM)
      |   ^~~~~~~~~~~~
/OpenROAD/build/src/utl/CMakeFiles/utl_py.dir/Logger-pyPYTHON_wrap.cxx:4180:17: error: invalid use of incomplete type ‘class utl::Logger’
 4180 |           logger->report("Stack trace");
      |                 ^~
/OpenROAD/include/ord/OpenRoad.hh:110:7: note: forward declaration of ‘class utl::Logger’
  110 | class Logger;
      |       ^~~~~~
/OpenROAD/build/src/utl/CMakeFiles/utl_py.dir/Logger-pyPYTHON_wrap.cxx:4181:17: error: invalid use of incomplete type ‘class utl::Logger’
 4181 |           logger->report(trace.str());
      |                 ^~
/OpenROAD/include/ord/OpenRoad.hh:110:7: note: forward declaration of ‘class utl::Logger’
  110 | class Logger;
      |       ^~~~~~
/OpenROAD/build/src/utl/CMakeFiles/utl_py.dir/Logger-pyPYTHON_wrap.cxx: In function ‘PyObject* _wrap_Logger_findToolId(PyObject*, PyObject*)’:
/OpenROAD/build/src/utl/CMakeFiles/utl_py.dir/Logger-pyPYTHON_wrap.cxx:4204:8: error: ‘ToolId’ is not a member of ‘utl’; did you mean ‘ToolId’?
 4204 |   utl::ToolId result;
      |        ^~~~~~
/OpenROAD/src/utl/include/utl/Logger.h:464:6: note: ‘ToolId’ declared here
  464 | enum ToolId
      |      ^~~~~~
/OpenROAD/build/src/utl/CMakeFiles/utl_py.dir/Logger-pyPYTHON_wrap.cxx:4216:7: error: ‘result’ was not declared in this scope
 4216 |       result = (utl::ToolId)utl::Logger::findToolId((char const *)arg1);
      |       ^~~~~~
/OpenROAD/build/src/utl/CMakeFiles/utl_py.dir/Logger-pyPYTHON_wrap.cxx:4216:22: error: ‘ToolId’ is not a member of ‘utl’; did you mean ‘ToolId’?
 4216 |       result = (utl::ToolId)utl::Logger::findToolId((char const *)arg1);
      |                      ^~~~~~
/OpenROAD/src/utl/include/utl/Logger.h:464:6: note: ‘ToolId’ declared here
  464 | enum ToolId
      |      ^~~~~~
/OpenROAD/build/src/utl/CMakeFiles/utl_py.dir/Logger-pyPYTHON_wrap.cxx:4227:19: error: invalid use of incomplete type ‘class utl::Logger’
 4227 |         if (logger->debugCheck(utl::ORD, "trace", 1)) {
      |                   ^~
/OpenROAD/include/ord/OpenRoad.hh:110:7: note: forward declaration of ‘class utl::Logger’
  110 | class Logger;
      |       ^~~~~~
/OpenROAD/build/src/utl/CMakeFiles/utl_py.dir/Logger-pyPYTHON_wrap.cxx:4227:37: error: ‘ORD’ is not a member of ‘utl’; did you mean ‘ORD’?
 4227 |         if (logger->debugCheck(utl::ORD, "trace", 1)) {
      |                                     ^~~
/OpenROAD/src/utl/include/utl/Logger.h:435:5: note: ‘ORD’ declared here
  435 |   X(ORD)                \
      |     ^~~
/OpenROAD/src/utl/include/utl/Logger.h:454:29: note: in definition of macro ‘GENERATE_ENUM’
  454 | #define GENERATE_ENUM(ENUM) ENUM,
      |                             ^~~~
/OpenROAD/src/utl/include/utl/Logger.h:466:3: note: in expansion of macro ‘FOREACH_TOOL’
  466 |   FOREACH_TOOL(GENERATE_ENUM)
      |   ^~~~~~~~~~~~
/OpenROAD/build/src/utl/CMakeFiles/utl_py.dir/Logger-pyPYTHON_wrap.cxx:4230:17: error: invalid use of incomplete type ‘class utl::Logger’
 4230 |           logger->report("Stack trace");
      |                 ^~
/OpenROAD/include/ord/OpenRoad.hh:110:7: note: forward declaration of ‘class utl::Logger’
  110 | class Logger;
      |       ^~~~~~
/OpenROAD/build/src/utl/CMakeFiles/utl_py.dir/Logger-pyPYTHON_wrap.cxx:4231:17: error: invalid use of incomplete type ‘class utl::Logger’
 4231 |           logger->report(trace.str());
      |                 ^~
/OpenROAD/include/ord/OpenRoad.hh:110:7: note: forward declaration of ‘class utl::Logger’
  110 | class Logger;
      |       ^~~~~~
/OpenROAD/build/src/utl/CMakeFiles/utl_py.dir/Logger-pyPYTHON_wrap.cxx:4243:19: error: invalid use of incomplete type ‘class utl::Logger’
 4243 |         if (logger->debugCheck(utl::ORD, "trace", 1)) {
      |                   ^~
/OpenROAD/include/ord/OpenRoad.hh:110:7: note: forward declaration of ‘class utl::Logger’
  110 | class Logger;
      |       ^~~~~~
/OpenROAD/build/src/utl/CMakeFiles/utl_py.dir/Logger-pyPYTHON_wrap.cxx:4243:37: error: ‘ORD’ is not a member of ‘utl’; did you mean ‘ORD’?
 4243 |         if (logger->debugCheck(utl::ORD, "trace", 1)) {
      |                                     ^~~
/OpenROAD/src/utl/include/utl/Logger.h:435:5: note: ‘ORD’ declared here
  435 |   X(ORD)                \
      |     ^~~
/OpenROAD/src/utl/include/utl/Logger.h:454:29: note: in definition of macro ‘GENERATE_ENUM’
  454 | #define GENERATE_ENUM(ENUM) ENUM,
      |                             ^~~~
/OpenROAD/src/utl/include/utl/Logger.h:466:3: note: in expansion of macro ‘FOREACH_TOOL’
  466 |   FOREACH_TOOL(GENERATE_ENUM)
      |   ^~~~~~~~~~~~
/OpenROAD/build/src/utl/CMakeFiles/utl_py.dir/Logger-pyPYTHON_wrap.cxx:4246:17: error: invalid use of incomplete type ‘class utl::Logger’
 4246 |           logger->report("Stack trace");
      |                 ^~
/OpenROAD/include/ord/OpenRoad.hh:110:7: note: forward declaration of ‘class utl::Logger’
  110 | class Logger;
      |       ^~~~~~
/OpenROAD/build/src/utl/CMakeFiles/utl_py.dir/Logger-pyPYTHON_wrap.cxx:4247:17: error: invalid use of incomplete type ‘class utl::Logger’
 4247 |           logger->report(trace.str());
      |                 ^~
/OpenROAD/include/ord/OpenRoad.hh:110:7: note: forward declaration of ‘class utl::Logger’
  110 | class Logger;
      |       ^~~~~~
/OpenROAD/build/src/utl/CMakeFiles/utl_py.dir/Logger-pyPYTHON_wrap.cxx:4256:48: error: ‘result’ was not declared in this scope
 4256 |   resultobj = SWIG_From_int(static_cast< int >(result));
      |                                                ^~~~~~
/OpenROAD/build/src/utl/CMakeFiles/utl_py.dir/Logger-pyPYTHON_wrap.cxx: In function ‘PyObject* _wrap_Logger_metric(PyObject*, PyObject*)’:
/OpenROAD/build/src/utl/CMakeFiles/utl_py.dir/Logger-pyPYTHON_wrap.cxx:4308:13: error: invalid use of incomplete type ‘class utl::Logger’
 4308 |       (arg1)->metric(SWIG_STD_MOVE(arg2),(std::string const &)*arg3);
      |             ^~
/OpenROAD/include/ord/OpenRoad.hh:110:7: note: forward declaration of ‘class utl::Logger’
  110 | class Logger;
      |       ^~~~~~
/OpenROAD/build/src/utl/CMakeFiles/utl_py.dir/Logger-pyPYTHON_wrap.cxx:4319:19: error: invalid use of incomplete type ‘class utl::Logger’
 4319 |         if (logger->debugCheck(utl::ORD, "trace", 1)) {
      |                   ^~
/OpenROAD/include/ord/OpenRoad.hh:110:7: note: forward declaration of ‘class utl::Logger’
  110 | class Logger;
      |       ^~~~~~
/OpenROAD/build/src/utl/CMakeFiles/utl_py.dir/Logger-pyPYTHON_wrap.cxx:4319:37: error: ‘ORD’ is not a member of ‘utl’; did you mean ‘ORD’?
 4319 |         if (logger->debugCheck(utl::ORD, "trace", 1)) {
      |                                     ^~~
/OpenROAD/src/utl/include/utl/Logger.h:435:5: note: ‘ORD’ declared here
  435 |   X(ORD)                \
      |     ^~~
/OpenROAD/src/utl/include/utl/Logger.h:454:29: note: in definition of macro ‘GENERATE_ENUM’
  454 | #define GENERATE_ENUM(ENUM) ENUM,
      |                             ^~~~
/OpenROAD/src/utl/include/utl/Logger.h:466:3: note: in expansion of macro ‘FOREACH_TOOL’
  466 |   FOREACH_TOOL(GENERATE_ENUM)
      |   ^~~~~~~~~~~~
/OpenROAD/build/src/utl/CMakeFiles/utl_py.dir/Logger-pyPYTHON_wrap.cxx:4322:17: error: invalid use of incomplete type ‘class utl::Logger’
 4322 |           logger->report("Stack trace");
      |                 ^~
/OpenROAD/include/ord/OpenRoad.hh:110:7: note: forward declaration of ‘class utl::Logger’
  110 | class Logger;
      |       ^~~~~~
/OpenROAD/build/src/utl/CMakeFiles/utl_py.dir/Logger-pyPYTHON_wrap.cxx:4323:17: error: invalid use of incomplete type ‘class utl::Logger’
 4323 |           logger->report(trace.str());
      |                 ^~
/OpenROAD/include/ord/OpenRoad.hh:110:7: note: forward declaration of ‘class utl::Logger’
  110 | class Logger;
      |       ^~~~~~
/OpenROAD/build/src/utl/CMakeFiles/utl_py.dir/Logger-pyPYTHON_wrap.cxx:4335:19: error: invalid use of incomplete type ‘class utl::Logger’
 4335 |         if (logger->debugCheck(utl::ORD, "trace", 1)) {
      |                   ^~
/OpenROAD/include/ord/OpenRoad.hh:110:7: note: forward declaration of ‘class utl::Logger’
  110 | class Logger;
      |       ^~~~~~
/OpenROAD/build/src/utl/CMakeFiles/utl_py.dir/Logger-pyPYTHON_wrap.cxx:4335:37: error: ‘ORD’ is not a member of ‘utl’; did you mean ‘ORD’?
 4335 |         if (logger->debugCheck(utl::ORD, "trace", 1)) {
      |                                     ^~~
/OpenROAD/src/utl/include/utl/Logger.h:435:5: note: ‘ORD’ declared here
  435 |   X(ORD)                \
      |     ^~~
/OpenROAD/src/utl/include/utl/Logger.h:454:29: note: in definition of macro ‘GENERATE_ENUM’
  454 | #define GENERATE_ENUM(ENUM) ENUM,
      |                             ^~~~
/OpenROAD/src/utl/include/utl/Logger.h:466:3: note: in expansion of macro ‘FOREACH_TOOL’
  466 |   FOREACH_TOOL(GENERATE_ENUM)
      |   ^~~~~~~~~~~~
/OpenROAD/build/src/utl/CMakeFiles/utl_py.dir/Logger-pyPYTHON_wrap.cxx:4338:17: error: invalid use of incomplete type ‘class utl::Logger’
 4338 |           logger->report("Stack trace");
      |                 ^~
/OpenROAD/include/ord/OpenRoad.hh:110:7: note: forward declaration of ‘class utl::Logger’
  110 | class Logger;
      |       ^~~~~~
/OpenROAD/build/src/utl/CMakeFiles/utl_py.dir/Logger-pyPYTHON_wrap.cxx:4339:17: error: invalid use of incomplete type ‘class utl::Logger’
 4339 |           logger->report(trace.str());
      |                 ^~
/OpenROAD/include/ord/OpenRoad.hh:110:7: note: forward declaration of ‘class utl::Logger’
  110 | class Logger;
      |       ^~~~~~
/OpenROAD/build/src/utl/CMakeFiles/utl_py.dir/Logger-pyPYTHON_wrap.cxx: In function ‘PyObject* _wrap_Logger_setDebugLevel(PyObject*, PyObject*)’:
/OpenROAD/build/src/utl/CMakeFiles/utl_py.dir/Logger-pyPYTHON_wrap.cxx:4358:8: error: ‘ToolId’ is not a member of ‘utl’; did you mean ‘ToolId’?
 4358 |   utl::ToolId arg2 ;
      |        ^~~~~~
/OpenROAD/src/utl/include/utl/Logger.h:464:6: note: ‘ToolId’ declared here
  464 | enum ToolId
      |      ^~~~~~
/OpenROAD/build/src/utl/CMakeFiles/utl_py.dir/Logger-pyPYTHON_wrap.cxx:4383:3: error: ‘arg2’ was not declared in this scope; did you mean ‘arg4’?
 4383 |   arg2 = static_cast< utl::ToolId >(val2);
      |   ^~~~
      |   arg4
/OpenROAD/build/src/utl/CMakeFiles/utl_py.dir/Logger-pyPYTHON_wrap.cxx:4383:28: error: ‘ToolId’ in namespace ‘utl’ does not name a type
 4383 |   arg2 = static_cast< utl::ToolId >(val2);
      |                            ^~~~~~
/OpenROAD/build/src/utl/CMakeFiles/utl_py.dir/Logger-pyPYTHON_wrap.cxx:4396:13: error: invalid use of incomplete type ‘class utl::Logger’
 4396 |       (arg1)->setDebugLevel(arg2,(char const *)arg3,arg4);
      |             ^~
/OpenROAD/include/ord/OpenRoad.hh:110:7: note: forward declaration of ‘class utl::Logger’
  110 | class Logger;
      |       ^~~~~~
/OpenROAD/build/src/utl/CMakeFiles/utl_py.dir/Logger-pyPYTHON_wrap.cxx:4407:19: error: invalid use of incomplete type ‘class utl::Logger’
 4407 |         if (logger->debugCheck(utl::ORD, "trace", 1)) {
      |                   ^~
/OpenROAD/include/ord/OpenRoad.hh:110:7: note: forward declaration of ‘class utl::Logger’
  110 | class Logger;
      |       ^~~~~~
/OpenROAD/build/src/utl/CMakeFiles/utl_py.dir/Logger-pyPYTHON_wrap.cxx:4407:37: error: ‘ORD’ is not a member of ‘utl’; did you mean ‘ORD’?
 4407 |         if (logger->debugCheck(utl::ORD, "trace", 1)) {
      |                                     ^~~
/OpenROAD/src/utl/include/utl/Logger.h:435:5: note: ‘ORD’ declared here
  435 |   X(ORD)                \
      |     ^~~
/OpenROAD/src/utl/include/utl/Logger.h:454:29: note: in definition of macro ‘GENERATE_ENUM’
  454 | #define GENERATE_ENUM(ENUM) ENUM,
      |                             ^~~~
/OpenROAD/src/utl/include/utl/Logger.h:466:3: note: in expansion of macro ‘FOREACH_TOOL’
  466 |   FOREACH_TOOL(GENERATE_ENUM)
      |   ^~~~~~~~~~~~
/OpenROAD/build/src/utl/CMakeFiles/utl_py.dir/Logger-pyPYTHON_wrap.cxx:4410:17: error: invalid use of incomplete type ‘class utl::Logger’
 4410 |           logger->report("Stack trace");
      |                 ^~
/OpenROAD/include/ord/OpenRoad.hh:110:7: note: forward declaration of ‘class utl::Logger’
  110 | class Logger;
      |       ^~~~~~
/OpenROAD/build/src/utl/CMakeFiles/utl_py.dir/Logger-pyPYTHON_wrap.cxx:4411:17: error: invalid use of incomplete type ‘class utl::Logger’
 4411 |           logger->report(trace.str());
      |                 ^~
/OpenROAD/include/ord/OpenRoad.hh:110:7: note: forward declaration of ‘class utl::Logger’
  110 | class Logger;
      |       ^~~~~~
/OpenROAD/build/src/utl/CMakeFiles/utl_py.dir/Logger-pyPYTHON_wrap.cxx:4423:19: error: invalid use of incomplete type ‘class utl::Logger’
 4423 |         if (logger->debugCheck(utl::ORD, "trace", 1)) {
      |                   ^~
/OpenROAD/include/ord/OpenRoad.hh:110:7: note: forward declaration of ‘class utl::Logger’
  110 | class Logger;
      |       ^~~~~~
/OpenROAD/build/src/utl/CMakeFiles/utl_py.dir/Logger-pyPYTHON_wrap.cxx:4423:37: error: ‘ORD’ is not a member of ‘utl’; did you mean ‘ORD’?
 4423 |         if (logger->debugCheck(utl::ORD, "trace", 1)) {
      |                                     ^~~
/OpenROAD/src/utl/include/utl/Logger.h:435:5: note: ‘ORD’ declared here
  435 |   X(ORD)                \
      |     ^~~
/OpenROAD/src/utl/include/utl/Logger.h:454:29: note: in definition of macro ‘GENERATE_ENUM’
  454 | #define GENERATE_ENUM(ENUM) ENUM,
      |                             ^~~~
/OpenROAD/src/utl/include/utl/Logger.h:466:3: note: in expansion of macro ‘FOREACH_TOOL’
  466 |   FOREACH_TOOL(GENERATE_ENUM)
      |   ^~~~~~~~~~~~
/OpenROAD/build/src/utl/CMakeFiles/utl_py.dir/Logger-pyPYTHON_wrap.cxx:4426:17: error: invalid use of incomplete type ‘class utl::Logger’
 4426 |           logger->report("Stack trace");
      |                 ^~
/OpenROAD/include/ord/OpenRoad.hh:110:7: note: forward declaration of ‘class utl::Logger’
  110 | class Logger;
      |       ^~~~~~
/OpenROAD/build/src/utl/CMakeFiles/utl_py.dir/Logger-pyPYTHON_wrap.cxx:4427:17: error: invalid use of incomplete type ‘class utl::Logger’
 4427 |           logger->report(trace.str());
      |                 ^~
/OpenROAD/include/ord/OpenRoad.hh:110:7: note: forward declaration of ‘class utl::Logger’
  110 | class Logger;
      |       ^~~~~~
/OpenROAD/build/src/utl/CMakeFiles/utl_py.dir/Logger-pyPYTHON_wrap.cxx: In function ‘PyObject* _wrap_Logger_debugCheck(PyObject*, PyObject*)’:
/OpenROAD/build/src/utl/CMakeFiles/utl_py.dir/Logger-pyPYTHON_wrap.cxx:4448:8: error: ‘ToolId’ is not a member of ‘utl’; did you mean ‘ToolId’?
 4448 |   utl::ToolId arg2 ;
      |        ^~~~~~
/OpenROAD/src/utl/include/utl/Logger.h:464:6: note: ‘ToolId’ declared here
  464 | enum ToolId
      |      ^~~~~~
/OpenROAD/build/src/utl/CMakeFiles/utl_py.dir/Logger-pyPYTHON_wrap.cxx:4474:3: error: ‘arg2’ was not declared in this scope; did you mean ‘arg4’?
 4474 |   arg2 = static_cast< utl::ToolId >(val2);
      |   ^~~~
      |   arg4
/OpenROAD/build/src/utl/CMakeFiles/utl_py.dir/Logger-pyPYTHON_wrap.cxx:4474:28: error: ‘ToolId’ in namespace ‘utl’ does not name a type
 4474 |   arg2 = static_cast< utl::ToolId >(val2);
      |                            ^~~~~~
/OpenROAD/build/src/utl/CMakeFiles/utl_py.dir/Logger-pyPYTHON_wrap.cxx:4487:49: error: invalid use of incomplete type ‘const class utl::Logger’
 4487 |       result = (bool)((utl::Logger const *)arg1)->debugCheck(arg2,(char const *)arg3,arg4);
      |                                                 ^~
/OpenROAD/include/ord/OpenRoad.hh:110:7: note: forward declaration of ‘class utl::Logger’
  110 | class Logger;
      |       ^~~~~~
/OpenROAD/build/src/utl/CMakeFiles/utl_py.dir/Logger-pyPYTHON_wrap.cxx:4498:19: error: invalid use of incomplete type ‘class utl::Logger’
 4498 |         if (logger->debugCheck(utl::ORD, "trace", 1)) {
      |                   ^~
/OpenROAD/include/ord/OpenRoad.hh:110:7: note: forward declaration of ‘class utl::Logger’
  110 | class Logger;
      |       ^~~~~~
/OpenROAD/build/src/utl/CMakeFiles/utl_py.dir/Logger-pyPYTHON_wrap.cxx:4498:37: error: ‘ORD’ is not a member of ‘utl’; did you mean ‘ORD’?
 4498 |         if (logger->debugCheck(utl::ORD, "trace", 1)) {
      |                                     ^~~
/OpenROAD/src/utl/include/utl/Logger.h:435:5: note: ‘ORD’ declared here
  435 |   X(ORD)                \
      |     ^~~
/OpenROAD/src/utl/include/utl/Logger.h:454:29: note: in definition of macro ‘GENERATE_ENUM’
  454 | #define GENERATE_ENUM(ENUM) ENUM,
      |                             ^~~~
/OpenROAD/src/utl/include/utl/Logger.h:466:3: note: in expansion of macro ‘FOREACH_TOOL’
  466 |   FOREACH_TOOL(GENERATE_ENUM)
      |   ^~~~~~~~~~~~
/OpenROAD/build/src/utl/CMakeFiles/utl_py.dir/Logger-pyPYTHON_wrap.cxx:4501:17: error: invalid use of incomplete type ‘class utl::Logger’
 4501 |           logger->report("Stack trace");
      |                 ^~
/OpenROAD/include/ord/OpenRoad.hh:110:7: note: forward declaration of ‘class utl::Logger’
  110 | class Logger;
      |       ^~~~~~
/OpenROAD/build/src/utl/CMakeFiles/utl_py.dir/Logger-pyPYTHON_wrap.cxx:4502:17: error: invalid use of incomplete type ‘class utl::Logger’
 4502 |           logger->report(trace.str());
      |                 ^~
/OpenROAD/include/ord/OpenRoad.hh:110:7: note: forward declaration of ‘class utl::Logger’
  110 | class Logger;
      |       ^~~~~~
/OpenROAD/build/src/utl/CMakeFiles/utl_py.dir/Logger-pyPYTHON_wrap.cxx:4514:19: error: invalid use of incomplete type ‘class utl::Logger’
 4514 |         if (logger->debugCheck(utl::ORD, "trace", 1)) {
      |                   ^~
/OpenROAD/include/ord/OpenRoad.hh:110:7: note: forward declaration of ‘class utl::Logger’
  110 | class Logger;
      |       ^~~~~~
/OpenROAD/build/src/utl/CMakeFiles/utl_py.dir/Logger-pyPYTHON_wrap.cxx:4514:37: error: ‘ORD’ is not a member of ‘utl’; did you mean ‘ORD’?
 4514 |         if (logger->debugCheck(utl::ORD, "trace", 1)) {
      |                                     ^~~
/OpenROAD/src/utl/include/utl/Logger.h:435:5: note: ‘ORD’ declared here
  435 |   X(ORD)                \
      |     ^~~
/OpenROAD/src/utl/include/utl/Logger.h:454:29: note: in definition of macro ‘GENERATE_ENUM’
  454 | #define GENERATE_ENUM(ENUM) ENUM,
      |                             ^~~~
/OpenROAD/src/utl/include/utl/Logger.h:466:3: note: in expansion of macro ‘FOREACH_TOOL’
  466 |   FOREACH_TOOL(GENERATE_ENUM)
      |   ^~~~~~~~~~~~
/OpenROAD/build/src/utl/CMakeFiles/utl_py.dir/Logger-pyPYTHON_wrap.cxx:4517:17: error: invalid use of incomplete type ‘class utl::Logger’
 4517 |           logger->report("Stack trace");
      |                 ^~
/OpenROAD/include/ord/OpenRoad.hh:110:7: note: forward declaration of ‘class utl::Logger’
  110 | class Logger;
      |       ^~~~~~
/OpenROAD/build/src/utl/CMakeFiles/utl_py.dir/Logger-pyPYTHON_wrap.cxx:4518:17: error: invalid use of incomplete type ‘class utl::Logger’
 4518 |           logger->report(trace.str());
      |                 ^~
/OpenROAD/include/ord/OpenRoad.hh:110:7: note: forward declaration of ‘class utl::Logger’
  110 | class Logger;
      |       ^~~~~~
/OpenROAD/build/src/utl/CMakeFiles/utl_py.dir/Logger-pyPYTHON_wrap.cxx: In function ‘PyObject* _wrap_Logger_getWarningCount(PyObject*, PyObject*)’:
/OpenROAD/build/src/utl/CMakeFiles/utl_py.dir/Logger-pyPYTHON_wrap.cxx:4554:48: error: invalid use of incomplete type ‘const class utl::Logger’
 4554 |       result = (int)((utl::Logger const *)arg1)->getWarningCount();
      |                                                ^~
/OpenROAD/include/ord/OpenRoad.hh:110:7: note: forward declaration of ‘class utl::Logger’
  110 | class Logger;
      |       ^~~~~~
/OpenROAD/build/src/utl/CMakeFiles/utl_py.dir/Logger-pyPYTHON_wrap.cxx:4565:19: error: invalid use of incomplete type ‘class utl::Logger’
 4565 |         if (logger->debugCheck(utl::ORD, "trace", 1)) {
      |                   ^~
/OpenROAD/include/ord/OpenRoad.hh:110:7: note: forward declaration of ‘class utl::Logger’
  110 | class Logger;
      |       ^~~~~~
/OpenROAD/build/src/utl/CMakeFiles/utl_py.dir/Logger-pyPYTHON_wrap.cxx:4565:37: error: ‘ORD’ is not a member of ‘utl’; did you mean ‘ORD’?
 4565 |         if (logger->debugCheck(utl::ORD, "trace", 1)) {
      |                                     ^~~
/OpenROAD/src/utl/include/utl/Logger.h:435:5: note: ‘ORD’ declared here
  435 |   X(ORD)                \
      |     ^~~
/OpenROAD/src/utl/include/utl/Logger.h:454:29: note: in definition of macro ‘GENERATE_ENUM’
  454 | #define GENERATE_ENUM(ENUM) ENUM,
      |                             ^~~~
/OpenROAD/src/utl/include/utl/Logger.h:466:3: note: in expansion of macro ‘FOREACH_TOOL’
  466 |   FOREACH_TOOL(GENERATE_ENUM)
      |   ^~~~~~~~~~~~
/OpenROAD/build/src/utl/CMakeFiles/utl_py.dir/Logger-pyPYTHON_wrap.cxx:4568:17: error: invalid use of incomplete type ‘class utl::Logger’
 4568 |           logger->report("Stack trace");
      |                 ^~
/OpenROAD/include/ord/OpenRoad.hh:110:7: note: forward declaration of ‘class utl::Logger’
  110 | class Logger;
      |       ^~~~~~
/OpenROAD/build/src/utl/CMakeFiles/utl_py.dir/Logger-pyPYTHON_wrap.cxx:4569:17: error: invalid use of incomplete type ‘class utl::Logger’
 4569 |           logger->report(trace.str());
      |                 ^~
/OpenROAD/include/ord/OpenRoad.hh:110:7: note: forward declaration of ‘class utl::Logger’
  110 | class Logger;
      |       ^~~~~~
/OpenROAD/build/src/utl/CMakeFiles/utl_py.dir/Logger-pyPYTHON_wrap.cxx:4581:19: error: invalid use of incomplete type ‘class utl::Logger’
 4581 |         if (logger->debugCheck(utl::ORD, "trace", 1)) {
      |                   ^~
/OpenROAD/include/ord/OpenRoad.hh:110:7: note: forward declaration of ‘class utl::Logger’
  110 | class Logger;
      |       ^~~~~~
/OpenROAD/build/src/utl/CMakeFiles/utl_py.dir/Logger-pyPYTHON_wrap.cxx:4581:37: error: ‘ORD’ is not a member of ‘utl’; did you mean ‘ORD’?
 4581 |         if (logger->debugCheck(utl::ORD, "trace", 1)) {
      |                                     ^~~
/OpenROAD/src/utl/include/utl/Logger.h:435:5: note: ‘ORD’ declared here
  435 |   X(ORD)                \
      |     ^~~
/OpenROAD/src/utl/include/utl/Logger.h:454:29: note: in definition of macro ‘GENERATE_ENUM’
  454 | #define GENERATE_ENUM(ENUM) ENUM,
      |                             ^~~~
/OpenROAD/src/utl/include/utl/Logger.h:466:3: note: in expansion of macro ‘FOREACH_TOOL’
  466 |   FOREACH_TOOL(GENERATE_ENUM)
      |   ^~~~~~~~~~~~
/OpenROAD/build/src/utl/CMakeFiles/utl_py.dir/Logger-pyPYTHON_wrap.cxx:4584:17: error: invalid use of incomplete type ‘class utl::Logger’
 4584 |           logger->report("Stack trace");
      |                 ^~
/OpenROAD/include/ord/OpenRoad.hh:110:7: note: forward declaration of ‘class utl::Logger’
  110 | class Logger;
      |       ^~~~~~
/OpenROAD/build/src/utl/CMakeFiles/utl_py.dir/Logger-pyPYTHON_wrap.cxx:4585:17: error: invalid use of incomplete type ‘class utl::Logger’
 4585 |           logger->report(trace.str());
      |                 ^~
/OpenROAD/include/ord/OpenRoad.hh:110:7: note: forward declaration of ‘class utl::Logger’
  110 | class Logger;
      |       ^~~~~~
/OpenROAD/build/src/utl/CMakeFiles/utl_py.dir/Logger-pyPYTHON_wrap.cxx: In function ‘PyObject* _wrap_Logger_startPrometheusEndpoint(PyObject*, PyObject*)’:
/OpenROAD/build/src/utl/CMakeFiles/utl_py.dir/Logger-pyPYTHON_wrap.cxx:4625:13: error: invalid use of incomplete type ‘class utl::Logger’
 4625 |       (arg1)->startPrometheusEndpoint(arg2);
      |             ^~
/OpenROAD/include/ord/OpenRoad.hh:110:7: note: forward declaration of ‘class utl::Logger’
  110 | class Logger;
      |       ^~~~~~
/OpenROAD/build/src/utl/CMakeFiles/utl_py.dir/Logger-pyPYTHON_wrap.cxx:4636:19: error: invalid use of incomplete type ‘class utl::Logger’
 4636 |         if (logger->debugCheck(utl::ORD, "trace", 1)) {
      |                   ^~
/OpenROAD/include/ord/OpenRoad.hh:110:7: note: forward declaration of ‘class utl::Logger’
  110 | class Logger;
      |       ^~~~~~
/OpenROAD/build/src/utl/CMakeFiles/utl_py.dir/Logger-pyPYTHON_wrap.cxx:4636:37: error: ‘ORD’ is not a member of ‘utl’; did you mean ‘ORD’?
 4636 |         if (logger->debugCheck(utl::ORD, "trace", 1)) {
      |                                     ^~~
/OpenROAD/src/utl/include/utl/Logger.h:435:5: note: ‘ORD’ declared here
  435 |   X(ORD)                \
      |     ^~~
/OpenROAD/src/utl/include/utl/Logger.h:454:29: note: in definition of macro ‘GENERATE_ENUM’
  454 | #define GENERATE_ENUM(ENUM) ENUM,
      |                             ^~~~
/OpenROAD/src/utl/include/utl/Logger.h:466:3: note: in expansion of macro ‘FOREACH_TOOL’
  466 |   FOREACH_TOOL(GENERATE_ENUM)
      |   ^~~~~~~~~~~~
/OpenROAD/build/src/utl/CMakeFiles/utl_py.dir/Logger-pyPYTHON_wrap.cxx:4639:17: error: invalid use of incomplete type ‘class utl::Logger’
 4639 |           logger->report("Stack trace");
      |                 ^~
/OpenROAD/include/ord/OpenRoad.hh:110:7: note: forward declaration of ‘class utl::Logger’
  110 | class Logger;
      |       ^~~~~~
/OpenROAD/build/src/utl/CMakeFiles/utl_py.dir/Logger-pyPYTHON_wrap.cxx:4640:17: error: invalid use of incomplete type ‘class utl::Logger’
 4640 |           logger->report(trace.str());
      |                 ^~
/OpenROAD/include/ord/OpenRoad.hh:110:7: note: forward declaration of ‘class utl::Logger’
  110 | class Logger;
      |       ^~~~~~
/OpenROAD/build/src/utl/CMakeFiles/utl_py.dir/Logger-pyPYTHON_wrap.cxx:4652:19: error: invalid use of incomplete type ‘class utl::Logger’
 4652 |         if (logger->debugCheck(utl::ORD, "trace", 1)) {
      |                   ^~
/OpenROAD/include/ord/OpenRoad.hh:110:7: note: forward declaration of ‘class utl::Logger’
  110 | class Logger;
      |       ^~~~~~
/OpenROAD/build/src/utl/CMakeFiles/utl_py.dir/Logger-pyPYTHON_wrap.cxx:4652:37: error: ‘ORD’ is not a member of ‘utl’; did you mean ‘ORD’?
 4652 |         if (logger->debugCheck(utl::ORD, "trace", 1)) {
      |                                     ^~~
/OpenROAD/src/utl/include/utl/Logger.h:435:5: note: ‘ORD’ declared here
  435 |   X(ORD)                \
      |     ^~~
/OpenROAD/src/utl/include/utl/Logger.h:454:29: note: in definition of macro ‘GENERATE_ENUM’
  454 | #define GENERATE_ENUM(ENUM) ENUM,
      |                             ^~~~
/OpenROAD/src/utl/include/utl/Logger.h:466:3: note: in expansion of macro ‘FOREACH_TOOL’
  466 |   FOREACH_TOOL(GENERATE_ENUM)
      |   ^~~~~~~~~~~~
/OpenROAD/build/src/utl/CMakeFiles/utl_py.dir/Logger-pyPYTHON_wrap.cxx:4655:17: error: invalid use of incomplete type ‘class utl::Logger’
 4655 |           logger->report("Stack trace");
      |                 ^~
/OpenROAD/include/ord/OpenRoad.hh:110:7: note: forward declaration of ‘class utl::Logger’
  110 | class Logger;
      |       ^~~~~~
/OpenROAD/build/src/utl/CMakeFiles/utl_py.dir/Logger-pyPYTHON_wrap.cxx:4656:17: error: invalid use of incomplete type ‘class utl::Logger’
 4656 |           logger->report(trace.str());
      |                 ^~
/OpenROAD/include/ord/OpenRoad.hh:110:7: note: forward declaration of ‘class utl::Logger’
  110 | class Logger;
      |       ^~~~~~
/OpenROAD/build/src/utl/CMakeFiles/utl_py.dir/Logger-pyPYTHON_wrap.cxx: In function ‘PyObject* _wrap_Logger_getRegistry(PyObject*, PyObject*)’:
/OpenROAD/build/src/utl/CMakeFiles/utl_py.dir/Logger-pyPYTHON_wrap.cxx:4678:43: error: ‘PrometheusRegistry’ is not a member of ‘utl’; did you mean ‘PrometheusRegistry’?
 4678 |   SwigValueWrapper< std::shared_ptr< utl::PrometheusRegistry > > result;
      |                                           ^~~~~~~~~~~~~~~~~~
/OpenROAD/src/utl/include/utl/Logger.h:410:7: note: ‘PrometheusRegistry’ declared here
  410 | class PrometheusRegistry;
      |       ^~~~~~~~~~~~~~~~~~
/OpenROAD/build/src/utl/CMakeFiles/utl_py.dir/Logger-pyPYTHON_wrap.cxx:4678:62: error: template argument 1 is invalid
 4678 |   SwigValueWrapper< std::shared_ptr< utl::PrometheusRegistry > > result;
      |                                                              ^
/OpenROAD/build/src/utl/CMakeFiles/utl_py.dir/Logger-pyPYTHON_wrap.cxx:4678:64: error: template argument 1 is invalid
 4678 |   SwigValueWrapper< std::shared_ptr< utl::PrometheusRegistry > > result;
      |                                                                ^
/OpenROAD/build/src/utl/CMakeFiles/utl_py.dir/Logger-pyPYTHON_wrap.cxx:4690:22: error: invalid use of incomplete type ‘class utl::Logger’
 4690 |       result = (arg1)->getRegistry();
      |                      ^~
/OpenROAD/include/ord/OpenRoad.hh:110:7: note: forward declaration of ‘class utl::Logger’
  110 | class Logger;
      |       ^~~~~~
/OpenROAD/build/src/utl/CMakeFiles/utl_py.dir/Logger-pyPYTHON_wrap.cxx:4701:19: error: invalid use of incomplete type ‘class utl::Logger’
 4701 |         if (logger->debugCheck(utl::ORD, "trace", 1)) {
      |                   ^~
/OpenROAD/include/ord/OpenRoad.hh:110:7: note: forward declaration of ‘class utl::Logger’
  110 | class Logger;
      |       ^~~~~~
/OpenROAD/build/src/utl/CMakeFiles/utl_py.dir/Logger-pyPYTHON_wrap.cxx:4701:37: error: ‘ORD’ is not a member of ‘utl’; did you mean ‘ORD’?
 4701 |         if (logger->debugCheck(utl::ORD, "trace", 1)) {
      |                                     ^~~
/OpenROAD/src/utl/include/utl/Logger.h:435:5: note: ‘ORD’ declared here
  435 |   X(ORD)                \
      |     ^~~
/OpenROAD/src/utl/include/utl/Logger.h:454:29: note: in definition of macro ‘GENERATE_ENUM’
  454 | #define GENERATE_ENUM(ENUM) ENUM,
      |                             ^~~~
/OpenROAD/src/utl/include/utl/Logger.h:466:3: note: in expansion of macro ‘FOREACH_TOOL’
  466 |   FOREACH_TOOL(GENERATE_ENUM)
      |   ^~~~~~~~~~~~
/OpenROAD/build/src/utl/CMakeFiles/utl_py.dir/Logger-pyPYTHON_wrap.cxx:4704:17: error: invalid use of incomplete type ‘class utl::Logger’
 4704 |           logger->report("Stack trace");
      |                 ^~
/OpenROAD/include/ord/OpenRoad.hh:110:7: note: forward declaration of ‘class utl::Logger’
  110 | class Logger;
      |       ^~~~~~
/OpenROAD/build/src/utl/CMakeFiles/utl_py.dir/Logger-pyPYTHON_wrap.cxx:4705:17: error: invalid use of incomplete type ‘class utl::Logger’
 4705 |           logger->report(trace.str());
      |                 ^~
/OpenROAD/include/ord/OpenRoad.hh:110:7: note: forward declaration of ‘class utl::Logger’
  110 | class Logger;
      |       ^~~~~~
/OpenROAD/build/src/utl/CMakeFiles/utl_py.dir/Logger-pyPYTHON_wrap.cxx:4717:19: error: invalid use of incomplete type ‘class utl::Logger’
 4717 |         if (logger->debugCheck(utl::ORD, "trace", 1)) {
      |                   ^~
/OpenROAD/include/ord/OpenRoad.hh:110:7: note: forward declaration of ‘class utl::Logger’
  110 | class Logger;
      |       ^~~~~~
/OpenROAD/build/src/utl/CMakeFiles/utl_py.dir/Logger-pyPYTHON_wrap.cxx:4717:37: error: ‘ORD’ is not a member of ‘utl’; did you mean ‘ORD’?
 4717 |         if (logger->debugCheck(utl::ORD, "trace", 1)) {
      |                                     ^~~
/OpenROAD/src/utl/include/utl/Logger.h:435:5: note: ‘ORD’ declared here
  435 |   X(ORD)                \
      |     ^~~
/OpenROAD/src/utl/include/utl/Logger.h:454:29: note: in definition of macro ‘GENERATE_ENUM’
  454 | #define GENERATE_ENUM(ENUM) ENUM,
      |                             ^~~~
/OpenROAD/src/utl/include/utl/Logger.h:466:3: note: in expansion of macro ‘FOREACH_TOOL’
  466 |   FOREACH_TOOL(GENERATE_ENUM)
      |   ^~~~~~~~~~~~
/OpenROAD/build/src/utl/CMakeFiles/utl_py.dir/Logger-pyPYTHON_wrap.cxx:4720:17: error: invalid use of incomplete type ‘class utl::Logger’
 4720 |           logger->report("Stack trace");
      |                 ^~
/OpenROAD/include/ord/OpenRoad.hh:110:7: note: forward declaration of ‘class utl::Logger’
  110 | class Logger;
      |       ^~~~~~
/OpenROAD/build/src/utl/CMakeFiles/utl_py.dir/Logger-pyPYTHON_wrap.cxx:4721:17: error: invalid use of incomplete type ‘class utl::Logger’
 4721 |           logger->report(trace.str());
      |                 ^~
/OpenROAD/include/ord/OpenRoad.hh:110:7: note: forward declaration of ‘class utl::Logger’
  110 | class Logger;
      |       ^~~~~~
/OpenROAD/build/src/utl/CMakeFiles/utl_py.dir/Logger-pyPYTHON_wrap.cxx:4730:61: error: ‘PrometheusRegistry’ is not a member of ‘utl’; did you mean ‘PrometheusRegistry’?
 4730 |   resultobj = SWIG_NewPointerObj((new std::shared_ptr< utl::PrometheusRegistry >(result)), SWIGTYPE_p_std__shared_ptrT_utl__PrometheusRegistry_t, SWIG_POINTER_OWN |  0 );
      |                                                             ^~~~~~~~~~~~~~~~~~
/OpenROAD/build/src/utl/CMakeFiles/utl_py.dir/Logger-pyPYTHON_wrap.cxx:1167:89: note: in definition of macro ‘SWIG_NewPointerObj’
 1167 | #define SWIG_NewPointerObj(ptr, type, flags)            SWIG_Python_NewPointerObj(NULL, ptr, type, flags)
      |                                                                                         ^~~
/OpenROAD/src/utl/include/utl/Logger.h:410:7: note: ‘PrometheusRegistry’ declared here
  410 | class PrometheusRegistry;
      |       ^~~~~~~~~~~~~~~~~~
/OpenROAD/build/src/utl/CMakeFiles/utl_py.dir/Logger-pyPYTHON_wrap.cxx:4730:80: error: template argument 1 is invalid
 4730 |   resultobj = SWIG_NewPointerObj((new std::shared_ptr< utl::PrometheusRegistry >(result)), SWIGTYPE_p_std__shared_ptrT_utl__PrometheusRegistry_t, SWIG_POINTER_OWN |  0 );
      |                                                                                ^
/OpenROAD/build/src/utl/CMakeFiles/utl_py.dir/Logger-pyPYTHON_wrap.cxx:1167:89: note: in definition of macro ‘SWIG_NewPointerObj’
 1167 | #define SWIG_NewPointerObj(ptr, type, flags)            SWIG_Python_NewPointerObj(NULL, ptr, type, flags)
      |                                                                                         ^~~
/OpenROAD/build/src/utl/CMakeFiles/utl_py.dir/Logger-pyPYTHON_wrap.cxx:4730:39: error: expected type-specifier
 4730 |   resultobj = SWIG_NewPointerObj((new std::shared_ptr< utl::PrometheusRegistry >(result)), SWIGTYPE_p_std__shared_ptrT_utl__PrometheusRegistry_t, SWIG_POINTER_OWN |  0 );
      |                                       ^~~
/OpenROAD/build/src/utl/CMakeFiles/utl_py.dir/Logger-pyPYTHON_wrap.cxx:1167:89: note: in definition of macro ‘SWIG_NewPointerObj’
 1167 | #define SWIG_NewPointerObj(ptr, type, flags)            SWIG_Python_NewPointerObj(NULL, ptr, type, flags)
      |                                                                                         ^~~
/OpenROAD/build/src/utl/CMakeFiles/utl_py.dir/Logger-pyPYTHON_wrap.cxx:4730:39: error: expected ‘)’
 4730 |   resultobj = SWIG_NewPointerObj((new std::shared_ptr< utl::PrometheusRegistry >(result)), SWIGTYPE_p_std__shared_ptrT_utl__PrometheusRegistry_t, SWIG_POINTER_OWN |  0 );
      |                                  ~    ^~~
/OpenROAD/build/src/utl/CMakeFiles/utl_py.dir/Logger-pyPYTHON_wrap.cxx:1167:89: note: in definition of macro ‘SWIG_NewPointerObj’
 1167 | #define SWIG_NewPointerObj(ptr, type, flags)            SWIG_Python_NewPointerObj(NULL, ptr, type, flags)
      |                                                                                         ^~~
/OpenROAD/build/src/utl/CMakeFiles/utl_py.dir/Logger-pyPYTHON_wrap.cxx: In function ‘PyObject* _wrap_Logger_isPrometheusServerReadyToServe(PyObject*, PyObject*)’:
/OpenROAD/build/src/utl/CMakeFiles/utl_py.dir/Logger-pyPYTHON_wrap.cxx:4755:28: error: invalid use of incomplete type ‘class utl::Logger’
 4755 |       result = (bool)(arg1)->isPrometheusServerReadyToServe();
      |                            ^~
/OpenROAD/include/ord/OpenRoad.hh:110:7: note: forward declaration of ‘class utl::Logger’
  110 | class Logger;
      |       ^~~~~~
/OpenROAD/build/src/utl/CMakeFiles/utl_py.dir/Logger-pyPYTHON_wrap.cxx:4766:19: error: invalid use of incomplete type ‘class utl::Logger’
 4766 |         if (logger->debugCheck(utl::ORD, "trace", 1)) {
      |                   ^~
/OpenROAD/include/ord/OpenRoad.hh:110:7: note: forward declaration of ‘class utl::Logger’
  110 | class Logger;
      |       ^~~~~~
/OpenROAD/build/src/utl/CMakeFiles/utl_py.dir/Logger-pyPYTHON_wrap.cxx:4766:37: error: ‘ORD’ is not a member of ‘utl’; did you mean ‘ORD’?
 4766 |         if (logger->debugCheck(utl::ORD, "trace", 1)) {
      |                                     ^~~
/OpenROAD/src/utl/include/utl/Logger.h:435:5: note: ‘ORD’ declared here
  435 |   X(ORD)                \
      |     ^~~
/OpenROAD/src/utl/include/utl/Logger.h:454:29: note: in definition of macro ‘GENERATE_ENUM’
  454 | #define GENERATE_ENUM(ENUM) ENUM,
      |                             ^~~~
/OpenROAD/src/utl/include/utl/Logger.h:466:3: note: in expansion of macro ‘FOREACH_TOOL’
  466 |   FOREACH_TOOL(GENERATE_ENUM)
      |   ^~~~~~~~~~~~
/OpenROAD/build/src/utl/CMakeFiles/utl_py.dir/Logger-pyPYTHON_wrap.cxx:4769:17: error: invalid use of incomplete type ‘class utl::Logger’
 4769 |           logger->report("Stack trace");
      |                 ^~
/OpenROAD/include/ord/OpenRoad.hh:110:7: note: forward declaration of ‘class utl::Logger’
  110 | class Logger;
      |       ^~~~~~
/OpenROAD/build/src/utl/CMakeFiles/utl_py.dir/Logger-pyPYTHON_wrap.cxx:4770:17: error: invalid use of incomplete type ‘class utl::Logger’
 4770 |           logger->report(trace.str());
      |                 ^~
/OpenROAD/include/ord/OpenRoad.hh:110:7: note: forward declaration of ‘class utl::Logger’
  110 | class Logger;
      |       ^~~~~~
/OpenROAD/build/src/utl/CMakeFiles/utl_py.dir/Logger-pyPYTHON_wrap.cxx:4782:19: error: invalid use of incomplete type ‘class utl::Logger’
 4782 |         if (logger->debugCheck(utl::ORD, "trace", 1)) {
      |                   ^~
/OpenROAD/include/ord/OpenRoad.hh:110:7: note: forward declaration of ‘class utl::Logger’
  110 | class Logger;
      |       ^~~~~~
/OpenROAD/build/src/utl/CMakeFiles/utl_py.dir/Logger-pyPYTHON_wrap.cxx:4782:37: error: ‘ORD’ is not a member of ‘utl’; did you mean ‘ORD’?
 4782 |         if (logger->debugCheck(utl::ORD, "trace", 1)) {
      |                                     ^~~
/OpenROAD/src/utl/include/utl/Logger.h:435:5: note: ‘ORD’ declared here
  435 |   X(ORD)                \
      |     ^~~
/OpenROAD/src/utl/include/utl/Logger.h:454:29: note: in definition of macro ‘GENERATE_ENUM’
  454 | #define GENERATE_ENUM(ENUM) ENUM,
      |                             ^~~~
/OpenROAD/src/utl/include/utl/Logger.h:466:3: note: in expansion of macro ‘FOREACH_TOOL’
  466 |   FOREACH_TOOL(GENERATE_ENUM)
      |   ^~~~~~~~~~~~
/OpenROAD/build/src/utl/CMakeFiles/utl_py.dir/Logger-pyPYTHON_wrap.cxx:4785:17: error: invalid use of incomplete type ‘class utl::Logger’
 4785 |           logger->report("Stack trace");
      |                 ^~
/OpenROAD/include/ord/OpenRoad.hh:110:7: note: forward declaration of ‘class utl::Logger’
  110 | class Logger;
      |       ^~~~~~
/OpenROAD/build/src/utl/CMakeFiles/utl_py.dir/Logger-pyPYTHON_wrap.cxx:4786:17: error: invalid use of incomplete type ‘class utl::Logger’
 4786 |           logger->report(trace.str());
      |                 ^~
/OpenROAD/include/ord/OpenRoad.hh:110:7: note: forward declaration of ‘class utl::Logger’
  110 | class Logger;
      |       ^~~~~~
/OpenROAD/build/src/utl/CMakeFiles/utl_py.dir/Logger-pyPYTHON_wrap.cxx: In function ‘PyObject* _wrap_Logger_hasPrometheusServerStartupFailed(PyObject*, PyObject*)’:
/OpenROAD/build/src/utl/CMakeFiles/utl_py.dir/Logger-pyPYTHON_wrap.cxx:4820:28: error: invalid use of incomplete type ‘class utl::Logger’
 4820 |       result = (bool)(arg1)->hasPrometheusServerStartupFailed();
      |                            ^~
/OpenROAD/include/ord/OpenRoad.hh:110:7: note: forward declaration of ‘class utl::Logger’
  110 | class Logger;
      |       ^~~~~~
/OpenROAD/build/src/utl/CMakeFiles/utl_py.dir/Logger-pyPYTHON_wrap.cxx:4831:19: error: invalid use of incomplete type ‘class utl::Logger’
 4831 |         if (logger->debugCheck(utl::ORD, "trace", 1)) {
      |                   ^~
/OpenROAD/include/ord/OpenRoad.hh:110:7: note: forward declaration of ‘class utl::Logger’
  110 | class Logger;
      |       ^~~~~~
/OpenROAD/build/src/utl/CMakeFiles/utl_py.dir/Logger-pyPYTHON_wrap.cxx:4831:37: error: ‘ORD’ is not a member of ‘utl’; did you mean ‘ORD’?
 4831 |         if (logger->debugCheck(utl::ORD, "trace", 1)) {
      |                                     ^~~
/OpenROAD/src/utl/include/utl/Logger.h:435:5: note: ‘ORD’ declared here
  435 |   X(ORD)                \
      |     ^~~
/OpenROAD/src/utl/include/utl/Logger.h:454:29: note: in definition of macro ‘GENERATE_ENUM’
  454 | #define GENERATE_ENUM(ENUM) ENUM,
      |                             ^~~~
/OpenROAD/src/utl/include/utl/Logger.h:466:3: note: in expansion of macro ‘FOREACH_TOOL’
  466 |   FOREACH_TOOL(GENERATE_ENUM)
      |   ^~~~~~~~~~~~
/OpenROAD/build/src/utl/CMakeFiles/utl_py.dir/Logger-pyPYTHON_wrap.cxx:4834:17: error: invalid use of incomplete type ‘class utl::Logger’
 4834 |           logger->report("Stack trace");
      |                 ^~
/OpenROAD/include/ord/OpenRoad.hh:110:7: note: forward declaration of ‘class utl::Logger’
  110 | class Logger;
      |       ^~~~~~
/OpenROAD/build/src/utl/CMakeFiles/utl_py.dir/Logger-pyPYTHON_wrap.cxx:4835:17: error: invalid use of incomplete type ‘class utl::Logger’
 4835 |           logger->report(trace.str());
      |                 ^~
/OpenROAD/include/ord/OpenRoad.hh:110:7: note: forward declaration of ‘class utl::Logger’
  110 | class Logger;
      |       ^~~~~~
/OpenROAD/build/src/utl/CMakeFiles/utl_py.dir/Logger-pyPYTHON_wrap.cxx:4847:19: error: invalid use of incomplete type ‘class utl::Logger’
 4847 |         if (logger->debugCheck(utl::ORD, "trace", 1)) {
      |                   ^~
/OpenROAD/include/ord/OpenRoad.hh:110:7: note: forward declaration of ‘class utl::Logger’
  110 | class Logger;
      |       ^~~~~~
/OpenROAD/build/src/utl/CMakeFiles/utl_py.dir/Logger-pyPYTHON_wrap.cxx:4847:37: error: ‘ORD’ is not a member of ‘utl’; did you mean ‘ORD’?
 4847 |         if (logger->debugCheck(utl::ORD, "trace", 1)) {
      |                                     ^~~
/OpenROAD/src/utl/include/utl/Logger.h:435:5: note: ‘ORD’ declared here
  435 |   X(ORD)                \
      |     ^~~
/OpenROAD/src/utl/include/utl/Logger.h:454:29: note: in definition of macro ‘GENERATE_ENUM’
  454 | #define GENERATE_ENUM(ENUM) ENUM,
      |                             ^~~~
/OpenROAD/src/utl/include/utl/Logger.h:466:3: note: in expansion of macro ‘FOREACH_TOOL’
  466 |   FOREACH_TOOL(GENERATE_ENUM)
      |   ^~~~~~~~~~~~
/OpenROAD/build/src/utl/CMakeFiles/utl_py.dir/Logger-pyPYTHON_wrap.cxx:4850:17: error: invalid use of incomplete type ‘class utl::Logger’
 4850 |           logger->report("Stack trace");
      |                 ^~
/OpenROAD/include/ord/OpenRoad.hh:110:7: note: forward declaration of ‘class utl::Logger’
  110 | class Logger;
      |       ^~~~~~
/OpenROAD/build/src/utl/CMakeFiles/utl_py.dir/Logger-pyPYTHON_wrap.cxx:4851:17: error: invalid use of incomplete type ‘class utl::Logger’
 4851 |           logger->report(trace.str());
      |                 ^~
/OpenROAD/include/ord/OpenRoad.hh:110:7: note: forward declaration of ‘class utl::Logger’
  110 | class Logger;
      |       ^~~~~~
/OpenROAD/build/src/utl/CMakeFiles/utl_py.dir/Logger-pyPYTHON_wrap.cxx: In function ‘PyObject* _wrap_Logger_getPrometheusPort(PyObject*, PyObject*)’:
/OpenROAD/build/src/utl/CMakeFiles/utl_py.dir/Logger-pyPYTHON_wrap.cxx:4885:32: error: invalid use of incomplete type ‘class utl::Logger’
 4885 |       result = (uint16_t)(arg1)->getPrometheusPort();
      |                                ^~
/OpenROAD/include/ord/OpenRoad.hh:110:7: note: forward declaration of ‘class utl::Logger’
  110 | class Logger;
      |       ^~~~~~
/OpenROAD/build/src/utl/CMakeFiles/utl_py.dir/Logger-pyPYTHON_wrap.cxx:4896:19: error: invalid use of incomplete type ‘class utl::Logger’
 4896 |         if (logger->debugCheck(utl::ORD, "trace", 1)) {
      |                   ^~
/OpenROAD/include/ord/OpenRoad.hh:110:7: note: forward declaration of ‘class utl::Logger’
  110 | class Logger;
      |       ^~~~~~
/OpenROAD/build/src/utl/CMakeFiles/utl_py.dir/Logger-pyPYTHON_wrap.cxx:4896:37: error: ‘ORD’ is not a member of ‘utl’; did you mean ‘ORD’?
 4896 |         if (logger->debugCheck(utl::ORD, "trace", 1)) {
      |                                     ^~~
/OpenROAD/src/utl/include/utl/Logger.h:435:5: note: ‘ORD’ declared here
  435 |   X(ORD)                \
      |     ^~~
/OpenROAD/src/utl/include/utl/Logger.h:454:29: note: in definition of macro ‘GENERATE_ENUM’
  454 | #define GENERATE_ENUM(ENUM) ENUM,
      |                             ^~~~
/OpenROAD/src/utl/include/utl/Logger.h:466:3: note: in expansion of macro ‘FOREACH_TOOL’
  466 |   FOREACH_TOOL(GENERATE_ENUM)
      |   ^~~~~~~~~~~~
/OpenROAD/build/src/utl/CMakeFiles/utl_py.dir/Logger-pyPYTHON_wrap.cxx:4899:17: error: invalid use of incomplete type ‘class utl::Logger’
 4899 |           logger->report("Stack trace");
      |                 ^~
/OpenROAD/include/ord/OpenRoad.hh:110:7: note: forward declaration of ‘class utl::Logger’
  110 | class Logger;
      |       ^~~~~~
/OpenROAD/build/src/utl/CMakeFiles/utl_py.dir/Logger-pyPYTHON_wrap.cxx:4900:17: error: invalid use of incomplete type ‘class utl::Logger’
 4900 |           logger->report(trace.str());
      |                 ^~
/OpenROAD/include/ord/OpenRoad.hh:110:7: note: forward declaration of ‘class utl::Logger’
  110 | class Logger;
      |       ^~~~~~
/OpenROAD/build/src/utl/CMakeFiles/utl_py.dir/Logger-pyPYTHON_wrap.cxx:4912:19: error: invalid use of incomplete type ‘class utl::Logger’
 4912 |         if (logger->debugCheck(utl::ORD, "trace", 1)) {
      |                   ^~
/OpenROAD/include/ord/OpenRoad.hh:110:7: note: forward declaration of ‘class utl::Logger’
  110 | class Logger;
      |       ^~~~~~
/OpenROAD/build/src/utl/CMakeFiles/utl_py.dir/Logger-pyPYTHON_wrap.cxx:4912:37: error: ‘ORD’ is not a member of ‘utl’; did you mean ‘ORD’?
 4912 |         if (logger->debugCheck(utl::ORD, "trace", 1)) {
      |                                     ^~~
/OpenROAD/src/utl/include/utl/Logger.h:435:5: note: ‘ORD’ declared here
  435 |   X(ORD)                \
      |     ^~~
/OpenROAD/src/utl/include/utl/Logger.h:454:29: note: in definition of macro ‘GENERATE_ENUM’
  454 | #define GENERATE_ENUM(ENUM) ENUM,
      |                             ^~~~
/OpenROAD/src/utl/include/utl/Logger.h:466:3: note: in expansion of macro ‘FOREACH_TOOL’
  466 |   FOREACH_TOOL(GENERATE_ENUM)
      |   ^~~~~~~~~~~~
/OpenROAD/build/src/utl/CMakeFiles/utl_py.dir/Logger-pyPYTHON_wrap.cxx:4915:17: error: invalid use of incomplete type ‘class utl::Logger’
 4915 |           logger->report("Stack trace");
      |                 ^~
/OpenROAD/include/ord/OpenRoad.hh:110:7: note: forward declaration of ‘class utl::Logger’
  110 | class Logger;
      |       ^~~~~~
/OpenROAD/build/src/utl/CMakeFiles/utl_py.dir/Logger-pyPYTHON_wrap.cxx:4916:17: error: invalid use of incomplete type ‘class utl::Logger’
 4916 |           logger->report(trace.str());
      |                 ^~
/OpenROAD/include/ord/OpenRoad.hh:110:7: note: forward declaration of ‘class utl::Logger’
  110 | class Logger;
      |       ^~~~~~
/OpenROAD/build/src/utl/CMakeFiles/utl_py.dir/Logger-pyPYTHON_wrap.cxx: In function ‘PyObject* _wrap_Logger_suppressMessage(PyObject*, PyObject*)’:
/OpenROAD/build/src/utl/CMakeFiles/utl_py.dir/Logger-pyPYTHON_wrap.cxx:4935:8: error: ‘ToolId’ is not a member of ‘utl’; did you mean ‘ToolId’?
 4935 |   utl::ToolId arg2 ;
      |        ^~~~~~
/OpenROAD/src/utl/include/utl/Logger.h:464:6: note: ‘ToolId’ declared here
  464 | enum ToolId
      |      ^~~~~~
/OpenROAD/build/src/utl/CMakeFiles/utl_py.dir/Logger-pyPYTHON_wrap.cxx:4956:3: error: ‘arg2’ was not declared in this scope; did you mean ‘arg3’?
 4956 |   arg2 = static_cast< utl::ToolId >(val2);
      |   ^~~~
      |   arg3
/OpenROAD/build/src/utl/CMakeFiles/utl_py.dir/Logger-pyPYTHON_wrap.cxx:4956:28: error: ‘ToolId’ in namespace ‘utl’ does not name a type
 4956 |   arg2 = static_cast< utl::ToolId >(val2);
      |                            ^~~~~~
/OpenROAD/build/src/utl/CMakeFiles/utl_py.dir/Logger-pyPYTHON_wrap.cxx:4964:13: error: invalid use of incomplete type ‘class utl::Logger’
 4964 |       (arg1)->suppressMessage(arg2,arg3);
      |             ^~
/OpenROAD/include/ord/OpenRoad.hh:110:7: note: forward declaration of ‘class utl::Logger’
  110 | class Logger;
      |       ^~~~~~
/OpenROAD/build/src/utl/CMakeFiles/utl_py.dir/Logger-pyPYTHON_wrap.cxx:4975:19: error: invalid use of incomplete type ‘class utl::Logger’
 4975 |         if (logger->debugCheck(utl::ORD, "trace", 1)) {
      |                   ^~
/OpenROAD/include/ord/OpenRoad.hh:110:7: note: forward declaration of ‘class utl::Logger’
  110 | class Logger;
      |       ^~~~~~
/OpenROAD/build/src/utl/CMakeFiles/utl_py.dir/Logger-pyPYTHON_wrap.cxx:4975:37: error: ‘ORD’ is not a member of ‘utl’; did you mean ‘ORD’?
 4975 |         if (logger->debugCheck(utl::ORD, "trace", 1)) {
      |                                     ^~~
/OpenROAD/src/utl/include/utl/Logger.h:435:5: note: ‘ORD’ declared here
  435 |   X(ORD)                \
      |     ^~~
/OpenROAD/src/utl/include/utl/Logger.h:454:29: note: in definition of macro ‘GENERATE_ENUM’
  454 | #define GENERATE_ENUM(ENUM) ENUM,
      |                             ^~~~
/OpenROAD/src/utl/include/utl/Logger.h:466:3: note: in expansion of macro ‘FOREACH_TOOL’
  466 |   FOREACH_TOOL(GENERATE_ENUM)
      |   ^~~~~~~~~~~~
/OpenROAD/build/src/utl/CMakeFiles/utl_py.dir/Logger-pyPYTHON_wrap.cxx:4978:17: error: invalid use of incomplete type ‘class utl::Logger’
 4978 |           logger->report("Stack trace");
      |                 ^~
/OpenROAD/include/ord/OpenRoad.hh:110:7: note: forward declaration of ‘class utl::Logger’
  110 | class Logger;
      |       ^~~~~~
/OpenROAD/build/src/utl/CMakeFiles/utl_py.dir/Logger-pyPYTHON_wrap.cxx:4979:17: error: invalid use of incomplete type ‘class utl::Logger’
 4979 |           logger->report(trace.str());
      |                 ^~
/OpenROAD/include/ord/OpenRoad.hh:110:7: note: forward declaration of ‘class utl::Logger’
  110 | class Logger;
      |       ^~~~~~
/OpenROAD/build/src/utl/CMakeFiles/utl_py.dir/Logger-pyPYTHON_wrap.cxx:4991:19: error: invalid use of incomplete type ‘class utl::Logger’
 4991 |         if (logger->debugCheck(utl::ORD, "trace", 1)) {
      |                   ^~
/OpenROAD/include/ord/OpenRoad.hh:110:7: note: forward declaration of ‘class utl::Logger’
  110 | class Logger;
      |       ^~~~~~
/OpenROAD/build/src/utl/CMakeFiles/utl_py.dir/Logger-pyPYTHON_wrap.cxx:4991:37: error: ‘ORD’ is not a member of ‘utl’; did you mean ‘ORD’?
 4991 |         if (logger->debugCheck(utl::ORD, "trace", 1)) {
      |                                     ^~~
/OpenROAD/src/utl/include/utl/Logger.h:435:5: note: ‘ORD’ declared here
  435 |   X(ORD)                \
      |     ^~~
/OpenROAD/src/utl/include/utl/Logger.h:454:29: note: in definition of macro ‘GENERATE_ENUM’
  454 | #define GENERATE_ENUM(ENUM) ENUM,
      |                             ^~~~
/OpenROAD/src/utl/include/utl/Logger.h:466:3: note: in expansion of macro ‘FOREACH_TOOL’
  466 |   FOREACH_TOOL(GENERATE_ENUM)
      |   ^~~~~~~~~~~~
/OpenROAD/build/src/utl/CMakeFiles/utl_py.dir/Logger-pyPYTHON_wrap.cxx:4994:17: error: invalid use of incomplete type ‘class utl::Logger’
 4994 |           logger->report("Stack trace");
      |                 ^~
/OpenROAD/include/ord/OpenRoad.hh:110:7: note: forward declaration of ‘class utl::Logger’
  110 | class Logger;
      |       ^~~~~~
/OpenROAD/build/src/utl/CMakeFiles/utl_py.dir/Logger-pyPYTHON_wrap.cxx:4995:17: error: invalid use of incomplete type ‘class utl::Logger’
 4995 |           logger->report(trace.str());
      |                 ^~
/OpenROAD/include/ord/OpenRoad.hh:110:7: note: forward declaration of ‘class utl::Logger’
  110 | class Logger;
      |       ^~~~~~
/OpenROAD/build/src/utl/CMakeFiles/utl_py.dir/Logger-pyPYTHON_wrap.cxx: In function ‘PyObject* _wrap_Logger_unsuppressMessage(PyObject*, PyObject*)’:
/OpenROAD/build/src/utl/CMakeFiles/utl_py.dir/Logger-pyPYTHON_wrap.cxx:5014:8: error: ‘ToolId’ is not a member of ‘utl’; did you mean ‘ToolId’?
 5014 |   utl::ToolId arg2 ;
      |        ^~~~~~
/OpenROAD/src/utl/include/utl/Logger.h:464:6: note: ‘ToolId’ declared here
  464 | enum ToolId
      |      ^~~~~~
/OpenROAD/build/src/utl/CMakeFiles/utl_py.dir/Logger-pyPYTHON_wrap.cxx:5035:3: error: ‘arg2’ was not declared in this scope; did you mean ‘arg3’?
 5035 |   arg2 = static_cast< utl::ToolId >(val2);
      |   ^~~~
      |   arg3
/OpenROAD/build/src/utl/CMakeFiles/utl_py.dir/Logger-pyPYTHON_wrap.cxx:5035:28: error: ‘ToolId’ in namespace ‘utl’ does not name a type
 5035 |   arg2 = static_cast< utl::ToolId >(val2);
      |                            ^~~~~~
/OpenROAD/build/src/utl/CMakeFiles/utl_py.dir/Logger-pyPYTHON_wrap.cxx:5043:13: error: invalid use of incomplete type ‘class utl::Logger’
 5043 |       (arg1)->unsuppressMessage(arg2,arg3);
      |             ^~
/OpenROAD/include/ord/OpenRoad.hh:110:7: note: forward declaration of ‘class utl::Logger’
  110 | class Logger;
      |       ^~~~~~
/OpenROAD/build/src/utl/CMakeFiles/utl_py.dir/Logger-pyPYTHON_wrap.cxx:5054:19: error: invalid use of incomplete type ‘class utl::Logger’
 5054 |         if (logger->debugCheck(utl::ORD, "trace", 1)) {
      |                   ^~
/OpenROAD/include/ord/OpenRoad.hh:110:7: note: forward declaration of ‘class utl::Logger’
  110 | class Logger;
      |       ^~~~~~
/OpenROAD/build/src/utl/CMakeFiles/utl_py.dir/Logger-pyPYTHON_wrap.cxx:5054:37: error: ‘ORD’ is not a member of ‘utl’; did you mean ‘ORD’?
 5054 |         if (logger->debugCheck(utl::ORD, "trace", 1)) {
      |                                     ^~~
/OpenROAD/src/utl/include/utl/Logger.h:435:5: note: ‘ORD’ declared here
  435 |   X(ORD)                \
      |     ^~~
/OpenROAD/src/utl/include/utl/Logger.h:454:29: note: in definition of macro ‘GENERATE_ENUM’
  454 | #define GENERATE_ENUM(ENUM) ENUM,
      |                             ^~~~
/OpenROAD/src/utl/include/utl/Logger.h:466:3: note: in expansion of macro ‘FOREACH_TOOL’
  466 |   FOREACH_TOOL(GENERATE_ENUM)
      |   ^~~~~~~~~~~~
/OpenROAD/build/src/utl/CMakeFiles/utl_py.dir/Logger-pyPYTHON_wrap.cxx:5057:17: error: invalid use of incomplete type ‘class utl::Logger’
 5057 |           logger->report("Stack trace");
      |                 ^~
/OpenROAD/include/ord/OpenRoad.hh:110:7: note: forward declaration of ‘class utl::Logger’
  110 | class Logger;
      |       ^~~~~~
/OpenROAD/build/src/utl/CMakeFiles/utl_py.dir/Logger-pyPYTHON_wrap.cxx:5058:17: error: invalid use of incomplete type ‘class utl::Logger’
 5058 |           logger->report(trace.str());
      |                 ^~
/OpenROAD/include/ord/OpenRoad.hh:110:7: note: forward declaration of ‘class utl::Logger’
  110 | class Logger;
      |       ^~~~~~
/OpenROAD/build/src/utl/CMakeFiles/utl_py.dir/Logger-pyPYTHON_wrap.cxx:5070:19: error: invalid use of incomplete type ‘class utl::Logger’
 5070 |         if (logger->debugCheck(utl::ORD, "trace", 1)) {
      |                   ^~
/OpenROAD/include/ord/OpenRoad.hh:110:7: note: forward declaration of ‘class utl::Logger’
  110 | class Logger;
      |       ^~~~~~
/OpenROAD/build/src/utl/CMakeFiles/utl_py.dir/Logger-pyPYTHON_wrap.cxx:5070:37: error: ‘ORD’ is not a member of ‘utl’; did you mean ‘ORD’?
 5070 |         if (logger->debugCheck(utl::ORD, "trace", 1)) {
      |                                     ^~~
/OpenROAD/src/utl/include/utl/Logger.h:435:5: note: ‘ORD’ declared here
  435 |   X(ORD)                \
      |     ^~~
/OpenROAD/src/utl/include/utl/Logger.h:454:29: note: in definition of macro ‘GENERATE_ENUM’
  454 | #define GENERATE_ENUM(ENUM) ENUM,
      |                             ^~~~
/OpenROAD/src/utl/include/utl/Logger.h:466:3: note: in expansion of macro ‘FOREACH_TOOL’
  466 |   FOREACH_TOOL(GENERATE_ENUM)
      |   ^~~~~~~~~~~~
/OpenROAD/build/src/utl/CMakeFiles/utl_py.dir/Logger-pyPYTHON_wrap.cxx:5073:17: error: invalid use of incomplete type ‘class utl::Logger’
 5073 |           logger->report("Stack trace");
      |                 ^~
/OpenROAD/include/ord/OpenRoad.hh:110:7: note: forward declaration of ‘class utl::Logger’
  110 | class Logger;
      |       ^~~~~~
/OpenROAD/build/src/utl/CMakeFiles/utl_py.dir/Logger-pyPYTHON_wrap.cxx:5074:17: error: invalid use of incomplete type ‘class utl::Logger’
 5074 |           logger->report(trace.str());
      |                 ^~
/OpenROAD/include/ord/OpenRoad.hh:110:7: note: forward declaration of ‘class utl::Logger’
  110 | class Logger;
      |       ^~~~~~
/OpenROAD/build/src/utl/CMakeFiles/utl_py.dir/Logger-pyPYTHON_wrap.cxx: In function ‘PyObject* _wrap_Logger_addSink(PyObject*, PyObject*)’:
/OpenROAD/build/src/utl/CMakeFiles/utl_py.dir/Logger-pyPYTHON_wrap.cxx:5122:13: error: invalid use of incomplete type ‘class utl::Logger’
 5122 |       (arg1)->addSink(SWIG_STD_MOVE(arg2));
      |             ^~
/OpenROAD/include/ord/OpenRoad.hh:110:7: note: forward declaration of ‘class utl::Logger’
  110 | class Logger;
      |       ^~~~~~
/OpenROAD/build/src/utl/CMakeFiles/utl_py.dir/Logger-pyPYTHON_wrap.cxx:5133:19: error: invalid use of incomplete type ‘class utl::Logger’
 5133 |         if (logger->debugCheck(utl::ORD, "trace", 1)) {
      |                   ^~
/OpenROAD/include/ord/OpenRoad.hh:110:7: note: forward declaration of ‘class utl::Logger’
  110 | class Logger;
      |       ^~~~~~
/OpenROAD/build/src/utl/CMakeFiles/utl_py.dir/Logger-pyPYTHON_wrap.cxx:5133:37: error: ‘ORD’ is not a member of ‘utl’; did you mean ‘ORD’?
 5133 |         if (logger->debugCheck(utl::ORD, "trace", 1)) {
      |                                     ^~~
/OpenROAD/src/utl/include/utl/Logger.h:435:5: note: ‘ORD’ declared here
  435 |   X(ORD)                \
      |     ^~~
/OpenROAD/src/utl/include/utl/Logger.h:454:29: note: in definition of macro ‘GENERATE_ENUM’
  454 | #define GENERATE_ENUM(ENUM) ENUM,
      |                             ^~~~
/OpenROAD/src/utl/include/utl/Logger.h:466:3: note: in expansion of macro ‘FOREACH_TOOL’
  466 |   FOREACH_TOOL(GENERATE_ENUM)
      |   ^~~~~~~~~~~~
/OpenROAD/build/src/utl/CMakeFiles/utl_py.dir/Logger-pyPYTHON_wrap.cxx:5136:17: error: invalid use of incomplete type ‘class utl::Logger’
 5136 |           logger->report("Stack trace");
      |                 ^~
/OpenROAD/include/ord/OpenRoad.hh:110:7: note: forward declaration of ‘class utl::Logger’
  110 | class Logger;
      |       ^~~~~~
/OpenROAD/build/src/utl/CMakeFiles/utl_py.dir/Logger-pyPYTHON_wrap.cxx:5137:17: error: invalid use of incomplete type ‘class utl::Logger’
 5137 |           logger->report(trace.str());
      |                 ^~
/OpenROAD/include/ord/OpenRoad.hh:110:7: note: forward declaration of ‘class utl::Logger’
  110 | class Logger;
      |       ^~~~~~
/OpenROAD/build/src/utl/CMakeFiles/utl_py.dir/Logger-pyPYTHON_wrap.cxx:5149:19: error: invalid use of incomplete type ‘class utl::Logger’
 5149 |         if (logger->debugCheck(utl::ORD, "trace", 1)) {
      |                   ^~
/OpenROAD/include/ord/OpenRoad.hh:110:7: note: forward declaration of ‘class utl::Logger’
  110 | class Logger;
      |       ^~~~~~
/OpenROAD/build/src/utl/CMakeFiles/utl_py.dir/Logger-pyPYTHON_wrap.cxx:5149:37: error: ‘ORD’ is not a member of ‘utl’; did you mean ‘ORD’?
 5149 |         if (logger->debugCheck(utl::ORD, "trace", 1)) {
      |                                     ^~~
/OpenROAD/src/utl/include/utl/Logger.h:435:5: note: ‘ORD’ declared here
  435 |   X(ORD)                \
      |     ^~~
/OpenROAD/src/utl/include/utl/Logger.h:454:29: note: in definition of macro ‘GENERATE_ENUM’
  454 | #define GENERATE_ENUM(ENUM) ENUM,
      |                             ^~~~
/OpenROAD/src/utl/include/utl/Logger.h:466:3: note: in expansion of macro ‘FOREACH_TOOL’
  466 |   FOREACH_TOOL(GENERATE_ENUM)
      |   ^~~~~~~~~~~~
/OpenROAD/build/src/utl/CMakeFiles/utl_py.dir/Logger-pyPYTHON_wrap.cxx:5152:17: error: invalid use of incomplete type ‘class utl::Logger’
 5152 |           logger->report("Stack trace");
      |                 ^~
/OpenROAD/include/ord/OpenRoad.hh:110:7: note: forward declaration of ‘class utl::Logger’
  110 | class Logger;
      |       ^~~~~~
/OpenROAD/build/src/utl/CMakeFiles/utl_py.dir/Logger-pyPYTHON_wrap.cxx:5153:17: error: invalid use of incomplete type ‘class utl::Logger’
 5153 |           logger->report(trace.str());
      |                 ^~
/OpenROAD/include/ord/OpenRoad.hh:110:7: note: forward declaration of ‘class utl::Logger’
  110 | class Logger;
      |       ^~~~~~
/OpenROAD/build/src/utl/CMakeFiles/utl_py.dir/Logger-pyPYTHON_wrap.cxx: In function ‘PyObject* _wrap_Logger_removeSink(PyObject*, PyObject*)’:
/OpenROAD/build/src/utl/CMakeFiles/utl_py.dir/Logger-pyPYTHON_wrap.cxx:5196:13: error: invalid use of incomplete type ‘class utl::Logger’
 5196 |       (arg1)->removeSink((spdlog::sink_ptr const &)*arg2);
      |             ^~
/OpenROAD/include/ord/OpenRoad.hh:110:7: note: forward declaration of ‘class utl::Logger’
  110 | class Logger;
      |       ^~~~~~
/OpenROAD/build/src/utl/CMakeFiles/utl_py.dir/Logger-pyPYTHON_wrap.cxx:5207:19: error: invalid use of incomplete type ‘class utl::Logger’
 5207 |         if (logger->debugCheck(utl::ORD, "trace", 1)) {
      |                   ^~
/OpenROAD/include/ord/OpenRoad.hh:110:7: note: forward declaration of ‘class utl::Logger’
  110 | class Logger;
      |       ^~~~~~
/OpenROAD/build/src/utl/CMakeFiles/utl_py.dir/Logger-pyPYTHON_wrap.cxx:5207:37: error: ‘ORD’ is not a member of ‘utl’; did you mean ‘ORD’?
 5207 |         if (logger->debugCheck(utl::ORD, "trace", 1)) {
      |                                     ^~~
/OpenROAD/src/utl/include/utl/Logger.h:435:5: note: ‘ORD’ declared here
  435 |   X(ORD)                \
      |     ^~~
/OpenROAD/src/utl/include/utl/Logger.h:454:29: note: in definition of macro ‘GENERATE_ENUM’
  454 | #define GENERATE_ENUM(ENUM) ENUM,
      |                             ^~~~
/OpenROAD/src/utl/include/utl/Logger.h:466:3: note: in expansion of macro ‘FOREACH_TOOL’
  466 |   FOREACH_TOOL(GENERATE_ENUM)
      |   ^~~~~~~~~~~~
/OpenROAD/build/src/utl/CMakeFiles/utl_py.dir/Logger-pyPYTHON_wrap.cxx:5210:17: error: invalid use of incomplete type ‘class utl::Logger’
 5210 |           logger->report("Stack trace");
      |                 ^~
/OpenROAD/include/ord/OpenRoad.hh:110:7: note: forward declaration of ‘class utl::Logger’
  110 | class Logger;
      |       ^~~~~~
/OpenROAD/build/src/utl/CMakeFiles/utl_py.dir/Logger-pyPYTHON_wrap.cxx:5211:17: error: invalid use of incomplete type ‘class utl::Logger’
 5211 |           logger->report(trace.str());
      |                 ^~
/OpenROAD/include/ord/OpenRoad.hh:110:7: note: forward declaration of ‘class utl::Logger’
  110 | class Logger;
      |       ^~~~~~
/OpenROAD/build/src/utl/CMakeFiles/utl_py.dir/Logger-pyPYTHON_wrap.cxx:5223:19: error: invalid use of incomplete type ‘class utl::Logger’
 5223 |         if (logger->debugCheck(utl::ORD, "trace", 1)) {
      |                   ^~
/OpenROAD/include/ord/OpenRoad.hh:110:7: note: forward declaration of ‘class utl::Logger’
  110 | class Logger;
      |       ^~~~~~
/OpenROAD/build/src/utl/CMakeFiles/utl_py.dir/Logger-pyPYTHON_wrap.cxx:5223:37: error: ‘ORD’ is not a member of ‘utl’; did you mean ‘ORD’?
 5223 |         if (logger->debugCheck(utl::ORD, "trace", 1)) {
      |                                     ^~~
/OpenROAD/src/utl/include/utl/Logger.h:435:5: note: ‘ORD’ declared here
  435 |   X(ORD)                \
      |     ^~~
/OpenROAD/src/utl/include/utl/Logger.h:454:29: note: in definition of macro ‘GENERATE_ENUM’
  454 | #define GENERATE_ENUM(ENUM) ENUM,
      |                             ^~~~
/OpenROAD/src/utl/include/utl/Logger.h:466:3: note: in expansion of macro ‘FOREACH_TOOL’
  466 |   FOREACH_TOOL(GENERATE_ENUM)
      |   ^~~~~~~~~~~~
/OpenROAD/build/src/utl/CMakeFiles/utl_py.dir/Logger-pyPYTHON_wrap.cxx:5226:17: error: invalid use of incomplete type ‘class utl::Logger’
 5226 |           logger->report("Stack trace");
      |                 ^~
/OpenROAD/include/ord/OpenRoad.hh:110:7: note: forward declaration of ‘class utl::Logger’
  110 | class Logger;
      |       ^~~~~~
/OpenROAD/build/src/utl/CMakeFiles/utl_py.dir/Logger-pyPYTHON_wrap.cxx:5227:17: error: invalid use of incomplete type ‘class utl::Logger’
 5227 |           logger->report(trace.str());
      |                 ^~
/OpenROAD/include/ord/OpenRoad.hh:110:7: note: forward declaration of ‘class utl::Logger’
  110 | class Logger;
      |       ^~~~~~
/OpenROAD/build/src/utl/CMakeFiles/utl_py.dir/Logger-pyPYTHON_wrap.cxx: In function ‘PyObject* _wrap_Logger_addMetricsSink(PyObject*, PyObject*)’:
/OpenROAD/build/src/utl/CMakeFiles/utl_py.dir/Logger-pyPYTHON_wrap.cxx:5268:13: error: invalid use of incomplete type ‘class utl::Logger’
 5268 |       (arg1)->addMetricsSink((char const *)arg2);
      |             ^~
/OpenROAD/include/ord/OpenRoad.hh:110:7: note: forward declaration of ‘class utl::Logger’
  110 | class Logger;
      |       ^~~~~~
/OpenROAD/build/src/utl/CMakeFiles/utl_py.dir/Logger-pyPYTHON_wrap.cxx:5279:19: error: invalid use of incomplete type ‘class utl::Logger’
 5279 |         if (logger->debugCheck(utl::ORD, "trace", 1)) {
      |                   ^~
/OpenROAD/include/ord/OpenRoad.hh:110:7: note: forward declaration of ‘class utl::Logger’
  110 | class Logger;
      |       ^~~~~~
/OpenROAD/build/src/utl/CMakeFiles/utl_py.dir/Logger-pyPYTHON_wrap.cxx:5279:37: error: ‘ORD’ is not a member of ‘utl’; did you mean ‘ORD’?
 5279 |         if (logger->debugCheck(utl::ORD, "trace", 1)) {
      |                                     ^~~
/OpenROAD/src/utl/include/utl/Logger.h:435:5: note: ‘ORD’ declared here
  435 |   X(ORD)                \
      |     ^~~
/OpenROAD/src/utl/include/utl/Logger.h:454:29: note: in definition of macro ‘GENERATE_ENUM’
  454 | #define GENERATE_ENUM(ENUM) ENUM,
      |                             ^~~~
/OpenROAD/src/utl/include/utl/Logger.h:466:3: note: in expansion of macro ‘FOREACH_TOOL’
  466 |   FOREACH_TOOL(GENERATE_ENUM)
      |   ^~~~~~~~~~~~
/OpenROAD/build/src/utl/CMakeFiles/utl_py.dir/Logger-pyPYTHON_wrap.cxx:5282:17: error: invalid use of incomplete type ‘class utl::Logger’
 5282 |           logger->report("Stack trace");
      |                 ^~
/OpenROAD/include/ord/OpenRoad.hh:110:7: note: forward declaration of ‘class utl::Logger’
  110 | class Logger;
      |       ^~~~~~
/OpenROAD/build/src/utl/CMakeFiles/utl_py.dir/Logger-pyPYTHON_wrap.cxx:5283:17: error: invalid use of incomplete type ‘class utl::Logger’
 5283 |           logger->report(trace.str());
      |                 ^~
/OpenROAD/include/ord/OpenRoad.hh:110:7: note: forward declaration of ‘class utl::Logger’
  110 | class Logger;
      |       ^~~~~~
/OpenROAD/build/src/utl/CMakeFiles/utl_py.dir/Logger-pyPYTHON_wrap.cxx:5295:19: error: invalid use of incomplete type ‘class utl::Logger’
 5295 |         if (logger->debugCheck(utl::ORD, "trace", 1)) {
      |                   ^~
/OpenROAD/include/ord/OpenRoad.hh:110:7: note: forward declaration of ‘class utl::Logger’
  110 | class Logger;
      |       ^~~~~~
/OpenROAD/build/src/utl/CMakeFiles/utl_py.dir/Logger-pyPYTHON_wrap.cxx:5295:37: error: ‘ORD’ is not a member of ‘utl’; did you mean ‘ORD’?
 5295 |         if (logger->debugCheck(utl::ORD, "trace", 1)) {
      |                                     ^~~
/OpenROAD/src/utl/include/utl/Logger.h:435:5: note: ‘ORD’ declared here
  435 |   X(ORD)                \
      |     ^~~
/OpenROAD/src/utl/include/utl/Logger.h:454:29: note: in definition of macro ‘GENERATE_ENUM’
  454 | #define GENERATE_ENUM(ENUM) ENUM,
      |                             ^~~~
/OpenROAD/src/utl/include/utl/Logger.h:466:3: note: in expansion of macro ‘FOREACH_TOOL’
  466 |   FOREACH_TOOL(GENERATE_ENUM)
      |   ^~~~~~~~~~~~
/OpenROAD/build/src/utl/CMakeFiles/utl_py.dir/Logger-pyPYTHON_wrap.cxx:5298:17: error: invalid use of incomplete type ‘class utl::Logger’
 5298 |           logger->report("Stack trace");
      |                 ^~
/OpenROAD/include/ord/OpenRoad.hh:110:7: note: forward declaration of ‘class utl::Logger’
  110 | class Logger;
      |       ^~~~~~
/OpenROAD/build/src/utl/CMakeFiles/utl_py.dir/Logger-pyPYTHON_wrap.cxx:5299:17: error: invalid use of incomplete type ‘class utl::Logger’
 5299 |           logger->report(trace.str());
      |                 ^~
/OpenROAD/include/ord/OpenRoad.hh:110:7: note: forward declaration of ‘class utl::Logger’
  110 | class Logger;
      |       ^~~~~~
/OpenROAD/build/src/utl/CMakeFiles/utl_py.dir/Logger-pyPYTHON_wrap.cxx: In function ‘PyObject* _wrap_Logger_removeMetricsSink(PyObject*, PyObject*)’:
/OpenROAD/build/src/utl/CMakeFiles/utl_py.dir/Logger-pyPYTHON_wrap.cxx:5342:13: error: invalid use of incomplete type ‘class utl::Logger’
 5342 |       (arg1)->removeMetricsSink((char const *)arg2);
      |             ^~
/OpenROAD/include/ord/OpenRoad.hh:110:7: note: forward declaration of ‘class utl::Logger’
  110 | class Logger;
      |       ^~~~~~
/OpenROAD/build/src/utl/CMakeFiles/utl_py.dir/Logger-pyPYTHON_wrap.cxx:5353:19: error: invalid use of incomplete type ‘class utl::Logger’
 5353 |         if (logger->debugCheck(utl::ORD, "trace", 1)) {
      |                   ^~
/OpenROAD/include/ord/OpenRoad.hh:110:7: note: forward declaration of ‘class utl::Logger’
  110 | class Logger;
      |       ^~~~~~
/OpenROAD/build/src/utl/CMakeFiles/utl_py.dir/Logger-pyPYTHON_wrap.cxx:5353:37: error: ‘ORD’ is not a member of ‘utl’; did you mean ‘ORD’?
 5353 |         if (logger->debugCheck(utl::ORD, "trace", 1)) {
      |                                     ^~~
/OpenROAD/src/utl/include/utl/Logger.h:435:5: note: ‘ORD’ declared here
  435 |   X(ORD)                \
      |     ^~~
/OpenROAD/src/utl/include/utl/Logger.h:454:29: note: in definition of macro ‘GENERATE_ENUM’
  454 | #define GENERATE_ENUM(ENUM) ENUM,
      |                             ^~~~
/OpenROAD/src/utl/include/utl/Logger.h:466:3: note: in expansion of macro ‘FOREACH_TOOL’
  466 |   FOREACH_TOOL(GENERATE_ENUM)
      |   ^~~~~~~~~~~~
/OpenROAD/build/src/utl/CMakeFiles/utl_py.dir/Logger-pyPYTHON_wrap.cxx:5356:17: error: invalid use of incomplete type ‘class utl::Logger’
 5356 |           logger->report("Stack trace");
      |                 ^~
/OpenROAD/include/ord/OpenRoad.hh:110:7: note: forward declaration of ‘class utl::Logger’
  110 | class Logger;
      |       ^~~~~~
/OpenROAD/build/src/utl/CMakeFiles/utl_py.dir/Logger-pyPYTHON_wrap.cxx:5357:17: error: invalid use of incomplete type ‘class utl::Logger’
 5357 |           logger->report(trace.str());
      |                 ^~
/OpenROAD/include/ord/OpenRoad.hh:110:7: note: forward declaration of ‘class utl::Logger’
  110 | class Logger;
      |       ^~~~~~
/OpenROAD/build/src/utl/CMakeFiles/utl_py.dir/Logger-pyPYTHON_wrap.cxx:5369:19: error: invalid use of incomplete type ‘class utl::Logger’
 5369 |         if (logger->debugCheck(utl::ORD, "trace", 1)) {
      |                   ^~
/OpenROAD/include/ord/OpenRoad.hh:110:7: note: forward declaration of ‘class utl::Logger’
  110 | class Logger;
      |       ^~~~~~
/OpenROAD/build/src/utl/CMakeFiles/utl_py.dir/Logger-pyPYTHON_wrap.cxx:5369:37: error: ‘ORD’ is not a member of ‘utl’; did you mean ‘ORD’?
 5369 |         if (logger->debugCheck(utl::ORD, "trace", 1)) {
      |                                     ^~~
/OpenROAD/src/utl/include/utl/Logger.h:435:5: note: ‘ORD’ declared here
  435 |   X(ORD)                \
      |     ^~~
/OpenROAD/src/utl/include/utl/Logger.h:454:29: note: in definition of macro ‘GENERATE_ENUM’
  454 | #define GENERATE_ENUM(ENUM) ENUM,
      |                             ^~~~
/OpenROAD/src/utl/include/utl/Logger.h:466:3: note: in expansion of macro ‘FOREACH_TOOL’
  466 |   FOREACH_TOOL(GENERATE_ENUM)
      |   ^~~~~~~~~~~~
/OpenROAD/build/src/utl/CMakeFiles/utl_py.dir/Logger-pyPYTHON_wrap.cxx:5372:17: error: invalid use of incomplete type ‘class utl::Logger’
 5372 |           logger->report("Stack trace");
      |                 ^~
/OpenROAD/include/ord/OpenRoad.hh:110:7: note: forward declaration of ‘class utl::Logger’
  110 | class Logger;
      |       ^~~~~~
/OpenROAD/build/src/utl/CMakeFiles/utl_py.dir/Logger-pyPYTHON_wrap.cxx:5373:17: error: invalid use of incomplete type ‘class utl::Logger’
 5373 |           logger->report(trace.str());
      |                 ^~
/OpenROAD/include/ord/OpenRoad.hh:110:7: note: forward declaration of ‘class utl::Logger’
  110 | class Logger;
      |       ^~~~~~
/OpenROAD/build/src/utl/CMakeFiles/utl_py.dir/Logger-pyPYTHON_wrap.cxx: In function ‘PyObject* _wrap_Logger_startLogDb(PyObject*, PyObject*)’:
/OpenROAD/build/src/utl/CMakeFiles/utl_py.dir/Logger-pyPYTHON_wrap.cxx:5416:13: error: invalid use of incomplete type ‘class utl::Logger’
 5416 |       (arg1)->startLogDb((char const *)arg2);
      |             ^~
/OpenROAD/include/ord/OpenRoad.hh:110:7: note: forward declaration of ‘class utl::Logger’
  110 | class Logger;
      |       ^~~~~~
/OpenROAD/build/src/utl/CMakeFiles/utl_py.dir/Logger-pyPYTHON_wrap.cxx:5427:19: error: invalid use of incomplete type ‘class utl::Logger’
 5427 |         if (logger->debugCheck(utl::ORD, "trace", 1)) {
      |                   ^~
/OpenROAD/include/ord/OpenRoad.hh:110:7: note: forward declaration of ‘class utl::Logger’
  110 | class Logger;
      |       ^~~~~~
/OpenROAD/build/src/utl/CMakeFiles/utl_py.dir/Logger-pyPYTHON_wrap.cxx:5427:37: error: ‘ORD’ is not a member of ‘utl’; did you mean ‘ORD’?
 5427 |         if (logger->debugCheck(utl::ORD, "trace", 1)) {
      |                                     ^~~
/OpenROAD/src/utl/include/utl/Logger.h:435:5: note: ‘ORD’ declared here
  435 |   X(ORD)                \
      |     ^~~
/OpenROAD/src/utl/include/utl/Logger.h:454:29: note: in definition of macro ‘GENERATE_ENUM’
  454 | #define GENERATE_ENUM(ENUM) ENUM,
      |                             ^~~~
/OpenROAD/src/utl/include/utl/Logger.h:466:3: note: in expansion of macro ‘FOREACH_TOOL’
  466 |   FOREACH_TOOL(GENERATE_ENUM)
      |   ^~~~~~~~~~~~
/OpenROAD/build/src/utl/CMakeFiles/utl_py.dir/Logger-pyPYTHON_wrap.cxx:5430:17: error: invalid use of incomplete type ‘class utl::Logger’
 5430 |           logger->report("Stack trace");
      |                 ^~
/OpenROAD/include/ord/OpenRoad.hh:110:7: note: forward declaration of ‘class utl::Logger’
  110 | class Logger;
      |       ^~~~~~
/OpenROAD/build/src/utl/CMakeFiles/utl_py.dir/Logger-pyPYTHON_wrap.cxx:5431:17: error: invalid use of incomplete type ‘class utl::Logger’
 5431 |           logger->report(trace.str());
      |                 ^~
/OpenROAD/include/ord/OpenRoad.hh:110:7: note: forward declaration of ‘class utl::Logger’
  110 | class Logger;
      |       ^~~~~~
/OpenROAD/build/src/utl/CMakeFiles/utl_py.dir/Logger-pyPYTHON_wrap.cxx:5443:19: error: invalid use of incomplete type ‘class utl::Logger’
 5443 |         if (logger->debugCheck(utl::ORD, "trace", 1)) {
      |                   ^~
/OpenROAD/include/ord/OpenRoad.hh:110:7: note: forward declaration of ‘class utl::Logger’
  110 | class Logger;
      |       ^~~~~~
/OpenROAD/build/src/utl/CMakeFiles/utl_py.dir/Logger-pyPYTHON_wrap.cxx:5443:37: error: ‘ORD’ is not a member of ‘utl’; did you mean ‘ORD’?
 5443 |         if (logger->debugCheck(utl::ORD, "trace", 1)) {
      |                                     ^~~
/OpenROAD/src/utl/include/utl/Logger.h:435:5: note: ‘ORD’ declared here
  435 |   X(ORD)                \
      |     ^~~
/OpenROAD/src/utl/include/utl/Logger.h:454:29: note: in definition of macro ‘GENERATE_ENUM’
  454 | #define GENERATE_ENUM(ENUM) ENUM,
      |                             ^~~~
/OpenROAD/src/utl/include/utl/Logger.h:466:3: note: in expansion of macro ‘FOREACH_TOOL’
  466 |   FOREACH_TOOL(GENERATE_ENUM)
      |   ^~~~~~~~~~~~
/OpenROAD/build/src/utl/CMakeFiles/utl_py.dir/Logger-pyPYTHON_wrap.cxx:5446:17: error: invalid use of incomplete type ‘class utl::Logger’
 5446 |           logger->report("Stack trace");
      |                 ^~
/OpenROAD/include/ord/OpenRoad.hh:110:7: note: forward declaration of ‘class utl::Logger’
  110 | class Logger;
      |       ^~~~~~
/OpenROAD/build/src/utl/CMakeFiles/utl_py.dir/Logger-pyPYTHON_wrap.cxx:5447:17: error: invalid use of incomplete type ‘class utl::Logger’
 5447 |           logger->report(trace.str());
      |                 ^~
/OpenROAD/include/ord/OpenRoad.hh:110:7: note: forward declaration of ‘class utl::Logger’
  110 | class Logger;
      |       ^~~~~~
/OpenROAD/build/src/utl/CMakeFiles/utl_py.dir/Logger-pyPYTHON_wrap.cxx: In function ‘PyObject* _wrap_Logger_stopLogDb(PyObject*, PyObject*)’:
/OpenROAD/build/src/utl/CMakeFiles/utl_py.dir/Logger-pyPYTHON_wrap.cxx:5482:13: error: invalid use of incomplete type ‘class utl::Logger’
 5482 |       (arg1)->stopLogDb();
      |             ^~
/OpenROAD/include/ord/OpenRoad.hh:110:7: note: forward declaration of ‘class utl::Logger’
  110 | class Logger;
      |       ^~~~~~
/OpenROAD/build/src/utl/CMakeFiles/utl_py.dir/Logger-pyPYTHON_wrap.cxx:5493:19: error: invalid use of incomplete type ‘class utl::Logger’
 5493 |         if (logger->debugCheck(utl::ORD, "trace", 1)) {
      |                   ^~
/OpenROAD/include/ord/OpenRoad.hh:110:7: note: forward declaration of ‘class utl::Logger’
  110 | class Logger;
      |       ^~~~~~
/OpenROAD/build/src/utl/CMakeFiles/utl_py.dir/Logger-pyPYTHON_wrap.cxx:5493:37: error: ‘ORD’ is not a member of ‘utl’; did you mean ‘ORD’?
 5493 |         if (logger->debugCheck(utl::ORD, "trace", 1)) {
      |                                     ^~~
/OpenROAD/src/utl/include/utl/Logger.h:435:5: note: ‘ORD’ declared here
  435 |   X(ORD)                \
      |     ^~~
/OpenROAD/src/utl/include/utl/Logger.h:454:29: note: in definition of macro ‘GENERATE_ENUM’
  454 | #define GENERATE_ENUM(ENUM) ENUM,
      |                             ^~~~
/OpenROAD/src/utl/include/utl/Logger.h:466:3: note: in expansion of macro ‘FOREACH_TOOL’
  466 |   FOREACH_TOOL(GENERATE_ENUM)
      |   ^~~~~~~~~~~~
/OpenROAD/build/src/utl/CMakeFiles/utl_py.dir/Logger-pyPYTHON_wrap.cxx:5496:17: error: invalid use of incomplete type ‘class utl::Logger’
 5496 |           logger->report("Stack trace");
      |                 ^~
/OpenROAD/include/ord/OpenRoad.hh:110:7: note: forward declaration of ‘class utl::Logger’
  110 | class Logger;
      |       ^~~~~~
/OpenROAD/build/src/utl/CMakeFiles/utl_py.dir/Logger-pyPYTHON_wrap.cxx:5497:17: error: invalid use of incomplete type ‘class utl::Logger’
 5497 |           logger->report(trace.str());
      |                 ^~
/OpenROAD/include/ord/OpenRoad.hh:110:7: note: forward declaration of ‘class utl::Logger’
  110 | class Logger;
      |       ^~~~~~
/OpenROAD/build/src/utl/CMakeFiles/utl_py.dir/Logger-pyPYTHON_wrap.cxx:5509:19: error: invalid use of incomplete type ‘class utl::Logger’
 5509 |         if (logger->debugCheck(utl::ORD, "trace", 1)) {
      |                   ^~
/OpenROAD/include/ord/OpenRoad.hh:110:7: note: forward declaration of ‘class utl::Logger’
  110 | class Logger;
      |       ^~~~~~
/OpenROAD/build/src/utl/CMakeFiles/utl_py.dir/Logger-pyPYTHON_wrap.cxx:5509:37: error: ‘ORD’ is not a member of ‘utl’; did you mean ‘ORD’?
 5509 |         if (logger->debugCheck(utl::ORD, "trace", 1)) {
      |                                     ^~~
/OpenROAD/src/utl/include/utl/Logger.h:435:5: note: ‘ORD’ declared here
  435 |   X(ORD)                \
      |     ^~~
/OpenROAD/src/utl/include/utl/Logger.h:454:29: note: in definition of macro ‘GENERATE_ENUM’
  454 | #define GENERATE_ENUM(ENUM) ENUM,
      |                             ^~~~
/OpenROAD/src/utl/include/utl/Logger.h:466:3: note: in expansion of macro ‘FOREACH_TOOL’
  466 |   FOREACH_TOOL(GENERATE_ENUM)
      |   ^~~~~~~~~~~~
/OpenROAD/build/src/utl/CMakeFiles/utl_py.dir/Logger-pyPYTHON_wrap.cxx:5512:17: error: invalid use of incomplete type ‘class utl::Logger’
 5512 |           logger->report("Stack trace");
      |                 ^~
/OpenROAD/include/ord/OpenRoad.hh:110:7: note: forward declaration of ‘class utl::Logger’
  110 | class Logger;
      |       ^~~~~~
/OpenROAD/build/src/utl/CMakeFiles/utl_py.dir/Logger-pyPYTHON_wrap.cxx:5513:17: error: invalid use of incomplete type ‘class utl::Logger’
 5513 |           logger->report(trace.str());
      |                 ^~
/OpenROAD/include/ord/OpenRoad.hh:110:7: note: forward declaration of ‘class utl::Logger’
  110 | class Logger;
      |       ^~~~~~
/OpenROAD/build/src/utl/CMakeFiles/utl_py.dir/Logger-pyPYTHON_wrap.cxx: In function ‘PyObject* _wrap_Logger_setDbLogGlobalMaxMem(PyObject*, PyObject*)’:
/OpenROAD/build/src/utl/CMakeFiles/utl_py.dir/Logger-pyPYTHON_wrap.cxx:5553:13: error: invalid use of incomplete type ‘class utl::Logger’
 5553 |       (arg1)->setDbLogGlobalMaxMem(SWIG_STD_MOVE(arg2));
      |             ^~
/OpenROAD/include/ord/OpenRoad.hh:110:7: note: forward declaration of ‘class utl::Logger’
  110 | class Logger;
      |       ^~~~~~
/OpenROAD/build/src/utl/CMakeFiles/utl_py.dir/Logger-pyPYTHON_wrap.cxx:5564:19: error: invalid use of incomplete type ‘class utl::Logger’
 5564 |         if (logger->debugCheck(utl::ORD, "trace", 1)) {
      |                   ^~
/OpenROAD/include/ord/OpenRoad.hh:110:7: note: forward declaration of ‘class utl::Logger’
  110 | class Logger;
      |       ^~~~~~
/OpenROAD/build/src/utl/CMakeFiles/utl_py.dir/Logger-pyPYTHON_wrap.cxx:5564:37: error: ‘ORD’ is not a member of ‘utl’; did you mean ‘ORD’?
 5564 |         if (logger->debugCheck(utl::ORD, "trace", 1)) {
      |                                     ^~~
/OpenROAD/src/utl/include/utl/Logger.h:435:5: note: ‘ORD’ declared here
  435 |   X(ORD)                \
      |     ^~~
/OpenROAD/src/utl/include/utl/Logger.h:454:29: note: in definition of macro ‘GENERATE_ENUM’
  454 | #define GENERATE_ENUM(ENUM) ENUM,
      |                             ^~~~
/OpenROAD/src/utl/include/utl/Logger.h:466:3: note: in expansion of macro ‘FOREACH_TOOL’
  466 |   FOREACH_TOOL(GENERATE_ENUM)
      |   ^~~~~~~~~~~~
/OpenROAD/build/src/utl/CMakeFiles/utl_py.dir/Logger-pyPYTHON_wrap.cxx:5567:17: error: invalid use of incomplete type ‘class utl::Logger’
 5567 |           logger->report("Stack trace");
      |                 ^~
/OpenROAD/include/ord/OpenRoad.hh:110:7: note: forward declaration of ‘class utl::Logger’
  110 | class Logger;
      |       ^~~~~~
/OpenROAD/build/src/utl/CMakeFiles/utl_py.dir/Logger-pyPYTHON_wrap.cxx:5568:17: error: invalid use of incomplete type ‘class utl::Logger’
 5568 |           logger->report(trace.str());
      |                 ^~
/OpenROAD/include/ord/OpenRoad.hh:110:7: note: forward declaration of ‘class utl::Logger’
  110 | class Logger;
      |       ^~~~~~
/OpenROAD/build/src/utl/CMakeFiles/utl_py.dir/Logger-pyPYTHON_wrap.cxx:5580:19: error: invalid use of incomplete type ‘class utl::Logger’
 5580 |         if (logger->debugCheck(utl::ORD, "trace", 1)) {
      |                   ^~
/OpenROAD/include/ord/OpenRoad.hh:110:7: note: forward declaration of ‘class utl::Logger’
  110 | class Logger;
      |       ^~~~~~
/OpenROAD/build/src/utl/CMakeFiles/utl_py.dir/Logger-pyPYTHON_wrap.cxx:5580:37: error: ‘ORD’ is not a member of ‘utl’; did you mean ‘ORD’?
 5580 |         if (logger->debugCheck(utl::ORD, "trace", 1)) {
      |                                     ^~~
/OpenROAD/src/utl/include/utl/Logger.h:435:5: note: ‘ORD’ declared here
  435 |   X(ORD)                \
      |     ^~~
/OpenROAD/src/utl/include/utl/Logger.h:454:29: note: in definition of macro ‘GENERATE_ENUM’
  454 | #define GENERATE_ENUM(ENUM) ENUM,
      |                             ^~~~
/OpenROAD/src/utl/include/utl/Logger.h:466:3: note: in expansion of macro ‘FOREACH_TOOL’
  466 |   FOREACH_TOOL(GENERATE_ENUM)
      |   ^~~~~~~~~~~~
/OpenROAD/build/src/utl/CMakeFiles/utl_py.dir/Logger-pyPYTHON_wrap.cxx:5583:17: error: invalid use of incomplete type ‘class utl::Logger’
 5583 |           logger->report("Stack trace");
      |                 ^~
/OpenROAD/include/ord/OpenRoad.hh:110:7: note: forward declaration of ‘class utl::Logger’
  110 | class Logger;
      |       ^~~~~~
/OpenROAD/build/src/utl/CMakeFiles/utl_py.dir/Logger-pyPYTHON_wrap.cxx:5584:17: error: invalid use of incomplete type ‘class utl::Logger’
 5584 |           logger->report(trace.str());
      |                 ^~
/OpenROAD/include/ord/OpenRoad.hh:110:7: note: forward declaration of ‘class utl::Logger’
  110 | class Logger;
      |       ^~~~~~
/OpenROAD/build/src/utl/CMakeFiles/utl_py.dir/Logger-pyPYTHON_wrap.cxx: In function ‘PyObject* _wrap_Logger_getDbLogGlobalMaxMem(PyObject*, PyObject*)’:
/OpenROAD/build/src/utl/CMakeFiles/utl_py.dir/Logger-pyPYTHON_wrap.cxx:5618:43: error: invalid use of incomplete type ‘const class utl::Logger’
 5618 |       result = ((utl::Logger const *)arg1)->getDbLogGlobalMaxMem();
      |                                           ^~
/OpenROAD/include/ord/OpenRoad.hh:110:7: note: forward declaration of ‘class utl::Logger’
  110 | class Logger;
      |       ^~~~~~
/OpenROAD/build/src/utl/CMakeFiles/utl_py.dir/Logger-pyPYTHON_wrap.cxx:5629:19: error: invalid use of incomplete type ‘class utl::Logger’
 5629 |         if (logger->debugCheck(utl::ORD, "trace", 1)) {
      |                   ^~
/OpenROAD/include/ord/OpenRoad.hh:110:7: note: forward declaration of ‘class utl::Logger’
  110 | class Logger;
      |       ^~~~~~
/OpenROAD/build/src/utl/CMakeFiles/utl_py.dir/Logger-pyPYTHON_wrap.cxx:5629:37: error: ‘ORD’ is not a member of ‘utl’; did you mean ‘ORD’?
 5629 |         if (logger->debugCheck(utl::ORD, "trace", 1)) {
      |                                     ^~~
/OpenROAD/src/utl/include/utl/Logger.h:435:5: note: ‘ORD’ declared here
  435 |   X(ORD)                \
      |     ^~~
/OpenROAD/src/utl/include/utl/Logger.h:454:29: note: in definition of macro ‘GENERATE_ENUM’
  454 | #define GENERATE_ENUM(ENUM) ENUM,
      |                             ^~~~
/OpenROAD/src/utl/include/utl/Logger.h:466:3: note: in expansion of macro ‘FOREACH_TOOL’
  466 |   FOREACH_TOOL(GENERATE_ENUM)
      |   ^~~~~~~~~~~~
/OpenROAD/build/src/utl/CMakeFiles/utl_py.dir/Logger-pyPYTHON_wrap.cxx:5632:17: error: invalid use of incomplete type ‘class utl::Logger’
 5632 |           logger->report("Stack trace");
      |                 ^~
/OpenROAD/include/ord/OpenRoad.hh:110:7: note: forward declaration of ‘class utl::Logger’
  110 | class Logger;
      |       ^~~~~~
/OpenROAD/build/src/utl/CMakeFiles/utl_py.dir/Logger-pyPYTHON_wrap.cxx:5633:17: error: invalid use of incomplete type ‘class utl::Logger’
 5633 |           logger->report(trace.str());
      |                 ^~
/OpenROAD/include/ord/OpenRoad.hh:110:7: note: forward declaration of ‘class utl::Logger’
  110 | class Logger;
      |       ^~~~~~
/OpenROAD/build/src/utl/CMakeFiles/utl_py.dir/Logger-pyPYTHON_wrap.cxx:5645:19: error: invalid use of incomplete type ‘class utl::Logger’
 5645 |         if (logger->debugCheck(utl::ORD, "trace", 1)) {
      |                   ^~
/OpenROAD/include/ord/OpenRoad.hh:110:7: note: forward declaration of ‘class utl::Logger’
  110 | class Logger;
      |       ^~~~~~
/OpenROAD/build/src/utl/CMakeFiles/utl_py.dir/Logger-pyPYTHON_wrap.cxx:5645:37: error: ‘ORD’ is not a member of ‘utl’; did you mean ‘ORD’?
 5645 |         if (logger->debugCheck(utl::ORD, "trace", 1)) {
      |                                     ^~~
/OpenROAD/src/utl/include/utl/Logger.h:435:5: note: ‘ORD’ declared here
  435 |   X(ORD)                \
      |     ^~~
/OpenROAD/src/utl/include/utl/Logger.h:454:29: note: in definition of macro ‘GENERATE_ENUM’
  454 | #define GENERATE_ENUM(ENUM) ENUM,
      |                             ^~~~
/OpenROAD/src/utl/include/utl/Logger.h:466:3: note: in expansion of macro ‘FOREACH_TOOL’
  466 |   FOREACH_TOOL(GENERATE_ENUM)
      |   ^~~~~~~~~~~~
/OpenROAD/build/src/utl/CMakeFiles/utl_py.dir/Logger-pyPYTHON_wrap.cxx:5648:17: error: invalid use of incomplete type ‘class utl::Logger’
 5648 |           logger->report("Stack trace");
      |                 ^~
/OpenROAD/include/ord/OpenRoad.hh:110:7: note: forward declaration of ‘class utl::Logger’
  110 | class Logger;
      |       ^~~~~~
/OpenROAD/build/src/utl/CMakeFiles/utl_py.dir/Logger-pyPYTHON_wrap.cxx:5649:17: error: invalid use of incomplete type ‘class utl::Logger’
 5649 |           logger->report(trace.str());
      |                 ^~
/OpenROAD/include/ord/OpenRoad.hh:110:7: note: forward declaration of ‘class utl::Logger’
  110 | class Logger;
      |       ^~~~~~
/OpenROAD/build/src/utl/CMakeFiles/utl_py.dir/Logger-pyPYTHON_wrap.cxx: In function ‘PyObject* _wrap_Logger_setDbLogPerChannelMaxMem(PyObject*, PyObject*)’:
/OpenROAD/build/src/utl/CMakeFiles/utl_py.dir/Logger-pyPYTHON_wrap.cxx:5689:13: error: invalid use of incomplete type ‘class utl::Logger’
 5689 |       (arg1)->setDbLogPerChannelMaxMem(SWIG_STD_MOVE(arg2));
      |             ^~
/OpenROAD/include/ord/OpenRoad.hh:110:7: note: forward declaration of ‘class utl::Logger’
  110 | class Logger;
      |       ^~~~~~
/OpenROAD/build/src/utl/CMakeFiles/utl_py.dir/Logger-pyPYTHON_wrap.cxx:5700:19: error: invalid use of incomplete type ‘class utl::Logger’
 5700 |         if (logger->debugCheck(utl::ORD, "trace", 1)) {
      |                   ^~
/OpenROAD/include/ord/OpenRoad.hh:110:7: note: forward declaration of ‘class utl::Logger’
  110 | class Logger;
      |       ^~~~~~
/OpenROAD/build/src/utl/CMakeFiles/utl_py.dir/Logger-pyPYTHON_wrap.cxx:5700:37: error: ‘ORD’ is not a member of ‘utl’; did you mean ‘ORD’?
 5700 |         if (logger->debugCheck(utl::ORD, "trace", 1)) {
      |                                     ^~~
/OpenROAD/src/utl/include/utl/Logger.h:435:5: note: ‘ORD’ declared here
  435 |   X(ORD)                \
      |     ^~~
/OpenROAD/src/utl/include/utl/Logger.h:454:29: note: in definition of macro ‘GENERATE_ENUM’
  454 | #define GENERATE_ENUM(ENUM) ENUM,
      |                             ^~~~
/OpenROAD/src/utl/include/utl/Logger.h:466:3: note: in expansion of macro ‘FOREACH_TOOL’
  466 |   FOREACH_TOOL(GENERATE_ENUM)
      |   ^~~~~~~~~~~~
/OpenROAD/build/src/utl/CMakeFiles/utl_py.dir/Logger-pyPYTHON_wrap.cxx:5703:17: error: invalid use of incomplete type ‘class utl::Logger’
 5703 |           logger->report("Stack trace");
      |                 ^~
/OpenROAD/include/ord/OpenRoad.hh:110:7: note: forward declaration of ‘class utl::Logger’
  110 | class Logger;
      |       ^~~~~~
/OpenROAD/build/src/utl/CMakeFiles/utl_py.dir/Logger-pyPYTHON_wrap.cxx:5704:17: error: invalid use of incomplete type ‘class utl::Logger’
 5704 |           logger->report(trace.str());
      |                 ^~
/OpenROAD/include/ord/OpenRoad.hh:110:7: note: forward declaration of ‘class utl::Logger’
  110 | class Logger;
      |       ^~~~~~
/OpenROAD/build/src/utl/CMakeFiles/utl_py.dir/Logger-pyPYTHON_wrap.cxx:5716:19: error: invalid use of incomplete type ‘class utl::Logger’
 5716 |         if (logger->debugCheck(utl::ORD, "trace", 1)) {
      |                   ^~
/OpenROAD/include/ord/OpenRoad.hh:110:7: note: forward declaration of ‘class utl::Logger’
  110 | class Logger;
      |       ^~~~~~
/OpenROAD/build/src/utl/CMakeFiles/utl_py.dir/Logger-pyPYTHON_wrap.cxx:5716:37: error: ‘ORD’ is not a member of ‘utl’; did you mean ‘ORD’?
 5716 |         if (logger->debugCheck(utl::ORD, "trace", 1)) {
      |                                     ^~~
/OpenROAD/src/utl/include/utl/Logger.h:435:5: note: ‘ORD’ declared here
  435 |   X(ORD)                \
      |     ^~~
/OpenROAD/src/utl/include/utl/Logger.h:454:29: note: in definition of macro ‘GENERATE_ENUM’
  454 | #define GENERATE_ENUM(ENUM) ENUM,
      |                             ^~~~
/OpenROAD/src/utl/include/utl/Logger.h:466:3: note: in expansion of macro ‘FOREACH_TOOL’
  466 |   FOREACH_TOOL(GENERATE_ENUM)
      |   ^~~~~~~~~~~~
/OpenROAD/build/src/utl/CMakeFiles/utl_py.dir/Logger-pyPYTHON_wrap.cxx:5719:17: error: invalid use of incomplete type ‘class utl::Logger’
 5719 |           logger->report("Stack trace");
      |                 ^~
/OpenROAD/include/ord/OpenRoad.hh:110:7: note: forward declaration of ‘class utl::Logger’
  110 | class Logger;
      |       ^~~~~~
/OpenROAD/build/src/utl/CMakeFiles/utl_py.dir/Logger-pyPYTHON_wrap.cxx:5720:17: error: invalid use of incomplete type ‘class utl::Logger’
 5720 |           logger->report(trace.str());
      |                 ^~
/OpenROAD/include/ord/OpenRoad.hh:110:7: note: forward declaration of ‘class utl::Logger’
  110 | class Logger;
      |       ^~~~~~
/OpenROAD/build/src/utl/CMakeFiles/utl_py.dir/Logger-pyPYTHON_wrap.cxx: In function ‘PyObject* _wrap_Logger_getDbLogPerChannelMaxMem(PyObject*, PyObject*)’:
/OpenROAD/build/src/utl/CMakeFiles/utl_py.dir/Logger-pyPYTHON_wrap.cxx:5754:43: error: invalid use of incomplete type ‘const class utl::Logger’
 5754 |       result = ((utl::Logger const *)arg1)->getDbLogPerChannelMaxMem();
      |                                           ^~
/OpenROAD/include/ord/OpenRoad.hh:110:7: note: forward declaration of ‘class utl::Logger’
  110 | class Logger;
      |       ^~~~~~
/OpenROAD/build/src/utl/CMakeFiles/utl_py.dir/Logger-pyPYTHON_wrap.cxx:5765:19: error: invalid use of incomplete type ‘class utl::Logger’
 5765 |         if (logger->debugCheck(utl::ORD, "trace", 1)) {
      |                   ^~
/OpenROAD/include/ord/OpenRoad.hh:110:7: note: forward declaration of ‘class utl::Logger’
  110 | class Logger;
      |       ^~~~~~
/OpenROAD/build/src/utl/CMakeFiles/utl_py.dir/Logger-pyPYTHON_wrap.cxx:5765:37: error: ‘ORD’ is not a member of ‘utl’; did you mean ‘ORD’?
 5765 |         if (logger->debugCheck(utl::ORD, "trace", 1)) {
      |                                     ^~~
/OpenROAD/src/utl/include/utl/Logger.h:435:5: note: ‘ORD’ declared here
  435 |   X(ORD)                \
      |     ^~~
/OpenROAD/src/utl/include/utl/Logger.h:454:29: note: in definition of macro ‘GENERATE_ENUM’
  454 | #define GENERATE_ENUM(ENUM) ENUM,
      |                             ^~~~
/OpenROAD/src/utl/include/utl/Logger.h:466:3: note: in expansion of macro ‘FOREACH_TOOL’
  466 |   FOREACH_TOOL(GENERATE_ENUM)
      |   ^~~~~~~~~~~~
/OpenROAD/build/src/utl/CMakeFiles/utl_py.dir/Logger-pyPYTHON_wrap.cxx:5768:17: error: invalid use of incomplete type ‘class utl::Logger’
 5768 |           logger->report("Stack trace");
      |                 ^~
/OpenROAD/include/ord/OpenRoad.hh:110:7: note: forward declaration of ‘class utl::Logger’
  110 | class Logger;
      |       ^~~~~~
/OpenROAD/build/src/utl/CMakeFiles/utl_py.dir/Logger-pyPYTHON_wrap.cxx:5769:17: error: invalid use of incomplete type ‘class utl::Logger’
 5769 |           logger->report(trace.str());
      |                 ^~
/OpenROAD/include/ord/OpenRoad.hh:110:7: note: forward declaration of ‘class utl::Logger’
  110 | class Logger;
      |       ^~~~~~
/OpenROAD/build/src/utl/CMakeFiles/utl_py.dir/Logger-pyPYTHON_wrap.cxx:5781:19: error: invalid use of incomplete type ‘class utl::Logger’
 5781 |         if (logger->debugCheck(utl::ORD, "trace", 1)) {
      |                   ^~
/OpenROAD/include/ord/OpenRoad.hh:110:7: note: forward declaration of ‘class utl::Logger’
  110 | class Logger;
      |       ^~~~~~
/OpenROAD/build/src/utl/CMakeFiles/utl_py.dir/Logger-pyPYTHON_wrap.cxx:5781:37: error: ‘ORD’ is not a member of ‘utl’; did you mean ‘ORD’?
 5781 |         if (logger->debugCheck(utl::ORD, "trace", 1)) {
      |                                     ^~~
/OpenROAD/src/utl/include/utl/Logger.h:435:5: note: ‘ORD’ declared here
  435 |   X(ORD)                \
      |     ^~~
/OpenROAD/src/utl/include/utl/Logger.h:454:29: note: in definition of macro ‘GENERATE_ENUM’
  454 | #define GENERATE_ENUM(ENUM) ENUM,
      |                             ^~~~
/OpenROAD/src/utl/include/utl/Logger.h:466:3: note: in expansion of macro ‘FOREACH_TOOL’
  466 |   FOREACH_TOOL(GENERATE_ENUM)
      |   ^~~~~~~~~~~~
/OpenROAD/build/src/utl/CMakeFiles/utl_py.dir/Logger-pyPYTHON_wrap.cxx:5784:17: error: invalid use of incomplete type ‘class utl::Logger’
 5784 |           logger->report("Stack trace");
      |                 ^~
/OpenROAD/include/ord/OpenRoad.hh:110:7: note: forward declaration of ‘class utl::Logger’
  110 | class Logger;
      |       ^~~~~~
/OpenROAD/build/src/utl/CMakeFiles/utl_py.dir/Logger-pyPYTHON_wrap.cxx:5785:17: error: invalid use of incomplete type ‘class utl::Logger’
 5785 |           logger->report(trace.str());
      |                 ^~
/OpenROAD/include/ord/OpenRoad.hh:110:7: note: forward declaration of ‘class utl::Logger’
  110 | class Logger;
      |       ^~~~~~
/OpenROAD/build/src/utl/CMakeFiles/utl_py.dir/Logger-pyPYTHON_wrap.cxx: In function ‘PyObject* _wrap_Logger_setMetricsStage(PyObject*, PyObject*)’:
/OpenROAD/build/src/utl/CMakeFiles/utl_py.dir/Logger-pyPYTHON_wrap.cxx:5833:13: error: invalid use of incomplete type ‘class utl::Logger’
 5833 |       (arg1)->setMetricsStage(SWIG_STD_MOVE(arg2));
      |             ^~
/OpenROAD/include/ord/OpenRoad.hh:110:7: note: forward declaration of ‘class utl::Logger’
  110 | class Logger;
      |       ^~~~~~
/OpenROAD/build/src/utl/CMakeFiles/utl_py.dir/Logger-pyPYTHON_wrap.cxx:5844:19: error: invalid use of incomplete type ‘class utl::Logger’
 5844 |         if (logger->debugCheck(utl::ORD, "trace", 1)) {
      |                   ^~
/OpenROAD/include/ord/OpenRoad.hh:110:7: note: forward declaration of ‘class utl::Logger’
  110 | class Logger;
      |       ^~~~~~
/OpenROAD/build/src/utl/CMakeFiles/utl_py.dir/Logger-pyPYTHON_wrap.cxx:5844:37: error: ‘ORD’ is not a member of ‘utl’; did you mean ‘ORD’?
 5844 |         if (logger->debugCheck(utl::ORD, "trace", 1)) {
      |                                     ^~~
/OpenROAD/src/utl/include/utl/Logger.h:435:5: note: ‘ORD’ declared here
  435 |   X(ORD)                \
      |     ^~~
/OpenROAD/src/utl/include/utl/Logger.h:454:29: note: in definition of macro ‘GENERATE_ENUM’
  454 | #define GENERATE_ENUM(ENUM) ENUM,
      |                             ^~~~
/OpenROAD/src/utl/include/utl/Logger.h:466:3: note: in expansion of macro ‘FOREACH_TOOL’
  466 |   FOREACH_TOOL(GENERATE_ENUM)
      |   ^~~~~~~~~~~~
/OpenROAD/build/src/utl/CMakeFiles/utl_py.dir/Logger-pyPYTHON_wrap.cxx:5847:17: error: invalid use of incomplete type ‘class utl::Logger’
 5847 |           logger->report("Stack trace");
      |                 ^~
/OpenROAD/include/ord/OpenRoad.hh:110:7: note: forward declaration of ‘class utl::Logger’
  110 | class Logger;
      |       ^~~~~~
/OpenROAD/build/src/utl/CMakeFiles/utl_py.dir/Logger-pyPYTHON_wrap.cxx:5848:17: error: invalid use of incomplete type ‘class utl::Logger’
 5848 |           logger->report(trace.str());
      |                 ^~
/OpenROAD/include/ord/OpenRoad.hh:110:7: note: forward declaration of ‘class utl::Logger’
  110 | class Logger;
      |       ^~~~~~
/OpenROAD/build/src/utl/CMakeFiles/utl_py.dir/Logger-pyPYTHON_wrap.cxx:5860:19: error: invalid use of incomplete type ‘class utl::Logger’
 5860 |         if (logger->debugCheck(utl::ORD, "trace", 1)) {
      |                   ^~
/OpenROAD/include/ord/OpenRoad.hh:110:7: note: forward declaration of ‘class utl::Logger’
  110 | class Logger;
      |       ^~~~~~
/OpenROAD/build/src/utl/CMakeFiles/utl_py.dir/Logger-pyPYTHON_wrap.cxx:5860:37: error: ‘ORD’ is not a member of ‘utl’; did you mean ‘ORD’?
 5860 |         if (logger->debugCheck(utl::ORD, "trace", 1)) {
      |                                     ^~~
/OpenROAD/src/utl/include/utl/Logger.h:435:5: note: ‘ORD’ declared here
  435 |   X(ORD)                \
      |     ^~~
/OpenROAD/src/utl/include/utl/Logger.h:454:29: note: in definition of macro ‘GENERATE_ENUM’
  454 | #define GENERATE_ENUM(ENUM) ENUM,
      |                             ^~~~
/OpenROAD/src/utl/include/utl/Logger.h:466:3: note: in expansion of macro ‘FOREACH_TOOL’
  466 |   FOREACH_TOOL(GENERATE_ENUM)
      |   ^~~~~~~~~~~~
/OpenROAD/build/src/utl/CMakeFiles/utl_py.dir/Logger-pyPYTHON_wrap.cxx:5863:17: error: invalid use of incomplete type ‘class utl::Logger’
 5863 |           logger->report("Stack trace");
      |                 ^~
/OpenROAD/include/ord/OpenRoad.hh:110:7: note: forward declaration of ‘class utl::Logger’
  110 | class Logger;
      |       ^~~~~~
/OpenROAD/build/src/utl/CMakeFiles/utl_py.dir/Logger-pyPYTHON_wrap.cxx:5864:17: error: invalid use of incomplete type ‘class utl::Logger’
 5864 |           logger->report(trace.str());
      |                 ^~
/OpenROAD/include/ord/OpenRoad.hh:110:7: note: forward declaration of ‘class utl::Logger’
  110 | class Logger;
      |       ^~~~~~
/OpenROAD/build/src/utl/CMakeFiles/utl_py.dir/Logger-pyPYTHON_wrap.cxx: In function ‘PyObject* _wrap_Logger_clearMetricsStage(PyObject*, PyObject*)’:
/OpenROAD/build/src/utl/CMakeFiles/utl_py.dir/Logger-pyPYTHON_wrap.cxx:5897:13: error: invalid use of incomplete type ‘class utl::Logger’
 5897 |       (arg1)->clearMetricsStage();
      |             ^~
/OpenROAD/include/ord/OpenRoad.hh:110:7: note: forward declaration of ‘class utl::Logger’
  110 | class Logger;
      |       ^~~~~~
/OpenROAD/build/src/utl/CMakeFiles/utl_py.dir/Logger-pyPYTHON_wrap.cxx:5908:19: error: invalid use of incomplete type ‘class utl::Logger’
 5908 |         if (logger->debugCheck(utl::ORD, "trace", 1)) {
      |                   ^~
/OpenROAD/include/ord/OpenRoad.hh:110:7: note: forward declaration of ‘class utl::Logger’
  110 | class Logger;
      |       ^~~~~~
/OpenROAD/build/src/utl/CMakeFiles/utl_py.dir/Logger-pyPYTHON_wrap.cxx:5908:37: error: ‘ORD’ is not a member of ‘utl’; did you mean ‘ORD’?
 5908 |         if (logger->debugCheck(utl::ORD, "trace", 1)) {
      |                                     ^~~
/OpenROAD/src/utl/include/utl/Logger.h:435:5: note: ‘ORD’ declared here
  435 |   X(ORD)                \
      |     ^~~
/OpenROAD/src/utl/include/utl/Logger.h:454:29: note: in definition of macro ‘GENERATE_ENUM’
  454 | #define GENERATE_ENUM(ENUM) ENUM,
      |                             ^~~~
/OpenROAD/src/utl/include/utl/Logger.h:466:3: note: in expansion of macro ‘FOREACH_TOOL’
  466 |   FOREACH_TOOL(GENERATE_ENUM)
      |   ^~~~~~~~~~~~
/OpenROAD/build/src/utl/CMakeFiles/utl_py.dir/Logger-pyPYTHON_wrap.cxx:5911:17: error: invalid use of incomplete type ‘class utl::Logger’
 5911 |           logger->report("Stack trace");
      |                 ^~
/OpenROAD/include/ord/OpenRoad.hh:110:7: note: forward declaration of ‘class utl::Logger’
  110 | class Logger;
      |       ^~~~~~
/OpenROAD/build/src/utl/CMakeFiles/utl_py.dir/Logger-pyPYTHON_wrap.cxx:5912:17: error: invalid use of incomplete type ‘class utl::Logger’
 5912 |           logger->report(trace.str());
      |                 ^~
/OpenROAD/include/ord/OpenRoad.hh:110:7: note: forward declaration of ‘class utl::Logger’
  110 | class Logger;
      |       ^~~~~~
/OpenROAD/build/src/utl/CMakeFiles/utl_py.dir/Logger-pyPYTHON_wrap.cxx:5924:19: error: invalid use of incomplete type ‘class utl::Logger’
 5924 |         if (logger->debugCheck(utl::ORD, "trace", 1)) {
      |                   ^~
/OpenROAD/include/ord/OpenRoad.hh:110:7: note: forward declaration of ‘class utl::Logger’
  110 | class Logger;
      |       ^~~~~~
/OpenROAD/build/src/utl/CMakeFiles/utl_py.dir/Logger-pyPYTHON_wrap.cxx:5924:37: error: ‘ORD’ is not a member of ‘utl’; did you mean ‘ORD’?
 5924 |         if (logger->debugCheck(utl::ORD, "trace", 1)) {
      |                                     ^~~
/OpenROAD/src/utl/include/utl/Logger.h:435:5: note: ‘ORD’ declared here
  435 |   X(ORD)                \
      |     ^~~
/OpenROAD/src/utl/include/utl/Logger.h:454:29: note: in definition of macro ‘GENERATE_ENUM’
  454 | #define GENERATE_ENUM(ENUM) ENUM,
      |                             ^~~~
/OpenROAD/src/utl/include/utl/Logger.h:466:3: note: in expansion of macro ‘FOREACH_TOOL’
  466 |   FOREACH_TOOL(GENERATE_ENUM)
      |   ^~~~~~~~~~~~
/OpenROAD/build/src/utl/CMakeFiles/utl_py.dir/Logger-pyPYTHON_wrap.cxx:5927:17: error: invalid use of incomplete type ‘class utl::Logger’
 5927 |           logger->report("Stack trace");
      |                 ^~
/OpenROAD/include/ord/OpenRoad.hh:110:7: note: forward declaration of ‘class utl::Logger’
  110 | class Logger;
      |       ^~~~~~
/OpenROAD/build/src/utl/CMakeFiles/utl_py.dir/Logger-pyPYTHON_wrap.cxx:5928:17: error: invalid use of incomplete type ‘class utl::Logger’
 5928 |           logger->report(trace.str());
      |                 ^~
/OpenROAD/include/ord/OpenRoad.hh:110:7: note: forward declaration of ‘class utl::Logger’
  110 | class Logger;
      |       ^~~~~~
/OpenROAD/build/src/utl/CMakeFiles/utl_py.dir/Logger-pyPYTHON_wrap.cxx: In function ‘PyObject* _wrap_Logger_pushMetricsStage(PyObject*, PyObject*)’:
/OpenROAD/build/src/utl/CMakeFiles/utl_py.dir/Logger-pyPYTHON_wrap.cxx:5976:13: error: invalid use of incomplete type ‘class utl::Logger’
 5976 |       (arg1)->pushMetricsStage(SWIG_STD_MOVE(arg2));
      |             ^~
/OpenROAD/include/ord/OpenRoad.hh:110:7: note: forward declaration of ‘class utl::Logger’
  110 | class Logger;
      |       ^~~~~~
In file included from /OpenROAD/src/utl/include/utl/SuppressStdout.h:6,
                 from /OpenROAD/src/utl/src/SuppressStdout.cpp:1:
/OpenROAD/src/utl/include/utl/Logger.h:64:3: error: ‘ToolId’ does not name a type
   64 |   ToolId tool;
      |   ^~~~~~
/OpenROAD/build/src/utl/CMakeFiles/utl_py.dir/Logger-pyPYTHON_wrap.cxx:5987:19: error: invalid use of incomplete type ‘class utl::Logger’
 5987 |         if (logger->debugCheck(utl::ORD, "trace", 1)) {
      |                   ^~
/OpenROAD/include/ord/OpenRoad.hh:110:7: note: forward declaration of ‘class utl::Logger’
  110 | class Logger;
      |       ^~~~~~
/OpenROAD/build/src/utl/CMakeFiles/utl_py.dir/Logger-pyPYTHON_wrap.cxx:5987:37: error: ‘ORD’ is not a member of ‘utl’; did you mean ‘ORD’?
 5987 |         if (logger->debugCheck(utl::ORD, "trace", 1)) {
      |                                     ^~~
/OpenROAD/src/utl/include/utl/Logger.h:435:5: note: ‘ORD’ declared here
  435 |   X(ORD)                \
      |     ^~~
/OpenROAD/src/utl/include/utl/Logger.h:454:29: note: in definition of macro ‘GENERATE_ENUM’
  454 | #define GENERATE_ENUM(ENUM) ENUM,
      |                             ^~~~
/OpenROAD/src/utl/include/utl/Logger.h:466:3: note: in expansion of macro ‘FOREACH_TOOL’
  466 |   FOREACH_TOOL(GENERATE_ENUM)
      |   ^~~~~~~~~~~~
/OpenROAD/build/src/utl/CMakeFiles/utl_py.dir/Logger-pyPYTHON_wrap.cxx:5990:17: error: invalid use of incomplete type ‘class utl::Logger’
 5990 |           logger->report("Stack trace");
      |                 ^~
/OpenROAD/include/ord/OpenRoad.hh:110:7: note: forward declaration of ‘class utl::Logger’
  110 | class Logger;
      |       ^~~~~~
/OpenROAD/build/src/utl/CMakeFiles/utl_py.dir/Logger-pyPYTHON_wrap.cxx:5991:17: error: invalid use of incomplete type ‘class utl::Logger’
 5991 |           logger->report(trace.str());
      |                 ^~
/OpenROAD/include/ord/OpenRoad.hh:110:7: note: forward declaration of ‘class utl::Logger’
  110 | class Logger;
      |       ^~~~~~
/OpenROAD/build/src/utl/CMakeFiles/utl_py.dir/Logger-pyPYTHON_wrap.cxx:6003:19: error: invalid use of incomplete type ‘class utl::Logger’
 6003 |         if (logger->debugCheck(utl::ORD, "trace", 1)) {
      |                   ^~
/OpenROAD/include/ord/OpenRoad.hh:110:7: note: forward declaration of ‘class utl::Logger’
  110 | class Logger;
      |       ^~~~~~
/OpenROAD/build/src/utl/CMakeFiles/utl_py.dir/Logger-pyPYTHON_wrap.cxx:6003:37: error: ‘ORD’ is not a member of ‘utl’; did you mean ‘ORD’?
 6003 |         if (logger->debugCheck(utl::ORD, "trace", 1)) {
      |                                     ^~~
/OpenROAD/src/utl/include/utl/Logger.h:435:5: note: ‘ORD’ declared here
  435 |   X(ORD)                \
      |     ^~~
/OpenROAD/src/utl/include/utl/Logger.h:454:29: note: in definition of macro ‘GENERATE_ENUM’
  454 | #define GENERATE_ENUM(ENUM) ENUM,
      |                             ^~~~
/OpenROAD/src/utl/include/utl/Logger.h:466:3: note: in expansion of macro ‘FOREACH_TOOL’
  466 |   FOREACH_TOOL(GENERATE_ENUM)
      |   ^~~~~~~~~~~~
/OpenROAD/build/src/utl/CMakeFiles/utl_py.dir/Logger-pyPYTHON_wrap.cxx:6006:17: error: invalid use of incomplete type ‘class utl::Logger’
 6006 |           logger->report("Stack trace");
      |                 ^~
/OpenROAD/include/ord/OpenRoad.hh:110:7: note: forward declaration of ‘class utl::Logger’
  110 | class Logger;
      |       ^~~~~~
/OpenROAD/build/src/utl/CMakeFiles/utl_py.dir/Logger-pyPYTHON_wrap.cxx:6007:17: error: invalid use of incomplete type ‘class utl::Logger’
 6007 |           logger->report(trace.str());
      |                 ^~
/OpenROAD/include/ord/OpenRoad.hh:110:7: note: forward declaration of ‘class utl::Logger’
  110 | class Logger;
      |       ^~~~~~
/OpenROAD/build/src/utl/CMakeFiles/utl_py.dir/Logger-pyPYTHON_wrap.cxx: In function ‘PyObject* _wrap_Logger_popMetricsStage(PyObject*, PyObject*)’:
/OpenROAD/build/src/utl/CMakeFiles/utl_py.dir/Logger-pyPYTHON_wrap.cxx:6041:22: error: invalid use of incomplete type ‘class utl::Logger’
 6041 |       result = (arg1)->popMetricsStage();
      |                      ^~
/OpenROAD/include/ord/OpenRoad.hh:110:7: note: forward declaration of ‘class utl::Logger’
  110 | class Logger;
      |       ^~~~~~
/OpenROAD/build/src/utl/CMakeFiles/utl_py.dir/Logger-pyPYTHON_wrap.cxx:6052:19: error: invalid use of incomplete type ‘class utl::Logger’
 6052 |         if (logger->debugCheck(utl::ORD, "trace", 1)) {
      |                   ^~
/OpenROAD/include/ord/OpenRoad.hh:110:7: note: forward declaration of ‘class utl::Logger’
  110 | class Logger;
      |       ^~~~~~
/OpenROAD/build/src/utl/CMakeFiles/utl_py.dir/Logger-pyPYTHON_wrap.cxx:6052:37: error: ‘ORD’ is not a member of ‘utl’; did you mean ‘ORD’?
 6052 |         if (logger->debugCheck(utl::ORD, "trace", 1)) {
      |                                     ^~~
/OpenROAD/src/utl/include/utl/Logger.h:435:5: note: ‘ORD’ declared here
  435 |   X(ORD)                \
      |     ^~~
/OpenROAD/src/utl/include/utl/Logger.h:454:29: note: in definition of macro ‘GENERATE_ENUM’
  454 | #define GENERATE_ENUM(ENUM) ENUM,
      |                             ^~~~
/OpenROAD/src/utl/include/utl/Logger.h:466:3: note: in expansion of macro ‘FOREACH_TOOL’
  466 |   FOREACH_TOOL(GENERATE_ENUM)
      |   ^~~~~~~~~~~~
/OpenROAD/build/src/utl/CMakeFiles/utl_py.dir/Logger-pyPYTHON_wrap.cxx:6055:17: error: invalid use of incomplete type ‘class utl::Logger’
 6055 |           logger->report("Stack trace");
      |                 ^~
/OpenROAD/include/ord/OpenRoad.hh:110:7: note: forward declaration of ‘class utl::Logger’
  110 | class Logger;
      |       ^~~~~~
/OpenROAD/build/src/utl/CMakeFiles/utl_py.dir/Logger-pyPYTHON_wrap.cxx:6056:17: error: invalid use of incomplete type ‘class utl::Logger’
 6056 |           logger->report(trace.str());
      |                 ^~
/OpenROAD/src/utl/include/utl/Logger.h: In member function ‘bool utl::SchemaKey::operator==(const utl::SchemaKey&) const’:
/OpenROAD/src/utl/include/utl/Logger.h:68:12: error: ‘tool’ was not declared in this scope; did you mean ‘bool’?
   68 |     return tool == other.tool && id == other.id;
      |            ^~~~
      |            bool
/OpenROAD/src/utl/include/utl/Logger.h:68:26: error: ‘const struct utl::SchemaKey’ has no member named ‘tool’
   68 |     return tool == other.tool && id == other.id;
      |                          ^~~~
/OpenROAD/include/ord/OpenRoad.hh:110:7: note: forward declaration of ‘class utl::Logger’
  110 | class Logger;
      |       ^~~~~~
/OpenROAD/src/utl/include/utl/Logger.h: In member function ‘size_t utl::SchemaKeyHasher::operator()(const utl::SchemaKey&) const’:
/OpenROAD/src/utl/include/utl/Logger.h:74:48: error: ‘const struct utl::SchemaKey’ has no member named ‘tool’
   74 |     return std::hash<int>{}(static_cast<int>(k.tool)) ^ (std::hash<int>{}(k.id) << 1);
      |                                                ^~~~
/OpenROAD/build/src/utl/CMakeFiles/utl_py.dir/Logger-pyPYTHON_wrap.cxx:6068:19: error: invalid use of incomplete type ‘class utl::Logger’
 6068 |         if (logger->debugCheck(utl::ORD, "trace", 1)) {
      |                   ^~
/OpenROAD/include/ord/OpenRoad.hh:110:7: note: forward declaration of ‘class utl::Logger’
  110 | class Logger;
      |       ^~~~~~
/OpenROAD/build/src/utl/CMakeFiles/utl_py.dir/Logger-pyPYTHON_wrap.cxx:6068:37: error: ‘ORD’ is not a member of ‘utl’; did you mean ‘ORD’?
 6068 |         if (logger->debugCheck(utl::ORD, "trace", 1)) {
      |                                     ^~~
/OpenROAD/src/utl/include/utl/Logger.h:435:5: note: ‘ORD’ declared here
  435 |   X(ORD)                \
      |     ^~~
/OpenROAD/src/utl/include/utl/Logger.h:454:29: note: in definition of macro ‘GENERATE_ENUM’
  454 | #define GENERATE_ENUM(ENUM) ENUM,
      |                             ^~~~
/OpenROAD/src/utl/include/utl/Logger.h:466:3: note: in expansion of macro ‘FOREACH_TOOL’
  466 |   FOREACH_TOOL(GENERATE_ENUM)
      |   ^~~~~~~~~~~~
/OpenROAD/build/src/utl/CMakeFiles/utl_py.dir/Logger-pyPYTHON_wrap.cxx:6071:17: error: invalid use of incomplete type ‘class utl::Logger’
 6071 |           logger->report("Stack trace");
      |                 ^~
/OpenROAD/include/ord/OpenRoad.hh:110:7: note: forward declaration of ‘class utl::Logger’
  110 | class Logger;
      |       ^~~~~~
/OpenROAD/build/src/utl/CMakeFiles/utl_py.dir/Logger-pyPYTHON_wrap.cxx:6072:17: error: invalid use of incomplete type ‘class utl::Logger’
 6072 |           logger->report(trace.str());
      |                 ^~
/OpenROAD/include/ord/OpenRoad.hh:110:7: note: forward declaration of ‘class utl::Logger’
  110 | class Logger;
      |       ^~~~~~
/OpenROAD/build/src/utl/CMakeFiles/utl_py.dir/Logger-pyPYTHON_wrap.cxx: In function ‘PyObject* _wrap_Logger_redirectFileBegin(PyObject*, PyObject*)’:
/OpenROAD/build/src/utl/CMakeFiles/utl_py.dir/Logger-pyPYTHON_wrap.cxx:6115:13: error: invalid use of incomplete type ‘class utl::Logger’
 6115 |       (arg1)->redirectFileBegin((std::string const &)*arg2);
      |             ^~
/OpenROAD/include/ord/OpenRoad.hh:110:7: note: forward declaration of ‘class utl::Logger’
  110 | class Logger;
      |       ^~~~~~
/OpenROAD/build/src/utl/CMakeFiles/utl_py.dir/Logger-pyPYTHON_wrap.cxx:6126:19: error: invalid use of incomplete type ‘class utl::Logger’
 6126 |         if (logger->debugCheck(utl::ORD, "trace", 1)) {
      |                   ^~
/OpenROAD/include/ord/OpenRoad.hh:110:7: note: forward declaration of ‘class utl::Logger’
  110 | class Logger;
      |       ^~~~~~
/OpenROAD/build/src/utl/CMakeFiles/utl_py.dir/Logger-pyPYTHON_wrap.cxx:6126:37: error: ‘ORD’ is not a member of ‘utl’; did you mean ‘ORD’?
 6126 |         if (logger->debugCheck(utl::ORD, "trace", 1)) {
      |                                     ^~~
/OpenROAD/src/utl/include/utl/Logger.h:435:5: note: ‘ORD’ declared here
  435 |   X(ORD)                \
      |     ^~~
/OpenROAD/src/utl/include/utl/Logger.h:454:29: note: in definition of macro ‘GENERATE_ENUM’
  454 | #define GENERATE_ENUM(ENUM) ENUM,
      |                             ^~~~
/OpenROAD/src/utl/include/utl/Logger.h:466:3: note: in expansion of macro ‘FOREACH_TOOL’
  466 |   FOREACH_TOOL(GENERATE_ENUM)
      |   ^~~~~~~~~~~~
/OpenROAD/build/src/utl/CMakeFiles/utl_py.dir/Logger-pyPYTHON_wrap.cxx:6129:17: error: invalid use of incomplete type ‘class utl::Logger’
 6129 |           logger->report("Stack trace");
      |                 ^~
/OpenROAD/include/ord/OpenRoad.hh:110:7: note: forward declaration of ‘class utl::Logger’
  110 | class Logger;
      |       ^~~~~~
/OpenROAD/build/src/utl/CMakeFiles/utl_py.dir/Logger-pyPYTHON_wrap.cxx:6130:17: error: invalid use of incomplete type ‘class utl::Logger’
 6130 |           logger->report(trace.str());
      |                 ^~
/OpenROAD/include/ord/OpenRoad.hh:110:7: note: forward declaration of ‘class utl::Logger’
  110 | class Logger;
      |       ^~~~~~
/OpenROAD/build/src/utl/CMakeFiles/utl_py.dir/Logger-pyPYTHON_wrap.cxx:6142:19: error: invalid use of incomplete type ‘class utl::Logger’
 6142 |         if (logger->debugCheck(utl::ORD, "trace", 1)) {
      |                   ^~
/OpenROAD/include/ord/OpenRoad.hh:110:7: note: forward declaration of ‘class utl::Logger’
  110 | class Logger;
      |       ^~~~~~
/OpenROAD/build/src/utl/CMakeFiles/utl_py.dir/Logger-pyPYTHON_wrap.cxx:6142:37: error: ‘ORD’ is not a member of ‘utl’; did you mean ‘ORD’?
 6142 |         if (logger->debugCheck(utl::ORD, "trace", 1)) {
      |                                     ^~~
/OpenROAD/src/utl/include/utl/Logger.h:435:5: note: ‘ORD’ declared here
  435 |   X(ORD)                \
      |     ^~~
/OpenROAD/src/utl/include/utl/Logger.h:454:29: note: in definition of macro ‘GENERATE_ENUM’
  454 | #define GENERATE_ENUM(ENUM) ENUM,
      |                             ^~~~
/OpenROAD/src/utl/include/utl/Logger.h:466:3: note: in expansion of macro ‘FOREACH_TOOL’
  466 |   FOREACH_TOOL(GENERATE_ENUM)
      |   ^~~~~~~~~~~~
/OpenROAD/src/utl/include/utl/Logger.h: At global scope:
/OpenROAD/src/utl/include/utl/Logger.h:101:20: error: ‘SQLiteType’ does not name a type
  101 |   static constexpr SQLiteType value = SQLiteType::INTEGER;
      |                    ^~~~~~~~~~
/OpenROAD/build/src/utl/CMakeFiles/utl_py.dir/Logger-pyPYTHON_wrap.cxx:6145:17: error: invalid use of incomplete type ‘class utl::Logger’
 6145 |           logger->report("Stack trace");
      |                 ^~
/OpenROAD/include/ord/OpenRoad.hh:110:7: note: forward declaration of ‘class utl::Logger’
  110 | class Logger;
      |       ^~~~~~
/OpenROAD/build/src/utl/CMakeFiles/utl_py.dir/Logger-pyPYTHON_wrap.cxx:6146:17: error: invalid use of incomplete type ‘class utl::Logger’
 6146 |           logger->report(trace.str());
      |                 ^~
/OpenROAD/include/ord/OpenRoad.hh:110:7: note: forward declaration of ‘class utl::Logger’
  110 | class Logger;
      |       ^~~~~~
/OpenROAD/build/src/utl/CMakeFiles/utl_py.dir/Logger-pyPYTHON_wrap.cxx: In function ‘PyObject* _wrap_Logger_redirectFileAppendBegin(PyObject*, PyObject*)’:
/OpenROAD/build/src/utl/CMakeFiles/utl_py.dir/Logger-pyPYTHON_wrap.cxx:6189:13: error: invalid use of incomplete type ‘class utl::Logger’
 6189 |       (arg1)->redirectFileAppendBegin((std::string const &)*arg2);
      |             ^~
/OpenROAD/include/ord/OpenRoad.hh:110:7: note: forward declaration of ‘class utl::Logger’
  110 | class Logger;
      |       ^~~~~~
/OpenROAD/build/src/utl/CMakeFiles/utl_py.dir/Logger-pyPYTHON_wrap.cxx:6200:19: error: invalid use of incomplete type ‘class utl::Logger’
 6200 |         if (logger->debugCheck(utl::ORD, "trace", 1)) {
      |                   ^~
/OpenROAD/include/ord/OpenRoad.hh:110:7: note: forward declaration of ‘class utl::Logger’
  110 | class Logger;
      |       ^~~~~~
/OpenROAD/build/src/utl/CMakeFiles/utl_py.dir/Logger-pyPYTHON_wrap.cxx:6200:37: error: ‘ORD’ is not a member of ‘utl’; did you mean ‘ORD’?
 6200 |         if (logger->debugCheck(utl::ORD, "trace", 1)) {
      |                                     ^~~
/OpenROAD/src/utl/include/utl/Logger.h:435:5: note: ‘ORD’ declared here
  435 |   X(ORD)                \
      |     ^~~
/OpenROAD/src/utl/include/utl/Logger.h:454:29: note: in definition of macro ‘GENERATE_ENUM’
  454 | #define GENERATE_ENUM(ENUM) ENUM,
      |                             ^~~~
/OpenROAD/src/utl/include/utl/Logger.h:466:3: note: in expansion of macro ‘FOREACH_TOOL’
  466 |   FOREACH_TOOL(GENERATE_ENUM)
      |   ^~~~~~~~~~~~
/OpenROAD/build/src/utl/CMakeFiles/utl_py.dir/Logger-pyPYTHON_wrap.cxx:6203:17: error: invalid use of incomplete type ‘class utl::Logger’
 6203 |           logger->report("Stack trace");
      |                 ^~
/OpenROAD/include/ord/OpenRoad.hh:110:7: note: forward declaration of ‘class utl::Logger’
  110 | class Logger;
      |       ^~~~~~
/OpenROAD/build/src/utl/CMakeFiles/utl_py.dir/Logger-pyPYTHON_wrap.cxx:6204:17: error: invalid use of incomplete type ‘class utl::Logger’
 6204 |           logger->report(trace.str());
      |                 ^~
/OpenROAD/include/ord/OpenRoad.hh:110:7: note: forward declaration of ‘class utl::Logger’
  110 | class Logger;
      |       ^~~~~~
/OpenROAD/build/src/utl/CMakeFiles/utl_py.dir/Logger-pyPYTHON_wrap.cxx:6216:19: error: invalid use of incomplete type ‘class utl::Logger’
 6216 |         if (logger->debugCheck(utl::ORD, "trace", 1)) {
      |                   ^~
/OpenROAD/include/ord/OpenRoad.hh:110:7: note: forward declaration of ‘class utl::Logger’
  110 | class Logger;
      |       ^~~~~~
/OpenROAD/src/utl/include/utl/Logger.h:106:20: error: ‘SQLiteType’ does not name a type
  106 |   static constexpr SQLiteType value = SQLiteType::REAL;
      |                    ^~~~~~~~~~
/OpenROAD/build/src/utl/CMakeFiles/utl_py.dir/Logger-pyPYTHON_wrap.cxx:6216:37: error: ‘ORD’ is not a member of ‘utl’; did you mean ‘ORD’?
 6216 |         if (logger->debugCheck(utl::ORD, "trace", 1)) {
      |                                     ^~~
/OpenROAD/src/utl/include/utl/Logger.h:435:5: note: ‘ORD’ declared here
  435 |   X(ORD)                \
      |     ^~~
/OpenROAD/src/utl/include/utl/Logger.h:454:29: note: in definition of macro ‘GENERATE_ENUM’
  454 | #define GENERATE_ENUM(ENUM) ENUM,
      |                             ^~~~
/OpenROAD/src/utl/include/utl/Logger.h:466:3: note: in expansion of macro ‘FOREACH_TOOL’
  466 |   FOREACH_TOOL(GENERATE_ENUM)
      |   ^~~~~~~~~~~~
/OpenROAD/build/src/utl/CMakeFiles/utl_py.dir/Logger-pyPYTHON_wrap.cxx:6219:17: error: invalid use of incomplete type ‘class utl::Logger’
 6219 |           logger->report("Stack trace");
      |                 ^~
/OpenROAD/include/ord/OpenRoad.hh:110:7: note: forward declaration of ‘class utl::Logger’
  110 | class Logger;
      |       ^~~~~~
/OpenROAD/build/src/utl/CMakeFiles/utl_py.dir/Logger-pyPYTHON_wrap.cxx:6220:17: error: invalid use of incomplete type ‘class utl::Logger’
 6220 |           logger->report(trace.str());
      |                 ^~
/OpenROAD/include/ord/OpenRoad.hh:110:7: note: forward declaration of ‘class utl::Logger’
  110 | class Logger;
      |       ^~~~~~
/OpenROAD/build/src/utl/CMakeFiles/utl_py.dir/Logger-pyPYTHON_wrap.cxx: In function ‘PyObject* _wrap_Logger_redirectFileEnd(PyObject*, PyObject*)’:
/OpenROAD/build/src/utl/CMakeFiles/utl_py.dir/Logger-pyPYTHON_wrap.cxx:6253:13: error: invalid use of incomplete type ‘class utl::Logger’
 6253 |       (arg1)->redirectFileEnd();
      |             ^~
/OpenROAD/include/ord/OpenRoad.hh:110:7: note: forward declaration of ‘class utl::Logger’
  110 | class Logger;
      |       ^~~~~~
/OpenROAD/build/src/utl/CMakeFiles/utl_py.dir/Logger-pyPYTHON_wrap.cxx:6264:19: error: invalid use of incomplete type ‘class utl::Logger’
 6264 |         if (logger->debugCheck(utl::ORD, "trace", 1)) {
      |                   ^~
/OpenROAD/include/ord/OpenRoad.hh:110:7: note: forward declaration of ‘class utl::Logger’
  110 | class Logger;
      |       ^~~~~~
/OpenROAD/build/src/utl/CMakeFiles/utl_py.dir/Logger-pyPYTHON_wrap.cxx:6264:37: error: ‘ORD’ is not a member of ‘utl’; did you mean ‘ORD’?
 6264 |         if (logger->debugCheck(utl::ORD, "trace", 1)) {
      |                                     ^~~
/OpenROAD/src/utl/include/utl/Logger.h:435:5: note: ‘ORD’ declared here
  435 |   X(ORD)                \
      |     ^~~
/OpenROAD/src/utl/include/utl/Logger.h:454:29: note: in definition of macro ‘GENERATE_ENUM’
  454 | #define GENERATE_ENUM(ENUM) ENUM,
      |                             ^~~~
/OpenROAD/src/utl/include/utl/Logger.h:466:3: note: in expansion of macro ‘FOREACH_TOOL’
  466 |   FOREACH_TOOL(GENERATE_ENUM)
      |   ^~~~~~~~~~~~
/OpenROAD/build/src/utl/CMakeFiles/utl_py.dir/Logger-pyPYTHON_wrap.cxx:6267:17: error: invalid use of incomplete type ‘class utl::Logger’
 6267 |           logger->report("Stack trace");
      |                 ^~
/OpenROAD/include/ord/OpenRoad.hh:110:7: note: forward declaration of ‘class utl::Logger’
  110 | class Logger;
      |       ^~~~~~
/OpenROAD/build/src/utl/CMakeFiles/utl_py.dir/Logger-pyPYTHON_wrap.cxx:6268:17: error: invalid use of incomplete type ‘class utl::Logger’
 6268 |           logger->report(trace.str());
      |                 ^~
/OpenROAD/include/ord/OpenRoad.hh:110:7: note: forward declaration of ‘class utl::Logger’
  110 | class Logger;
      |       ^~~~~~
/OpenROAD/build/src/utl/CMakeFiles/utl_py.dir/Logger-pyPYTHON_wrap.cxx:6280:19: error: invalid use of incomplete type ‘class utl::Logger’
 6280 |         if (logger->debugCheck(utl::ORD, "trace", 1)) {
      |                   ^~
/OpenROAD/include/ord/OpenRoad.hh:110:7: note: forward declaration of ‘class utl::Logger’
  110 | class Logger;
      |       ^~~~~~
/OpenROAD/build/src/utl/CMakeFiles/utl_py.dir/Logger-pyPYTHON_wrap.cxx:6280:37: error: ‘ORD’ is not a member of ‘utl’; did you mean ‘ORD’?
 6280 |         if (logger->debugCheck(utl::ORD, "trace", 1)) {
      |                                     ^~~
/OpenROAD/src/utl/include/utl/Logger.h:435:5: note: ‘ORD’ declared here
  435 |   X(ORD)                \
      |     ^~~
/OpenROAD/src/utl/include/utl/Logger.h:454:29: note: in definition of macro ‘GENERATE_ENUM’
  454 | #define GENERATE_ENUM(ENUM) ENUM,
      |                             ^~~~
/OpenROAD/src/utl/include/utl/Logger.h:466:3: note: in expansion of macro ‘FOREACH_TOOL’
  466 |   FOREACH_TOOL(GENERATE_ENUM)
      |   ^~~~~~~~~~~~
/OpenROAD/build/src/utl/CMakeFiles/utl_py.dir/Logger-pyPYTHON_wrap.cxx:6283:17: error: invalid use of incomplete type ‘class utl::Logger’
 6283 |           logger->report("Stack trace");
      |                 ^~
/OpenROAD/include/ord/OpenRoad.hh:110:7: note: forward declaration of ‘class utl::Logger’
  110 | class Logger;
      |       ^~~~~~
/OpenROAD/build/src/utl/CMakeFiles/utl_py.dir/Logger-pyPYTHON_wrap.cxx:6284:17: error: invalid use of incomplete type ‘class utl::Logger’
 6284 |           logger->report(trace.str());
      |                 ^~
/OpenROAD/src/utl/include/utl/Logger.h:127:9: error: ‘SchemaInfo’ does not name a type
  127 |   const SchemaInfo& schema_info() const { return info_; }
      |         ^~~~~~~~~~
/OpenROAD/include/ord/OpenRoad.hh:110:7: note: forward declaration of ‘class utl::Logger’
  110 | class Logger;
      |       ^~~~~~
/OpenROAD/build/src/utl/CMakeFiles/utl_py.dir/Logger-pyPYTHON_wrap.cxx: In function ‘PyObject* _wrap_Logger_redirectStringBegin(PyObject*, PyObject*)’:
/OpenROAD/build/src/utl/CMakeFiles/utl_py.dir/Logger-pyPYTHON_wrap.cxx:6317:13: error: invalid use of incomplete type ‘class utl::Logger’
 6317 |       (arg1)->redirectStringBegin();
      |             ^~
/OpenROAD/include/ord/OpenRoad.hh:110:7: note: forward declaration of ‘class utl::Logger’
  110 | class Logger;
      |       ^~~~~~
/OpenROAD/build/src/utl/CMakeFiles/utl_py.dir/Logger-pyPYTHON_wrap.cxx:6328:19: error: invalid use of incomplete type ‘class utl::Logger’
 6328 |         if (logger->debugCheck(utl::ORD, "trace", 1)) {
      |                   ^~
/OpenROAD/include/ord/OpenRoad.hh:110:7: note: forward declaration of ‘class utl::Logger’
  110 | class Logger;
      |       ^~~~~~
/OpenROAD/build/src/utl/CMakeFiles/utl_py.dir/Logger-pyPYTHON_wrap.cxx:6328:37: error: ‘ORD’ is not a member of ‘utl’; did you mean ‘ORD’?
 6328 |         if (logger->debugCheck(utl::ORD, "trace", 1)) {
      |                                     ^~~
/OpenROAD/src/utl/include/utl/Logger.h:435:5: note: ‘ORD’ declared here
  435 |   X(ORD)                \
      |     ^~~
/OpenROAD/src/utl/include/utl/Logger.h:454:29: note: in definition of macro ‘GENERATE_ENUM’
  454 | #define GENERATE_ENUM(ENUM) ENUM,
      |                             ^~~~
/OpenROAD/src/utl/include/utl/Logger.h:466:3: note: in expansion of macro ‘FOREACH_TOOL’
  466 |   FOREACH_TOOL(GENERATE_ENUM)
      |   ^~~~~~~~~~~~
/OpenROAD/build/src/utl/CMakeFiles/utl_py.dir/Logger-pyPYTHON_wrap.cxx:6331:17: error: invalid use of incomplete type ‘class utl::Logger’
 6331 |           logger->report("Stack trace");
      |                 ^~
/OpenROAD/include/ord/OpenRoad.hh:110:7: note: forward declaration of ‘class utl::Logger’
  110 | class Logger;
      |       ^~~~~~
/OpenROAD/build/src/utl/CMakeFiles/utl_py.dir/Logger-pyPYTHON_wrap.cxx:6332:17: error: invalid use of incomplete type ‘class utl::Logger’
 6332 |           logger->report(trace.str());
      |                 ^~
/OpenROAD/include/ord/OpenRoad.hh:110:7: note: forward declaration of ‘class utl::Logger’
  110 | class Logger;
      |       ^~~~~~
/OpenROAD/build/src/utl/CMakeFiles/utl_py.dir/Logger-pyPYTHON_wrap.cxx:6344:19: error: invalid use of incomplete type ‘class utl::Logger’
 6344 |         if (logger->debugCheck(utl::ORD, "trace", 1)) {
      |                   ^~
/OpenROAD/include/ord/OpenRoad.hh:110:7: note: forward declaration of ‘class utl::Logger’
  110 | class Logger;
      |       ^~~~~~
/OpenROAD/build/src/utl/CMakeFiles/utl_py.dir/Logger-pyPYTHON_wrap.cxx:6344:37: error: ‘ORD’ is not a member of ‘utl’; did you mean ‘ORD’?
 6344 |         if (logger->debugCheck(utl::ORD, "trace", 1)) {
      |                                     ^~~
/OpenROAD/src/utl/include/utl/Logger.h:435:5: note: ‘ORD’ declared here
  435 |   X(ORD)                \
      |     ^~~
/OpenROAD/src/utl/include/utl/Logger.h:454:29: note: in definition of macro ‘GENERATE_ENUM’
  454 | #define GENERATE_ENUM(ENUM) ENUM,
      |                             ^~~~
/OpenROAD/src/utl/include/utl/Logger.h:466:3: note: in expansion of macro ‘FOREACH_TOOL’
  466 |   FOREACH_TOOL(GENERATE_ENUM)
      |   ^~~~~~~~~~~~
/OpenROAD/build/src/utl/CMakeFiles/utl_py.dir/Logger-pyPYTHON_wrap.cxx:6347:17: error: invalid use of incomplete type ‘class utl::Logger’
 6347 |           logger->report("Stack trace");
      |                 ^~
/OpenROAD/include/ord/OpenRoad.hh:110:7: note: forward declaration of ‘class utl::Logger’
  110 | class Logger;
      |       ^~~~~~
/OpenROAD/build/src/utl/CMakeFiles/utl_py.dir/Logger-pyPYTHON_wrap.cxx:6348:17: error: invalid use of incomplete type ‘class utl::Logger’
 6348 |           logger->report(trace.str());
      |                 ^~
/OpenROAD/include/ord/OpenRoad.hh:110:7: note: forward declaration of ‘class utl::Logger’
  110 | class Logger;
      |       ^~~~~~
/OpenROAD/src/utl/include/utl/Logger.h:147:3: error: ‘SchemaInfo’ does not name a type
  147 |   SchemaInfo info_;
      |   ^~~~~~~~~~
/OpenROAD/build/src/utl/CMakeFiles/utl_py.dir/Logger-pyPYTHON_wrap.cxx: In function ‘PyObject* _wrap_Logger_redirectStringEnd(PyObject*, PyObject*)’:
/OpenROAD/build/src/utl/CMakeFiles/utl_py.dir/Logger-pyPYTHON_wrap.cxx:6382:22: error: invalid use of incomplete type ‘class utl::Logger’
 6382 |       result = (arg1)->redirectStringEnd();
      |                      ^~
/OpenROAD/include/ord/OpenRoad.hh:110:7: note: forward declaration of ‘class utl::Logger’
  110 | class Logger;
      |       ^~~~~~
/OpenROAD/build/src/utl/CMakeFiles/utl_py.dir/Logger-pyPYTHON_wrap.cxx:6393:19: error: invalid use of incomplete type ‘class utl::Logger’
 6393 |         if (logger->debugCheck(utl::ORD, "trace", 1)) {
      |                   ^~
/OpenROAD/include/ord/OpenRoad.hh:110:7: note: forward declaration of ‘class utl::Logger’
  110 | class Logger;
      |       ^~~~~~
/OpenROAD/src/utl/include/utl/Logger.h:159:33: error: expected ‘)’ before ‘info’
  159 |   explicit TypedQueue(SchemaInfo info) { info_ = std::move(info); }
      |                      ~          ^~~~~
      |                                 )
/OpenROAD/src/utl/include/utl/Logger.h: In static member function ‘static void TypedQueue<Args>::bind_field(sqlite3_stmt*, int, T)’:
/OpenROAD/src/utl/include/utl/Logger.h:237:45: error: ‘SQLiteType’ has not been declared
  237 |     if constexpr (TypeToSQLite<T>::value == SQLiteType::INTEGER) {
      |                                             ^~~~~~~~~~
/OpenROAD/src/utl/include/utl/Logger.h:239:52: error: ‘SQLiteType’ has not been declared
  239 |     } else if constexpr (TypeToSQLite<T>::value == SQLiteType::REAL) {
      |                                                    ^~~~~~~~~~
/OpenROAD/build/src/utl/CMakeFiles/utl_py.dir/Logger-pyPYTHON_wrap.cxx:6393:37: error: ‘ORD’ is not a member of ‘utl’; did you mean ‘ORD’?
 6393 |         if (logger->debugCheck(utl::ORD, "trace", 1)) {
      |                                     ^~~
/OpenROAD/src/utl/include/utl/Logger.h:435:5: note: ‘ORD’ declared here
  435 |   X(ORD)                \
      |     ^~~
/OpenROAD/src/utl/include/utl/Logger.h:454:29: note: in definition of macro ‘GENERATE_ENUM’
  454 | #define GENERATE_ENUM(ENUM) ENUM,
      |                             ^~~~
/OpenROAD/src/utl/include/utl/Logger.h:466:3: note: in expansion of macro ‘FOREACH_TOOL’
  466 |   FOREACH_TOOL(GENERATE_ENUM)
      |   ^~~~~~~~~~~~
/OpenROAD/build/src/utl/CMakeFiles/utl_py.dir/Logger-pyPYTHON_wrap.cxx:6396:17: error: invalid use of incomplete type ‘class utl::Logger’
 6396 |           logger->report("Stack trace");
      |                 ^~
/OpenROAD/include/ord/OpenRoad.hh:110:7: note: forward declaration of ‘class utl::Logger’
  110 | class Logger;
      |       ^~~~~~
/OpenROAD/build/src/utl/CMakeFiles/utl_py.dir/Logger-pyPYTHON_wrap.cxx:6397:17: error: invalid use of incomplete type ‘class utl::Logger’
 6397 |           logger->report(trace.str());
      |                 ^~
/OpenROAD/include/ord/OpenRoad.hh:110:7: note: forward declaration of ‘class utl::Logger’
  110 | class Logger;
      |       ^~~~~~
/OpenROAD/build/src/utl/CMakeFiles/utl_py.dir/Logger-pyPYTHON_wrap.cxx:6409:19: error: invalid use of incomplete type ‘class utl::Logger’
 6409 |         if (logger->debugCheck(utl::ORD, "trace", 1)) {
      |                   ^~
/OpenROAD/include/ord/OpenRoad.hh:110:7: note: forward declaration of ‘class utl::Logger’
  110 | class Logger;
      |       ^~~~~~
/OpenROAD/build/src/utl/CMakeFiles/utl_py.dir/Logger-pyPYTHON_wrap.cxx:6409:37: error: ‘ORD’ is not a member of ‘utl’; did you mean ‘ORD’?
 6409 |         if (logger->debugCheck(utl::ORD, "trace", 1)) {
      |                                     ^~~
/OpenROAD/src/utl/include/utl/Logger.h:435:5: note: ‘ORD’ declared here
  435 |   X(ORD)                \
      |     ^~~
/OpenROAD/src/utl/include/utl/Logger.h:454:29: note: in definition of macro ‘GENERATE_ENUM’
  454 | #define GENERATE_ENUM(ENUM) ENUM,
      |                             ^~~~
/OpenROAD/src/utl/include/utl/Logger.h:466:3: note: in expansion of macro ‘FOREACH_TOOL’
  466 |   FOREACH_TOOL(GENERATE_ENUM)
      |   ^~~~~~~~~~~~
/OpenROAD/build/src/utl/CMakeFiles/utl_py.dir/Logger-pyPYTHON_wrap.cxx:6412:17: error: invalid use of incomplete type ‘class utl::Logger’
 6412 |           logger->report("Stack trace");
      |                 ^~
/OpenROAD/include/ord/OpenRoad.hh:110:7: note: forward declaration of ‘class utl::Logger’
  110 | class Logger;
      |       ^~~~~~
/OpenROAD/build/src/utl/CMakeFiles/utl_py.dir/Logger-pyPYTHON_wrap.cxx:6413:17: error: invalid use of incomplete type ‘class utl::Logger’
 6413 |           logger->report(trace.str());
      |                 ^~
/OpenROAD/include/ord/OpenRoad.hh:110:7: note: forward declaration of ‘class utl::Logger’
  110 | class Logger;
      |       ^~~~~~
/OpenROAD/build/src/utl/CMakeFiles/utl_py.dir/Logger-pyPYTHON_wrap.cxx: In function ‘PyObject* _wrap_Logger_teeFileBegin(PyObject*, PyObject*)’:
/OpenROAD/build/src/utl/CMakeFiles/utl_py.dir/Logger-pyPYTHON_wrap.cxx:6456:13: error: invalid use of incomplete type ‘class utl::Logger’
 6456 |       (arg1)->teeFileBegin((std::string const &)*arg2);
      |             ^~
/OpenROAD/include/ord/OpenRoad.hh:110:7: note: forward declaration of ‘class utl::Logger’
  110 | class Logger;
      |       ^~~~~~
/OpenROAD/build/src/utl/CMakeFiles/utl_py.dir/Logger-pyPYTHON_wrap.cxx:6467:19: error: invalid use of incomplete type ‘class utl::Logger’
 6467 |         if (logger->debugCheck(utl::ORD, "trace", 1)) {
      |                   ^~
/OpenROAD/include/ord/OpenRoad.hh:110:7: note: forward declaration of ‘class utl::Logger’
  110 | class Logger;
      |       ^~~~~~
/OpenROAD/build/src/utl/CMakeFiles/utl_py.dir/Logger-pyPYTHON_wrap.cxx:6467:37: error: ‘ORD’ is not a member of ‘utl’; did you mean ‘ORD’?
 6467 |         if (logger->debugCheck(utl::ORD, "trace", 1)) {
      |                                     ^~~
/OpenROAD/src/utl/include/utl/Logger.h:435:5: note: ‘ORD’ declared here
  435 |   X(ORD)                \
      |     ^~~
/OpenROAD/src/utl/include/utl/Logger.h:454:29: note: in definition of macro ‘GENERATE_ENUM’
  454 | #define GENERATE_ENUM(ENUM) ENUM,
      |                             ^~~~
/OpenROAD/src/utl/include/utl/Logger.h:466:3: note: in expansion of macro ‘FOREACH_TOOL’
  466 |   FOREACH_TOOL(GENERATE_ENUM)
      |   ^~~~~~~~~~~~
/OpenROAD/build/src/utl/CMakeFiles/utl_py.dir/Logger-pyPYTHON_wrap.cxx:6470:17: error: invalid use of incomplete type ‘class utl::Logger’
 6470 |           logger->report("Stack trace");
      |                 ^~
/OpenROAD/include/ord/OpenRoad.hh:110:7: note: forward declaration of ‘class utl::Logger’
  110 | class Logger;
      |       ^~~~~~
/OpenROAD/build/src/utl/CMakeFiles/utl_py.dir/Logger-pyPYTHON_wrap.cxx:6471:17: error: invalid use of incomplete type ‘class utl::Logger’
 6471 |           logger->report(trace.str());
      |                 ^~
/OpenROAD/include/ord/OpenRoad.hh:110:7: note: forward declaration of ‘class utl::Logger’
  110 | class Logger;
      |       ^~~~~~
/OpenROAD/build/src/utl/CMakeFiles/utl_py.dir/Logger-pyPYTHON_wrap.cxx:6483:19: error: invalid use of incomplete type ‘class utl::Logger’
 6483 |         if (logger->debugCheck(utl::ORD, "trace", 1)) {
      |                   ^~
/OpenROAD/include/ord/OpenRoad.hh:110:7: note: forward declaration of ‘class utl::Logger’
  110 | class Logger;
      |       ^~~~~~
/OpenROAD/build/src/utl/CMakeFiles/utl_py.dir/Logger-pyPYTHON_wrap.cxx:6483:37: error: ‘ORD’ is not a member of ‘utl’; did you mean ‘ORD’?
 6483 |         if (logger->debugCheck(utl::ORD, "trace", 1)) {
      |                                     ^~~
/OpenROAD/src/utl/include/utl/Logger.h:435:5: note: ‘ORD’ declared here
  435 |   X(ORD)                \
      |     ^~~
/OpenROAD/src/utl/include/utl/Logger.h:454:29: note: in definition of macro ‘GENERATE_ENUM’
  454 | #define GENERATE_ENUM(ENUM) ENUM,
      |                             ^~~~
/OpenROAD/src/utl/include/utl/Logger.h:466:3: note: in expansion of macro ‘FOREACH_TOOL’
  466 |   FOREACH_TOOL(GENERATE_ENUM)
      |   ^~~~~~~~~~~~
/OpenROAD/build/src/utl/CMakeFiles/utl_py.dir/Logger-pyPYTHON_wrap.cxx:6486:17: error: invalid use of incomplete type ‘class utl::Logger’
 6486 |           logger->report("Stack trace");
      |                 ^~
/OpenROAD/include/ord/OpenRoad.hh:110:7: note: forward declaration of ‘class utl::Logger’
  110 | class Logger;
      |       ^~~~~~
/OpenROAD/build/src/utl/CMakeFiles/utl_py.dir/Logger-pyPYTHON_wrap.cxx:6487:17: error: invalid use of incomplete type ‘class utl::Logger’
 6487 |           logger->report(trace.str());
      |                 ^~
/OpenROAD/include/ord/OpenRoad.hh:110:7: note: forward declaration of ‘class utl::Logger’
  110 | class Logger;
      |       ^~~~~~
/OpenROAD/src/utl/include/utl/Logger.h: In member function ‘bool TypedQueue<Args>::build_insert_stmt(sqlite3*)’:
/OpenROAD/src/utl/include/utl/Logger.h:256:40: error: ‘info_’ was not declared in this scope
  256 |     std::string sql = "INSERT INTO " + info_.table_name + " (";
      |                                        ^~~~~
/OpenROAD/build/src/utl/CMakeFiles/utl_py.dir/Logger-pyPYTHON_wrap.cxx: In function ‘PyObject* _wrap_Logger_teeFileAppendBegin(PyObject*, PyObject*)’:
/OpenROAD/build/src/utl/CMakeFiles/utl_py.dir/Logger-pyPYTHON_wrap.cxx:6530:13: error: invalid use of incomplete type ‘class utl::Logger’
 6530 |       (arg1)->teeFileAppendBegin((std::string const &)*arg2);
      |             ^~
/OpenROAD/include/ord/OpenRoad.hh:110:7: note: forward declaration of ‘class utl::Logger’
  110 | class Logger;
      |       ^~~~~~
/OpenROAD/build/src/utl/CMakeFiles/utl_py.dir/Logger-pyPYTHON_wrap.cxx:6541:19: error: invalid use of incomplete type ‘class utl::Logger’
 6541 |         if (logger->debugCheck(utl::ORD, "trace", 1)) {
      |                   ^~
/OpenROAD/include/ord/OpenRoad.hh:110:7: note: forward declaration of ‘class utl::Logger’
  110 | class Logger;
      |       ^~~~~~
/OpenROAD/build/src/utl/CMakeFiles/utl_py.dir/Logger-pyPYTHON_wrap.cxx:6541:37: error: ‘ORD’ is not a member of ‘utl’; did you mean ‘ORD’?
 6541 |         if (logger->debugCheck(utl::ORD, "trace", 1)) {
      |                                     ^~~
/OpenROAD/src/utl/include/utl/Logger.h:435:5: note: ‘ORD’ declared here
  435 |   X(ORD)                \
      |     ^~~
/OpenROAD/src/utl/include/utl/Logger.h:454:29: note: in definition of macro ‘GENERATE_ENUM’
  454 | #define GENERATE_ENUM(ENUM) ENUM,
      |                             ^~~~
/OpenROAD/src/utl/include/utl/Logger.h:466:3: note: in expansion of macro ‘FOREACH_TOOL’
  466 |   FOREACH_TOOL(GENERATE_ENUM)
      |   ^~~~~~~~~~~~
/OpenROAD/build/src/utl/CMakeFiles/utl_py.dir/Logger-pyPYTHON_wrap.cxx:6544:17: error: invalid use of incomplete type ‘class utl::Logger’
 6544 |           logger->report("Stack trace");
      |                 ^~
/OpenROAD/include/ord/OpenRoad.hh:110:7: note: forward declaration of ‘class utl::Logger’
  110 | class Logger;
      |       ^~~~~~
/OpenROAD/build/src/utl/CMakeFiles/utl_py.dir/Logger-pyPYTHON_wrap.cxx:6545:17: error: invalid use of incomplete type ‘class utl::Logger’
 6545 |           logger->report(trace.str());
      |                 ^~
/OpenROAD/include/ord/OpenRoad.hh:110:7: note: forward declaration of ‘class utl::Logger’
  110 | class Logger;
      |       ^~~~~~
/OpenROAD/build/src/utl/CMakeFiles/utl_py.dir/Logger-pyPYTHON_wrap.cxx:6557:19: error: invalid use of incomplete type ‘class utl::Logger’
 6557 |         if (logger->debugCheck(utl::ORD, "trace", 1)) {
      |                   ^~
/OpenROAD/include/ord/OpenRoad.hh:110:7: note: forward declaration of ‘class utl::Logger’
  110 | class Logger;
      |       ^~~~~~
/OpenROAD/build/src/utl/CMakeFiles/utl_py.dir/Logger-pyPYTHON_wrap.cxx:6557:37: error: ‘ORD’ is not a member of ‘utl’; did you mean ‘ORD’?
 6557 |         if (logger->debugCheck(utl::ORD, "trace", 1)) {
      |                                     ^~~
/OpenROAD/src/utl/include/utl/Logger.h:435:5: note: ‘ORD’ declared here
  435 |   X(ORD)                \
      |     ^~~
/OpenROAD/src/utl/include/utl/Logger.h:454:29: note: in definition of macro ‘GENERATE_ENUM’
  454 | #define GENERATE_ENUM(ENUM) ENUM,
      |                             ^~~~
/OpenROAD/src/utl/include/utl/Logger.h:466:3: note: in expansion of macro ‘FOREACH_TOOL’
  466 |   FOREACH_TOOL(GENERATE_ENUM)
      |   ^~~~~~~~~~~~
/OpenROAD/build/src/utl/CMakeFiles/utl_py.dir/Logger-pyPYTHON_wrap.cxx:6560:17: error: invalid use of incomplete type ‘class utl::Logger’
 6560 |           logger->report("Stack trace");
      |                 ^~
/OpenROAD/src/utl/include/utl/Logger.h: At global scope:
/OpenROAD/src/utl/include/utl/Logger.h:280:3: error: ‘SchemaKey’ does not name a type
  280 |   SchemaKey key;
      |   ^~~~~~~~~
/OpenROAD/include/ord/OpenRoad.hh:110:7: note: forward declaration of ‘class utl::Logger’
  110 | class Logger;
      |       ^~~~~~
/OpenROAD/build/src/utl/CMakeFiles/utl_py.dir/Logger-pyPYTHON_wrap.cxx:6561:17: error: invalid use of incomplete type ‘class utl::Logger’
 6561 |           logger->report(trace.str());
      |                 ^~
/OpenROAD/include/ord/OpenRoad.hh:110:7: note: forward declaration of ‘class utl::Logger’
  110 | class Logger;
      |       ^~~~~~
/OpenROAD/build/src/utl/CMakeFiles/utl_py.dir/Logger-pyPYTHON_wrap.cxx: In function ‘PyObject* _wrap_Logger_teeFileEnd(PyObject*, PyObject*)’:
/OpenROAD/build/src/utl/CMakeFiles/utl_py.dir/Logger-pyPYTHON_wrap.cxx:6594:13: error: invalid use of incomplete type ‘class utl::Logger’
 6594 |       (arg1)->teeFileEnd();
      |             ^~
/OpenROAD/include/ord/OpenRoad.hh:110:7: note: forward declaration of ‘class utl::Logger’
  110 | class Logger;
      |       ^~~~~~
/OpenROAD/build/src/utl/CMakeFiles/utl_py.dir/Logger-pyPYTHON_wrap.cxx:6605:19: error: invalid use of incomplete type ‘class utl::Logger’
 6605 |         if (logger->debugCheck(utl::ORD, "trace", 1)) {
      |                   ^~
/OpenROAD/include/ord/OpenRoad.hh:110:7: note: forward declaration of ‘class utl::Logger’
  110 | class Logger;
      |       ^~~~~~
/OpenROAD/src/utl/include/utl/Logger.h:287:28: error: ‘SchemaKey’ was not declared in this scope; did you mean ‘utl::SchemaKey’?
  287 |       = std::unordered_map<SchemaKey, std::shared_ptr<AbstractQueue>, SchemaKeyHasher>;
      |                            ^~~~~~~~~
      |                            utl::SchemaKey
/OpenROAD/src/utl/include/utl/Logger.h:63:8: note: ‘utl::SchemaKey’ declared here
   63 | struct SchemaKey {
      |        ^~~~~~~~~
/OpenROAD/build/src/utl/CMakeFiles/utl_py.dir/Logger-pyPYTHON_wrap.cxx:6605:37: error: ‘ORD’ is not a member of ‘utl’; did you mean ‘ORD’?
 6605 |         if (logger->debugCheck(utl::ORD, "trace", 1)) {
      |                                     ^~~
/OpenROAD/src/utl/include/utl/Logger.h:435:5: note: ‘ORD’ declared here
  435 |   X(ORD)                \
      |     ^~~
/OpenROAD/src/utl/include/utl/Logger.h:454:29: note: in definition of macro ‘GENERATE_ENUM’
  454 | #define GENERATE_ENUM(ENUM) ENUM,
      |                             ^~~~
/OpenROAD/src/utl/include/utl/Logger.h:466:3: note: in expansion of macro ‘FOREACH_TOOL’
  466 |   FOREACH_TOOL(GENERATE_ENUM)
      |   ^~~~~~~~~~~~
/OpenROAD/build/src/utl/CMakeFiles/utl_py.dir/Logger-pyPYTHON_wrap.cxx:6608:17: error: invalid use of incomplete type ‘class utl::Logger’
 6608 |           logger->report("Stack trace");
      |                 ^~
/OpenROAD/include/ord/OpenRoad.hh:110:7: note: forward declaration of ‘class utl::Logger’
  110 | class Logger;
      |       ^~~~~~
/OpenROAD/build/src/utl/CMakeFiles/utl_py.dir/Logger-pyPYTHON_wrap.cxx:6609:17: error: invalid use of incomplete type ‘class utl::Logger’
 6609 |           logger->report(trace.str());
      |                 ^~
/OpenROAD/include/ord/OpenRoad.hh:110:7: note: forward declaration of ‘class utl::Logger’
  110 | class Logger;
      |       ^~~~~~
/OpenROAD/src/utl/include/utl/Logger.h:287:71: error: ‘SchemaKeyHasher’ was not declared in this scope; did you mean ‘utl::SchemaKeyHasher’?
  287 |       = std::unordered_map<SchemaKey, std::shared_ptr<AbstractQueue>, SchemaKeyHasher>;
      |                                                                       ^~~~~~~~~~~~~~~
      |                                                                       utl::SchemaKeyHasher
/OpenROAD/src/utl/include/utl/Logger.h:72:8: note: ‘utl::SchemaKeyHasher’ declared here
   72 | struct SchemaKeyHasher {
      |        ^~~~~~~~~~~~~~~
/OpenROAD/src/utl/include/utl/Logger.h:287:86: error: template argument 1 is invalid
  287 |       = std::unordered_map<SchemaKey, std::shared_ptr<AbstractQueue>, SchemaKeyHasher>;
      |                                                                                      ^
/OpenROAD/src/utl/include/utl/Logger.h:287:86: error: template argument 3 is invalid
/OpenROAD/build/src/utl/CMakeFiles/utl_py.dir/Logger-pyPYTHON_wrap.cxx:6621:19: error: invalid use of incomplete type ‘class utl::Logger’
 6621 |         if (logger->debugCheck(utl::ORD, "trace", 1)) {
      |                   ^~
/OpenROAD/src/utl/include/utl/Logger.h:287:86: error: template argument 4 is invalid
/OpenROAD/src/utl/include/utl/Logger.h:287:86: error: template argument 5 is invalid
/OpenROAD/src/utl/include/utl/Logger.h:287:14: error: ‘<expression error>’ in namespace ‘std’ does not name a type
  287 |       = std::unordered_map<SchemaKey, std::shared_ptr<AbstractQueue>, SchemaKeyHasher>;
      |              ^~~~~~~~~~~~~~~~~~~~~~~~~~~~~~~~~~~~~~~~~~~~~~~~~~~~~~~~~~~~~~~~~~~~~~~~~
/OpenROAD/include/ord/OpenRoad.hh:110:7: note: forward declaration of ‘class utl::Logger’
  110 | class Logger;
      |       ^~~~~~
/OpenROAD/src/utl/include/utl/Logger.h:291:25: error: ISO C++ forbids declaration of ‘type name’ with no type [-fpermissive]
  291 |   std::shared_ptr<const RegistryMap> get_map() const {
      |                         ^~~~~~~~~~~
/OpenROAD/src/utl/include/utl/Logger.h:291:36: error: template argument 1 is invalid
  291 |   std::shared_ptr<const RegistryMap> get_map() const {
      |                                    ^
/OpenROAD/src/utl/include/utl/Logger.h:291:8: error: ‘<expression error>’ in namespace ‘std’ does not name a type
  291 |   std::shared_ptr<const RegistryMap> get_map() const {
      |        ^~~~~~~~~~~~~~~~~~~~~~~~~~~~~
/OpenROAD/src/utl/include/utl/Logger.h:298:7: error: ‘SchemaKey’ has not been declared
  298 |       SchemaKey key,
      |       ^~~~~~~~~
/OpenROAD/src/utl/include/utl/Logger.h:318:25: error: ISO C++ forbids declaration of ‘type name’ with no type [-fpermissive]
  318 |   std::shared_ptr<const RegistryMap> registry_ptr_;
      |                         ^~~~~~~~~~~
/OpenROAD/src/utl/include/utl/Logger.h:318:36: error: template argument 1 is invalid
  318 |   std::shared_ptr<const RegistryMap> registry_ptr_;
      |                                    ^
/OpenROAD/src/utl/include/utl/Logger.h:318:8: error: ‘<expression error>’ in namespace ‘std’ does not name a type
  318 |   std::shared_ptr<const RegistryMap> registry_ptr_;
      |        ^~~~~~~~~~~~~~~~~~~~~~~~~~~~~
/OpenROAD/src/utl/include/utl/Logger.h: In constructor ‘SchemaRegistry::SchemaRegistry()’:
/OpenROAD/src/utl/include/utl/Logger.h:289:22: error: class ‘SchemaRegistry’ does not have any field named ‘registry_ptr_’
  289 |   SchemaRegistry() : registry_ptr_(std::make_shared<const RegistryMap>()) {}
      |                      ^~~~~~~~~~~~~
/OpenROAD/src/utl/include/utl/Logger.h:289:59: error: ISO C++ forbids declaration of ‘type name’ with no type [-fpermissive]
  289 |   SchemaRegistry() : registry_ptr_(std::make_shared<const RegistryMap>()) {}
      |                                                           ^~~~~~~~~~~
/OpenROAD/src/utl/include/utl/Logger.h:289:41: error: parse error in template argument list
  289 |   SchemaRegistry() : registry_ptr_(std::make_shared<const RegistryMap>()) {}
      |                                         ^~~~~~~~~~~~~~~~~~~~~~~~~~~~~~
/OpenROAD/src/utl/include/utl/Logger.h:289:71: error: no matching function for call to ‘make_shared<<expression error> >()’
  289 |   SchemaRegistry() : registry_ptr_(std::make_shared<const RegistryMap>()) {}
      |                                    ~~~~~~~~~~~~~~~~~~~~~~~~~~~~~~~~~~~^~
In file included from /usr/include/c++/13/memory:80,
                 from /OpenROAD/src/utl/include/utl/Logger.h:17:
/usr/include/c++/13/bits/shared_ptr.h:1005:5: note: candidate: ‘template<class _Tp, class ... _Args> std::shared_ptr<std::_NonArray<_Tp> > std::make_shared(_Args&& ...)’
 1005 |     make_shared(_Args&&... __args)
      |     ^~~~~~~~~~~
/usr/include/c++/13/bits/shared_ptr.h:1005:5: note:   template argument deduction/substitution failed:
/OpenROAD/src/utl/include/utl/Logger.h:289:71: error: template argument 1 is invalid
  289 |   SchemaRegistry() : registry_ptr_(std::make_shared<const RegistryMap>()) {}
      |                                    ~~~~~~~~~~~~~~~~~~~~~~~~~~~~~~~~~~~^~
/usr/include/c++/13/bits/shared_ptr.h:1037:5: note: candidate: ‘template<class _Tp> std::shared_ptr<std::_UnboundedArray<_Tp> > std::make_shared(size_t)’
 1037 |     make_shared(size_t __n)
      |     ^~~~~~~~~~~
/usr/include/c++/13/bits/shared_ptr.h:1037:5: note:   candidate expects 1 argument, 0 provided
/usr/include/c++/13/bits/shared_ptr.h:1053:5: note: candidate: ‘template<class _Tp> std::shared_ptr<std::_UnboundedArray<_Tp> > std::make_shared(size_t, remove_extent_t<_Iter>&)’
 1053 |     make_shared(size_t __n, const remove_extent_t<_Tp>& __u)
      |     ^~~~~~~~~~~
/usr/include/c++/13/bits/shared_ptr.h:1053:5: note:   candidate expects 2 arguments, 0 provided
/usr/include/c++/13/bits/shared_ptr.h:1080:5: note: candidate: ‘template<class _Tp> std::shared_ptr<std::_BoundedArray<_Tp> > std::make_shared()’
 1080 |     make_shared()
      |     ^~~~~~~~~~~
/usr/include/c++/13/bits/shared_ptr.h:1080:5: note:   template argument deduction/substitution failed:
/OpenROAD/src/utl/include/utl/Logger.h:289:71: error: template argument 1 is invalid
  289 |   SchemaRegistry() : registry_ptr_(std::make_shared<const RegistryMap>()) {}
      |                                    ~~~~~~~~~~~~~~~~~~~~~~~~~~~~~~~~~~~^~
/usr/include/c++/13/bits/shared_ptr.h:1095:5: note: candidate: ‘template<class _Tp> std::shared_ptr<std::_BoundedArray<_Tp> > std::make_shared(remove_extent_t<_Iter>&)’
 1095 |     make_shared(const remove_extent_t<_Tp>& __u)
      |     ^~~~~~~~~~~
/OpenROAD/build/src/utl/CMakeFiles/utl_py.dir/Logger-pyPYTHON_wrap.cxx:6621:37: error: ‘ORD’ is not a member of ‘utl’; did you mean ‘ORD’?
 6621 |         if (logger->debugCheck(utl::ORD, "trace", 1)) {
      |                                     ^~~
/usr/include/c++/13/bits/shared_ptr.h:1095:5: note:   candidate expects 1 argument, 0 provided
/OpenROAD/src/utl/include/utl/Logger.h:435:5: note: ‘ORD’ declared here
  435 |   X(ORD)                \
      |     ^~~
/OpenROAD/src/utl/include/utl/Logger.h:454:29: note: in definition of macro ‘GENERATE_ENUM’
  454 | #define GENERATE_ENUM(ENUM) ENUM,
      |                             ^~~~
/OpenROAD/src/utl/include/utl/Logger.h:466:3: note: in expansion of macro ‘FOREACH_TOOL’
  466 |   FOREACH_TOOL(GENERATE_ENUM)
      |   ^~~~~~~~~~~~
/OpenROAD/build/src/utl/CMakeFiles/utl_py.dir/Logger-pyPYTHON_wrap.cxx:6624:17: error: invalid use of incomplete type ‘class utl::Logger’
 6624 |           logger->report("Stack trace");
      |                 ^~
/OpenROAD/include/ord/OpenRoad.hh:110:7: note: forward declaration of ‘class utl::Logger’
  110 | class Logger;
      |       ^~~~~~
/OpenROAD/build/src/utl/CMakeFiles/utl_py.dir/Logger-pyPYTHON_wrap.cxx:6625:17: error: invalid use of incomplete type ‘class utl::Logger’
 6625 |           logger->report(trace.str());
      |                 ^~
/OpenROAD/include/ord/OpenRoad.hh:110:7: note: forward declaration of ‘class utl::Logger’
  110 | class Logger;
      |       ^~~~~~
/OpenROAD/build/src/utl/CMakeFiles/utl_py.dir/Logger-pyPYTHON_wrap.cxx: In function ‘PyObject* _wrap_Logger_teeStringBegin(PyObject*, PyObject*)’:
/OpenROAD/build/src/utl/CMakeFiles/utl_py.dir/Logger-pyPYTHON_wrap.cxx:6658:13: error: invalid use of incomplete type ‘class utl::Logger’
 6658 |       (arg1)->teeStringBegin();
      |             ^~
/OpenROAD/include/ord/OpenRoad.hh:110:7: note: forward declaration of ‘class utl::Logger’
  110 | class Logger;
      |       ^~~~~~
/OpenROAD/build/src/utl/CMakeFiles/utl_py.dir/Logger-pyPYTHON_wrap.cxx:6669:19: error: invalid use of incomplete type ‘class utl::Logger’
 6669 |         if (logger->debugCheck(utl::ORD, "trace", 1)) {
      |                   ^~
/OpenROAD/include/ord/OpenRoad.hh:110:7: note: forward declaration of ‘class utl::Logger’
  110 | class Logger;
      |       ^~~~~~
/OpenROAD/build/src/utl/CMakeFiles/utl_py.dir/Logger-pyPYTHON_wrap.cxx:6669:37: error: ‘ORD’ is not a member of ‘utl’; did you mean ‘ORD’?
 6669 |         if (logger->debugCheck(utl::ORD, "trace", 1)) {
      |                                     ^~~
/OpenROAD/src/utl/include/utl/Logger.h:435:5: note: ‘ORD’ declared here
  435 |   X(ORD)                \
      |     ^~~
/OpenROAD/src/utl/include/utl/Logger.h:454:29: note: in definition of macro ‘GENERATE_ENUM’
  454 | #define GENERATE_ENUM(ENUM) ENUM,
      |                             ^~~~
/OpenROAD/src/utl/include/utl/Logger.h:466:3: note: in expansion of macro ‘FOREACH_TOOL’
  466 |   FOREACH_TOOL(GENERATE_ENUM)
      |   ^~~~~~~~~~~~
/OpenROAD/build/src/utl/CMakeFiles/utl_py.dir/Logger-pyPYTHON_wrap.cxx:6672:17: error: invalid use of incomplete type ‘class utl::Logger’
 6672 |           logger->report("Stack trace");
      |                 ^~
/OpenROAD/include/ord/OpenRoad.hh:110:7: note: forward declaration of ‘class utl::Logger’
  110 | class Logger;
      |       ^~~~~~
/OpenROAD/build/src/utl/CMakeFiles/utl_py.dir/Logger-pyPYTHON_wrap.cxx:6673:17: error: invalid use of incomplete type ‘class utl::Logger’
 6673 |           logger->report(trace.str());
      |                 ^~
/OpenROAD/include/ord/OpenRoad.hh:110:7: note: forward declaration of ‘class utl::Logger’
  110 | class Logger;
      |       ^~~~~~
/OpenROAD/build/src/utl/CMakeFiles/utl_py.dir/Logger-pyPYTHON_wrap.cxx:6685:19: error: invalid use of incomplete type ‘class utl::Logger’
 6685 |         if (logger->debugCheck(utl::ORD, "trace", 1)) {
      |                   ^~
/OpenROAD/include/ord/OpenRoad.hh:110:7: note: forward declaration of ‘class utl::Logger’
  110 | class Logger;
      |       ^~~~~~
/OpenROAD/build/src/utl/CMakeFiles/utl_py.dir/Logger-pyPYTHON_wrap.cxx:6685:37: error: ‘ORD’ is not a member of ‘utl’; did you mean ‘ORD’?
 6685 |         if (logger->debugCheck(utl::ORD, "trace", 1)) {
      |                                     ^~~
/OpenROAD/src/utl/include/utl/Logger.h:435:5: note: ‘ORD’ declared here
  435 |   X(ORD)                \
      |     ^~~
/OpenROAD/src/utl/include/utl/Logger.h:454:29: note: in definition of macro ‘GENERATE_ENUM’
  454 | #define GENERATE_ENUM(ENUM) ENUM,
      |                             ^~~~
/OpenROAD/src/utl/include/utl/Logger.h:466:3: note: in expansion of macro ‘FOREACH_TOOL’
  466 |   FOREACH_TOOL(GENERATE_ENUM)
      |   ^~~~~~~~~~~~
/OpenROAD/build/src/utl/CMakeFiles/utl_py.dir/Logger-pyPYTHON_wrap.cxx:6688:17: error: invalid use of incomplete type ‘class utl::Logger’
 6688 |           logger->report("Stack trace");
      |                 ^~
/OpenROAD/include/ord/OpenRoad.hh:110:7: note: forward declaration of ‘class utl::Logger’
  110 | class Logger;
      |       ^~~~~~
/OpenROAD/build/src/utl/CMakeFiles/utl_py.dir/Logger-pyPYTHON_wrap.cxx:6689:17: error: invalid use of incomplete type ‘class utl::Logger’
 6689 |           logger->report(trace.str());
      |                 ^~
/OpenROAD/include/ord/OpenRoad.hh:110:7: note: forward declaration of ‘class utl::Logger’
  110 | class Logger;
      |       ^~~~~~
/OpenROAD/build/src/utl/CMakeFiles/utl_py.dir/Logger-pyPYTHON_wrap.cxx: In function ‘PyObject* _wrap_Logger_teeStringEnd(PyObject*, PyObject*)’:
/OpenROAD/build/src/utl/CMakeFiles/utl_py.dir/Logger-pyPYTHON_wrap.cxx:6723:22: error: invalid use of incomplete type ‘class utl::Logger’
 6723 |       result = (arg1)->teeStringEnd();
      |                      ^~
/OpenROAD/include/ord/OpenRoad.hh:110:7: note: forward declaration of ‘class utl::Logger’
  110 | class Logger;
      |       ^~~~~~
/OpenROAD/build/src/utl/CMakeFiles/utl_py.dir/Logger-pyPYTHON_wrap.cxx:6734:19: error: invalid use of incomplete type ‘class utl::Logger’
 6734 |         if (logger->debugCheck(utl::ORD, "trace", 1)) {
      |                   ^~
/OpenROAD/include/ord/OpenRoad.hh:110:7: note: forward declaration of ‘class utl::Logger’
  110 | class Logger;
      |       ^~~~~~
/OpenROAD/build/src/utl/CMakeFiles/utl_py.dir/Logger-pyPYTHON_wrap.cxx:6734:37: error: ‘ORD’ is not a member of ‘utl’; did you mean ‘ORD’?
 6734 |         if (logger->debugCheck(utl::ORD, "trace", 1)) {
      |                                     ^~~
/OpenROAD/src/utl/include/utl/Logger.h:435:5: note: ‘ORD’ declared here
  435 |   X(ORD)                \
      |     ^~~
/OpenROAD/src/utl/include/utl/Logger.h:454:29: note: in definition of macro ‘GENERATE_ENUM’
  454 | #define GENERATE_ENUM(ENUM) ENUM,
      |                             ^~~~
/OpenROAD/src/utl/include/utl/Logger.h:466:3: note: in expansion of macro ‘FOREACH_TOOL’
  466 |   FOREACH_TOOL(GENERATE_ENUM)
      |   ^~~~~~~~~~~~
/OpenROAD/src/utl/include/utl/Logger.h: In member function ‘std::shared_ptr<AbstractQueue> SchemaRegistry::register_schema(int, std::shared_ptr<AbstractQueue>)’:
/OpenROAD/src/utl/include/utl/Logger.h:302:24: error: ‘get_map’ was not declared in this scope
  302 |     auto current_map = get_map();
      |                        ^~~~~~~
/OpenROAD/build/src/utl/CMakeFiles/utl_py.dir/Logger-pyPYTHON_wrap.cxx:6737:17: error: invalid use of incomplete type ‘class utl::Logger’
 6737 |           logger->report("Stack trace");
      |                 ^~
/OpenROAD/include/ord/OpenRoad.hh:110:7: note: forward declaration of ‘class utl::Logger’
  110 | class Logger;
      |       ^~~~~~
/OpenROAD/build/src/utl/CMakeFiles/utl_py.dir/Logger-pyPYTHON_wrap.cxx:6738:17: error: invalid use of incomplete type ‘class utl::Logger’
 6738 |           logger->report(trace.str());
      |                 ^~
/OpenROAD/include/ord/OpenRoad.hh:110:7: note: forward declaration of ‘class utl::Logger’
  110 | class Logger;
      |       ^~~~~~
/OpenROAD/build/src/utl/CMakeFiles/utl_py.dir/Logger-pyPYTHON_wrap.cxx:6750:19: error: invalid use of incomplete type ‘class utl::Logger’
 6750 |         if (logger->debugCheck(utl::ORD, "trace", 1)) {
      |                   ^~
/OpenROAD/include/ord/OpenRoad.hh:110:7: note: forward declaration of ‘class utl::Logger’
  110 | class Logger;
      |       ^~~~~~
/OpenROAD/build/src/utl/CMakeFiles/utl_py.dir/Logger-pyPYTHON_wrap.cxx:6750:37: error: ‘ORD’ is not a member of ‘utl’; did you mean ‘ORD’?
 6750 |         if (logger->debugCheck(utl::ORD, "trace", 1)) {
      |                                     ^~~
/OpenROAD/src/utl/include/utl/Logger.h:435:5: note: ‘ORD’ declared here
  435 |   X(ORD)                \
      |     ^~~
/OpenROAD/src/utl/include/utl/Logger.h:454:29: note: in definition of macro ‘GENERATE_ENUM’
  454 | #define GENERATE_ENUM(ENUM) ENUM,
      |                             ^~~~
/OpenROAD/src/utl/include/utl/Logger.h:466:3: note: in expansion of macro ‘FOREACH_TOOL’
  466 |   FOREACH_TOOL(GENERATE_ENUM)
      |   ^~~~~~~~~~~~
/OpenROAD/build/src/utl/CMakeFiles/utl_py.dir/Logger-pyPYTHON_wrap.cxx:6753:17: error: invalid use of incomplete type ‘class utl::Logger’
 6753 |           logger->report("Stack trace");
      |                 ^~
/OpenROAD/include/ord/OpenRoad.hh:110:7: note: forward declaration of ‘class utl::Logger’
  110 | class Logger;
      |       ^~~~~~
/OpenROAD/build/src/utl/CMakeFiles/utl_py.dir/Logger-pyPYTHON_wrap.cxx:6754:17: error: invalid use of incomplete type ‘class utl::Logger’
 6754 |           logger->report(trace.str());
      |                 ^~
/OpenROAD/include/ord/OpenRoad.hh:110:7: note: forward declaration of ‘class utl::Logger’
  110 | class Logger;
      |       ^~~~~~
/OpenROAD/build/src/utl/CMakeFiles/utl_py.dir/Logger-pyPYTHON_wrap.cxx: In function ‘PyObject* _wrap_Logger_defaultLogger(PyObject*, PyObject*)’:
/OpenROAD/build/src/utl/CMakeFiles/utl_py.dir/Logger-pyPYTHON_wrap.cxx:6778:44: error: incomplete type ‘utl::Logger’ used in nested name specifier
 6778 |       result = (utl::Logger *)utl::Logger::defaultLogger();
      |                                            ^~~~~~~~~~~~~
/OpenROAD/build/src/utl/CMakeFiles/utl_py.dir/Logger-pyPYTHON_wrap.cxx:6789:19: error: invalid use of incomplete type ‘class utl::Logger’
 6789 |         if (logger->debugCheck(utl::ORD, "trace", 1)) {
      |                   ^~
/OpenROAD/include/ord/OpenRoad.hh:110:7: note: forward declaration of ‘class utl::Logger’
  110 | class Logger;
      |       ^~~~~~
/OpenROAD/build/src/utl/CMakeFiles/utl_py.dir/Logger-pyPYTHON_wrap.cxx:6789:37: error: ‘ORD’ is not a member of ‘utl’; did you mean ‘ORD’?
 6789 |         if (logger->debugCheck(utl::ORD, "trace", 1)) {
      |                                     ^~~
/OpenROAD/src/utl/include/utl/Logger.h:435:5: note: ‘ORD’ declared here
  435 |   X(ORD)                \
      |     ^~~
/OpenROAD/src/utl/include/utl/Logger.h:454:29: note: in definition of macro ‘GENERATE_ENUM’
  454 | #define GENERATE_ENUM(ENUM) ENUM,
      |                             ^~~~
/OpenROAD/src/utl/include/utl/Logger.h:466:3: note: in expansion of macro ‘FOREACH_TOOL’
  466 |   FOREACH_TOOL(GENERATE_ENUM)
      |   ^~~~~~~~~~~~
/OpenROAD/build/src/utl/CMakeFiles/utl_py.dir/Logger-pyPYTHON_wrap.cxx:6792:17: error: invalid use of incomplete type ‘class utl::Logger’
 6792 |           logger->report("Stack trace");
      |                 ^~
/OpenROAD/include/ord/OpenRoad.hh:110:7: note: forward declaration of ‘class utl::Logger’
  110 | class Logger;
      |       ^~~~~~
/OpenROAD/build/src/utl/CMakeFiles/utl_py.dir/Logger-pyPYTHON_wrap.cxx:6793:17: error: invalid use of incomplete type ‘class utl::Logger’
 6793 |           logger->report(trace.str());
      |                 ^~
/OpenROAD/include/ord/OpenRoad.hh:110:7: note: forward declaration of ‘class utl::Logger’
  110 | class Logger;
      |       ^~~~~~
/OpenROAD/build/src/utl/CMakeFiles/utl_py.dir/Logger-pyPYTHON_wrap.cxx:6805:19: error: invalid use of incomplete type ‘class utl::Logger’
 6805 |         if (logger->debugCheck(utl::ORD, "trace", 1)) {
      |                   ^~
/OpenROAD/include/ord/OpenRoad.hh:110:7: note: forward declaration of ‘class utl::Logger’
  110 | class Logger;
      |       ^~~~~~
/OpenROAD/build/src/utl/CMakeFiles/utl_py.dir/Logger-pyPYTHON_wrap.cxx:6805:37: error: ‘ORD’ is not a member of ‘utl’; did you mean ‘ORD’?
 6805 |         if (logger->debugCheck(utl::ORD, "trace", 1)) {
      |                                     ^~~
/OpenROAD/src/utl/include/utl/Logger.h:435:5: note: ‘ORD’ declared here
  435 |   X(ORD)                \
      |     ^~~
/OpenROAD/src/utl/include/utl/Logger.h:454:29: note: in definition of macro ‘GENERATE_ENUM’
  454 | #define GENERATE_ENUM(ENUM) ENUM,
      |                             ^~~~
/OpenROAD/src/utl/include/utl/Logger.h:466:3: note: in expansion of macro ‘FOREACH_TOOL’
  466 |   FOREACH_TOOL(GENERATE_ENUM)
      |   ^~~~~~~~~~~~
/OpenROAD/build/src/utl/CMakeFiles/utl_py.dir/Logger-pyPYTHON_wrap.cxx:6808:17: error: invalid use of incomplete type ‘class utl::Logger’
 6808 |           logger->report("Stack trace");
      |                 ^~
/OpenROAD/include/ord/OpenRoad.hh:110:7: note: forward declaration of ‘class utl::Logger’
  110 | class Logger;
      |       ^~~~~~
/OpenROAD/build/src/utl/CMakeFiles/utl_py.dir/Logger-pyPYTHON_wrap.cxx:6809:17: error: invalid use of incomplete type ‘class utl::Logger’
 6809 |           logger->report(trace.str());
      |                 ^~
/OpenROAD/include/ord/OpenRoad.hh:110:7: note: forward declaration of ‘class utl::Logger’
  110 | class Logger;
      |       ^~~~~~
/OpenROAD/build/src/utl/CMakeFiles/utl_py.dir/Logger-pyPYTHON_wrap.cxx: In function ‘PyObject* _wrap_report(PyObject*, PyObject*)’:
/OpenROAD/build/src/utl/CMakeFiles/utl_py.dir/Logger-pyPYTHON_wrap.cxx:6865:19: error: invalid use of incomplete type ‘class utl::Logger’
 6865 |         if (logger->debugCheck(utl::ORD, "trace", 1)) {
      |                   ^~
/OpenROAD/include/ord/OpenRoad.hh:110:7: note: forward declaration of ‘class utl::Logger’
  110 | class Logger;
      |       ^~~~~~
/OpenROAD/build/src/utl/CMakeFiles/utl_py.dir/Logger-pyPYTHON_wrap.cxx:6865:37: error: ‘ORD’ is not a member of ‘utl’; did you mean ‘ORD’?
 6865 |         if (logger->debugCheck(utl::ORD, "trace", 1)) {
      |                                     ^~~
/OpenROAD/src/utl/include/utl/Logger.h:435:5: note: ‘ORD’ declared here
  435 |   X(ORD)                \
      |     ^~~
/OpenROAD/src/utl/include/utl/Logger.h:454:29: note: in definition of macro ‘GENERATE_ENUM’
  454 | #define GENERATE_ENUM(ENUM) ENUM,
      |                             ^~~~
/OpenROAD/src/utl/include/utl/Logger.h:466:3: note: in expansion of macro ‘FOREACH_TOOL’
  466 |   FOREACH_TOOL(GENERATE_ENUM)
      |   ^~~~~~~~~~~~
/OpenROAD/build/src/utl/CMakeFiles/utl_py.dir/Logger-pyPYTHON_wrap.cxx:6868:17: error: invalid use of incomplete type ‘class utl::Logger’
 6868 |           logger->report("Stack trace");
      |                 ^~
/OpenROAD/include/ord/OpenRoad.hh:110:7: note: forward declaration of ‘class utl::Logger’
  110 | class Logger;
      |       ^~~~~~
/OpenROAD/build/src/utl/CMakeFiles/utl_py.dir/Logger-pyPYTHON_wrap.cxx:6869:17: error: invalid use of incomplete type ‘class utl::Logger’
 6869 |           logger->report(trace.str());
      |                 ^~
/OpenROAD/include/ord/OpenRoad.hh:110:7: note: forward declaration of ‘class utl::Logger’
  110 | class Logger;
      |       ^~~~~~
/OpenROAD/build/src/utl/CMakeFiles/utl_py.dir/Logger-pyPYTHON_wrap.cxx:6881:19: error: invalid use of incomplete type ‘class utl::Logger’
 6881 |         if (logger->debugCheck(utl::ORD, "trace", 1)) {
      |                   ^~
/OpenROAD/src/utl/include/utl/Logger.h:309:37: error: ‘RegistryMap’ was not declared in this scope
  309 |     auto new_map = std::make_shared<RegistryMap>(*current_map);
      |                                     ^~~~~~~~~~~
/OpenROAD/include/ord/OpenRoad.hh:110:7: note: forward declaration of ‘class utl::Logger’
  110 | class Logger;
      |       ^~~~~~
/OpenROAD/build/src/utl/CMakeFiles/utl_py.dir/Logger-pyPYTHON_wrap.cxx:6881:37: error: ‘ORD’ is not a member of ‘utl’; did you mean ‘ORD’?
 6881 |         if (logger->debugCheck(utl::ORD, "trace", 1)) {
      |                                     ^~~
/OpenROAD/src/utl/include/utl/Logger.h:435:5: note: ‘ORD’ declared here
  435 |   X(ORD)                \
      |     ^~~
/OpenROAD/src/utl/include/utl/Logger.h:454:29: note: in definition of macro ‘GENERATE_ENUM’
  454 | #define GENERATE_ENUM(ENUM) ENUM,
      |                             ^~~~
/OpenROAD/src/utl/include/utl/Logger.h:466:3: note: in expansion of macro ‘FOREACH_TOOL’
  466 |   FOREACH_TOOL(GENERATE_ENUM)
      |   ^~~~~~~~~~~~
/OpenROAD/build/src/utl/CMakeFiles/utl_py.dir/Logger-pyPYTHON_wrap.cxx:6884:17: error: invalid use of incomplete type ‘class utl::Logger’
 6884 |           logger->report("Stack trace");
      |                 ^~
/OpenROAD/include/ord/OpenRoad.hh:110:7: note: forward declaration of ‘class utl::Logger’
  110 | class Logger;
      |       ^~~~~~
/OpenROAD/build/src/utl/CMakeFiles/utl_py.dir/Logger-pyPYTHON_wrap.cxx:6885:17: error: invalid use of incomplete type ‘class utl::Logger’
 6885 |           logger->report(trace.str());
      |                 ^~
/OpenROAD/include/ord/OpenRoad.hh:110:7: note: forward declaration of ‘class utl::Logger’
  110 | class Logger;
      |       ^~~~~~
/OpenROAD/build/src/utl/CMakeFiles/utl_py.dir/Logger-pyPYTHON_wrap.cxx: In function ‘PyObject* _wrap_info(PyObject*, PyObject*)’:
/OpenROAD/build/src/utl/CMakeFiles/utl_py.dir/Logger-pyPYTHON_wrap.cxx:6905:8: error: ‘ToolId’ is not a member of ‘utl’; did you mean ‘ToolId’?
 6905 |   utl::ToolId arg1 ;
      |        ^~~~~~
/OpenROAD/src/utl/include/utl/Logger.h:464:6: note: ‘ToolId’ declared here
  464 | enum ToolId
      |      ^~~~~~
/OpenROAD/build/src/utl/CMakeFiles/utl_py.dir/Logger-pyPYTHON_wrap.cxx:6923:3: error: ‘arg1’ was not declared in this scope; did you mean ‘arg3’?
 6923 |   arg1 = static_cast< utl::ToolId >(val1);
      |   ^~~~
      |   arg3
/OpenROAD/build/src/utl/CMakeFiles/utl_py.dir/Logger-pyPYTHON_wrap.cxx:6923:28: error: ‘ToolId’ in namespace ‘utl’ does not name a type
 6923 |   arg1 = static_cast< utl::ToolId >(val1);
      |                            ^~~~~~
/OpenROAD/build/src/utl/CMakeFiles/utl_py.dir/Logger-pyPYTHON_wrap.cxx:6936:12: error: ‘info’ is not a member of ‘utl’
 6936 |       utl::info(arg1,arg2,(char const *)arg3);
      |            ^~~~
/OpenROAD/build/src/utl/CMakeFiles/utl_py.dir/Logger-pyPYTHON_wrap.cxx:6936:12: note: suggested alternatives:
In file included from /OpenROAD/src/utl/include/utl/Logger.h:49:
/usr/local/include/spdlog/spdlog.h:252:13: note:   ‘spdlog::info’
  252 | inline void info(const T &msg) {
      |             ^~~~
In file included from /usr/local/include/spdlog/details/os.h:7,
                 from /OpenROAD/src/utl/include/utl/Logger.h:41:
/usr/local/include/spdlog/common.h:248:5: note:   ‘spdlog::level::info’
  248 |     info = SPDLOG_LEVEL_INFO,
      |     ^~~~
/OpenROAD/build/src/utl/CMakeFiles/utl_py.dir/Logger-pyPYTHON_wrap.cxx:6947:19: error: invalid use of incomplete type ‘class utl::Logger’
 6947 |         if (logger->debugCheck(utl::ORD, "trace", 1)) {
      |                   ^~
/OpenROAD/include/ord/OpenRoad.hh:110:7: note: forward declaration of ‘class utl::Logger’
  110 | class Logger;
      |       ^~~~~~
/OpenROAD/src/utl/include/utl/Logger.h:312:10: error: ‘registry_ptr_’ was not declared in this scope; did you mean ‘register_t’?
  312 |         &registry_ptr_,
      |          ^~~~~~~~~~~~~
      |          register_t
/OpenROAD/src/utl/include/utl/Logger.h:313:39: error: ISO C++ forbids declaration of ‘type name’ with no type [-fpermissive]
  313 |         std::const_pointer_cast<const RegistryMap>(new_map));
      |                                       ^~~~~~~~~~~
/OpenROAD/src/utl/include/utl/Logger.h:313:14: error: parse error in template argument list
  313 |         std::const_pointer_cast<const RegistryMap>(new_map));
      |              ^~~~~~~~~~~~~~~~~~~~~~~~~~~~~~~~~~~~~
/OpenROAD/build/src/utl/CMakeFiles/utl_py.dir/Logger-pyPYTHON_wrap.cxx:6947:37: error: ‘ORD’ is not a member of ‘utl’; did you mean ‘ORD’?
 6947 |         if (logger->debugCheck(utl::ORD, "trace", 1)) {
      |                                     ^~~
/OpenROAD/src/utl/include/utl/Logger.h:435:5: note: ‘ORD’ declared here
  435 |   X(ORD)                \
      |     ^~~
/OpenROAD/src/utl/include/utl/Logger.h:454:29: note: in definition of macro ‘GENERATE_ENUM’
  454 | #define GENERATE_ENUM(ENUM) ENUM,
      |                             ^~~~
/OpenROAD/src/utl/include/utl/Logger.h:466:3: note: in expansion of macro ‘FOREACH_TOOL’
  466 |   FOREACH_TOOL(GENERATE_ENUM)
      |   ^~~~~~~~~~~~
/OpenROAD/build/src/utl/CMakeFiles/utl_py.dir/Logger-pyPYTHON_wrap.cxx:6950:17: error: invalid use of incomplete type ‘class utl::Logger’
 6950 |           logger->report("Stack trace");
      |                 ^~
/OpenROAD/include/ord/OpenRoad.hh:110:7: note: forward declaration of ‘class utl::Logger’
  110 | class Logger;
      |       ^~~~~~
/OpenROAD/build/src/utl/CMakeFiles/utl_py.dir/Logger-pyPYTHON_wrap.cxx:6951:17: error: invalid use of incomplete type ‘class utl::Logger’
 6951 |           logger->report(trace.str());
      |                 ^~
/OpenROAD/include/ord/OpenRoad.hh:110:7: note: forward declaration of ‘class utl::Logger’
  110 | class Logger;
      |       ^~~~~~
/OpenROAD/build/src/utl/CMakeFiles/utl_py.dir/Logger-pyPYTHON_wrap.cxx:6963:19: error: invalid use of incomplete type ‘class utl::Logger’
 6963 |         if (logger->debugCheck(utl::ORD, "trace", 1)) {
      |                   ^~
/OpenROAD/include/ord/OpenRoad.hh:110:7: note: forward declaration of ‘class utl::Logger’
  110 | class Logger;
      |       ^~~~~~
/OpenROAD/build/src/utl/CMakeFiles/utl_py.dir/Logger-pyPYTHON_wrap.cxx:6963:37: error: ‘ORD’ is not a member of ‘utl’; did you mean ‘ORD’?
 6963 |         if (logger->debugCheck(utl::ORD, "trace", 1)) {
      |                                     ^~~
/OpenROAD/src/utl/include/utl/Logger.h:435:5: note: ‘ORD’ declared here
  435 |   X(ORD)                \
      |     ^~~
/OpenROAD/src/utl/include/utl/Logger.h:454:29: note: in definition of macro ‘GENERATE_ENUM’
  454 | #define GENERATE_ENUM(ENUM) ENUM,
      |                             ^~~~
/OpenROAD/src/utl/include/utl/Logger.h:466:3: note: in expansion of macro ‘FOREACH_TOOL’
  466 |   FOREACH_TOOL(GENERATE_ENUM)
      |   ^~~~~~~~~~~~
/OpenROAD/build/src/utl/CMakeFiles/utl_py.dir/Logger-pyPYTHON_wrap.cxx:6966:17: error: invalid use of incomplete type ‘class utl::Logger’
 6966 |           logger->report("Stack trace");
      |                 ^~
/OpenROAD/include/ord/OpenRoad.hh:110:7: note: forward declaration of ‘class utl::Logger’
  110 | class Logger;
      |       ^~~~~~
/OpenROAD/build/src/utl/CMakeFiles/utl_py.dir/Logger-pyPYTHON_wrap.cxx:6967:17: error: invalid use of incomplete type ‘class utl::Logger’
 6967 |           logger->report(trace.str());
      |                 ^~
/OpenROAD/include/ord/OpenRoad.hh:110:7: note: forward declaration of ‘class utl::Logger’
  110 | class Logger;
      |       ^~~~~~
/OpenROAD/build/src/utl/CMakeFiles/utl_py.dir/Logger-pyPYTHON_wrap.cxx: In function ‘PyObject* _wrap_warn(PyObject*, PyObject*)’:
/OpenROAD/build/src/utl/CMakeFiles/utl_py.dir/Logger-pyPYTHON_wrap.cxx:6987:8: error: ‘ToolId’ is not a member of ‘utl’; did you mean ‘ToolId’?
 6987 |   utl::ToolId arg1 ;
      |        ^~~~~~
/OpenROAD/src/utl/include/utl/Logger.h:464:6: note: ‘ToolId’ declared here
  464 | enum ToolId
      |      ^~~~~~
/OpenROAD/src/utl/include/utl/Logger.h: At global scope:
/OpenROAD/src/utl/include/utl/Logger.h:698:13: error: ‘MetricsEntry’ was not declared in this scope; did you mean ‘utl::MetricsEntry’?
  698 |   std::list<MetricsEntry> metrics_entries_;
      |             ^~~~~~~~~~~~
      |             utl::MetricsEntry
In file included from /OpenROAD/src/utl/include/utl/Logger.h:44:
/OpenROAD/src/utl/include/utl/Metrics.h:13:8: note: ‘utl::MetricsEntry’ declared here
   13 | struct MetricsEntry
      |        ^~~~~~~~~~~~
/OpenROAD/src/utl/include/utl/Logger.h:698:25: error: template argument 1 is invalid
  698 |   std::list<MetricsEntry> metrics_entries_;
      |                         ^
/OpenROAD/src/utl/include/utl/Logger.h:698:25: error: template argument 2 is invalid
/OpenROAD/src/utl/include/utl/Logger.h:698:8: error: ‘<expression error>’ in namespace ‘std’ does not name a type
  698 |   std::list<MetricsEntry> metrics_entries_;
      |        ^~~~~~~~~~~~~~~~~~
/OpenROAD/src/utl/include/utl/Logger.h:699:15: error: ‘MetricsPolicy’ was not declared in this scope; did you mean ‘utl::MetricsPolicy’?
  699 |   std::vector<MetricsPolicy> metrics_policies_;
      |               ^~~~~~~~~~~~~
      |               utl::MetricsPolicy
/OpenROAD/src/utl/include/utl/Metrics.h:28:7: note: ‘utl::MetricsPolicy’ declared here
   28 | class MetricsPolicy
      |       ^~~~~~~~~~~~~
/OpenROAD/src/utl/include/utl/Logger.h:699:28: error: template argument 1 is invalid
  699 |   std::vector<MetricsPolicy> metrics_policies_;
      |                            ^
/OpenROAD/src/utl/include/utl/Logger.h:699:28: error: template argument 2 is invalid
/OpenROAD/src/utl/include/utl/Logger.h:699:8: error: ‘<expression error>’ in namespace ‘std’ does not name a type
  699 |   std::vector<MetricsPolicy> metrics_policies_;
      |        ^~~~~~~~~~~~~~~~~~~~~
/OpenROAD/build/src/utl/CMakeFiles/utl_py.dir/Logger-pyPYTHON_wrap.cxx:7005:3: error: ‘arg1’ was not declared in this scope; did you mean ‘arg3’?
 7005 |   arg1 = static_cast< utl::ToolId >(val1);
      |   ^~~~
      |   arg3
/OpenROAD/build/src/utl/CMakeFiles/utl_py.dir/Logger-pyPYTHON_wrap.cxx:7005:28: error: ‘ToolId’ in namespace ‘utl’ does not name a type
 7005 |   arg1 = static_cast< utl::ToolId >(val1);
      |                            ^~~~~~
/OpenROAD/build/src/utl/CMakeFiles/utl_py.dir/Logger-pyPYTHON_wrap.cxx:7018:12: error: ‘warn’ is not a member of ‘utl’
 7018 |       utl::warn(arg1,arg2,(char const *)arg3);
      |            ^~~~
/OpenROAD/build/src/utl/CMakeFiles/utl_py.dir/Logger-pyPYTHON_wrap.cxx:7018:12: note: suggested alternatives:
/usr/local/include/spdlog/spdlog.h:257:13: note:   ‘spdlog::warn’
  257 | inline void warn(const T &msg) {
      |             ^~~~
/usr/local/include/spdlog/common.h:249:5: note:   ‘spdlog::level::warn’
  249 |     warn = SPDLOG_LEVEL_WARN,
      |     ^~~~
/OpenROAD/build/src/utl/CMakeFiles/utl_py.dir/Logger-pyPYTHON_wrap.cxx:7029:19: error: invalid use of incomplete type ‘class utl::Logger’
 7029 |         if (logger->debugCheck(utl::ORD, "trace", 1)) {
      |                   ^~
/OpenROAD/include/ord/OpenRoad.hh:110:7: note: forward declaration of ‘class utl::Logger’
  110 | class Logger;
      |       ^~~~~~
/OpenROAD/build/src/utl/CMakeFiles/utl_py.dir/Logger-pyPYTHON_wrap.cxx:7029:37: error: ‘ORD’ is not a member of ‘utl’; did you mean ‘ORD’?
 7029 |         if (logger->debugCheck(utl::ORD, "trace", 1)) {
      |                                     ^~~
/OpenROAD/src/utl/include/utl/Logger.h:435:5: note: ‘ORD’ declared here
  435 |   X(ORD)                \
      |     ^~~
/OpenROAD/src/utl/include/utl/Logger.h:454:29: note: in definition of macro ‘GENERATE_ENUM’
  454 | #define GENERATE_ENUM(ENUM) ENUM,
      |                             ^~~~
/OpenROAD/src/utl/include/utl/Logger.h:466:3: note: in expansion of macro ‘FOREACH_TOOL’
  466 |   FOREACH_TOOL(GENERATE_ENUM)
      |   ^~~~~~~~~~~~
/OpenROAD/build/src/utl/CMakeFiles/utl_py.dir/Logger-pyPYTHON_wrap.cxx:7032:17: error: invalid use of incomplete type ‘class utl::Logger’
 7032 |           logger->report("Stack trace");
      |                 ^~
/OpenROAD/include/ord/OpenRoad.hh:110:7: note: forward declaration of ‘class utl::Logger’
  110 | class Logger;
      |       ^~~~~~
/OpenROAD/build/src/utl/CMakeFiles/utl_py.dir/Logger-pyPYTHON_wrap.cxx:7033:17: error: invalid use of incomplete type ‘class utl::Logger’
 7033 |           logger->report(trace.str());
      |                 ^~
/OpenROAD/include/ord/OpenRoad.hh:110:7: note: forward declaration of ‘class utl::Logger’
  110 | class Logger;
      |       ^~~~~~
/OpenROAD/build/src/utl/CMakeFiles/utl_py.dir/Logger-pyPYTHON_wrap.cxx:7045:19: error: invalid use of incomplete type ‘class utl::Logger’
 7045 |         if (logger->debugCheck(utl::ORD, "trace", 1)) {
      |                   ^~
/OpenROAD/include/ord/OpenRoad.hh:110:7: note: forward declaration of ‘class utl::Logger’
  110 | class Logger;
      |       ^~~~~~
/OpenROAD/build/src/utl/CMakeFiles/utl_py.dir/Logger-pyPYTHON_wrap.cxx:7045:37: error: ‘ORD’ is not a member of ‘utl’; did you mean ‘ORD’?
 7045 |         if (logger->debugCheck(utl::ORD, "trace", 1)) {
      |                                     ^~~
/OpenROAD/src/utl/include/utl/Logger.h:435:5: note: ‘ORD’ declared here
  435 |   X(ORD)                \
      |     ^~~
/OpenROAD/src/utl/include/utl/Logger.h:454:29: note: in definition of macro ‘GENERATE_ENUM’
  454 | #define GENERATE_ENUM(ENUM) ENUM,
      |                             ^~~~
/OpenROAD/src/utl/include/utl/Logger.h:466:3: note: in expansion of macro ‘FOREACH_TOOL’
  466 |   FOREACH_TOOL(GENERATE_ENUM)
      |   ^~~~~~~~~~~~
/OpenROAD/build/src/utl/CMakeFiles/utl_py.dir/Logger-pyPYTHON_wrap.cxx:7048:17: error: invalid use of incomplete type ‘class utl::Logger’
 7048 |           logger->report("Stack trace");
      |                 ^~
/OpenROAD/include/ord/OpenRoad.hh:110:7: note: forward declaration of ‘class utl::Logger’
  110 | class Logger;
      |       ^~~~~~
/OpenROAD/build/src/utl/CMakeFiles/utl_py.dir/Logger-pyPYTHON_wrap.cxx:7049:17: error: invalid use of incomplete type ‘class utl::Logger’
 7049 |           logger->report(trace.str());
      |                 ^~
/OpenROAD/include/ord/OpenRoad.hh:110:7: note: forward declaration of ‘class utl::Logger’
  110 | class Logger;
      |       ^~~~~~
/OpenROAD/build/src/utl/CMakeFiles/utl_py.dir/Logger-pyPYTHON_wrap.cxx: In function ‘PyObject* _wrap_error(PyObject*, PyObject*)’:
/OpenROAD/build/src/utl/CMakeFiles/utl_py.dir/Logger-pyPYTHON_wrap.cxx:7069:8: error: ‘ToolId’ is not a member of ‘utl’; did you mean ‘ToolId’?
 7069 |   utl::ToolId arg1 ;
      |        ^~~~~~
/OpenROAD/src/utl/include/utl/Logger.h:464:6: note: ‘ToolId’ declared here
  464 | enum ToolId
      |      ^~~~~~
In file included from /OpenROAD/src/utl/include/utl/ScopedTemporaryFile.h:15,
                 from /OpenROAD/src/utl/src/ScopedTemporaryFile.cpp:1:
/OpenROAD/src/utl/include/utl/Logger.h:64:3: error: ‘ToolId’ does not name a type
   64 |   ToolId tool;
      |   ^~~~~~
/OpenROAD/build/src/utl/CMakeFiles/utl_py.dir/Logger-pyPYTHON_wrap.cxx:7087:3: error: ‘arg1’ was not declared in this scope; did you mean ‘arg3’?
 7087 |   arg1 = static_cast< utl::ToolId >(val1);
      |   ^~~~
      |   arg3
/OpenROAD/build/src/utl/CMakeFiles/utl_py.dir/Logger-pyPYTHON_wrap.cxx:7087:28: error: ‘ToolId’ in namespace ‘utl’ does not name a type
 7087 |   arg1 = static_cast< utl::ToolId >(val1);
      |                            ^~~~~~
/OpenROAD/build/src/utl/CMakeFiles/utl_py.dir/Logger-pyPYTHON_wrap.cxx:7100:12: error: ‘error’ is not a member of ‘utl’; did you mean ‘spdlog::error’?
 7100 |       utl::error(arg1,arg2,(char const *)arg3);
      |            ^~~~~
/usr/local/include/spdlog/spdlog.h:262:13: note: ‘spdlog::error’ declared here
  262 | inline void error(const T &msg) {
      |             ^~~~~
/OpenROAD/build/src/utl/CMakeFiles/utl_py.dir/Logger-pyPYTHON_wrap.cxx:7111:19: error: invalid use of incomplete type ‘class utl::Logger’
 7111 |         if (logger->debugCheck(utl::ORD, "trace", 1)) {
      |                   ^~
/OpenROAD/include/ord/OpenRoad.hh:110:7: note: forward declaration of ‘class utl::Logger’
  110 | class Logger;
      |       ^~~~~~
/OpenROAD/build/src/utl/CMakeFiles/utl_py.dir/Logger-pyPYTHON_wrap.cxx:7111:37: error: ‘ORD’ is not a member of ‘utl’; did you mean ‘ORD’?
 7111 |         if (logger->debugCheck(utl::ORD, "trace", 1)) {
      |                                     ^~~
/OpenROAD/src/utl/include/utl/Logger.h:435:5: note: ‘ORD’ declared here
  435 |   X(ORD)                \
      |     ^~~
/OpenROAD/src/utl/include/utl/Logger.h:454:29: note: in definition of macro ‘GENERATE_ENUM’
  454 | #define GENERATE_ENUM(ENUM) ENUM,
      |                             ^~~~
/OpenROAD/src/utl/include/utl/Logger.h:466:3: note: in expansion of macro ‘FOREACH_TOOL’
  466 |   FOREACH_TOOL(GENERATE_ENUM)
      |   ^~~~~~~~~~~~
/OpenROAD/build/src/utl/CMakeFiles/utl_py.dir/Logger-pyPYTHON_wrap.cxx:7114:17: error: invalid use of incomplete type ‘class utl::Logger’
 7114 |           logger->report("Stack trace");
      |                 ^~
/OpenROAD/include/ord/OpenRoad.hh:110:7: note: forward declaration of ‘class utl::Logger’
  110 | class Logger;
      |       ^~~~~~
/OpenROAD/build/src/utl/CMakeFiles/utl_py.dir/Logger-pyPYTHON_wrap.cxx:7115:17: error: invalid use of incomplete type ‘class utl::Logger’
 7115 |           logger->report(trace.str());
      |                 ^~
/OpenROAD/include/ord/OpenRoad.hh:110:7: note: forward declaration of ‘class utl::Logger’
  110 | class Logger;
      |       ^~~~~~
/OpenROAD/build/src/utl/CMakeFiles/utl_py.dir/Logger-pyPYTHON_wrap.cxx:7127:19: error: invalid use of incomplete type ‘class utl::Logger’
 7127 |         if (logger->debugCheck(utl::ORD, "trace", 1)) {
      |                   ^~
/OpenROAD/include/ord/OpenRoad.hh:110:7: note: forward declaration of ‘class utl::Logger’
  110 | class Logger;
      |       ^~~~~~
/OpenROAD/build/src/utl/CMakeFiles/utl_py.dir/Logger-pyPYTHON_wrap.cxx:7127:37: error: ‘ORD’ is not a member of ‘utl’; did you mean ‘ORD’?
 7127 |         if (logger->debugCheck(utl::ORD, "trace", 1)) {
      |                                     ^~~
/OpenROAD/src/utl/include/utl/Logger.h:435:5: note: ‘ORD’ declared here
  435 |   X(ORD)                \
      |     ^~~
/OpenROAD/src/utl/include/utl/Logger.h:454:29: note: in definition of macro ‘GENERATE_ENUM’
  454 | #define GENERATE_ENUM(ENUM) ENUM,
      |                             ^~~~
/OpenROAD/src/utl/include/utl/Logger.h:466:3: note: in expansion of macro ‘FOREACH_TOOL’
  466 |   FOREACH_TOOL(GENERATE_ENUM)
      |   ^~~~~~~~~~~~
/OpenROAD/build/src/utl/CMakeFiles/utl_py.dir/Logger-pyPYTHON_wrap.cxx:7130:17: error: invalid use of incomplete type ‘class utl::Logger’
 7130 |           logger->report("Stack trace");
      |                 ^~
/OpenROAD/src/utl/include/utl/Logger.h: In member function ‘bool utl::SchemaKey::operator==(const utl::SchemaKey&) const’:
/OpenROAD/src/utl/include/utl/Logger.h:68:12: error: ‘tool’ was not declared in this scope; did you mean ‘bool’?
   68 |     return tool == other.tool && id == other.id;
      |            ^~~~
      |            bool
/OpenROAD/src/utl/include/utl/Logger.h:68:26: error: ‘const struct utl::SchemaKey’ has no member named ‘tool’
   68 |     return tool == other.tool && id == other.id;
      |                          ^~~~
/OpenROAD/include/ord/OpenRoad.hh:110:7: note: forward declaration of ‘class utl::Logger’
  110 | class Logger;
      |       ^~~~~~
/OpenROAD/src/utl/include/utl/Logger.h: In member function ‘size_t utl::SchemaKeyHasher::operator()(const utl::SchemaKey&) const’:
/OpenROAD/src/utl/include/utl/Logger.h:74:48: error: ‘const struct utl::SchemaKey’ has no member named ‘tool’
   74 |     return std::hash<int>{}(static_cast<int>(k.tool)) ^ (std::hash<int>{}(k.id) << 1);
      |                                                ^~~~
/OpenROAD/build/src/utl/CMakeFiles/utl_py.dir/Logger-pyPYTHON_wrap.cxx:7131:17: error: invalid use of incomplete type ‘class utl::Logger’
 7131 |           logger->report(trace.str());
      |                 ^~
/OpenROAD/include/ord/OpenRoad.hh:110:7: note: forward declaration of ‘class utl::Logger’
  110 | class Logger;
      |       ^~~~~~
/OpenROAD/build/src/utl/CMakeFiles/utl_py.dir/Logger-pyPYTHON_wrap.cxx: In function ‘PyObject* _wrap_critical(PyObject*, PyObject*)’:
/OpenROAD/build/src/utl/CMakeFiles/utl_py.dir/Logger-pyPYTHON_wrap.cxx:7151:8: error: ‘ToolId’ is not a member of ‘utl’; did you mean ‘ToolId’?
 7151 |   utl::ToolId arg1 ;
      |        ^~~~~~
/OpenROAD/src/utl/include/utl/Logger.h:464:6: note: ‘ToolId’ declared here
  464 | enum ToolId
      |      ^~~~~~
/OpenROAD/build/src/utl/CMakeFiles/utl_py.dir/Logger-pyPYTHON_wrap.cxx:7169:3: error: ‘arg1’ was not declared in this scope; did you mean ‘arg3’?
 7169 |   arg1 = static_cast< utl::ToolId >(val1);
      |   ^~~~
      |   arg3
/OpenROAD/build/src/utl/CMakeFiles/utl_py.dir/Logger-pyPYTHON_wrap.cxx:7169:28: error: ‘ToolId’ in namespace ‘utl’ does not name a type
 7169 |   arg1 = static_cast< utl::ToolId >(val1);
      |                            ^~~~~~
/OpenROAD/build/src/utl/CMakeFiles/utl_py.dir/Logger-pyPYTHON_wrap.cxx:7182:12: error: ‘critical’ is not a member of ‘utl’
 7182 |       utl::critical(arg1,arg2,(char const *)arg3);
      |            ^~~~~~~~
/OpenROAD/build/src/utl/CMakeFiles/utl_py.dir/Logger-pyPYTHON_wrap.cxx:7182:12: note: suggested alternatives:
/usr/local/include/spdlog/spdlog.h:267:13: note:   ‘spdlog::critical’
  267 | inline void critical(const T &msg) {
      |             ^~~~~~~~
/usr/local/include/spdlog/common.h:251:5: note:   ‘spdlog::level::critical’
  251 |     critical = SPDLOG_LEVEL_CRITICAL,
      |     ^~~~~~~~
/OpenROAD/src/utl/include/utl/Logger.h: At global scope:
/OpenROAD/src/utl/include/utl/Logger.h:101:20: error: ‘SQLiteType’ does not name a type
  101 |   static constexpr SQLiteType value = SQLiteType::INTEGER;
      |                    ^~~~~~~~~~
/OpenROAD/build/src/utl/CMakeFiles/utl_py.dir/Logger-pyPYTHON_wrap.cxx:7193:19: error: invalid use of incomplete type ‘class utl::Logger’
 7193 |         if (logger->debugCheck(utl::ORD, "trace", 1)) {
      |                   ^~
/OpenROAD/include/ord/OpenRoad.hh:110:7: note: forward declaration of ‘class utl::Logger’
  110 | class Logger;
      |       ^~~~~~
/OpenROAD/src/utl/include/utl/Logger.h:816:66: error: ‘SchemaKey’ has not been declared
  816 |   std::optional<std::shared_ptr<AbstractQueue>> logToDbFindQueue(SchemaKey key);
      |                                                                  ^~~~~~~~~
/OpenROAD/build/src/utl/CMakeFiles/utl_py.dir/Logger-pyPYTHON_wrap.cxx:7193:37: error: ‘ORD’ is not a member of ‘utl’; did you mean ‘ORD’?
 7193 |         if (logger->debugCheck(utl::ORD, "trace", 1)) {
      |                                     ^~~
/OpenROAD/src/utl/include/utl/Logger.h:435:5: note: ‘ORD’ declared here
  435 |   X(ORD)                \
      |     ^~~
/OpenROAD/src/utl/include/utl/Logger.h:454:29: note: in definition of macro ‘GENERATE_ENUM’
  454 | #define GENERATE_ENUM(ENUM) ENUM,
      |                             ^~~~
/OpenROAD/src/utl/include/utl/Logger.h:466:3: note: in expansion of macro ‘FOREACH_TOOL’
  466 |   FOREACH_TOOL(GENERATE_ENUM)
      |   ^~~~~~~~~~~~
/OpenROAD/build/src/utl/CMakeFiles/utl_py.dir/Logger-pyPYTHON_wrap.cxx:7196:17: error: invalid use of incomplete type ‘class utl::Logger’
 7196 |           logger->report("Stack trace");
      |                 ^~
/OpenROAD/include/ord/OpenRoad.hh:110:7: note: forward declaration of ‘class utl::Logger’
  110 | class Logger;
      |       ^~~~~~
/OpenROAD/build/src/utl/CMakeFiles/utl_py.dir/Logger-pyPYTHON_wrap.cxx:7197:17: error: invalid use of incomplete type ‘class utl::Logger’
 7197 |           logger->report(trace.str());
      |                 ^~
/OpenROAD/include/ord/OpenRoad.hh:110:7: note: forward declaration of ‘class utl::Logger’
  110 | class Logger;
      |       ^~~~~~
/OpenROAD/build/src/utl/CMakeFiles/utl_py.dir/Logger-pyPYTHON_wrap.cxx:7209:19: error: invalid use of incomplete type ‘class utl::Logger’
 7209 |         if (logger->debugCheck(utl::ORD, "trace", 1)) {
      |                   ^~
/OpenROAD/include/ord/OpenRoad.hh:110:7: note: forward declaration of ‘class utl::Logger’
  110 | class Logger;
      |       ^~~~~~
/OpenROAD/src/utl/include/utl/Logger.h:106:20: error: ‘SQLiteType’ does not name a type
  106 |   static constexpr SQLiteType value = SQLiteType::REAL;
      |                    ^~~~~~~~~~
/OpenROAD/build/src/utl/CMakeFiles/utl_py.dir/Logger-pyPYTHON_wrap.cxx:7209:37: error: ‘ORD’ is not a member of ‘utl’; did you mean ‘ORD’?
 7209 |         if (logger->debugCheck(utl::ORD, "trace", 1)) {
      |                                     ^~~
/OpenROAD/src/utl/include/utl/Logger.h:435:5: note: ‘ORD’ declared here
  435 |   X(ORD)                \
      |     ^~~
/OpenROAD/src/utl/include/utl/Logger.h:454:29: note: in definition of macro ‘GENERATE_ENUM’
  454 | #define GENERATE_ENUM(ENUM) ENUM,
      |                             ^~~~
/OpenROAD/src/utl/include/utl/Logger.h:466:3: note: in expansion of macro ‘FOREACH_TOOL’
  466 |   FOREACH_TOOL(GENERATE_ENUM)
      |   ^~~~~~~~~~~~
/OpenROAD/src/utl/include/utl/Logger.h:817:3: error: ‘SchemaInfo’ does not name a type
  817 |   SchemaInfo logToDbBuildSchemaInfo(sqlite3* db,
      |   ^~~~~~~~~~
/OpenROAD/src/utl/include/utl/Logger.h:821:29: error: ‘SchemaKey’ has not been declared
  821 |   void logToDbRegisterQueue(SchemaKey key,
      |                             ^~~~~~~~~
/OpenROAD/build/src/utl/CMakeFiles/utl_py.dir/Logger-pyPYTHON_wrap.cxx:7212:17: error: invalid use of incomplete type ‘class utl::Logger’
 7212 |           logger->report("Stack trace");
      |                 ^~
/OpenROAD/include/ord/OpenRoad.hh:110:7: note: forward declaration of ‘class utl::Logger’
  110 | class Logger;
      |       ^~~~~~
/OpenROAD/build/src/utl/CMakeFiles/utl_py.dir/Logger-pyPYTHON_wrap.cxx:7213:17: error: invalid use of incomplete type ‘class utl::Logger’
 7213 |           logger->report(trace.str());
      |                 ^~
/OpenROAD/include/ord/OpenRoad.hh:110:7: note: forward declaration of ‘class utl::Logger’
  110 | class Logger;
      |       ^~~~~~
/OpenROAD/build/src/utl/CMakeFiles/utl_py.dir/Logger-pyPYTHON_wrap.cxx: In function ‘PyObject* _wrap_open_metrics(PyObject*, PyObject*)’:
/OpenROAD/build/src/utl/CMakeFiles/utl_py.dir/Logger-pyPYTHON_wrap.cxx:7260:19: error: invalid use of incomplete type ‘class utl::Logger’
 7260 |         if (logger->debugCheck(utl::ORD, "trace", 1)) {
      |                   ^~
/OpenROAD/include/ord/OpenRoad.hh:110:7: note: forward declaration of ‘class utl::Logger’
  110 | class Logger;
      |       ^~~~~~
/OpenROAD/build/src/utl/CMakeFiles/utl_py.dir/Logger-pyPYTHON_wrap.cxx:7260:37: error: ‘ORD’ is not a member of ‘utl’; did you mean ‘ORD’?
 7260 |         if (logger->debugCheck(utl::ORD, "trace", 1)) {
      |                                     ^~~
/OpenROAD/src/utl/include/utl/Logger.h:435:5: note: ‘ORD’ declared here
  435 |   X(ORD)                \
      |     ^~~
/OpenROAD/src/utl/include/utl/Logger.h:454:29: note: in definition of macro ‘GENERATE_ENUM’
  454 | #define GENERATE_ENUM(ENUM) ENUM,
      |                             ^~~~
/OpenROAD/src/utl/include/utl/Logger.h:466:3: note: in expansion of macro ‘FOREACH_TOOL’
  466 |   FOREACH_TOOL(GENERATE_ENUM)
      |   ^~~~~~~~~~~~
/OpenROAD/build/src/utl/CMakeFiles/utl_py.dir/Logger-pyPYTHON_wrap.cxx:7263:17: error: invalid use of incomplete type ‘class utl::Logger’
 7263 |           logger->report("Stack trace");
      |                 ^~
/OpenROAD/include/ord/OpenRoad.hh:110:7: note: forward declaration of ‘class utl::Logger’
  110 | class Logger;
      |       ^~~~~~
/OpenROAD/build/src/utl/CMakeFiles/utl_py.dir/Logger-pyPYTHON_wrap.cxx:7264:17: error: invalid use of incomplete type ‘class utl::Logger’
 7264 |           logger->report(trace.str());
      |                 ^~
/OpenROAD/include/ord/OpenRoad.hh:110:7: note: forward declaration of ‘class utl::Logger’
  110 | class Logger;
      |       ^~~~~~
/OpenROAD/build/src/utl/CMakeFiles/utl_py.dir/Logger-pyPYTHON_wrap.cxx:7276:19: error: invalid use of incomplete type ‘class utl::Logger’
 7276 |         if (logger->debugCheck(utl::ORD, "trace", 1)) {
      |                   ^~
/OpenROAD/include/ord/OpenRoad.hh:110:7: note: forward declaration of ‘class utl::Logger’
  110 | class Logger;
      |       ^~~~~~
/OpenROAD/build/src/utl/CMakeFiles/utl_py.dir/Logger-pyPYTHON_wrap.cxx:7276:37: error: ‘ORD’ is not a member of ‘utl’; did you mean ‘ORD’?
 7276 |         if (logger->debugCheck(utl::ORD, "trace", 1)) {
      |                                     ^~~
/OpenROAD/src/utl/include/utl/Logger.h:435:5: note: ‘ORD’ declared here
  435 |   X(ORD)                \
      |     ^~~
/OpenROAD/src/utl/include/utl/Logger.h:454:29: note: in definition of macro ‘GENERATE_ENUM’
  454 | #define GENERATE_ENUM(ENUM) ENUM,
      |                             ^~~~
/OpenROAD/src/utl/include/utl/Logger.h:466:3: note: in expansion of macro ‘FOREACH_TOOL’
  466 |   FOREACH_TOOL(GENERATE_ENUM)
      |   ^~~~~~~~~~~~
/OpenROAD/build/src/utl/CMakeFiles/utl_py.dir/Logger-pyPYTHON_wrap.cxx:7279:17: error: invalid use of incomplete type ‘class utl::Logger’
 7279 |           logger->report("Stack trace");
      |                 ^~
/OpenROAD/include/ord/OpenRoad.hh:110:7: note: forward declaration of ‘class utl::Logger’
  110 | class Logger;
      |       ^~~~~~
/OpenROAD/build/src/utl/CMakeFiles/utl_py.dir/Logger-pyPYTHON_wrap.cxx:7280:17: error: invalid use of incomplete type ‘class utl::Logger’
 7280 |           logger->report(trace.str());
      |                 ^~
/OpenROAD/include/ord/OpenRoad.hh:110:7: note: forward declaration of ‘class utl::Logger’
  110 | class Logger;
      |       ^~~~~~
/OpenROAD/build/src/utl/CMakeFiles/utl_py.dir/Logger-pyPYTHON_wrap.cxx: In function ‘PyObject* _wrap_close_metrics(PyObject*, PyObject*)’:
/OpenROAD/build/src/utl/CMakeFiles/utl_py.dir/Logger-pyPYTHON_wrap.cxx:7327:19: error: invalid use of incomplete type ‘class utl::Logger’
 7327 |         if (logger->debugCheck(utl::ORD, "trace", 1)) {
      |                   ^~
/OpenROAD/include/ord/OpenRoad.hh:110:7: note: forward declaration of ‘class utl::Logger’
  110 | class Logger;
      |       ^~~~~~
/OpenROAD/src/utl/include/utl/Logger.h:127:9: error: ‘SchemaInfo’ does not name a type
  127 |   const SchemaInfo& schema_info() const { return info_; }
      |         ^~~~~~~~~~
/OpenROAD/build/src/utl/CMakeFiles/utl_py.dir/Logger-pyPYTHON_wrap.cxx:7327:37: error: ‘ORD’ is not a member of ‘utl’; did you mean ‘ORD’?
 7327 |         if (logger->debugCheck(utl::ORD, "trace", 1)) {
      |                                     ^~~
/OpenROAD/src/utl/include/utl/Logger.h:435:5: note: ‘ORD’ declared here
  435 |   X(ORD)                \
      |     ^~~
/OpenROAD/src/utl/include/utl/Logger.h:454:29: note: in definition of macro ‘GENERATE_ENUM’
  454 | #define GENERATE_ENUM(ENUM) ENUM,
      |                             ^~~~
/OpenROAD/src/utl/include/utl/Logger.h:466:3: note: in expansion of macro ‘FOREACH_TOOL’
  466 |   FOREACH_TOOL(GENERATE_ENUM)
      |   ^~~~~~~~~~~~
/OpenROAD/build/src/utl/CMakeFiles/utl_py.dir/Logger-pyPYTHON_wrap.cxx:7330:17: error: invalid use of incomplete type ‘class utl::Logger’
 7330 |           logger->report("Stack trace");
      |                 ^~
/OpenROAD/include/ord/OpenRoad.hh:110:7: note: forward declaration of ‘class utl::Logger’
  110 | class Logger;
      |       ^~~~~~
/OpenROAD/build/src/utl/CMakeFiles/utl_py.dir/Logger-pyPYTHON_wrap.cxx:7331:17: error: invalid use of incomplete type ‘class utl::Logger’
 7331 |           logger->report(trace.str());
      |                 ^~
/OpenROAD/include/ord/OpenRoad.hh:110:7: note: forward declaration of ‘class utl::Logger’
  110 | class Logger;
      |       ^~~~~~
/OpenROAD/build/src/utl/CMakeFiles/utl_py.dir/Logger-pyPYTHON_wrap.cxx:7343:19: error: invalid use of incomplete type ‘class utl::Logger’
 7343 |         if (logger->debugCheck(utl::ORD, "trace", 1)) {
      |                   ^~
/OpenROAD/include/ord/OpenRoad.hh:110:7: note: forward declaration of ‘class utl::Logger’
  110 | class Logger;
      |       ^~~~~~
/OpenROAD/build/src/utl/CMakeFiles/utl_py.dir/Logger-pyPYTHON_wrap.cxx:7343:37: error: ‘ORD’ is not a member of ‘utl’; did you mean ‘ORD’?
 7343 |         if (logger->debugCheck(utl::ORD, "trace", 1)) {
      |                                     ^~~
/OpenROAD/src/utl/include/utl/Logger.h:435:5: note: ‘ORD’ declared here
  435 |   X(ORD)                \
      |     ^~~
/OpenROAD/src/utl/include/utl/Logger.h:454:29: note: in definition of macro ‘GENERATE_ENUM’
  454 | #define GENERATE_ENUM(ENUM) ENUM,
      |                             ^~~~
/OpenROAD/src/utl/include/utl/Logger.h:466:3: note: in expansion of macro ‘FOREACH_TOOL’
  466 |   FOREACH_TOOL(GENERATE_ENUM)
      |   ^~~~~~~~~~~~
/OpenROAD/build/src/utl/CMakeFiles/utl_py.dir/Logger-pyPYTHON_wrap.cxx:7346:17: error: invalid use of incomplete type ‘class utl::Logger’
 7346 |           logger->report("Stack trace");
      |                 ^~
/OpenROAD/include/ord/OpenRoad.hh:110:7: note: forward declaration of ‘class utl::Logger’
  110 | class Logger;
      |       ^~~~~~
/OpenROAD/build/src/utl/CMakeFiles/utl_py.dir/Logger-pyPYTHON_wrap.cxx:7347:17: error: invalid use of incomplete type ‘class utl::Logger’
 7347 |           logger->report(trace.str());
      |                 ^~
/OpenROAD/include/ord/OpenRoad.hh:110:7: note: forward declaration of ‘class utl::Logger’
  110 | class Logger;
      |       ^~~~~~
/OpenROAD/build/src/utl/CMakeFiles/utl_py.dir/Logger-pyPYTHON_wrap.cxx: In function ‘PyObject* _wrap_metric(PyObject*, PyObject*)’:
/OpenROAD/build/src/utl/CMakeFiles/utl_py.dir/Logger-pyPYTHON_wrap.cxx:7402:19: error: invalid use of incomplete type ‘class utl::Logger’
 7402 |         if (logger->debugCheck(utl::ORD, "trace", 1)) {
      |                   ^~
/OpenROAD/include/ord/OpenRoad.hh:110:7: note: forward declaration of ‘class utl::Logger’
  110 | class Logger;
      |       ^~~~~~
/OpenROAD/build/src/utl/CMakeFiles/utl_py.dir/Logger-pyPYTHON_wrap.cxx:7402:37: error: ‘ORD’ is not a member of ‘utl’; did you mean ‘ORD’?
 7402 |         if (logger->debugCheck(utl::ORD, "trace", 1)) {
      |                                     ^~~
/OpenROAD/src/utl/include/utl/Logger.h:435:5: note: ‘ORD’ declared here
  435 |   X(ORD)                \
      |     ^~~
/OpenROAD/src/utl/include/utl/Logger.h:454:29: note: in definition of macro ‘GENERATE_ENUM’
  454 | #define GENERATE_ENUM(ENUM) ENUM,
      |                             ^~~~
/OpenROAD/src/utl/include/utl/Logger.h:466:3: note: in expansion of macro ‘FOREACH_TOOL’
  466 |   FOREACH_TOOL(GENERATE_ENUM)
      |   ^~~~~~~~~~~~
/OpenROAD/build/src/utl/CMakeFiles/utl_py.dir/Logger-pyPYTHON_wrap.cxx:7405:17: error: invalid use of incomplete type ‘class utl::Logger’
 7405 |           logger->report("Stack trace");
      |                 ^~
/OpenROAD/include/ord/OpenRoad.hh:110:7: note: forward declaration of ‘class utl::Logger’
  110 | class Logger;
      |       ^~~~~~
/OpenROAD/build/src/utl/CMakeFiles/utl_py.dir/Logger-pyPYTHON_wrap.cxx:7406:17: error: invalid use of incomplete type ‘class utl::Logger’
 7406 |           logger->report(trace.str());
      |                 ^~
/OpenROAD/include/ord/OpenRoad.hh:110:7: note: forward declaration of ‘class utl::Logger’
  110 | class Logger;
      |       ^~~~~~
/OpenROAD/build/src/utl/CMakeFiles/utl_py.dir/Logger-pyPYTHON_wrap.cxx:7418:19: error: invalid use of incomplete type ‘class utl::Logger’
 7418 |         if (logger->debugCheck(utl::ORD, "trace", 1)) {
      |                   ^~
/OpenROAD/include/ord/OpenRoad.hh:110:7: note: forward declaration of ‘class utl::Logger’
  110 | class Logger;
      |       ^~~~~~
/OpenROAD/src/utl/include/utl/Logger.h:147:3: error: ‘SchemaInfo’ does not name a type
  147 |   SchemaInfo info_;
      |   ^~~~~~~~~~
/OpenROAD/src/utl/include/utl/Logger.h:159:33: error: expected ‘)’ before ‘info’
  159 |   explicit TypedQueue(SchemaInfo info) { info_ = std::move(info); }
      |                      ~          ^~~~~
      |                                 )
/OpenROAD/src/utl/include/utl/Logger.h: In static member function ‘static void TypedQueue<Args>::bind_field(sqlite3_stmt*, int, T)’:
/OpenROAD/src/utl/include/utl/Logger.h:237:45: error: ‘SQLiteType’ has not been declared
  237 |     if constexpr (TypeToSQLite<T>::value == SQLiteType::INTEGER) {
      |                                             ^~~~~~~~~~
/OpenROAD/src/utl/include/utl/Logger.h:239:52: error: ‘SQLiteType’ has not been declared
  239 |     } else if constexpr (TypeToSQLite<T>::value == SQLiteType::REAL) {
      |                                                    ^~~~~~~~~~
/OpenROAD/build/src/utl/CMakeFiles/utl_py.dir/Logger-pyPYTHON_wrap.cxx:7418:37: error: ‘ORD’ is not a member of ‘utl’; did you mean ‘ORD’?
 7418 |         if (logger->debugCheck(utl::ORD, "trace", 1)) {
      |                                     ^~~
/OpenROAD/src/utl/include/utl/Logger.h:435:5: note: ‘ORD’ declared here
  435 |   X(ORD)                \
      |     ^~~
/OpenROAD/src/utl/include/utl/Logger.h:454:29: note: in definition of macro ‘GENERATE_ENUM’
  454 | #define GENERATE_ENUM(ENUM) ENUM,
      |                             ^~~~
/OpenROAD/src/utl/include/utl/Logger.h:466:3: note: in expansion of macro ‘FOREACH_TOOL’
  466 |   FOREACH_TOOL(GENERATE_ENUM)
      |   ^~~~~~~~~~~~
/OpenROAD/build/src/utl/CMakeFiles/utl_py.dir/Logger-pyPYTHON_wrap.cxx:7421:17: error: invalid use of incomplete type ‘class utl::Logger’
 7421 |           logger->report("Stack trace");
      |                 ^~
/OpenROAD/include/ord/OpenRoad.hh:110:7: note: forward declaration of ‘class utl::Logger’
  110 | class Logger;
      |       ^~~~~~
/OpenROAD/build/src/utl/CMakeFiles/utl_py.dir/Logger-pyPYTHON_wrap.cxx:7422:17: error: invalid use of incomplete type ‘class utl::Logger’
 7422 |           logger->report(trace.str());
      |                 ^~
/OpenROAD/include/ord/OpenRoad.hh:110:7: note: forward declaration of ‘class utl::Logger’
  110 | class Logger;
      |       ^~~~~~
/OpenROAD/build/src/utl/CMakeFiles/utl_py.dir/Logger-pyPYTHON_wrap.cxx: In function ‘PyObject* _wrap_metric_integer(PyObject*, PyObject*)’:
/OpenROAD/build/src/utl/CMakeFiles/utl_py.dir/Logger-pyPYTHON_wrap.cxx:7478:19: error: invalid use of incomplete type ‘class utl::Logger’
 7478 |         if (logger->debugCheck(utl::ORD, "trace", 1)) {
      |                   ^~
/OpenROAD/include/ord/OpenRoad.hh:110:7: note: forward declaration of ‘class utl::Logger’
  110 | class Logger;
      |       ^~~~~~
/OpenROAD/build/src/utl/CMakeFiles/utl_py.dir/Logger-pyPYTHON_wrap.cxx:7478:37: error: ‘ORD’ is not a member of ‘utl’; did you mean ‘ORD’?
 7478 |         if (logger->debugCheck(utl::ORD, "trace", 1)) {
      |                                     ^~~
/OpenROAD/src/utl/include/utl/Logger.h:435:5: note: ‘ORD’ declared here
  435 |   X(ORD)                \
      |     ^~~
/OpenROAD/src/utl/include/utl/Logger.h:454:29: note: in definition of macro ‘GENERATE_ENUM’
  454 | #define GENERATE_ENUM(ENUM) ENUM,
      |                             ^~~~
/OpenROAD/src/utl/include/utl/Logger.h:466:3: note: in expansion of macro ‘FOREACH_TOOL’
  466 |   FOREACH_TOOL(GENERATE_ENUM)
      |   ^~~~~~~~~~~~
/OpenROAD/build/src/utl/CMakeFiles/utl_py.dir/Logger-pyPYTHON_wrap.cxx:7481:17: error: invalid use of incomplete type ‘class utl::Logger’
 7481 |           logger->report("Stack trace");
      |                 ^~
/OpenROAD/include/ord/OpenRoad.hh:110:7: note: forward declaration of ‘class utl::Logger’
  110 | class Logger;
      |       ^~~~~~
/OpenROAD/build/src/utl/CMakeFiles/utl_py.dir/Logger-pyPYTHON_wrap.cxx:7482:17: error: invalid use of incomplete type ‘class utl::Logger’
 7482 |           logger->report(trace.str());
      |                 ^~
/OpenROAD/include/ord/OpenRoad.hh:110:7: note: forward declaration of ‘class utl::Logger’
  110 | class Logger;
      |       ^~~~~~
/OpenROAD/build/src/utl/CMakeFiles/utl_py.dir/Logger-pyPYTHON_wrap.cxx:7494:19: error: invalid use of incomplete type ‘class utl::Logger’
 7494 |         if (logger->debugCheck(utl::ORD, "trace", 1)) {
      |                   ^~
/OpenROAD/include/ord/OpenRoad.hh:110:7: note: forward declaration of ‘class utl::Logger’
  110 | class Logger;
      |       ^~~~~~
/OpenROAD/build/src/utl/CMakeFiles/utl_py.dir/Logger-pyPYTHON_wrap.cxx:7494:37: error: ‘ORD’ is not a member of ‘utl’; did you mean ‘ORD’?
 7494 |         if (logger->debugCheck(utl::ORD, "trace", 1)) {
      |                                     ^~~
/OpenROAD/src/utl/include/utl/Logger.h:435:5: note: ‘ORD’ declared here
  435 |   X(ORD)                \
      |     ^~~
/OpenROAD/src/utl/include/utl/Logger.h:454:29: note: in definition of macro ‘GENERATE_ENUM’
  454 | #define GENERATE_ENUM(ENUM) ENUM,
      |                             ^~~~
/OpenROAD/src/utl/include/utl/Logger.h:466:3: note: in expansion of macro ‘FOREACH_TOOL’
  466 |   FOREACH_TOOL(GENERATE_ENUM)
      |   ^~~~~~~~~~~~
/OpenROAD/build/src/utl/CMakeFiles/utl_py.dir/Logger-pyPYTHON_wrap.cxx:7497:17: error: invalid use of incomplete type ‘class utl::Logger’
 7497 |           logger->report("Stack trace");
      |                 ^~
/OpenROAD/include/ord/OpenRoad.hh:110:7: note: forward declaration of ‘class utl::Logger’
  110 | class Logger;
      |       ^~~~~~
/OpenROAD/build/src/utl/CMakeFiles/utl_py.dir/Logger-pyPYTHON_wrap.cxx:7498:17: error: invalid use of incomplete type ‘class utl::Logger’
 7498 |           logger->report(trace.str());
      |                 ^~
/OpenROAD/include/ord/OpenRoad.hh:110:7: note: forward declaration of ‘class utl::Logger’
  110 | class Logger;
      |       ^~~~~~
/OpenROAD/build/src/utl/CMakeFiles/utl_py.dir/Logger-pyPYTHON_wrap.cxx: In function ‘PyObject* _wrap_metric_float__SWIG_0(PyObject*, Py_ssize_t, PyObject**)’:
/OpenROAD/build/src/utl/CMakeFiles/utl_py.dir/Logger-pyPYTHON_wrap.cxx:7551:19: error: invalid use of incomplete type ‘class utl::Logger’
 7551 |         if (logger->debugCheck(utl::ORD, "trace", 1)) {
      |                   ^~
/OpenROAD/include/ord/OpenRoad.hh:110:7: note: forward declaration of ‘class utl::Logger’
  110 | class Logger;
      |       ^~~~~~
/OpenROAD/src/utl/include/utl/Logger.h: In member function ‘bool TypedQueue<Args>::build_insert_stmt(sqlite3*)’:
/OpenROAD/src/utl/include/utl/Logger.h:256:40: error: ‘info_’ was not declared in this scope
  256 |     std::string sql = "INSERT INTO " + info_.table_name + " (";
      |                                        ^~~~~
/OpenROAD/build/src/utl/CMakeFiles/utl_py.dir/Logger-pyPYTHON_wrap.cxx:7551:37: error: ‘ORD’ is not a member of ‘utl’; did you mean ‘ORD’?
 7551 |         if (logger->debugCheck(utl::ORD, "trace", 1)) {
      |                                     ^~~
/OpenROAD/src/utl/include/utl/Logger.h:435:5: note: ‘ORD’ declared here
  435 |   X(ORD)                \
      |     ^~~
/OpenROAD/src/utl/include/utl/Logger.h:454:29: note: in definition of macro ‘GENERATE_ENUM’
  454 | #define GENERATE_ENUM(ENUM) ENUM,
      |                             ^~~~
/OpenROAD/src/utl/include/utl/Logger.h:466:3: note: in expansion of macro ‘FOREACH_TOOL’
  466 |   FOREACH_TOOL(GENERATE_ENUM)
      |   ^~~~~~~~~~~~
/OpenROAD/build/src/utl/CMakeFiles/utl_py.dir/Logger-pyPYTHON_wrap.cxx:7554:17: error: invalid use of incomplete type ‘class utl::Logger’
 7554 |           logger->report("Stack trace");
      |                 ^~
/OpenROAD/include/ord/OpenRoad.hh:110:7: note: forward declaration of ‘class utl::Logger’
  110 | class Logger;
      |       ^~~~~~
/OpenROAD/build/src/utl/CMakeFiles/utl_py.dir/Logger-pyPYTHON_wrap.cxx:7555:17: error: invalid use of incomplete type ‘class utl::Logger’
 7555 |           logger->report(trace.str());
      |                 ^~
/OpenROAD/include/ord/OpenRoad.hh:110:7: note: forward declaration of ‘class utl::Logger’
  110 | class Logger;
      |       ^~~~~~
/OpenROAD/build/src/utl/CMakeFiles/utl_py.dir/Logger-pyPYTHON_wrap.cxx:7567:19: error: invalid use of incomplete type ‘class utl::Logger’
 7567 |         if (logger->debugCheck(utl::ORD, "trace", 1)) {
      |                   ^~
/OpenROAD/include/ord/OpenRoad.hh:110:7: note: forward declaration of ‘class utl::Logger’
  110 | class Logger;
      |       ^~~~~~
/OpenROAD/build/src/utl/CMakeFiles/utl_py.dir/Logger-pyPYTHON_wrap.cxx:7567:37: error: ‘ORD’ is not a member of ‘utl’; did you mean ‘ORD’?
 7567 |         if (logger->debugCheck(utl::ORD, "trace", 1)) {
      |                                     ^~~
/OpenROAD/src/utl/include/utl/Logger.h:435:5: note: ‘ORD’ declared here
  435 |   X(ORD)                \
      |     ^~~
/OpenROAD/src/utl/include/utl/Logger.h:454:29: note: in definition of macro ‘GENERATE_ENUM’
  454 | #define GENERATE_ENUM(ENUM) ENUM,
      |                             ^~~~
/OpenROAD/src/utl/include/utl/Logger.h:466:3: note: in expansion of macro ‘FOREACH_TOOL’
  466 |   FOREACH_TOOL(GENERATE_ENUM)
      |   ^~~~~~~~~~~~
/OpenROAD/build/src/utl/CMakeFiles/utl_py.dir/Logger-pyPYTHON_wrap.cxx:7570:17: error: invalid use of incomplete type ‘class utl::Logger’
 7570 |           logger->report("Stack trace");
      |                 ^~
/OpenROAD/include/ord/OpenRoad.hh:110:7: note: forward declaration of ‘class utl::Logger’
  110 | class Logger;
      |       ^~~~~~
/OpenROAD/build/src/utl/CMakeFiles/utl_py.dir/Logger-pyPYTHON_wrap.cxx:7571:17: error: invalid use of incomplete type ‘class utl::Logger’
 7571 |           logger->report(trace.str());
      |                 ^~
/OpenROAD/include/ord/OpenRoad.hh:110:7: note: forward declaration of ‘class utl::Logger’
  110 | class Logger;
      |       ^~~~~~
/OpenROAD/src/utl/include/utl/Logger.h: In member function ‘void Logger::logToDb(ToolId, int, Args&& ...)’:
/OpenROAD/src/utl/include/utl/Logger.h:623:26: error: ‘SQLiteType’ was not declared in this scope; did you mean ‘utl::SQLiteType’?
  623 |     constexpr std::array<SQLiteType, sizeof...(Args)> types_arr
      |                          ^~~~~~~~~~
      |                          utl::SQLiteType
/OpenROAD/src/utl/include/utl/Logger.h:56:12: note: ‘utl::SQLiteType’ declared here
   56 | enum class SQLiteType {
      |            ^~~~~~~~~~
/OpenROAD/src/utl/include/utl/Logger.h:623:53: error: template argument 1 is invalid
  623 |     constexpr std::array<SQLiteType, sizeof...(Args)> types_arr
      |                                                     ^
/OpenROAD/build/src/utl/CMakeFiles/utl_py.dir/Logger-pyPYTHON_wrap.cxx: In function ‘PyObject* _wrap_metric_float__SWIG_1(PyObject*, Py_ssize_t, PyObject**)’:
/OpenROAD/build/src/utl/CMakeFiles/utl_py.dir/Logger-pyPYTHON_wrap.cxx:7625:19: error: invalid use of incomplete type ‘class utl::Logger’
 7625 |         if (logger->debugCheck(utl::ORD, "trace", 1)) {
      |                   ^~
/OpenROAD/src/utl/include/utl/Logger.h:627:5: error: ‘SchemaKey’ was not declared in this scope; did you mean ‘utl::SchemaKey’?
  627 |     SchemaKey key{tool, id};
      |     ^~~~~~~~~
      |     utl::SchemaKey
/OpenROAD/include/ord/OpenRoad.hh:110:7: note: forward declaration of ‘class utl::Logger’
  110 | class Logger;
      |       ^~~~~~
/OpenROAD/src/utl/include/utl/Logger.h:63:8: note: ‘utl::SchemaKey’ declared here
   63 | struct SchemaKey {
      |        ^~~~~~~~~
/OpenROAD/build/src/utl/CMakeFiles/utl_py.dir/Logger-pyPYTHON_wrap.cxx:7625:37: error: ‘ORD’ is not a member of ‘utl’; did you mean ‘ORD’?
 7625 |         if (logger->debugCheck(utl::ORD, "trace", 1)) {
      |                                     ^~~
/OpenROAD/src/utl/include/utl/Logger.h: At global scope:
/OpenROAD/src/utl/include/utl/Logger.h:280:3: error: ‘SchemaKey’ does not name a type
  280 |   SchemaKey key;
      |   ^~~~~~~~~
/OpenROAD/src/utl/include/utl/Logger.h:435:5: note: ‘ORD’ declared here
  435 |   X(ORD)                \
      |     ^~~
/OpenROAD/src/utl/include/utl/Logger.h:454:29: note: in definition of macro ‘GENERATE_ENUM’
  454 | #define GENERATE_ENUM(ENUM) ENUM,
      |                             ^~~~
/OpenROAD/src/utl/include/utl/Logger.h:466:3: note: in expansion of macro ‘FOREACH_TOOL’
  466 |   FOREACH_TOOL(GENERATE_ENUM)
      |   ^~~~~~~~~~~~
/OpenROAD/build/src/utl/CMakeFiles/utl_py.dir/Logger-pyPYTHON_wrap.cxx:7628:17: error: invalid use of incomplete type ‘class utl::Logger’
 7628 |           logger->report("Stack trace");
      |                 ^~
/OpenROAD/include/ord/OpenRoad.hh:110:7: note: forward declaration of ‘class utl::Logger’
  110 | class Logger;
      |       ^~~~~~
/OpenROAD/build/src/utl/CMakeFiles/utl_py.dir/Logger-pyPYTHON_wrap.cxx:7629:17: error: invalid use of incomplete type ‘class utl::Logger’
 7629 |           logger->report(trace.str());
      |                 ^~
/OpenROAD/include/ord/OpenRoad.hh:110:7: note: forward declaration of ‘class utl::Logger’
  110 | class Logger;
      |       ^~~~~~
/OpenROAD/build/src/utl/CMakeFiles/utl_py.dir/Logger-pyPYTHON_wrap.cxx:7641:19: error: invalid use of incomplete type ‘class utl::Logger’
 7641 |         if (logger->debugCheck(utl::ORD, "trace", 1)) {
      |                   ^~
/OpenROAD/include/ord/OpenRoad.hh:110:7: note: forward declaration of ‘class utl::Logger’
  110 | class Logger;
      |       ^~~~~~
/OpenROAD/build/src/utl/CMakeFiles/utl_py.dir/Logger-pyPYTHON_wrap.cxx:7641:37: error: ‘ORD’ is not a member of ‘utl’; did you mean ‘ORD’?
 7641 |         if (logger->debugCheck(utl::ORD, "trace", 1)) {
      |                                     ^~~
/OpenROAD/src/utl/include/utl/Logger.h:435:5: note: ‘ORD’ declared here
  435 |   X(ORD)                \
      |     ^~~
/OpenROAD/src/utl/include/utl/Logger.h:454:29: note: in definition of macro ‘GENERATE_ENUM’
  454 | #define GENERATE_ENUM(ENUM) ENUM,
      |                             ^~~~
/OpenROAD/src/utl/include/utl/Logger.h:466:3: note: in expansion of macro ‘FOREACH_TOOL’
  466 |   FOREACH_TOOL(GENERATE_ENUM)
      |   ^~~~~~~~~~~~
/OpenROAD/src/utl/include/utl/Logger.h:287:28: error: ‘SchemaKey’ was not declared in this scope; did you mean ‘utl::SchemaKey’?
  287 |       = std::unordered_map<SchemaKey, std::shared_ptr<AbstractQueue>, SchemaKeyHasher>;
      |                            ^~~~~~~~~
      |                            utl::SchemaKey
/OpenROAD/build/src/utl/CMakeFiles/utl_py.dir/Logger-pyPYTHON_wrap.cxx:7644:17: error: invalid use of incomplete type ‘class utl::Logger’
 7644 |           logger->report("Stack trace");
      |                 ^~
/OpenROAD/include/ord/OpenRoad.hh:110:7: note: forward declaration of ‘class utl::Logger’
  110 | class Logger;
      |       ^~~~~~
/OpenROAD/build/src/utl/CMakeFiles/utl_py.dir/Logger-pyPYTHON_wrap.cxx:7645:17: error: invalid use of incomplete type ‘class utl::Logger’
 7645 |           logger->report(trace.str());
      |                 ^~
/OpenROAD/src/utl/include/utl/Logger.h:63:8: note: ‘utl::SchemaKey’ declared here
   63 | struct SchemaKey {
      |        ^~~~~~~~~
/OpenROAD/include/ord/OpenRoad.hh:110:7: note: forward declaration of ‘class utl::Logger’
  110 | class Logger;
      |       ^~~~~~
/OpenROAD/src/utl/include/utl/Logger.h:287:71: error: ‘SchemaKeyHasher’ was not declared in this scope; did you mean ‘utl::SchemaKeyHasher’?
  287 |       = std::unordered_map<SchemaKey, std::shared_ptr<AbstractQueue>, SchemaKeyHasher>;
      |                                                                       ^~~~~~~~~~~~~~~
      |                                                                       utl::SchemaKeyHasher
/OpenROAD/src/utl/include/utl/Logger.h:72:8: note: ‘utl::SchemaKeyHasher’ declared here
   72 | struct SchemaKeyHasher {
      |        ^~~~~~~~~~~~~~~
/OpenROAD/src/utl/include/utl/Logger.h:287:86: error: template argument 1 is invalid
  287 |       = std::unordered_map<SchemaKey, std::shared_ptr<AbstractQueue>, SchemaKeyHasher>;
      |                                                                                      ^
/OpenROAD/src/utl/include/utl/Logger.h:287:86: error: template argument 3 is invalid
/OpenROAD/src/utl/include/utl/Logger.h:287:86: error: template argument 4 is invalid
/OpenROAD/src/utl/include/utl/Logger.h:287:86: error: template argument 5 is invalid
/OpenROAD/src/utl/include/utl/Logger.h:287:14: error: ‘<expression error>’ in namespace ‘std’ does not name a type
  287 |       = std::unordered_map<SchemaKey, std::shared_ptr<AbstractQueue>, SchemaKeyHasher>;
      |              ^~~~~~~~~~~~~~~~~~~~~~~~~~~~~~~~~~~~~~~~~~~~~~~~~~~~~~~~~~~~~~~~~~~~~~~~~
/OpenROAD/src/utl/include/utl/Logger.h:291:25: error: ISO C++ forbids declaration of ‘type name’ with no type [-fpermissive]
  291 |   std::shared_ptr<const RegistryMap> get_map() const {
      |                         ^~~~~~~~~~~
/OpenROAD/src/utl/include/utl/Logger.h:291:36: error: template argument 1 is invalid
  291 |   std::shared_ptr<const RegistryMap> get_map() const {
      |                                    ^
/OpenROAD/src/utl/include/utl/Logger.h:291:8: error: ‘<expression error>’ in namespace ‘std’ does not name a type
  291 |   std::shared_ptr<const RegistryMap> get_map() const {
      |        ^~~~~~~~~~~~~~~~~~~~~~~~~~~~~
/OpenROAD/src/utl/include/utl/Logger.h:298:7: error: ‘SchemaKey’ has not been declared
  298 |       SchemaKey key,
      |       ^~~~~~~~~
/OpenROAD/build/src/utl/CMakeFiles/utl_py.dir/Logger-pyPYTHON_wrap.cxx: In function ‘PyObject* _wrap_set_metrics_stage(PyObject*, PyObject*)’:
/OpenROAD/build/src/utl/CMakeFiles/utl_py.dir/Logger-pyPYTHON_wrap.cxx:7738:19: error: invalid use of incomplete type ‘class utl::Logger’
 7738 |         if (logger->debugCheck(utl::ORD, "trace", 1)) {
      |                   ^~
/OpenROAD/src/utl/include/utl/Logger.h:318:25: error: ISO C++ forbids declaration of ‘type name’ with no type [-fpermissive]
  318 |   std::shared_ptr<const RegistryMap> registry_ptr_;
      |                         ^~~~~~~~~~~
/OpenROAD/src/utl/include/utl/Logger.h:318:36: error: template argument 1 is invalid
  318 |   std::shared_ptr<const RegistryMap> registry_ptr_;
      |                                    ^
/OpenROAD/src/utl/include/utl/Logger.h:318:8: error: ‘<expression error>’ in namespace ‘std’ does not name a type
  318 |   std::shared_ptr<const RegistryMap> registry_ptr_;
      |        ^~~~~~~~~~~~~~~~~~~~~~~~~~~~~
/OpenROAD/include/ord/OpenRoad.hh:110:7: note: forward declaration of ‘class utl::Logger’
  110 | class Logger;
      |       ^~~~~~
/OpenROAD/src/utl/include/utl/Logger.h: In constructor ‘SchemaRegistry::SchemaRegistry()’:
/OpenROAD/src/utl/include/utl/Logger.h:289:22: error: class ‘SchemaRegistry’ does not have any field named ‘registry_ptr_’
  289 |   SchemaRegistry() : registry_ptr_(std::make_shared<const RegistryMap>()) {}
      |                      ^~~~~~~~~~~~~
/OpenROAD/src/utl/include/utl/Logger.h:289:59: error: ISO C++ forbids declaration of ‘type name’ with no type [-fpermissive]
  289 |   SchemaRegistry() : registry_ptr_(std::make_shared<const RegistryMap>()) {}
      |                                                           ^~~~~~~~~~~
/OpenROAD/src/utl/include/utl/Logger.h:289:41: error: parse error in template argument list
  289 |   SchemaRegistry() : registry_ptr_(std::make_shared<const RegistryMap>()) {}
      |                                         ^~~~~~~~~~~~~~~~~~~~~~~~~~~~~~
/OpenROAD/src/utl/include/utl/Logger.h:289:71: error: no matching function for call to ‘make_shared<<expression error> >()’
  289 |   SchemaRegistry() : registry_ptr_(std::make_shared<const RegistryMap>()) {}
      |                                    ~~~~~~~~~~~~~~~~~~~~~~~~~~~~~~~~~~~^~
In file included from /usr/include/c++/13/memory:80,
                 from /OpenROAD/src/utl/include/utl/ScopedTemporaryFile.h:10:
/usr/include/c++/13/bits/shared_ptr.h:1005:5: note: candidate: ‘template<class _Tp, class ... _Args> std::shared_ptr<std::_NonArray<_Tp> > std::make_shared(_Args&& ...)’
 1005 |     make_shared(_Args&&... __args)
      |     ^~~~~~~~~~~
/usr/include/c++/13/bits/shared_ptr.h:1005:5: note:   template argument deduction/substitution failed:
/OpenROAD/src/utl/include/utl/Logger.h:289:71: error: template argument 1 is invalid
  289 |   SchemaRegistry() : registry_ptr_(std::make_shared<const RegistryMap>()) {}
      |                                    ~~~~~~~~~~~~~~~~~~~~~~~~~~~~~~~~~~~^~
/usr/include/c++/13/bits/shared_ptr.h:1037:5: note: candidate: ‘template<class _Tp> std::shared_ptr<std::_UnboundedArray<_Tp> > std::make_shared(size_t)’
 1037 |     make_shared(size_t __n)
      |     ^~~~~~~~~~~
/usr/include/c++/13/bits/shared_ptr.h:1037:5: note:   candidate expects 1 argument, 0 provided
/usr/include/c++/13/bits/shared_ptr.h:1053:5: note: candidate: ‘template<class _Tp> std::shared_ptr<std::_UnboundedArray<_Tp> > std::make_shared(size_t, remove_extent_t<_Iter>&)’
 1053 |     make_shared(size_t __n, const remove_extent_t<_Tp>& __u)
      |     ^~~~~~~~~~~
/usr/include/c++/13/bits/shared_ptr.h:1053:5: note:   candidate expects 2 arguments, 0 provided
/usr/include/c++/13/bits/shared_ptr.h:1080:5: note: candidate: ‘template<class _Tp> std::shared_ptr<std::_BoundedArray<_Tp> > std::make_shared()’
 1080 |     make_shared()
      |     ^~~~~~~~~~~
/usr/include/c++/13/bits/shared_ptr.h:1080:5: note:   template argument deduction/substitution failed:
/OpenROAD/src/utl/include/utl/Logger.h:289:71: error: template argument 1 is invalid
  289 |   SchemaRegistry() : registry_ptr_(std::make_shared<const RegistryMap>()) {}
      |                                    ~~~~~~~~~~~~~~~~~~~~~~~~~~~~~~~~~~~^~
/usr/include/c++/13/bits/shared_ptr.h:1095:5: note: candidate: ‘template<class _Tp> std::shared_ptr<std::_BoundedArray<_Tp> > std::make_shared(remove_extent_t<_Iter>&)’
 1095 |     make_shared(const remove_extent_t<_Tp>& __u)
      |     ^~~~~~~~~~~
/usr/include/c++/13/bits/shared_ptr.h:1095:5: note:   candidate expects 1 argument, 0 provided
/OpenROAD/build/src/utl/CMakeFiles/utl_py.dir/Logger-pyPYTHON_wrap.cxx:7738:37: error: ‘ORD’ is not a member of ‘utl’; did you mean ‘ORD’?
 7738 |         if (logger->debugCheck(utl::ORD, "trace", 1)) {
      |                                     ^~~
/OpenROAD/src/utl/include/utl/Logger.h:435:5: note: ‘ORD’ declared here
  435 |   X(ORD)                \
      |     ^~~
/OpenROAD/src/utl/include/utl/Logger.h:454:29: note: in definition of macro ‘GENERATE_ENUM’
  454 | #define GENERATE_ENUM(ENUM) ENUM,
      |                             ^~~~
/OpenROAD/src/utl/include/utl/Logger.h:466:3: note: in expansion of macro ‘FOREACH_TOOL’
  466 |   FOREACH_TOOL(GENERATE_ENUM)
      |   ^~~~~~~~~~~~
/OpenROAD/src/utl/include/utl/Logger.h:628:39: error: ‘key’ was not declared in this scope; did you mean ‘key_t’?
  628 |     auto queue_opt = logToDbFindQueue(key);
      |                                       ^~~
      |                                       key_t
/OpenROAD/build/src/utl/CMakeFiles/utl_py.dir/Logger-pyPYTHON_wrap.cxx:7741:17: error: invalid use of incomplete type ‘class utl::Logger’
 7741 |           logger->report("Stack trace");
      |                 ^~
/OpenROAD/include/ord/OpenRoad.hh:110:7: note: forward declaration of ‘class utl::Logger’
  110 | class Logger;
      |       ^~~~~~
/OpenROAD/build/src/utl/CMakeFiles/utl_py.dir/Logger-pyPYTHON_wrap.cxx:7742:17: error: invalid use of incomplete type ‘class utl::Logger’
 7742 |           logger->report(trace.str());
      |                 ^~
/OpenROAD/include/ord/OpenRoad.hh:110:7: note: forward declaration of ‘class utl::Logger’
  110 | class Logger;
      |       ^~~~~~
/OpenROAD/build/src/utl/CMakeFiles/utl_py.dir/Logger-pyPYTHON_wrap.cxx:7754:19: error: invalid use of incomplete type ‘class utl::Logger’
 7754 |         if (logger->debugCheck(utl::ORD, "trace", 1)) {
      |                   ^~
/OpenROAD/src/utl/include/utl/Logger.h:631:7: error: ‘SchemaInfo’ was not declared in this scope; did you mean ‘utl::SchemaInfo’?
  631 |       SchemaInfo info = logToDbBuildSchemaInfo(
      |       ^~~~~~~~~~
      |       utl::SchemaInfo
/OpenROAD/src/utl/include/utl/Logger.h:83:8: note: ‘utl::SchemaInfo’ declared here
   83 | struct SchemaInfo {
      |        ^~~~~~~~~~
/OpenROAD/include/ord/OpenRoad.hh:110:7: note: forward declaration of ‘class utl::Logger’
  110 | class Logger;
      |       ^~~~~~
/OpenROAD/src/utl/include/utl/Logger.h:636:67: error: no matching function for call to ‘move(<unresolved overloaded function type>)’
  636 |       auto queue = std::make_shared<TypedQueue<Args...>>(std::move(info));
      |                                                          ~~~~~~~~~^~~~~~
In file included from /usr/include/c++/13/bits/stl_pair.h:61,
                 from /usr/include/c++/13/bits/stl_algobase.h:64,
                 from /usr/include/c++/13/array:43,
                 from /OpenROAD/src/utl/include/utl/Logger.h:6:
/usr/include/c++/13/bits/move.h:97:5: note: candidate: ‘template<class _Tp> constexpr typename std::remove_reference<_Tp>::type&& std::move(_Tp&&)’
   97 |     move(_Tp&& __t) noexcept
      |     ^~~~
/usr/include/c++/13/bits/move.h:97:5: note:   template argument deduction/substitution failed:
/OpenROAD/src/utl/include/utl/Logger.h:636:67: note:   couldn’t deduce template parameter ‘_Tp’
  636 |       auto queue = std::make_shared<TypedQueue<Args...>>(std::move(info));
      |                                                          ~~~~~~~~~^~~~~~
/usr/include/c++/13/bits/stl_algobase.h:657:5: note: candidate: ‘template<class _II, class _OI> constexpr _OI std::move(_II, _II, _OI)’
  657 |     move(_II __first, _II __last, _OI __result)
      |     ^~~~
/usr/include/c++/13/bits/stl_algobase.h:657:5: note:   template argument deduction/substitution failed:
/OpenROAD/src/utl/include/utl/Logger.h:636:67: note:   candidate expects 3 arguments, 1 provided
  636 |       auto queue = std::make_shared<TypedQueue<Args...>>(std::move(info));
      |                                                          ~~~~~~~~~^~~~~~
In file included from /usr/include/c++/13/algorithm:73,
                 from /usr/local/include/spdlog/fmt/bundled/chrono.h:12,
                 from /usr/local/include/spdlog/fmt/bundled/ostream.h:23,
                 from /usr/local/include/spdlog/fmt/ostr.h:19,
                 from /OpenROAD/src/utl/include/utl/Logger.h:43:
/usr/include/c++/13/pstl/glue_algorithm_defs.h:353:1: note: candidate: ‘template<class _ExecutionPolicy, class _ForwardIterator1, class _ForwardIterator2> __pstl::__internal::__enable_if_execution_policy<_ExecutionPolicy, _ForwardIterator> std::move(_ExecutionPolicy&&, _ForwardIterator1, _ForwardIterator1, _ForwardIterator2)’
  353 | move(_ExecutionPolicy&& __exec, _ForwardIterator1 __first, _ForwardIterator1 __last, _ForwardIterator2 __d_first);
      | ^~~~
/usr/include/c++/13/pstl/glue_algorithm_defs.h:353:1: note:   template argument deduction/substitution failed:
/OpenROAD/src/utl/include/utl/Logger.h:636:67: note:   candidate expects 4 arguments, 1 provided
  636 |       auto queue = std::make_shared<TypedQueue<Args...>>(std::move(info));
      |                                                          ~~~~~~~~~^~~~~~
/OpenROAD/build/src/utl/CMakeFiles/utl_py.dir/Logger-pyPYTHON_wrap.cxx:7754:37: error: ‘ORD’ is not a member of ‘utl’; did you mean ‘ORD’?
 7754 |         if (logger->debugCheck(utl::ORD, "trace", 1)) {
      |                                     ^~~
/OpenROAD/src/utl/include/utl/Logger.h:435:5: note: ‘ORD’ declared here
  435 |   X(ORD)                \
      |     ^~~
/OpenROAD/src/utl/include/utl/Logger.h:454:29: note: in definition of macro ‘GENERATE_ENUM’
  454 | #define GENERATE_ENUM(ENUM) ENUM,
      |                             ^~~~
/OpenROAD/src/utl/include/utl/Logger.h:466:3: note: in expansion of macro ‘FOREACH_TOOL’
  466 |   FOREACH_TOOL(GENERATE_ENUM)
      |   ^~~~~~~~~~~~
/OpenROAD/build/src/utl/CMakeFiles/utl_py.dir/Logger-pyPYTHON_wrap.cxx:7757:17: error: invalid use of incomplete type ‘class utl::Logger’
 7757 |           logger->report("Stack trace");
      |                 ^~
/OpenROAD/include/ord/OpenRoad.hh:110:7: note: forward declaration of ‘class utl::Logger’
  110 | class Logger;
      |       ^~~~~~
/OpenROAD/build/src/utl/CMakeFiles/utl_py.dir/Logger-pyPYTHON_wrap.cxx:7758:17: error: invalid use of incomplete type ‘class utl::Logger’
 7758 |           logger->report(trace.str());
      |                 ^~
/OpenROAD/include/ord/OpenRoad.hh:110:7: note: forward declaration of ‘class utl::Logger’
  110 | class Logger;
      |       ^~~~~~
/OpenROAD/build/src/utl/CMakeFiles/utl_py.dir/Logger-pyPYTHON_wrap.cxx: In function ‘PyObject* _wrap_clear_metrics_stage(PyObject*, PyObject*)’:
/OpenROAD/build/src/utl/CMakeFiles/utl_py.dir/Logger-pyPYTHON_wrap.cxx:7794:19: error: invalid use of incomplete type ‘class utl::Logger’
 7794 |         if (logger->debugCheck(utl::ORD, "trace", 1)) {
      |                   ^~
/OpenROAD/include/ord/OpenRoad.hh:110:7: note: forward declaration of ‘class utl::Logger’
  110 | class Logger;
      |       ^~~~~~
/OpenROAD/build/src/utl/CMakeFiles/utl_py.dir/Logger-pyPYTHON_wrap.cxx:7794:37: error: ‘ORD’ is not a member of ‘utl’; did you mean ‘ORD’?
 7794 |         if (logger->debugCheck(utl::ORD, "trace", 1)) {
      |                                     ^~~
/OpenROAD/src/utl/include/utl/Logger.h:435:5: note: ‘ORD’ declared here
  435 |   X(ORD)                \
      |     ^~~
/OpenROAD/src/utl/include/utl/Logger.h:454:29: note: in definition of macro ‘GENERATE_ENUM’
  454 | #define GENERATE_ENUM(ENUM) ENUM,
      |                             ^~~~
/OpenROAD/src/utl/include/utl/Logger.h:466:3: note: in expansion of macro ‘FOREACH_TOOL’
  466 |   FOREACH_TOOL(GENERATE_ENUM)
      |   ^~~~~~~~~~~~
/OpenROAD/build/src/utl/CMakeFiles/utl_py.dir/Logger-pyPYTHON_wrap.cxx:7797:17: error: invalid use of incomplete type ‘class utl::Logger’
 7797 |           logger->report("Stack trace");
      |                 ^~
/OpenROAD/include/ord/OpenRoad.hh:110:7: note: forward declaration of ‘class utl::Logger’
  110 | class Logger;
      |       ^~~~~~
/OpenROAD/build/src/utl/CMakeFiles/utl_py.dir/Logger-pyPYTHON_wrap.cxx:7798:17: error: invalid use of incomplete type ‘class utl::Logger’
 7798 |           logger->report(trace.str());
      |                 ^~
/OpenROAD/include/ord/OpenRoad.hh:110:7: note: forward declaration of ‘class utl::Logger’
  110 | class Logger;
      |       ^~~~~~
/OpenROAD/build/src/utl/CMakeFiles/utl_py.dir/Logger-pyPYTHON_wrap.cxx:7810:19: error: invalid use of incomplete type ‘class utl::Logger’
 7810 |         if (logger->debugCheck(utl::ORD, "trace", 1)) {
      |                   ^~
/OpenROAD/include/ord/OpenRoad.hh:110:7: note: forward declaration of ‘class utl::Logger’
  110 | class Logger;
      |       ^~~~~~
/OpenROAD/build/src/utl/CMakeFiles/utl_py.dir/Logger-pyPYTHON_wrap.cxx:7810:37: error: ‘ORD’ is not a member of ‘utl’; did you mean ‘ORD’?
 7810 |         if (logger->debugCheck(utl::ORD, "trace", 1)) {
      |                                     ^~~
/OpenROAD/src/utl/include/utl/Logger.h:435:5: note: ‘ORD’ declared here
  435 |   X(ORD)                \
      |     ^~~
/OpenROAD/src/utl/include/utl/Logger.h:454:29: note: in definition of macro ‘GENERATE_ENUM’
  454 | #define GENERATE_ENUM(ENUM) ENUM,
      |                             ^~~~
/OpenROAD/src/utl/include/utl/Logger.h:466:3: note: in expansion of macro ‘FOREACH_TOOL’
  466 |   FOREACH_TOOL(GENERATE_ENUM)
      |   ^~~~~~~~~~~~
/OpenROAD/src/utl/include/utl/Logger.h: In member function ‘std::shared_ptr<AbstractQueue> SchemaRegistry::register_schema(int, std::shared_ptr<AbstractQueue>)’:
/OpenROAD/src/utl/include/utl/Logger.h:302:24: error: ‘get_map’ was not declared in this scope
  302 |     auto current_map = get_map();
      |                        ^~~~~~~
/OpenROAD/build/src/utl/CMakeFiles/utl_py.dir/Logger-pyPYTHON_wrap.cxx:7813:17: error: invalid use of incomplete type ‘class utl::Logger’
 7813 |           logger->report("Stack trace");
      |                 ^~
/OpenROAD/include/ord/OpenRoad.hh:110:7: note: forward declaration of ‘class utl::Logger’
  110 | class Logger;
      |       ^~~~~~
/OpenROAD/build/src/utl/CMakeFiles/utl_py.dir/Logger-pyPYTHON_wrap.cxx:7814:17: error: invalid use of incomplete type ‘class utl::Logger’
 7814 |           logger->report(trace.str());
      |                 ^~
/OpenROAD/include/ord/OpenRoad.hh:110:7: note: forward declaration of ‘class utl::Logger’
  110 | class Logger;
      |       ^~~~~~
/OpenROAD/build/src/utl/CMakeFiles/utl_py.dir/Logger-pyPYTHON_wrap.cxx: In function ‘PyObject* _wrap_push_metrics_stage(PyObject*, PyObject*)’:
/OpenROAD/build/src/utl/CMakeFiles/utl_py.dir/Logger-pyPYTHON_wrap.cxx:7859:19: error: invalid use of incomplete type ‘class utl::Logger’
 7859 |         if (logger->debugCheck(utl::ORD, "trace", 1)) {
      |                   ^~
/OpenROAD/include/ord/OpenRoad.hh:110:7: note: forward declaration of ‘class utl::Logger’
  110 | class Logger;
      |       ^~~~~~
/OpenROAD/build/src/utl/CMakeFiles/utl_py.dir/Logger-pyPYTHON_wrap.cxx:7859:37: error: ‘ORD’ is not a member of ‘utl’; did you mean ‘ORD’?
 7859 |         if (logger->debugCheck(utl::ORD, "trace", 1)) {
      |                                     ^~~
/OpenROAD/src/utl/include/utl/Logger.h:435:5: note: ‘ORD’ declared here
  435 |   X(ORD)                \
      |     ^~~
/OpenROAD/src/utl/include/utl/Logger.h:454:29: note: in definition of macro ‘GENERATE_ENUM’
  454 | #define GENERATE_ENUM(ENUM) ENUM,
      |                             ^~~~
/OpenROAD/src/utl/include/utl/Logger.h:466:3: note: in expansion of macro ‘FOREACH_TOOL’
  466 |   FOREACH_TOOL(GENERATE_ENUM)
      |   ^~~~~~~~~~~~
/OpenROAD/build/src/utl/CMakeFiles/utl_py.dir/Logger-pyPYTHON_wrap.cxx:7862:17: error: invalid use of incomplete type ‘class utl::Logger’
 7862 |           logger->report("Stack trace");
      |                 ^~
/OpenROAD/include/ord/OpenRoad.hh:110:7: note: forward declaration of ‘class utl::Logger’
  110 | class Logger;
      |       ^~~~~~
/OpenROAD/build/src/utl/CMakeFiles/utl_py.dir/Logger-pyPYTHON_wrap.cxx:7863:17: error: invalid use of incomplete type ‘class utl::Logger’
 7863 |           logger->report(trace.str());
      |                 ^~
/OpenROAD/include/ord/OpenRoad.hh:110:7: note: forward declaration of ‘class utl::Logger’
  110 | class Logger;
      |       ^~~~~~
/OpenROAD/build/src/utl/CMakeFiles/utl_py.dir/Logger-pyPYTHON_wrap.cxx:7875:19: error: invalid use of incomplete type ‘class utl::Logger’
 7875 |         if (logger->debugCheck(utl::ORD, "trace", 1)) {
      |                   ^~
/OpenROAD/include/ord/OpenRoad.hh:110:7: note: forward declaration of ‘class utl::Logger’
  110 | class Logger;
      |       ^~~~~~
/OpenROAD/build/src/utl/CMakeFiles/utl_py.dir/Logger-pyPYTHON_wrap.cxx:7875:37: error: ‘ORD’ is not a member of ‘utl’; did you mean ‘ORD’?
 7875 |         if (logger->debugCheck(utl::ORD, "trace", 1)) {
      |                                     ^~~
/OpenROAD/src/utl/include/utl/Logger.h:435:5: note: ‘ORD’ declared here
  435 |   X(ORD)                \
      |     ^~~
/OpenROAD/src/utl/include/utl/Logger.h:454:29: note: in definition of macro ‘GENERATE_ENUM’
  454 | #define GENERATE_ENUM(ENUM) ENUM,
      |                             ^~~~
/OpenROAD/src/utl/include/utl/Logger.h:466:3: note: in expansion of macro ‘FOREACH_TOOL’
  466 |   FOREACH_TOOL(GENERATE_ENUM)
      |   ^~~~~~~~~~~~
/OpenROAD/build/src/utl/CMakeFiles/utl_py.dir/Logger-pyPYTHON_wrap.cxx:7878:17: error: invalid use of incomplete type ‘class utl::Logger’
 7878 |           logger->report("Stack trace");
      |                 ^~
/OpenROAD/include/ord/OpenRoad.hh:110:7: note: forward declaration of ‘class utl::Logger’
  110 | class Logger;
      |       ^~~~~~
/OpenROAD/build/src/utl/CMakeFiles/utl_py.dir/Logger-pyPYTHON_wrap.cxx:7879:17: error: invalid use of incomplete type ‘class utl::Logger’
 7879 |           logger->report(trace.str());
      |                 ^~
/OpenROAD/include/ord/OpenRoad.hh:110:7: note: forward declaration of ‘class utl::Logger’
  110 | class Logger;
      |       ^~~~~~
/OpenROAD/build/src/utl/CMakeFiles/utl_py.dir/Logger-pyPYTHON_wrap.cxx: In function ‘PyObject* _wrap_pop_metrics_stage(PyObject*, PyObject*)’:
/OpenROAD/build/src/utl/CMakeFiles/utl_py.dir/Logger-pyPYTHON_wrap.cxx:7916:19: error: invalid use of incomplete type ‘class utl::Logger’
 7916 |         if (logger->debugCheck(utl::ORD, "trace", 1)) {
      |                   ^~
/OpenROAD/include/ord/OpenRoad.hh:110:7: note: forward declaration of ‘class utl::Logger’
  110 | class Logger;
      |       ^~~~~~
/OpenROAD/build/src/utl/CMakeFiles/utl_py.dir/Logger-pyPYTHON_wrap.cxx:7916:37: error: ‘ORD’ is not a member of ‘utl’; did you mean ‘ORD’?
 7916 |         if (logger->debugCheck(utl::ORD, "trace", 1)) {
      |                                     ^~~
/OpenROAD/src/utl/include/utl/Logger.h:435:5: note: ‘ORD’ declared here
  435 |   X(ORD)                \
      |     ^~~
/OpenROAD/src/utl/include/utl/Logger.h:454:29: note: in definition of macro ‘GENERATE_ENUM’
  454 | #define GENERATE_ENUM(ENUM) ENUM,
      |                             ^~~~
/OpenROAD/src/utl/include/utl/Logger.h:466:3: note: in expansion of macro ‘FOREACH_TOOL’
  466 |   FOREACH_TOOL(GENERATE_ENUM)
      |   ^~~~~~~~~~~~
/OpenROAD/build/src/utl/CMakeFiles/utl_py.dir/Logger-pyPYTHON_wrap.cxx:7919:17: error: invalid use of incomplete type ‘class utl::Logger’
 7919 |           logger->report("Stack trace");
      |                 ^~
/OpenROAD/include/ord/OpenRoad.hh:110:7: note: forward declaration of ‘class utl::Logger’
  110 | class Logger;
      |       ^~~~~~
/OpenROAD/build/src/utl/CMakeFiles/utl_py.dir/Logger-pyPYTHON_wrap.cxx:7920:17: error: invalid use of incomplete type ‘class utl::Logger’
 7920 |           logger->report(trace.str());
      |                 ^~
/OpenROAD/include/ord/OpenRoad.hh:110:7: note: forward declaration of ‘class utl::Logger’
  110 | class Logger;
      |       ^~~~~~
/OpenROAD/build/src/utl/CMakeFiles/utl_py.dir/Logger-pyPYTHON_wrap.cxx:7932:19: error: invalid use of incomplete type ‘class utl::Logger’
 7932 |         if (logger->debugCheck(utl::ORD, "trace", 1)) {
      |                   ^~
/OpenROAD/include/ord/OpenRoad.hh:110:7: note: forward declaration of ‘class utl::Logger’
  110 | class Logger;
      |       ^~~~~~
/OpenROAD/build/src/utl/CMakeFiles/utl_py.dir/Logger-pyPYTHON_wrap.cxx:7932:37: error: ‘ORD’ is not a member of ‘utl’; did you mean ‘ORD’?
 7932 |         if (logger->debugCheck(utl::ORD, "trace", 1)) {
      |                                     ^~~
/OpenROAD/src/utl/include/utl/Logger.h:435:5: note: ‘ORD’ declared here
  435 |   X(ORD)                \
      |     ^~~
/OpenROAD/src/utl/include/utl/Logger.h:454:29: note: in definition of macro ‘GENERATE_ENUM’
  454 | #define GENERATE_ENUM(ENUM) ENUM,
      |                             ^~~~
/OpenROAD/src/utl/include/utl/Logger.h:466:3: note: in expansion of macro ‘FOREACH_TOOL’
  466 |   FOREACH_TOOL(GENERATE_ENUM)
      |   ^~~~~~~~~~~~
/OpenROAD/build/src/utl/CMakeFiles/utl_py.dir/Logger-pyPYTHON_wrap.cxx:7935:17: error: invalid use of incomplete type ‘class utl::Logger’
 7935 |           logger->report("Stack trace");
      |                 ^~
/OpenROAD/include/ord/OpenRoad.hh:110:7: note: forward declaration of ‘class utl::Logger’
  110 | class Logger;
      |       ^~~~~~
/OpenROAD/build/src/utl/CMakeFiles/utl_py.dir/Logger-pyPYTHON_wrap.cxx:7936:17: error: invalid use of incomplete type ‘class utl::Logger’
 7936 |           logger->report(trace.str());
      |                 ^~
/OpenROAD/include/ord/OpenRoad.hh:110:7: note: forward declaration of ‘class utl::Logger’
  110 | class Logger;
      |       ^~~~~~
/OpenROAD/src/utl/include/utl/Logger.h: In member function ‘void Logger::log_metric(const std::string&, const std::string&)’:
/OpenROAD/src/utl/include/utl/Logger.h:747:5: error: ‘metrics_entries_’ was not declared in this scope; did you mean ‘metrics_stages_’?
  747 |     metrics_entries_.push_back({std::move(key), value});
      |     ^~~~~~~~~~~~~~~~
      |     metrics_stages_
/OpenROAD/src/utl/include/utl/Logger.h: At global scope:
/OpenROAD/src/utl/include/utl/Logger.h:855:1: error: expected declaration before ‘}’ token
  855 | }  // namespace utl
      | ^
/OpenROAD/build/src/utl/CMakeFiles/utl_py.dir/Logger-pyPYTHON_wrap.cxx: In function ‘PyObject* _wrap_suppress_message(PyObject*, PyObject*)’:
/OpenROAD/build/src/utl/CMakeFiles/utl_py.dir/Logger-pyPYTHON_wrap.cxx:7954:8: error: ‘ToolId’ is not a member of ‘utl’; did you mean ‘ToolId’?
 7954 |   utl::ToolId arg1 ;
      |        ^~~~~~
/OpenROAD/src/utl/include/utl/Logger.h:464:6: note: ‘ToolId’ declared here
  464 | enum ToolId
      |      ^~~~~~
/OpenROAD/src/utl/src/SuppressStdout.cpp:12:31: error: expected constructor, destructor, or type conversion before ‘(’ token
   12 | SuppressStdout::SuppressStdout(utl::Logger* logger) : logger_(logger)
      |                               ^
/OpenROAD/src/utl/include/utl/Logger.h:309:37: error: ‘RegistryMap’ was not declared in this scope
  309 |     auto new_map = std::make_shared<RegistryMap>(*current_map);
      |                                     ^~~~~~~~~~~
/OpenROAD/build/src/utl/CMakeFiles/utl_py.dir/Logger-pyPYTHON_wrap.cxx:7968:3: error: ‘arg1’ was not declared in this scope; did you mean ‘arg2’?
 7968 |   arg1 = static_cast< utl::ToolId >(val1);
      |   ^~~~
      |   arg2
/OpenROAD/build/src/utl/CMakeFiles/utl_py.dir/Logger-pyPYTHON_wrap.cxx:7968:28: error: ‘ToolId’ in namespace ‘utl’ does not name a type
 7968 |   arg1 = static_cast< utl::ToolId >(val1);
      |                            ^~~~~~
/OpenROAD/build/src/utl/CMakeFiles/utl_py.dir/Logger-pyPYTHON_wrap.cxx:7976:12: error: ‘suppress_message’ is not a member of ‘utl’
 7976 |       utl::suppress_message(arg1,arg2);
      |            ^~~~~~~~~~~~~~~~
/OpenROAD/build/src/utl/CMakeFiles/utl_py.dir/Logger-pyPYTHON_wrap.cxx:7987:19: error: invalid use of incomplete type ‘class utl::Logger’
 7987 |         if (logger->debugCheck(utl::ORD, "trace", 1)) {
      |                   ^~
/OpenROAD/include/ord/OpenRoad.hh:110:7: note: forward declaration of ‘class utl::Logger’
  110 | class Logger;
      |       ^~~~~~
/OpenROAD/build/src/utl/CMakeFiles/utl_py.dir/Logger-pyPYTHON_wrap.cxx:7987:37: error: ‘ORD’ is not a member of ‘utl’; did you mean ‘ORD’?
 7987 |         if (logger->debugCheck(utl::ORD, "trace", 1)) {
      |                                     ^~~
/OpenROAD/src/utl/include/utl/Logger.h:435:5: note: ‘ORD’ declared here
  435 |   X(ORD)                \
      |     ^~~
/OpenROAD/src/utl/include/utl/Logger.h:454:29: note: in definition of macro ‘GENERATE_ENUM’
  454 | #define GENERATE_ENUM(ENUM) ENUM,
      |                             ^~~~
/OpenROAD/src/utl/include/utl/Logger.h:466:3: note: in expansion of macro ‘FOREACH_TOOL’
  466 |   FOREACH_TOOL(GENERATE_ENUM)
      |   ^~~~~~~~~~~~
/OpenROAD/build/src/utl/CMakeFiles/utl_py.dir/Logger-pyPYTHON_wrap.cxx:7990:17: error: invalid use of incomplete type ‘class utl::Logger’
 7990 |           logger->report("Stack trace");
      |                 ^~
/OpenROAD/include/ord/OpenRoad.hh:110:7: note: forward declaration of ‘class utl::Logger’
  110 | class Logger;
      |       ^~~~~~
/OpenROAD/build/src/utl/CMakeFiles/utl_py.dir/Logger-pyPYTHON_wrap.cxx:7991:17: error: invalid use of incomplete type ‘class utl::Logger’
 7991 |           logger->report(trace.str());
      |                 ^~
/OpenROAD/include/ord/OpenRoad.hh:110:7: note: forward declaration of ‘class utl::Logger’
  110 | class Logger;
      |       ^~~~~~
/OpenROAD/build/src/utl/CMakeFiles/utl_py.dir/Logger-pyPYTHON_wrap.cxx:8003:19: error: invalid use of incomplete type ‘class utl::Logger’
 8003 |         if (logger->debugCheck(utl::ORD, "trace", 1)) {
      |                   ^~
/OpenROAD/include/ord/OpenRoad.hh:110:7: note: forward declaration of ‘class utl::Logger’
  110 | class Logger;
      |       ^~~~~~
/OpenROAD/build/src/utl/CMakeFiles/utl_py.dir/Logger-pyPYTHON_wrap.cxx:8003:37: error: ‘ORD’ is not a member of ‘utl’; did you mean ‘ORD’?
 8003 |         if (logger->debugCheck(utl::ORD, "trace", 1)) {
      |                                     ^~~
/OpenROAD/src/utl/include/utl/Logger.h:435:5: note: ‘ORD’ declared here
  435 |   X(ORD)                \
      |     ^~~
/OpenROAD/src/utl/include/utl/Logger.h:454:29: note: in definition of macro ‘GENERATE_ENUM’
  454 | #define GENERATE_ENUM(ENUM) ENUM,
      |                             ^~~~
/OpenROAD/src/utl/include/utl/Logger.h:466:3: note: in expansion of macro ‘FOREACH_TOOL’
  466 |   FOREACH_TOOL(GENERATE_ENUM)
      |   ^~~~~~~~~~~~
/OpenROAD/build/src/utl/CMakeFiles/utl_py.dir/Logger-pyPYTHON_wrap.cxx:8006:17: error: invalid use of incomplete type ‘class utl::Logger’
 8006 |           logger->report("Stack trace");
      |                 ^~
/OpenROAD/include/ord/OpenRoad.hh:110:7: note: forward declaration of ‘class utl::Logger’
  110 | class Logger;
      |       ^~~~~~
/OpenROAD/build/src/utl/CMakeFiles/utl_py.dir/Logger-pyPYTHON_wrap.cxx:8007:17: error: invalid use of incomplete type ‘class utl::Logger’
 8007 |           logger->report(trace.str());
      |                 ^~
/OpenROAD/include/ord/OpenRoad.hh:110:7: note: forward declaration of ‘class utl::Logger’
  110 | class Logger;
      |       ^~~~~~
/OpenROAD/build/src/utl/CMakeFiles/utl_py.dir/Logger-pyPYTHON_wrap.cxx: In function ‘PyObject* _wrap_unsuppress_message(PyObject*, PyObject*)’:
/OpenROAD/build/src/utl/CMakeFiles/utl_py.dir/Logger-pyPYTHON_wrap.cxx:8025:8: error: ‘ToolId’ is not a member of ‘utl’; did you mean ‘ToolId’?
 8025 |   utl::ToolId arg1 ;
      |        ^~~~~~
/OpenROAD/src/utl/include/utl/Logger.h:464:6: note: ‘ToolId’ declared here
  464 | enum ToolId
      |      ^~~~~~
/OpenROAD/src/utl/include/utl/Logger.h:312:10: error: ‘registry_ptr_’ was not declared in this scope; did you mean ‘register_t’?
  312 |         &registry_ptr_,
      |          ^~~~~~~~~~~~~
      |          register_t
/OpenROAD/src/utl/include/utl/Logger.h:313:39: error: ISO C++ forbids declaration of ‘type name’ with no type [-fpermissive]
  313 |         std::const_pointer_cast<const RegistryMap>(new_map));
      |                                       ^~~~~~~~~~~
/OpenROAD/src/utl/include/utl/Logger.h:313:14: error: parse error in template argument list
  313 |         std::const_pointer_cast<const RegistryMap>(new_map));
      |              ^~~~~~~~~~~~~~~~~~~~~~~~~~~~~~~~~~~~~
/OpenROAD/src/utl/include/utl/Logger.h: At global scope:
/OpenROAD/src/utl/include/utl/Logger.h:698:13: error: ‘MetricsEntry’ was not declared in this scope; did you mean ‘utl::MetricsEntry’?
  698 |   std::list<MetricsEntry> metrics_entries_;
      |             ^~~~~~~~~~~~
      |             utl::MetricsEntry
In file included from /OpenROAD/src/utl/include/utl/Logger.h:44:
/OpenROAD/src/utl/include/utl/Metrics.h:13:8: note: ‘utl::MetricsEntry’ declared here
   13 | struct MetricsEntry
      |        ^~~~~~~~~~~~
/OpenROAD/src/utl/include/utl/Logger.h:698:25: error: template argument 1 is invalid
  698 |   std::list<MetricsEntry> metrics_entries_;
      |                         ^
/OpenROAD/src/utl/include/utl/Logger.h:698:25: error: template argument 2 is invalid
/OpenROAD/src/utl/include/utl/Logger.h:698:8: error: ‘<expression error>’ in namespace ‘std’ does not name a type
  698 |   std::list<MetricsEntry> metrics_entries_;
      |        ^~~~~~~~~~~~~~~~~~
/OpenROAD/build/src/utl/CMakeFiles/utl_py.dir/Logger-pyPYTHON_wrap.cxx:8039:3: error: ‘arg1’ was not declared in this scope; did you mean ‘arg2’?
 8039 |   arg1 = static_cast< utl::ToolId >(val1);
      |   ^~~~
      |   arg2
/OpenROAD/build/src/utl/CMakeFiles/utl_py.dir/Logger-pyPYTHON_wrap.cxx:8039:28: error: ‘ToolId’ in namespace ‘utl’ does not name a type
 8039 |   arg1 = static_cast< utl::ToolId >(val1);
      |                            ^~~~~~
/OpenROAD/src/utl/include/utl/Logger.h:699:15: error: ‘MetricsPolicy’ was not declared in this scope; did you mean ‘utl::MetricsPolicy’?
  699 |   std::vector<MetricsPolicy> metrics_policies_;
      |               ^~~~~~~~~~~~~
      |               utl::MetricsPolicy
/OpenROAD/src/utl/include/utl/Metrics.h:28:7: note: ‘utl::MetricsPolicy’ declared here
   28 | class MetricsPolicy
      |       ^~~~~~~~~~~~~
/OpenROAD/src/utl/include/utl/Logger.h:699:28: error: template argument 1 is invalid
  699 |   std::vector<MetricsPolicy> metrics_policies_;
      |                            ^
/OpenROAD/src/utl/include/utl/Logger.h:699:28: error: template argument 2 is invalid
/OpenROAD/src/utl/include/utl/Logger.h:699:8: error: ‘<expression error>’ in namespace ‘std’ does not name a type
  699 |   std::vector<MetricsPolicy> metrics_policies_;
      |        ^~~~~~~~~~~~~~~~~~~~~
/OpenROAD/build/src/utl/CMakeFiles/utl_py.dir/Logger-pyPYTHON_wrap.cxx:8047:12: error: ‘unsuppress_message’ is not a member of ‘utl’
 8047 |       utl::unsuppress_message(arg1,arg2);
      |            ^~~~~~~~~~~~~~~~~~
/OpenROAD/build/src/utl/CMakeFiles/utl_py.dir/Logger-pyPYTHON_wrap.cxx:8058:19: error: invalid use of incomplete type ‘class utl::Logger’
 8058 |         if (logger->debugCheck(utl::ORD, "trace", 1)) {
      |                   ^~
/OpenROAD/include/ord/OpenRoad.hh:110:7: note: forward declaration of ‘class utl::Logger’
  110 | class Logger;
      |       ^~~~~~
/OpenROAD/build/src/utl/CMakeFiles/utl_py.dir/Logger-pyPYTHON_wrap.cxx:8058:37: error: ‘ORD’ is not a member of ‘utl’; did you mean ‘ORD’?
 8058 |         if (logger->debugCheck(utl::ORD, "trace", 1)) {
      |                                     ^~~
/OpenROAD/src/utl/include/utl/Logger.h:435:5: note: ‘ORD’ declared here
  435 |   X(ORD)                \
      |     ^~~
/OpenROAD/src/utl/include/utl/Logger.h:454:29: note: in definition of macro ‘GENERATE_ENUM’
  454 | #define GENERATE_ENUM(ENUM) ENUM,
      |                             ^~~~
/OpenROAD/src/utl/include/utl/Logger.h:466:3: note: in expansion of macro ‘FOREACH_TOOL’
  466 |   FOREACH_TOOL(GENERATE_ENUM)
      |   ^~~~~~~~~~~~
/OpenROAD/build/src/utl/CMakeFiles/utl_py.dir/Logger-pyPYTHON_wrap.cxx:8061:17: error: invalid use of incomplete type ‘class utl::Logger’
 8061 |           logger->report("Stack trace");
      |                 ^~
/OpenROAD/include/ord/OpenRoad.hh:110:7: note: forward declaration of ‘class utl::Logger’
  110 | class Logger;
      |       ^~~~~~
/OpenROAD/build/src/utl/CMakeFiles/utl_py.dir/Logger-pyPYTHON_wrap.cxx:8062:17: error: invalid use of incomplete type ‘class utl::Logger’
 8062 |           logger->report(trace.str());
      |                 ^~
/OpenROAD/include/ord/OpenRoad.hh:110:7: note: forward declaration of ‘class utl::Logger’
  110 | class Logger;
      |       ^~~~~~
/OpenROAD/build/src/utl/CMakeFiles/utl_py.dir/Logger-pyPYTHON_wrap.cxx:8074:19: error: invalid use of incomplete type ‘class utl::Logger’
 8074 |         if (logger->debugCheck(utl::ORD, "trace", 1)) {
      |                   ^~
/OpenROAD/include/ord/OpenRoad.hh:110:7: note: forward declaration of ‘class utl::Logger’
  110 | class Logger;
      |       ^~~~~~
/OpenROAD/build/src/utl/CMakeFiles/utl_py.dir/Logger-pyPYTHON_wrap.cxx:8074:37: error: ‘ORD’ is not a member of ‘utl’; did you mean ‘ORD’?
 8074 |         if (logger->debugCheck(utl::ORD, "trace", 1)) {
      |                                     ^~~
/OpenROAD/src/utl/include/utl/Logger.h:435:5: note: ‘ORD’ declared here
  435 |   X(ORD)                \
      |     ^~~
/OpenROAD/src/utl/include/utl/Logger.h:454:29: note: in definition of macro ‘GENERATE_ENUM’
  454 | #define GENERATE_ENUM(ENUM) ENUM,
      |                             ^~~~
/OpenROAD/src/utl/include/utl/Logger.h:466:3: note: in expansion of macro ‘FOREACH_TOOL’
  466 |   FOREACH_TOOL(GENERATE_ENUM)
      |   ^~~~~~~~~~~~
/OpenROAD/build/src/utl/CMakeFiles/utl_py.dir/Logger-pyPYTHON_wrap.cxx:8077:17: error: invalid use of incomplete type ‘class utl::Logger’
 8077 |           logger->report("Stack trace");
      |                 ^~
/OpenROAD/include/ord/OpenRoad.hh:110:7: note: forward declaration of ‘class utl::Logger’
  110 | class Logger;
      |       ^~~~~~
/OpenROAD/build/src/utl/CMakeFiles/utl_py.dir/Logger-pyPYTHON_wrap.cxx:8078:17: error: invalid use of incomplete type ‘class utl::Logger’
 8078 |           logger->report(trace.str());
      |                 ^~
/OpenROAD/include/ord/OpenRoad.hh:110:7: note: forward declaration of ‘class utl::Logger’
  110 | class Logger;
      |       ^~~~~~
/OpenROAD/build/src/utl/CMakeFiles/utl_py.dir/Logger-pyPYTHON_wrap.cxx: In function ‘PyObject* PyInit__utl_py()’:
/OpenROAD/build/src/utl/CMakeFiles/utl_py.dir/Logger-pyPYTHON_wrap.cxx:8686:74: error: ‘ANT’ is not a member of ‘utl’; did you mean ‘ANT’?
 8686 |   SWIG_Python_SetConstant(d, "ANT",SWIG_From_int(static_cast< int >(utl::ANT)));
      |                                                                          ^~~
/OpenROAD/src/utl/include/utl/Logger.h:416:5: note: ‘ANT’ declared here
  416 |   X(ANT)                \
      |     ^~~
/OpenROAD/src/utl/include/utl/Logger.h:454:29: note: in definition of macro ‘GENERATE_ENUM’
  454 | #define GENERATE_ENUM(ENUM) ENUM,
      |                             ^~~~
/OpenROAD/src/utl/include/utl/Logger.h:466:3: note: in expansion of macro ‘FOREACH_TOOL’
  466 |   FOREACH_TOOL(GENERATE_ENUM)
      |   ^~~~~~~~~~~~
/OpenROAD/build/src/utl/CMakeFiles/utl_py.dir/Logger-pyPYTHON_wrap.cxx:8687:74: error: ‘CGT’ is not a member of ‘utl’; did you mean ‘CGT’?
 8687 |   SWIG_Python_SetConstant(d, "CGT",SWIG_From_int(static_cast< int >(utl::CGT)));
      |                                                                          ^~~
/OpenROAD/src/utl/include/utl/Logger.h:417:5: note: ‘CGT’ declared here
  417 |   X(CGT)                \
      |     ^~~
/OpenROAD/src/utl/include/utl/Logger.h:454:29: note: in definition of macro ‘GENERATE_ENUM’
  454 | #define GENERATE_ENUM(ENUM) ENUM,
      |                             ^~~~
/OpenROAD/src/utl/include/utl/Logger.h:466:3: note: in expansion of macro ‘FOREACH_TOOL’
  466 |   FOREACH_TOOL(GENERATE_ENUM)
      |   ^~~~~~~~~~~~
/OpenROAD/build/src/utl/CMakeFiles/utl_py.dir/Logger-pyPYTHON_wrap.cxx:8688:74: error: ‘CHK’ is not a member of ‘utl’; did you mean ‘CHK’?
 8688 |   SWIG_Python_SetConstant(d, "CHK",SWIG_From_int(static_cast< int >(utl::CHK)));
      |                                                                          ^~~
/OpenROAD/src/utl/include/utl/Logger.h:418:5: note: ‘CHK’ declared here
  418 |   X(CHK)                \
      |     ^~~
/OpenROAD/src/utl/include/utl/Logger.h:454:29: note: in definition of macro ‘GENERATE_ENUM’
  454 | #define GENERATE_ENUM(ENUM) ENUM,
      |                             ^~~~
/OpenROAD/src/utl/include/utl/Logger.h:466:3: note: in expansion of macro ‘FOREACH_TOOL’
  466 |   FOREACH_TOOL(GENERATE_ENUM)
      |   ^~~~~~~~~~~~
/OpenROAD/build/src/utl/CMakeFiles/utl_py.dir/Logger-pyPYTHON_wrap.cxx:8689:74: error: ‘CTS’ is not a member of ‘utl’; did you mean ‘CTS’?
 8689 |   SWIG_Python_SetConstant(d, "CTS",SWIG_From_int(static_cast< int >(utl::CTS)));
      |                                                                          ^~~
/OpenROAD/src/utl/include/utl/Logger.h:419:5: note: ‘CTS’ declared here
  419 |   X(CTS)                \
      |     ^~~
/OpenROAD/src/utl/include/utl/Logger.h:454:29: note: in definition of macro ‘GENERATE_ENUM’
  454 | #define GENERATE_ENUM(ENUM) ENUM,
      |                             ^~~~
/OpenROAD/src/utl/include/utl/Logger.h:466:3: note: in expansion of macro ‘FOREACH_TOOL’
  466 |   FOREACH_TOOL(GENERATE_ENUM)
      |   ^~~~~~~~~~~~
/OpenROAD/build/src/utl/CMakeFiles/utl_py.dir/Logger-pyPYTHON_wrap.cxx:8690:74: error: ‘CUT’ is not a member of ‘utl’; did you mean ‘CUT’?
 8690 |   SWIG_Python_SetConstant(d, "CUT",SWIG_From_int(static_cast< int >(utl::CUT)));
      |                                                                          ^~~
/OpenROAD/src/utl/include/utl/Logger.h:420:5: note: ‘CUT’ declared here
  420 |   X(CUT)                \
      |     ^~~
/OpenROAD/src/utl/include/utl/Logger.h:454:29: note: in definition of macro ‘GENERATE_ENUM’
  454 | #define GENERATE_ENUM(ENUM) ENUM,
      |                             ^~~~
/OpenROAD/src/utl/include/utl/Logger.h:466:3: note: in expansion of macro ‘FOREACH_TOOL’
  466 |   FOREACH_TOOL(GENERATE_ENUM)
      |   ^~~~~~~~~~~~
/OpenROAD/build/src/utl/CMakeFiles/utl_py.dir/Logger-pyPYTHON_wrap.cxx:8691:74: error: ‘DFT’ is not a member of ‘utl’; did you mean ‘DFT’?
 8691 |   SWIG_Python_SetConstant(d, "DFT",SWIG_From_int(static_cast< int >(utl::DFT)));
      |                                                                          ^~~
/OpenROAD/src/utl/include/utl/Logger.h:421:5: note: ‘DFT’ declared here
  421 |   X(DFT)                \
      |     ^~~
/OpenROAD/src/utl/include/utl/Logger.h:454:29: note: in definition of macro ‘GENERATE_ENUM’
  454 | #define GENERATE_ENUM(ENUM) ENUM,
      |                             ^~~~
/OpenROAD/src/utl/include/utl/Logger.h:466:3: note: in expansion of macro ‘FOREACH_TOOL’
  466 |   FOREACH_TOOL(GENERATE_ENUM)
      |   ^~~~~~~~~~~~
/OpenROAD/build/src/utl/CMakeFiles/utl_py.dir/Logger-pyPYTHON_wrap.cxx:8692:74: error: ‘DPL’ is not a member of ‘utl’; did you mean ‘DPL’?
 8692 |   SWIG_Python_SetConstant(d, "DPL",SWIG_From_int(static_cast< int >(utl::DPL)));
      |                                                                          ^~~
/OpenROAD/src/utl/include/utl/Logger.h:422:5: note: ‘DPL’ declared here
  422 |   X(DPL)                \
      |     ^~~
/OpenROAD/src/utl/include/utl/Logger.h:454:29: note: in definition of macro ‘GENERATE_ENUM’
  454 | #define GENERATE_ENUM(ENUM) ENUM,
      |                             ^~~~
/OpenROAD/src/utl/include/utl/Logger.h:466:3: note: in expansion of macro ‘FOREACH_TOOL’
  466 |   FOREACH_TOOL(GENERATE_ENUM)
      |   ^~~~~~~~~~~~
/OpenROAD/build/src/utl/CMakeFiles/utl_py.dir/Logger-pyPYTHON_wrap.cxx:8693:74: error: ‘DRT’ is not a member of ‘utl’; did you mean ‘DRT’?
 8693 |   SWIG_Python_SetConstant(d, "DRT",SWIG_From_int(static_cast< int >(utl::DRT)));
      |                                                                          ^~~
/OpenROAD/src/utl/include/utl/Logger.h:423:5: note: ‘DRT’ declared here
  423 |   X(DRT)                \
      |     ^~~
/OpenROAD/src/utl/include/utl/Logger.h:454:29: note: in definition of macro ‘GENERATE_ENUM’
  454 | #define GENERATE_ENUM(ENUM) ENUM,
      |                             ^~~~
/OpenROAD/src/utl/include/utl/Logger.h:466:3: note: in expansion of macro ‘FOREACH_TOOL’
  466 |   FOREACH_TOOL(GENERATE_ENUM)
      |   ^~~~~~~~~~~~
/OpenROAD/build/src/utl/CMakeFiles/utl_py.dir/Logger-pyPYTHON_wrap.cxx:8694:74: error: ‘DST’ is not a member of ‘utl’; did you mean ‘DST’?
 8694 |   SWIG_Python_SetConstant(d, "DST",SWIG_From_int(static_cast< int >(utl::DST)));
      |                                                                          ^~~
/OpenROAD/src/utl/include/utl/Logger.h:424:5: note: ‘DST’ declared here
  424 |   X(DST)                \
      |     ^~~
/OpenROAD/src/utl/include/utl/Logger.h:454:29: note: in definition of macro ‘GENERATE_ENUM’
  454 | #define GENERATE_ENUM(ENUM) ENUM,
      |                             ^~~~
/OpenROAD/src/utl/include/utl/Logger.h:466:3: note: in expansion of macro ‘FOREACH_TOOL’
  466 |   FOREACH_TOOL(GENERATE_ENUM)
      |   ^~~~~~~~~~~~
/OpenROAD/build/src/utl/CMakeFiles/utl_py.dir/Logger-pyPYTHON_wrap.cxx:8695:74: error: ‘EST’ is not a member of ‘utl’; did you mean ‘EST’?
 8695 |   SWIG_Python_SetConstant(d, "EST",SWIG_From_int(static_cast< int >(utl::EST)));
      |                                                                          ^~~
/OpenROAD/src/utl/include/utl/Logger.h:425:5: note: ‘EST’ declared here
  425 |   X(EST)                \
      |     ^~~
/OpenROAD/src/utl/include/utl/Logger.h:454:29: note: in definition of macro ‘GENERATE_ENUM’
  454 | #define GENERATE_ENUM(ENUM) ENUM,
      |                             ^~~~
/OpenROAD/src/utl/include/utl/Logger.h:466:3: note: in expansion of macro ‘FOREACH_TOOL’
  466 |   FOREACH_TOOL(GENERATE_ENUM)
      |   ^~~~~~~~~~~~
/OpenROAD/build/src/utl/CMakeFiles/utl_py.dir/Logger-pyPYTHON_wrap.cxx:8696:74: error: ‘EXA’ is not a member of ‘utl’; did you mean ‘EXA’?
 8696 |   SWIG_Python_SetConstant(d, "EXA",SWIG_From_int(static_cast< int >(utl::EXA)));
      |                                                                          ^~~
/OpenROAD/src/utl/include/utl/Logger.h:426:5: note: ‘EXA’ declared here
  426 |   X(EXA)                \
      |     ^~~
/OpenROAD/src/utl/include/utl/Logger.h:454:29: note: in definition of macro ‘GENERATE_ENUM’
  454 | #define GENERATE_ENUM(ENUM) ENUM,
      |                             ^~~~
/OpenROAD/src/utl/include/utl/Logger.h:466:3: note: in expansion of macro ‘FOREACH_TOOL’
  466 |   FOREACH_TOOL(GENERATE_ENUM)
      |   ^~~~~~~~~~~~
/OpenROAD/build/src/utl/CMakeFiles/utl_py.dir/Logger-pyPYTHON_wrap.cxx:8697:74: error: ‘FIN’ is not a member of ‘utl’; did you mean ‘FIN’?
 8697 |   SWIG_Python_SetConstant(d, "FIN",SWIG_From_int(static_cast< int >(utl::FIN)));
      |                                                                          ^~~
/OpenROAD/src/utl/include/utl/Logger.h:427:5: note: ‘FIN’ declared here
  427 |   X(FIN)                \
      |     ^~~
/OpenROAD/src/utl/include/utl/Logger.h:454:29: note: in definition of macro ‘GENERATE_ENUM’
  454 | #define GENERATE_ENUM(ENUM) ENUM,
      |                             ^~~~
/OpenROAD/src/utl/include/utl/Logger.h:466:3: note: in expansion of macro ‘FOREACH_TOOL’
  466 |   FOREACH_TOOL(GENERATE_ENUM)
      |   ^~~~~~~~~~~~
/OpenROAD/build/src/utl/CMakeFiles/utl_py.dir/Logger-pyPYTHON_wrap.cxx:8698:74: error: ‘FLW’ is not a member of ‘utl’; did you mean ‘FLW’?
 8698 |   SWIG_Python_SetConstant(d, "FLW",SWIG_From_int(static_cast< int >(utl::FLW)));
      |                                                                          ^~~
/OpenROAD/src/utl/include/utl/Logger.h:428:5: note: ‘FLW’ declared here
  428 |   X(FLW)                \
      |     ^~~
/OpenROAD/src/utl/include/utl/Logger.h:454:29: note: in definition of macro ‘GENERATE_ENUM’
  454 | #define GENERATE_ENUM(ENUM) ENUM,
      |                             ^~~~
/OpenROAD/src/utl/include/utl/Logger.h:466:3: note: in expansion of macro ‘FOREACH_TOOL’
  466 |   FOREACH_TOOL(GENERATE_ENUM)
      |   ^~~~~~~~~~~~
/OpenROAD/build/src/utl/CMakeFiles/utl_py.dir/Logger-pyPYTHON_wrap.cxx:8699:74: error: ‘GPL’ is not a member of ‘utl’; did you mean ‘GPL’?
 8699 |   SWIG_Python_SetConstant(d, "GPL",SWIG_From_int(static_cast< int >(utl::GPL)));
      |                                                                          ^~~
/OpenROAD/src/utl/include/utl/Logger.h:429:5: note: ‘GPL’ declared here
  429 |   X(GPL)                \
      |     ^~~
/OpenROAD/src/utl/include/utl/Logger.h:454:29: note: in definition of macro ‘GENERATE_ENUM’
  454 | #define GENERATE_ENUM(ENUM) ENUM,
      |                             ^~~~
/OpenROAD/src/utl/include/utl/Logger.h:466:3: note: in expansion of macro ‘FOREACH_TOOL’
  466 |   FOREACH_TOOL(GENERATE_ENUM)
      |   ^~~~~~~~~~~~
/OpenROAD/build/src/utl/CMakeFiles/utl_py.dir/Logger-pyPYTHON_wrap.cxx:8700:74: error: ‘GRT’ is not a member of ‘utl’; did you mean ‘GRT’?
 8700 |   SWIG_Python_SetConstant(d, "GRT",SWIG_From_int(static_cast< int >(utl::GRT)));
      |                                                                          ^~~
/OpenROAD/src/utl/include/utl/Logger.h:430:5: note: ‘GRT’ declared here
  430 |   X(GRT)                \
      |     ^~~
/OpenROAD/src/utl/include/utl/Logger.h:454:29: note: in definition of macro ‘GENERATE_ENUM’
  454 | #define GENERATE_ENUM(ENUM) ENUM,
      |                             ^~~~
/OpenROAD/src/utl/include/utl/Logger.h:466:3: note: in expansion of macro ‘FOREACH_TOOL’
  466 |   FOREACH_TOOL(GENERATE_ENUM)
      |   ^~~~~~~~~~~~
/OpenROAD/build/src/utl/CMakeFiles/utl_py.dir/Logger-pyPYTHON_wrap.cxx:8701:74: error: ‘GUI’ is not a member of ‘utl’; did you mean ‘GUI’?
 8701 |   SWIG_Python_SetConstant(d, "GUI",SWIG_From_int(static_cast< int >(utl::GUI)));
      |                                                                          ^~~
/OpenROAD/src/utl/include/utl/Logger.h:431:5: note: ‘GUI’ declared here
  431 |   X(GUI)                \
      |     ^~~
/OpenROAD/src/utl/include/utl/Logger.h:454:29: note: in definition of macro ‘GENERATE_ENUM’
  454 | #define GENERATE_ENUM(ENUM) ENUM,
      |                             ^~~~
/OpenROAD/src/utl/include/utl/Logger.h:466:3: note: in expansion of macro ‘FOREACH_TOOL’
  466 |   FOREACH_TOOL(GENERATE_ENUM)
      |   ^~~~~~~~~~~~
/OpenROAD/build/src/utl/CMakeFiles/utl_py.dir/Logger-pyPYTHON_wrap.cxx:8702:74: error: ‘IFP’ is not a member of ‘utl’; did you mean ‘IFP’?
 8702 |   SWIG_Python_SetConstant(d, "IFP",SWIG_From_int(static_cast< int >(utl::IFP)));
      |                                                                          ^~~
/OpenROAD/src/utl/include/utl/Logger.h:432:5: note: ‘IFP’ declared here
  432 |   X(IFP)                \
      |     ^~~
/OpenROAD/src/utl/include/utl/Logger.h:454:29: note: in definition of macro ‘GENERATE_ENUM’
  454 | #define GENERATE_ENUM(ENUM) ENUM,
      |                             ^~~~
/OpenROAD/src/utl/include/utl/Logger.h:466:3: note: in expansion of macro ‘FOREACH_TOOL’
  466 |   FOREACH_TOOL(GENERATE_ENUM)
      |   ^~~~~~~~~~~~
/OpenROAD/build/src/utl/CMakeFiles/utl_py.dir/Logger-pyPYTHON_wrap.cxx:8703:74: error: ‘MPL’ is not a member of ‘utl’; did you mean ‘MPL’?
 8703 |   SWIG_Python_SetConstant(d, "MPL",SWIG_From_int(static_cast< int >(utl::MPL)));
      |                                                                          ^~~
/OpenROAD/src/utl/include/utl/Logger.h:433:5: note: ‘MPL’ declared here
  433 |   X(MPL)                \
      |     ^~~
/OpenROAD/src/utl/include/utl/Logger.h:454:29: note: in definition of macro ‘GENERATE_ENUM’
  454 | #define GENERATE_ENUM(ENUM) ENUM,
      |                             ^~~~
/OpenROAD/src/utl/include/utl/Logger.h:466:3: note: in expansion of macro ‘FOREACH_TOOL’
  466 |   FOREACH_TOOL(GENERATE_ENUM)
      |   ^~~~~~~~~~~~
/OpenROAD/build/src/utl/CMakeFiles/utl_py.dir/Logger-pyPYTHON_wrap.cxx:8704:74: error: ‘ODB’ is not a member of ‘utl’; did you mean ‘ODB’?
 8704 |   SWIG_Python_SetConstant(d, "ODB",SWIG_From_int(static_cast< int >(utl::ODB)));
      |                                                                          ^~~
/OpenROAD/src/utl/include/utl/Logger.h:434:5: note: ‘ODB’ declared here
  434 |   X(ODB)                \
      |     ^~~
/OpenROAD/src/utl/include/utl/Logger.h:454:29: note: in definition of macro ‘GENERATE_ENUM’
  454 | #define GENERATE_ENUM(ENUM) ENUM,
      |                             ^~~~
/OpenROAD/src/utl/include/utl/Logger.h:466:3: note: in expansion of macro ‘FOREACH_TOOL’
  466 |   FOREACH_TOOL(GENERATE_ENUM)
      |   ^~~~~~~~~~~~
/OpenROAD/build/src/utl/CMakeFiles/utl_py.dir/Logger-pyPYTHON_wrap.cxx:8705:74: error: ‘ORD’ is not a member of ‘utl’; did you mean ‘ORD’?
 8705 |   SWIG_Python_SetConstant(d, "ORD",SWIG_From_int(static_cast< int >(utl::ORD)));
      |                                                                          ^~~
/OpenROAD/src/utl/include/utl/Logger.h:435:5: note: ‘ORD’ declared here
  435 |   X(ORD)                \
      |     ^~~
/OpenROAD/src/utl/include/utl/Logger.h:454:29: note: in definition of macro ‘GENERATE_ENUM’
  454 | #define GENERATE_ENUM(ENUM) ENUM,
      |                             ^~~~
/OpenROAD/src/utl/include/utl/Logger.h:466:3: note: in expansion of macro ‘FOREACH_TOOL’
  466 |   FOREACH_TOOL(GENERATE_ENUM)
      |   ^~~~~~~~~~~~
/OpenROAD/build/src/utl/CMakeFiles/utl_py.dir/Logger-pyPYTHON_wrap.cxx:8706:74: error: ‘PAD’ is not a member of ‘utl’; did you mean ‘PAD’?
 8706 |   SWIG_Python_SetConstant(d, "PAD",SWIG_From_int(static_cast< int >(utl::PAD)));
      |                                                                          ^~~
/OpenROAD/src/utl/include/utl/Logger.h:436:5: note: ‘PAD’ declared here
  436 |   X(PAD)                \
      |     ^~~
/OpenROAD/src/utl/include/utl/Logger.h:454:29: note: in definition of macro ‘GENERATE_ENUM’
  454 | #define GENERATE_ENUM(ENUM) ENUM,
      |                             ^~~~
/OpenROAD/src/utl/include/utl/Logger.h:466:3: note: in expansion of macro ‘FOREACH_TOOL’
  466 |   FOREACH_TOOL(GENERATE_ENUM)
      |   ^~~~~~~~~~~~
/OpenROAD/build/src/utl/CMakeFiles/utl_py.dir/Logger-pyPYTHON_wrap.cxx:8707:74: error: ‘PAR’ is not a member of ‘utl’; did you mean ‘PAR’?
 8707 |   SWIG_Python_SetConstant(d, "PAR",SWIG_From_int(static_cast< int >(utl::PAR)));
      |                                                                          ^~~
/OpenROAD/src/utl/include/utl/Logger.h:437:5: note: ‘PAR’ declared here
  437 |   X(PAR)                \
      |     ^~~
/OpenROAD/src/utl/include/utl/Logger.h:454:29: note: in definition of macro ‘GENERATE_ENUM’
  454 | #define GENERATE_ENUM(ENUM) ENUM,
      |                             ^~~~
/OpenROAD/src/utl/include/utl/Logger.h:466:3: note: in expansion of macro ‘FOREACH_TOOL’
  466 |   FOREACH_TOOL(GENERATE_ENUM)
      |   ^~~~~~~~~~~~
/OpenROAD/build/src/utl/CMakeFiles/utl_py.dir/Logger-pyPYTHON_wrap.cxx:8708:74: error: ‘PDN’ is not a member of ‘utl’; did you mean ‘PDN’?
 8708 |   SWIG_Python_SetConstant(d, "PDN",SWIG_From_int(static_cast< int >(utl::PDN)));
      |                                                                          ^~~
/OpenROAD/src/utl/include/utl/Logger.h:438:5: note: ‘PDN’ declared here
  438 |   X(PDN)                \
      |     ^~~
/OpenROAD/src/utl/include/utl/Logger.h:454:29: note: in definition of macro ‘GENERATE_ENUM’
  454 | #define GENERATE_ENUM(ENUM) ENUM,
      |                             ^~~~
/OpenROAD/src/utl/include/utl/Logger.h:466:3: note: in expansion of macro ‘FOREACH_TOOL’
  466 |   FOREACH_TOOL(GENERATE_ENUM)
      |   ^~~~~~~~~~~~
/OpenROAD/build/src/utl/CMakeFiles/utl_py.dir/Logger-pyPYTHON_wrap.cxx:8709:74: error: ‘PPL’ is not a member of ‘utl’; did you mean ‘PPL’?
 8709 |   SWIG_Python_SetConstant(d, "PPL",SWIG_From_int(static_cast< int >(utl::PPL)));
      |                                                                          ^~~
/OpenROAD/src/utl/include/utl/Logger.h:439:5: note: ‘PPL’ declared here
  439 |   X(PPL)                \
      |     ^~~
/OpenROAD/src/utl/include/utl/Logger.h:454:29: note: in definition of macro ‘GENERATE_ENUM’
  454 | #define GENERATE_ENUM(ENUM) ENUM,
      |                             ^~~~
/OpenROAD/src/utl/include/utl/Logger.h:466:3: note: in expansion of macro ‘FOREACH_TOOL’
  466 |   FOREACH_TOOL(GENERATE_ENUM)
      |   ^~~~~~~~~~~~
/OpenROAD/build/src/utl/CMakeFiles/utl_py.dir/Logger-pyPYTHON_wrap.cxx:8710:74: error: ‘PSM’ is not a member of ‘utl’; did you mean ‘PSM’?
 8710 |   SWIG_Python_SetConstant(d, "PSM",SWIG_From_int(static_cast< int >(utl::PSM)));
      |                                                                          ^~~
/OpenROAD/src/utl/include/utl/Logger.h:440:5: note: ‘PSM’ declared here
  440 |   X(PSM)                \
      |     ^~~
/OpenROAD/src/utl/include/utl/Logger.h:454:29: note: in definition of macro ‘GENERATE_ENUM’
  454 | #define GENERATE_ENUM(ENUM) ENUM,
      |                             ^~~~
/OpenROAD/src/utl/include/utl/Logger.h:466:3: note: in expansion of macro ‘FOREACH_TOOL’
  466 |   FOREACH_TOOL(GENERATE_ENUM)
      |   ^~~~~~~~~~~~
/OpenROAD/build/src/utl/CMakeFiles/utl_py.dir/Logger-pyPYTHON_wrap.cxx:8711:74: error: ‘RAM’ is not a member of ‘utl’; did you mean ‘RAM’?
 8711 |   SWIG_Python_SetConstant(d, "RAM",SWIG_From_int(static_cast< int >(utl::RAM)));
      |                                                                          ^~~
/OpenROAD/src/utl/include/utl/Logger.h:441:5: note: ‘RAM’ declared here
  441 |   X(RAM)                \
      |     ^~~
/OpenROAD/src/utl/include/utl/Logger.h:454:29: note: in definition of macro ‘GENERATE_ENUM’
  454 | #define GENERATE_ENUM(ENUM) ENUM,
      |                             ^~~~
/OpenROAD/src/utl/include/utl/Logger.h:466:3: note: in expansion of macro ‘FOREACH_TOOL’
  466 |   FOREACH_TOOL(GENERATE_ENUM)
      |   ^~~~~~~~~~~~
/OpenROAD/build/src/utl/CMakeFiles/utl_py.dir/Logger-pyPYTHON_wrap.cxx:8712:74: error: ‘RCX’ is not a member of ‘utl’; did you mean ‘RCX’?
 8712 |   SWIG_Python_SetConstant(d, "RCX",SWIG_From_int(static_cast< int >(utl::RCX)));
      |                                                                          ^~~
/OpenROAD/src/utl/include/utl/Logger.h:442:5: note: ‘RCX’ declared here
  442 |   X(RCX)                \
      |     ^~~
/OpenROAD/src/utl/include/utl/Logger.h:454:29: note: in definition of macro ‘GENERATE_ENUM’
  454 | #define GENERATE_ENUM(ENUM) ENUM,
      |                             ^~~~
/OpenROAD/src/utl/include/utl/Logger.h:466:3: note: in expansion of macro ‘FOREACH_TOOL’
  466 |   FOREACH_TOOL(GENERATE_ENUM)
      |   ^~~~~~~~~~~~
/OpenROAD/build/src/utl/CMakeFiles/utl_py.dir/Logger-pyPYTHON_wrap.cxx:8713:74: error: ‘RMP’ is not a member of ‘utl’; did you mean ‘RMP’?
 8713 |   SWIG_Python_SetConstant(d, "RMP",SWIG_From_int(static_cast< int >(utl::RMP)));
      |                                                                          ^~~
/OpenROAD/src/utl/include/utl/Logger.h:443:5: note: ‘RMP’ declared here
  443 |   X(RMP)                \
      |     ^~~
/OpenROAD/src/utl/include/utl/Logger.h:454:29: note: in definition of macro ‘GENERATE_ENUM’
  454 | #define GENERATE_ENUM(ENUM) ENUM,
      |                             ^~~~
/OpenROAD/src/utl/include/utl/Logger.h:466:3: note: in expansion of macro ‘FOREACH_TOOL’
  466 |   FOREACH_TOOL(GENERATE_ENUM)
      |   ^~~~~~~~~~~~
/OpenROAD/build/src/utl/CMakeFiles/utl_py.dir/Logger-pyPYTHON_wrap.cxx:8714:74: error: ‘RSZ’ is not a member of ‘utl’; did you mean ‘RSZ’?
 8714 |   SWIG_Python_SetConstant(d, "RSZ",SWIG_From_int(static_cast< int >(utl::RSZ)));
      |                                                                          ^~~
/OpenROAD/src/utl/include/utl/Logger.h:444:5: note: ‘RSZ’ declared here
  444 |   X(RSZ)                \
      |     ^~~
/OpenROAD/src/utl/include/utl/Logger.h:454:29: note: in definition of macro ‘GENERATE_ENUM’
  454 | #define GENERATE_ENUM(ENUM) ENUM,
      |                             ^~~~
/OpenROAD/src/utl/include/utl/Logger.h:466:3: note: in expansion of macro ‘FOREACH_TOOL’
  466 |   FOREACH_TOOL(GENERATE_ENUM)
      |   ^~~~~~~~~~~~
/OpenROAD/build/src/utl/CMakeFiles/utl_py.dir/Logger-pyPYTHON_wrap.cxx:8715:74: error: ‘STA’ is not a member of ‘utl’; did you mean ‘STA’?
 8715 |   SWIG_Python_SetConstant(d, "STA",SWIG_From_int(static_cast< int >(utl::STA)));
      |                                                                          ^~~
/OpenROAD/src/utl/include/utl/Logger.h:445:5: note: ‘STA’ declared here
  445 |   X(STA)                \
      |     ^~~
/OpenROAD/src/utl/include/utl/Logger.h:454:29: note: in definition of macro ‘GENERATE_ENUM’
  454 | #define GENERATE_ENUM(ENUM) ENUM,
      |                             ^~~~
/OpenROAD/src/utl/include/utl/Logger.h:466:3: note: in expansion of macro ‘FOREACH_TOOL’
  466 |   FOREACH_TOOL(GENERATE_ENUM)
      |   ^~~~~~~~~~~~
/OpenROAD/build/src/utl/CMakeFiles/utl_py.dir/Logger-pyPYTHON_wrap.cxx:8716:74: error: ‘STT’ is not a member of ‘utl’; did you mean ‘STT’?
 8716 |   SWIG_Python_SetConstant(d, "STT",SWIG_From_int(static_cast< int >(utl::STT)));
      |                                                                          ^~~
/OpenROAD/src/utl/include/utl/Logger.h:446:5: note: ‘STT’ declared here
  446 |   X(STT)                \
      |     ^~~
/OpenROAD/src/utl/include/utl/Logger.h:454:29: note: in definition of macro ‘GENERATE_ENUM’
  454 | #define GENERATE_ENUM(ENUM) ENUM,
      |                             ^~~~
/OpenROAD/src/utl/include/utl/Logger.h:466:3: note: in expansion of macro ‘FOREACH_TOOL’
  466 |   FOREACH_TOOL(GENERATE_ENUM)
      |   ^~~~~~~~~~~~
/OpenROAD/build/src/utl/CMakeFiles/utl_py.dir/Logger-pyPYTHON_wrap.cxx:8717:74: error: ‘TAP’ is not a member of ‘utl’; did you mean ‘TAP’?
 8717 |   SWIG_Python_SetConstant(d, "TAP",SWIG_From_int(static_cast< int >(utl::TAP)));
      |                                                                          ^~~
/OpenROAD/src/utl/include/utl/Logger.h:447:5: note: ‘TAP’ declared here
  447 |   X(TAP)                \
      |     ^~~
/OpenROAD/src/utl/include/utl/Logger.h:454:29: note: in definition of macro ‘GENERATE_ENUM’
  454 | #define GENERATE_ENUM(ENUM) ENUM,
      |                             ^~~~
/OpenROAD/src/utl/include/utl/Logger.h:466:3: note: in expansion of macro ‘FOREACH_TOOL’
  466 |   FOREACH_TOOL(GENERATE_ENUM)
      |   ^~~~~~~~~~~~
/OpenROAD/build/src/utl/CMakeFiles/utl_py.dir/Logger-pyPYTHON_wrap.cxx:8718:74: error: ‘TST’ is not a member of ‘utl’; did you mean ‘TST’?
 8718 |   SWIG_Python_SetConstant(d, "TST",SWIG_From_int(static_cast< int >(utl::TST)));
      |                                                                          ^~~
/OpenROAD/src/utl/include/utl/Logger.h:448:5: note: ‘TST’ declared here
  448 |   X(TST)                \
      |     ^~~
/OpenROAD/src/utl/include/utl/Logger.h:454:29: note: in definition of macro ‘GENERATE_ENUM’
  454 | #define GENERATE_ENUM(ENUM) ENUM,
      |                             ^~~~
/OpenROAD/src/utl/include/utl/Logger.h:466:3: note: in expansion of macro ‘FOREACH_TOOL’
  466 |   FOREACH_TOOL(GENERATE_ENUM)
      |   ^~~~~~~~~~~~
/OpenROAD/build/src/utl/CMakeFiles/utl_py.dir/Logger-pyPYTHON_wrap.cxx:8719:74: error: ‘UKN’ is not a member of ‘utl’; did you mean ‘UKN’?
 8719 |   SWIG_Python_SetConstant(d, "UKN",SWIG_From_int(static_cast< int >(utl::UKN)));
      |                                                                          ^~~
/OpenROAD/src/utl/include/utl/Logger.h:816:66: error: ‘SchemaKey’ has not been declared
  816 |   std::optional<std::shared_ptr<AbstractQueue>> logToDbFindQueue(SchemaKey key);
      |                                                                  ^~~~~~~~~
/OpenROAD/src/utl/include/utl/Logger.h:449:5: note: ‘UKN’ declared here
  449 |   X(UKN)                \
      |     ^~~
/OpenROAD/src/utl/include/utl/Logger.h:454:29: note: in definition of macro ‘GENERATE_ENUM’
  454 | #define GENERATE_ENUM(ENUM) ENUM,
      |                             ^~~~
/OpenROAD/src/utl/include/utl/Logger.h:466:3: note: in expansion of macro ‘FOREACH_TOOL’
  466 |   FOREACH_TOOL(GENERATE_ENUM)
      |   ^~~~~~~~~~~~
/OpenROAD/build/src/utl/CMakeFiles/utl_py.dir/Logger-pyPYTHON_wrap.cxx:8720:74: error: ‘UPF’ is not a member of ‘utl’; did you mean ‘UPF’?
 8720 |   SWIG_Python_SetConstant(d, "UPF",SWIG_From_int(static_cast< int >(utl::UPF)));
      |                                                                          ^~~
/OpenROAD/src/utl/include/utl/Logger.h:450:5: note: ‘UPF’ declared here
  450 |   X(UPF)                \
      |     ^~~
/OpenROAD/src/utl/include/utl/Logger.h:454:29: note: in definition of macro ‘GENERATE_ENUM’
  454 | #define GENERATE_ENUM(ENUM) ENUM,
      |                             ^~~~
/OpenROAD/src/utl/include/utl/Logger.h:466:3: note: in expansion of macro ‘FOREACH_TOOL’
  466 |   FOREACH_TOOL(GENERATE_ENUM)
      |   ^~~~~~~~~~~~
/OpenROAD/build/src/utl/CMakeFiles/utl_py.dir/Logger-pyPYTHON_wrap.cxx:8721:74: error: ‘UTL’ is not a member of ‘utl’; did you mean ‘UTL’?
 8721 |   SWIG_Python_SetConstant(d, "UTL",SWIG_From_int(static_cast< int >(utl::UTL)));
      |                                                                          ^~~
/OpenROAD/src/utl/include/utl/Logger.h:451:5: note: ‘UTL’ declared here
  451 |   X(UTL)                \
      |     ^~~
/OpenROAD/src/utl/include/utl/Logger.h:454:29: note: in definition of macro ‘GENERATE_ENUM’
  454 | #define GENERATE_ENUM(ENUM) ENUM,
      |                             ^~~~
/OpenROAD/src/utl/include/utl/Logger.h:466:3: note: in expansion of macro ‘FOREACH_TOOL’
  466 |   FOREACH_TOOL(GENERATE_ENUM)
      |   ^~~~~~~~~~~~
/OpenROAD/build/src/utl/CMakeFiles/utl_py.dir/Logger-pyPYTHON_wrap.cxx:8722:74: error: ‘WEB’ is not a member of ‘utl’; did you mean ‘WEB’?
 8722 |   SWIG_Python_SetConstant(d, "WEB",SWIG_From_int(static_cast< int >(utl::WEB)));
      |                                                                          ^~~
/OpenROAD/src/utl/include/utl/Logger.h:452:5: note: ‘WEB’ declared here
  452 |   X(WEB)
      |     ^~~
/OpenROAD/src/utl/include/utl/Logger.h:454:29: note: in definition of macro ‘GENERATE_ENUM’
  454 | #define GENERATE_ENUM(ENUM) ENUM,
      |                             ^~~~
/OpenROAD/src/utl/include/utl/Logger.h:466:3: note: in expansion of macro ‘FOREACH_TOOL’
  466 |   FOREACH_TOOL(GENERATE_ENUM)
      |   ^~~~~~~~~~~~
/OpenROAD/build/src/utl/CMakeFiles/utl_py.dir/Logger-pyPYTHON_wrap.cxx:8723:75: error: ‘SIZE’ is not a member of ‘utl’; did you mean ‘SIZE’?
 8723 |   SWIG_Python_SetConstant(d, "SIZE",SWIG_From_int(static_cast< int >(utl::SIZE)));
      |                                                                           ^~~~
/OpenROAD/src/utl/include/utl/Logger.h:467:7: note: ‘SIZE’ declared here
  467 |       SIZE  // the number of tools, do not put anything after this
      |       ^~~~
/OpenROAD/src/utl/include/utl/Logger.h:817:3: error: ‘SchemaInfo’ does not name a type
  817 |   SchemaInfo logToDbBuildSchemaInfo(sqlite3* db,
      |   ^~~~~~~~~~
/OpenROAD/src/utl/include/utl/Logger.h:821:29: error: ‘SchemaKey’ has not been declared
  821 |   void logToDbRegisterQueue(SchemaKey key,
      |                             ^~~~~~~~~
/OpenROAD/src/utl/include/utl/Logger.h: In member function ‘void Logger::logToDb(ToolId, int, Args&& ...)’:
/OpenROAD/src/utl/include/utl/Logger.h:623:26: error: ‘SQLiteType’ was not declared in this scope; did you mean ‘utl::SQLiteType’?
  623 |     constexpr std::array<SQLiteType, sizeof...(Args)> types_arr
      |                          ^~~~~~~~~~
      |                          utl::SQLiteType
/OpenROAD/src/utl/include/utl/Logger.h:56:12: note: ‘utl::SQLiteType’ declared here
   56 | enum class SQLiteType {
      |            ^~~~~~~~~~
/OpenROAD/src/utl/include/utl/Logger.h:623:53: error: template argument 1 is invalid
  623 |     constexpr std::array<SQLiteType, sizeof...(Args)> types_arr
      |                                                     ^
/OpenROAD/src/utl/include/utl/Logger.h:627:5: error: ‘SchemaKey’ was not declared in this scope; did you mean ‘utl::SchemaKey’?
  627 |     SchemaKey key{tool, id};
      |     ^~~~~~~~~
      |     utl::SchemaKey
/OpenROAD/src/utl/include/utl/Logger.h:63:8: note: ‘utl::SchemaKey’ declared here
   63 | struct SchemaKey {
      |        ^~~~~~~~~
/OpenROAD/src/utl/include/utl/Logger.h:628:39: error: ‘key’ was not declared in this scope; did you mean ‘key_t’?
  628 |     auto queue_opt = logToDbFindQueue(key);
      |                                       ^~~
      |                                       key_t
/OpenROAD/src/utl/include/utl/Logger.h:631:7: error: ‘SchemaInfo’ was not declared in this scope; did you mean ‘utl::SchemaInfo’?
  631 |       SchemaInfo info = logToDbBuildSchemaInfo(
      |       ^~~~~~~~~~
      |       utl::SchemaInfo
/OpenROAD/src/utl/include/utl/Logger.h:83:8: note: ‘utl::SchemaInfo’ declared here
   83 | struct SchemaInfo {
      |        ^~~~~~~~~~
/OpenROAD/src/utl/include/utl/Logger.h:636:67: error: no matching function for call to ‘move(<unresolved overloaded function type>)’
  636 |       auto queue = std::make_shared<TypedQueue<Args...>>(std::move(info));
      |                                                          ~~~~~~~~~^~~~~~
In file included from /usr/include/c++/13/bits/exception_ptr.h:41,
                 from /usr/include/c++/13/exception:164,
                 from /usr/include/c++/13/ios:41,
                 from /usr/include/c++/13/istream:40,
                 from /usr/include/c++/13/fstream:40,
                 from /OpenROAD/src/utl/include/utl/ScopedTemporaryFile.h:8:
/usr/include/c++/13/bits/move.h:97:5: note: candidate: ‘template<class _Tp> constexpr typename std::remove_reference<_Tp>::type&& std::move(_Tp&&)’
   97 |     move(_Tp&& __t) noexcept
      |     ^~~~
/usr/include/c++/13/bits/move.h:97:5: note:   template argument deduction/substitution failed:
/OpenROAD/src/utl/include/utl/Logger.h:636:67: note:   couldn’t deduce template parameter ‘_Tp’
  636 |       auto queue = std::make_shared<TypedQueue<Args...>>(std::move(info));
      |                                                          ~~~~~~~~~^~~~~~
In file included from /usr/include/c++/13/string:51,
                 from /usr/include/c++/13/bits/locale_classes.h:40,
                 from /usr/include/c++/13/bits/ios_base.h:41,
                 from /usr/include/c++/13/ios:44:
/usr/include/c++/13/bits/stl_algobase.h:657:5: note: candidate: ‘template<class _II, class _OI> constexpr _OI std::move(_II, _II, _OI)’
  657 |     move(_II __first, _II __last, _OI __result)
      |     ^~~~
/usr/include/c++/13/bits/stl_algobase.h:657:5: note:   template argument deduction/substitution failed:
/OpenROAD/src/utl/include/utl/Logger.h:636:67: note:   candidate expects 3 arguments, 1 provided
  636 |       auto queue = std::make_shared<TypedQueue<Args...>>(std::move(info));
      |                                                          ~~~~~~~~~^~~~~~
gmake[2]: *** [src/utl/CMakeFiles/utl_lib.dir/build.make:121: src/utl/CMakeFiles/utl_lib.dir/src/ServiceRegistry.cpp.o] Error 1
In file included from /usr/include/c++/13/algorithm:73,
                 from /usr/local/include/boost/iostreams/detail/adapter/range_adapter.hpp:15,
                 from /usr/local/include/boost/iostreams/detail/push.hpp:19,
                 from /usr/local/include/boost/iostreams/chain.hpp:28,
                 from /usr/local/include/boost/iostreams/filtering_streambuf.hpp:17,
                 from /OpenROAD/src/utl/include/utl/ScopedTemporaryFile.h:14:
/usr/include/c++/13/pstl/glue_algorithm_defs.h:353:1: note: candidate: ‘template<class _ExecutionPolicy, class _ForwardIterator1, class _ForwardIterator2> __pstl::__internal::__enable_if_execution_policy<_ExecutionPolicy, _ForwardIterator> std::move(_ExecutionPolicy&&, _ForwardIterator1, _ForwardIterator1, _ForwardIterator2)’
  353 | move(_ExecutionPolicy&& __exec, _ForwardIterator1 __first, _ForwardIterator1 __last, _ForwardIterator2 __d_first);
      | ^~~~
/usr/include/c++/13/pstl/glue_algorithm_defs.h:353:1: note:   template argument deduction/substitution failed:
/OpenROAD/src/utl/include/utl/Logger.h:636:67: note:   candidate expects 4 arguments, 1 provided
  636 |       auto queue = std::make_shared<TypedQueue<Args...>>(std::move(info));
      |                                                          ~~~~~~~~~^~~~~~
In file included from /OpenROAD/src/utl/src/Logger.cpp:4:
/OpenROAD/src/utl/include/utl/Logger.h:64:3: error: ‘ToolId’ does not name a type
   64 |   ToolId tool;
      |   ^~~~~~
/OpenROAD/src/utl/include/utl/Logger.h: In member function ‘bool utl::SchemaKey::operator==(const utl::SchemaKey&) const’:
/OpenROAD/src/utl/include/utl/Logger.h:68:12: error: ‘tool’ was not declared in this scope; did you mean ‘bool’?
   68 |     return tool == other.tool && id == other.id;
      |            ^~~~
      |            bool
/OpenROAD/src/utl/include/utl/Logger.h:68:26: error: ‘const struct utl::SchemaKey’ has no member named ‘tool’
   68 |     return tool == other.tool && id == other.id;
      |                          ^~~~
/OpenROAD/src/utl/include/utl/Logger.h: In member function ‘size_t utl::SchemaKeyHasher::operator()(const utl::SchemaKey&) const’:
/OpenROAD/src/utl/include/utl/Logger.h:74:48: error: ‘const struct utl::SchemaKey’ has no member named ‘tool’
   74 |     return std::hash<int>{}(static_cast<int>(k.tool)) ^ (std::hash<int>{}(k.id) << 1);
      |                                                ^~~~
/OpenROAD/src/utl/include/utl/Logger.h: In member function ‘void Logger::log_metric(const std::string&, const std::string&)’:
/OpenROAD/src/utl/include/utl/Logger.h:747:5: error: ‘metrics_entries_’ was not declared in this scope; did you mean ‘metrics_stages_’?
  747 |     metrics_entries_.push_back({std::move(key), value});
      |     ^~~~~~~~~~~~~~~~
      |     metrics_stages_
/OpenROAD/src/utl/include/utl/Logger.h: At global scope:
/OpenROAD/src/utl/include/utl/Logger.h:855:1: error: expected declaration before ‘}’ token
  855 | }  // namespace utl
      | ^
/OpenROAD/src/utl/include/utl/Logger.h: At global scope:
/OpenROAD/src/utl/include/utl/Logger.h:101:20: error: ‘SQLiteType’ does not name a type
  101 |   static constexpr SQLiteType value = SQLiteType::INTEGER;
      |                    ^~~~~~~~~~
/OpenROAD/src/utl/include/utl/Logger.h:106:20: error: ‘SQLiteType’ does not name a type
  106 |   static constexpr SQLiteType value = SQLiteType::REAL;
      |                    ^~~~~~~~~~
/OpenROAD/src/utl/include/utl/Logger.h:127:9: error: ‘SchemaInfo’ does not name a type
  127 |   const SchemaInfo& schema_info() const { return info_; }
      |         ^~~~~~~~~~
/OpenROAD/src/utl/include/utl/Logger.h:147:3: error: ‘SchemaInfo’ does not name a type
  147 |   SchemaInfo info_;
      |   ^~~~~~~~~~
/OpenROAD/src/utl/include/utl/Logger.h:159:33: error: expected ‘)’ before ‘info’
  159 |   explicit TypedQueue(SchemaInfo info) { info_ = std::move(info); }
      |                      ~          ^~~~~
      |                                 )
/OpenROAD/src/utl/include/utl/Logger.h: In static member function ‘static void TypedQueue<Args>::bind_field(sqlite3_stmt*, int, T)’:
/OpenROAD/src/utl/include/utl/Logger.h:237:45: error: ‘SQLiteType’ has not been declared
  237 |     if constexpr (TypeToSQLite<T>::value == SQLiteType::INTEGER) {
      |                                             ^~~~~~~~~~
/OpenROAD/src/utl/include/utl/Logger.h:239:52: error: ‘SQLiteType’ has not been declared
  239 |     } else if constexpr (TypeToSQLite<T>::value == SQLiteType::REAL) {
      |                                                    ^~~~~~~~~~
/OpenROAD/src/utl/include/utl/Logger.h: In member function ‘bool TypedQueue<Args>::build_insert_stmt(sqlite3*)’:
/OpenROAD/src/utl/include/utl/Logger.h:256:40: error: ‘info_’ was not declared in this scope
  256 |     std::string sql = "INSERT INTO " + info_.table_name + " (";
      |                                        ^~~~~
/OpenROAD/src/utl/include/utl/Logger.h: At global scope:
/OpenROAD/src/utl/include/utl/Logger.h:280:3: error: ‘SchemaKey’ does not name a type
  280 |   SchemaKey key;
      |   ^~~~~~~~~
/OpenROAD/src/utl/include/utl/Logger.h:287:28: error: ‘SchemaKey’ was not declared in this scope; did you mean ‘utl::SchemaKey’?
  287 |       = std::unordered_map<SchemaKey, std::shared_ptr<AbstractQueue>, SchemaKeyHasher>;
      |                            ^~~~~~~~~
      |                            utl::SchemaKey
/OpenROAD/src/utl/include/utl/Logger.h:63:8: note: ‘utl::SchemaKey’ declared here
   63 | struct SchemaKey {
      |        ^~~~~~~~~
/OpenROAD/src/utl/include/utl/Logger.h:287:71: error: ‘SchemaKeyHasher’ was not declared in this scope; did you mean ‘utl::SchemaKeyHasher’?
  287 |       = std::unordered_map<SchemaKey, std::shared_ptr<AbstractQueue>, SchemaKeyHasher>;
      |                                                                       ^~~~~~~~~~~~~~~
      |                                                                       utl::SchemaKeyHasher
/OpenROAD/src/utl/include/utl/Logger.h:72:8: note: ‘utl::SchemaKeyHasher’ declared here
   72 | struct SchemaKeyHasher {
      |        ^~~~~~~~~~~~~~~
/OpenROAD/src/utl/include/utl/Logger.h:287:86: error: template argument 1 is invalid
  287 |       = std::unordered_map<SchemaKey, std::shared_ptr<AbstractQueue>, SchemaKeyHasher>;
      |                                                                                      ^
/OpenROAD/src/utl/include/utl/Logger.h:287:86: error: template argument 3 is invalid
/OpenROAD/src/utl/include/utl/Logger.h:287:86: error: template argument 4 is invalid
/OpenROAD/src/utl/include/utl/Logger.h:287:86: error: template argument 5 is invalid
/OpenROAD/src/utl/include/utl/Logger.h:287:14: error: ‘<expression error>’ in namespace ‘std’ does not name a type
  287 |       = std::unordered_map<SchemaKey, std::shared_ptr<AbstractQueue>, SchemaKeyHasher>;
      |              ^~~~~~~~~~~~~~~~~~~~~~~~~~~~~~~~~~~~~~~~~~~~~~~~~~~~~~~~~~~~~~~~~~~~~~~~~
/OpenROAD/src/utl/include/utl/Logger.h:291:25: error: ISO C++ forbids declaration of ‘type name’ with no type [-fpermissive]
  291 |   std::shared_ptr<const RegistryMap> get_map() const {
      |                         ^~~~~~~~~~~
/OpenROAD/src/utl/include/utl/Logger.h:291:36: error: template argument 1 is invalid
  291 |   std::shared_ptr<const RegistryMap> get_map() const {
      |                                    ^
/OpenROAD/src/utl/include/utl/Logger.h:291:8: error: ‘<expression error>’ in namespace ‘std’ does not name a type
  291 |   std::shared_ptr<const RegistryMap> get_map() const {
      |        ^~~~~~~~~~~~~~~~~~~~~~~~~~~~~
/OpenROAD/src/utl/include/utl/Logger.h:298:7: error: ‘SchemaKey’ has not been declared
  298 |       SchemaKey key,
      |       ^~~~~~~~~
/OpenROAD/src/utl/include/utl/Logger.h:318:25: error: ISO C++ forbids declaration of ‘type name’ with no type [-fpermissive]
  318 |   std::shared_ptr<const RegistryMap> registry_ptr_;
      |                         ^~~~~~~~~~~
/OpenROAD/src/utl/include/utl/Logger.h:318:36: error: template argument 1 is invalid
  318 |   std::shared_ptr<const RegistryMap> registry_ptr_;
      |                                    ^
/OpenROAD/src/utl/include/utl/Logger.h:318:8: error: ‘<expression error>’ in namespace ‘std’ does not name a type
  318 |   std::shared_ptr<const RegistryMap> registry_ptr_;
      |        ^~~~~~~~~~~~~~~~~~~~~~~~~~~~~
/OpenROAD/src/utl/include/utl/Logger.h: In constructor ‘SchemaRegistry::SchemaRegistry()’:
/OpenROAD/src/utl/include/utl/Logger.h:289:22: error: class ‘SchemaRegistry’ does not have any field named ‘registry_ptr_’
  289 |   SchemaRegistry() : registry_ptr_(std::make_shared<const RegistryMap>()) {}
      |                      ^~~~~~~~~~~~~
/OpenROAD/src/utl/include/utl/Logger.h:289:59: error: ISO C++ forbids declaration of ‘type name’ with no type [-fpermissive]
  289 |   SchemaRegistry() : registry_ptr_(std::make_shared<const RegistryMap>()) {}
      |                                                           ^~~~~~~~~~~
/OpenROAD/src/utl/include/utl/Logger.h:289:41: error: parse error in template argument list
  289 |   SchemaRegistry() : registry_ptr_(std::make_shared<const RegistryMap>()) {}
      |                                         ^~~~~~~~~~~~~~~~~~~~~~~~~~~~~~
/OpenROAD/src/utl/include/utl/Logger.h:289:71: error: no matching function for call to ‘make_shared<<expression error> >()’
  289 |   SchemaRegistry() : registry_ptr_(std::make_shared<const RegistryMap>()) {}
      |                                    ~~~~~~~~~~~~~~~~~~~~~~~~~~~~~~~~~~~^~
In file included from /usr/include/c++/13/memory:80,
                 from /OpenROAD/src/utl/include/utl/Logger.h:17:
/usr/include/c++/13/bits/shared_ptr.h:1005:5: note: candidate: ‘template<class _Tp, class ... _Args> std::shared_ptr<std::_NonArray<_Tp> > std::make_shared(_Args&& ...)’
 1005 |     make_shared(_Args&&... __args)
      |     ^~~~~~~~~~~
/usr/include/c++/13/bits/shared_ptr.h:1005:5: note:   template argument deduction/substitution failed:
/OpenROAD/src/utl/include/utl/Logger.h:289:71: error: template argument 1 is invalid
  289 |   SchemaRegistry() : registry_ptr_(std::make_shared<const RegistryMap>()) {}
      |                                    ~~~~~~~~~~~~~~~~~~~~~~~~~~~~~~~~~~~^~
/usr/include/c++/13/bits/shared_ptr.h:1037:5: note: candidate: ‘template<class _Tp> std::shared_ptr<std::_UnboundedArray<_Tp> > std::make_shared(size_t)’
 1037 |     make_shared(size_t __n)
      |     ^~~~~~~~~~~
/usr/include/c++/13/bits/shared_ptr.h:1037:5: note:   candidate expects 1 argument, 0 provided
/usr/include/c++/13/bits/shared_ptr.h:1053:5: note: candidate: ‘template<class _Tp> std::shared_ptr<std::_UnboundedArray<_Tp> > std::make_shared(size_t, remove_extent_t<_Iter>&)’
 1053 |     make_shared(size_t __n, const remove_extent_t<_Tp>& __u)
      |     ^~~~~~~~~~~
/usr/include/c++/13/bits/shared_ptr.h:1053:5: note:   candidate expects 2 arguments, 0 provided
/usr/include/c++/13/bits/shared_ptr.h:1080:5: note: candidate: ‘template<class _Tp> std::shared_ptr<std::_BoundedArray<_Tp> > std::make_shared()’
 1080 |     make_shared()
      |     ^~~~~~~~~~~
/usr/include/c++/13/bits/shared_ptr.h:1080:5: note:   template argument deduction/substitution failed:
/OpenROAD/src/utl/include/utl/Logger.h:289:71: error: template argument 1 is invalid
  289 |   SchemaRegistry() : registry_ptr_(std::make_shared<const RegistryMap>()) {}
      |                                    ~~~~~~~~~~~~~~~~~~~~~~~~~~~~~~~~~~~^~
/usr/include/c++/13/bits/shared_ptr.h:1095:5: note: candidate: ‘template<class _Tp> std::shared_ptr<std::_BoundedArray<_Tp> > std::make_shared(remove_extent_t<_Iter>&)’
 1095 |     make_shared(const remove_extent_t<_Tp>& __u)
      |     ^~~~~~~~~~~
/usr/include/c++/13/bits/shared_ptr.h:1095:5: note:   candidate expects 1 argument, 0 provided
/OpenROAD/src/utl/include/utl/Logger.h: In member function ‘std::shared_ptr<AbstractQueue> SchemaRegistry::register_schema(int, std::shared_ptr<AbstractQueue>)’:
/OpenROAD/src/utl/include/utl/Logger.h:302:24: error: ‘get_map’ was not declared in this scope
  302 |     auto current_map = get_map();
      |                        ^~~~~~~
/OpenROAD/src/utl/include/utl/Logger.h:309:37: error: ‘RegistryMap’ was not declared in this scope
  309 |     auto new_map = std::make_shared<RegistryMap>(*current_map);
      |                                     ^~~~~~~~~~~
/OpenROAD/src/utl/include/utl/Logger.h:312:10: error: ‘registry_ptr_’ was not declared in this scope; did you mean ‘register_t’?
  312 |         &registry_ptr_,
      |          ^~~~~~~~~~~~~
      |          register_t
/OpenROAD/src/utl/include/utl/Logger.h:313:39: error: ISO C++ forbids declaration of ‘type name’ with no type [-fpermissive]
  313 |         std::const_pointer_cast<const RegistryMap>(new_map));
      |                                       ^~~~~~~~~~~
/OpenROAD/src/utl/include/utl/Logger.h:313:14: error: parse error in template argument list
  313 |         std::const_pointer_cast<const RegistryMap>(new_map));
      |              ^~~~~~~~~~~~~~~~~~~~~~~~~~~~~~~~~~~~~
/OpenROAD/src/utl/include/utl/Logger.h: At global scope:
/OpenROAD/src/utl/include/utl/Logger.h:698:13: error: ‘MetricsEntry’ was not declared in this scope; did you mean ‘utl::MetricsEntry’?
  698 |   std::list<MetricsEntry> metrics_entries_;
      |             ^~~~~~~~~~~~
      |             utl::MetricsEntry
In file included from /OpenROAD/src/utl/include/utl/Logger.h:44:
/OpenROAD/src/utl/include/utl/Metrics.h:13:8: note: ‘utl::MetricsEntry’ declared here
   13 | struct MetricsEntry
      |        ^~~~~~~~~~~~
/OpenROAD/src/utl/include/utl/Logger.h:698:25: error: template argument 1 is invalid
  698 |   std::list<MetricsEntry> metrics_entries_;
      |                         ^
/OpenROAD/src/utl/include/utl/Logger.h:698:25: error: template argument 2 is invalid
/OpenROAD/src/utl/include/utl/Logger.h:698:8: error: ‘<expression error>’ in namespace ‘std’ does not name a type
  698 |   std::list<MetricsEntry> metrics_entries_;
      |        ^~~~~~~~~~~~~~~~~~
/OpenROAD/src/utl/include/utl/Logger.h:699:15: error: ‘MetricsPolicy’ was not declared in this scope; did you mean ‘utl::MetricsPolicy’?
  699 |   std::vector<MetricsPolicy> metrics_policies_;
      |               ^~~~~~~~~~~~~
      |               utl::MetricsPolicy
/OpenROAD/src/utl/include/utl/Metrics.h:28:7: note: ‘utl::MetricsPolicy’ declared here
   28 | class MetricsPolicy
      |       ^~~~~~~~~~~~~
/OpenROAD/src/utl/include/utl/Logger.h:699:28: error: template argument 1 is invalid
  699 |   std::vector<MetricsPolicy> metrics_policies_;
      |                            ^
/OpenROAD/src/utl/include/utl/Logger.h:699:28: error: template argument 2 is invalid
/OpenROAD/src/utl/include/utl/Logger.h:699:8: error: ‘<expression error>’ in namespace ‘std’ does not name a type
  699 |   std::vector<MetricsPolicy> metrics_policies_;
      |        ^~~~~~~~~~~~~~~~~~~~~
/OpenROAD/src/utl/include/utl/Logger.h:816:66: error: ‘SchemaKey’ has not been declared
  816 |   std::optional<std::shared_ptr<AbstractQueue>> logToDbFindQueue(SchemaKey key);
      |                                                                  ^~~~~~~~~
/OpenROAD/src/utl/include/utl/Logger.h:817:3: error: ‘SchemaInfo’ does not name a type
  817 |   SchemaInfo logToDbBuildSchemaInfo(sqlite3* db,
      |   ^~~~~~~~~~
/OpenROAD/src/utl/include/utl/Logger.h:821:29: error: ‘SchemaKey’ has not been declared
  821 |   void logToDbRegisterQueue(SchemaKey key,
      |                             ^~~~~~~~~
/OpenROAD/src/utl/include/utl/Logger.h: In member function ‘void Logger::logToDb(ToolId, int, Args&& ...)’:
/OpenROAD/src/utl/include/utl/Logger.h:623:26: error: ‘SQLiteType’ was not declared in this scope; did you mean ‘utl::SQLiteType’?
  623 |     constexpr std::array<SQLiteType, sizeof...(Args)> types_arr
      |                          ^~~~~~~~~~
      |                          utl::SQLiteType
/OpenROAD/src/utl/include/utl/Logger.h:56:12: note: ‘utl::SQLiteType’ declared here
   56 | enum class SQLiteType {
      |            ^~~~~~~~~~
/OpenROAD/src/utl/include/utl/Logger.h:623:53: error: template argument 1 is invalid
  623 |     constexpr std::array<SQLiteType, sizeof...(Args)> types_arr
      |                                                     ^
/OpenROAD/src/utl/include/utl/Logger.h:627:5: error: ‘SchemaKey’ was not declared in this scope; did you mean ‘utl::SchemaKey’?
  627 |     SchemaKey key{tool, id};
      |     ^~~~~~~~~
      |     utl::SchemaKey
/OpenROAD/src/utl/include/utl/Logger.h:63:8: note: ‘utl::SchemaKey’ declared here
   63 | struct SchemaKey {
      |        ^~~~~~~~~
/OpenROAD/src/utl/include/utl/Logger.h:628:39: error: ‘key’ was not declared in this scope; did you mean ‘key_t’?
  628 |     auto queue_opt = logToDbFindQueue(key);
      |                                       ^~~
      |                                       key_t
/OpenROAD/src/utl/include/utl/Logger.h:631:7: error: ‘SchemaInfo’ was not declared in this scope; did you mean ‘utl::SchemaInfo’?
  631 |       SchemaInfo info = logToDbBuildSchemaInfo(
      |       ^~~~~~~~~~
      |       utl::SchemaInfo
/OpenROAD/src/utl/include/utl/Logger.h:83:8: note: ‘utl::SchemaInfo’ declared here
   83 | struct SchemaInfo {
      |        ^~~~~~~~~~
/OpenROAD/src/utl/include/utl/Logger.h:636:67: error: no matching function for call to ‘move(<unresolved overloaded function type>)’
  636 |       auto queue = std::make_shared<TypedQueue<Args...>>(std::move(info));
      |                                                          ~~~~~~~~~^~~~~~
In file included from /usr/include/c++/13/bits/stl_pair.h:61,
                 from /usr/include/c++/13/bits/stl_algobase.h:64,
                 from /usr/include/c++/13/array:43,
                 from /OpenROAD/src/utl/include/utl/Logger.h:6:
/usr/include/c++/13/bits/move.h:97:5: note: candidate: ‘template<class _Tp> constexpr typename std::remove_reference<_Tp>::type&& std::move(_Tp&&)’
   97 |     move(_Tp&& __t) noexcept
      |     ^~~~
/usr/include/c++/13/bits/move.h:97:5: note:   template argument deduction/substitution failed:
/OpenROAD/src/utl/include/utl/Logger.h:636:67: note:   couldn’t deduce template parameter ‘_Tp’
  636 |       auto queue = std::make_shared<TypedQueue<Args...>>(std::move(info));
      |                                                          ~~~~~~~~~^~~~~~
/usr/include/c++/13/bits/stl_algobase.h:657:5: note: candidate: ‘template<class _II, class _OI> constexpr _OI std::move(_II, _II, _OI)’
  657 |     move(_II __first, _II __last, _OI __result)
      |     ^~~~
/usr/include/c++/13/bits/stl_algobase.h:657:5: note:   template argument deduction/substitution failed:
/OpenROAD/src/utl/include/utl/Logger.h:636:67: note:   candidate expects 3 arguments, 1 provided
  636 |       auto queue = std::make_shared<TypedQueue<Args...>>(std::move(info));
      |                                                          ~~~~~~~~~^~~~~~
In file included from /usr/include/c++/13/algorithm:73,
                 from /usr/local/include/spdlog/fmt/bundled/chrono.h:12,
                 from /usr/local/include/spdlog/fmt/bundled/ostream.h:23,
                 from /usr/local/include/spdlog/fmt/ostr.h:19,
                 from /OpenROAD/src/utl/include/utl/Logger.h:43:
/usr/include/c++/13/pstl/glue_algorithm_defs.h:353:1: note: candidate: ‘template<class _ExecutionPolicy, class _ForwardIterator1, class _ForwardIterator2> __pstl::__internal::__enable_if_execution_policy<_ExecutionPolicy, _ForwardIterator> std::move(_ExecutionPolicy&&, _ForwardIterator1, _ForwardIterator1, _ForwardIterator2)’
  353 | move(_ExecutionPolicy&& __exec, _ForwardIterator1 __first, _ForwardIterator1 __last, _ForwardIterator2 __d_first);
      | ^~~~
/usr/include/c++/13/pstl/glue_algorithm_defs.h:353:1: note:   template argument deduction/substitution failed:
/OpenROAD/src/utl/include/utl/Logger.h:636:67: note:   candidate expects 4 arguments, 1 provided
  636 |       auto queue = std::make_shared<TypedQueue<Args...>>(std::move(info));
      |                                                          ~~~~~~~~~^~~~~~
/OpenROAD/src/utl/include/utl/Logger.h: In member function ‘void Logger::log_metric(const std::string&, const std::string&)’:
/OpenROAD/src/utl/include/utl/Logger.h:747:5: error: ‘metrics_entries_’ was not declared in this scope; did you mean ‘metrics_stages_’?
  747 |     metrics_entries_.push_back({std::move(key), value});
      |     ^~~~~~~~~~~~~~~~
      |     metrics_stages_
/OpenROAD/src/utl/include/utl/Logger.h: At global scope:
/OpenROAD/src/utl/include/utl/Logger.h:855:1: error: expected declaration before ‘}’ token
  855 | }  // namespace utl
      | ^
In file included from /OpenROAD/src/utl/src/Progress.cpp:17:
/OpenROAD/src/utl/include/utl/Logger.h:64:3: error: ‘ToolId’ does not name a type
   64 |   ToolId tool;
      |   ^~~~~~
/OpenROAD/src/utl/include/utl/Logger.h: In member function ‘bool utl::SchemaKey::operator==(const utl::SchemaKey&) const’:
/OpenROAD/src/utl/include/utl/Logger.h:68:12: error: ‘tool’ was not declared in this scope; did you mean ‘bool’?
   68 |     return tool == other.tool && id == other.id;
      |            ^~~~
      |            bool
/OpenROAD/src/utl/include/utl/Logger.h:68:26: error: ‘const struct utl::SchemaKey’ has no member named ‘tool’
   68 |     return tool == other.tool && id == other.id;
      |                          ^~~~
/OpenROAD/src/utl/include/utl/Logger.h: In member function ‘size_t utl::SchemaKeyHasher::operator()(const utl::SchemaKey&) const’:
/OpenROAD/src/utl/include/utl/Logger.h:74:48: error: ‘const struct utl::SchemaKey’ has no member named ‘tool’
   74 |     return std::hash<int>{}(static_cast<int>(k.tool)) ^ (std::hash<int>{}(k.id) << 1);
      |                                                ^~~~
/OpenROAD/src/utl/include/utl/Logger.h: At global scope:
/OpenROAD/src/utl/include/utl/Logger.h:101:20: error: ‘SQLiteType’ does not name a type
  101 |   static constexpr SQLiteType value = SQLiteType::INTEGER;
      |                    ^~~~~~~~~~
/OpenROAD/src/utl/include/utl/Logger.h:106:20: error: ‘SQLiteType’ does not name a type
  106 |   static constexpr SQLiteType value = SQLiteType::REAL;
      |                    ^~~~~~~~~~
/OpenROAD/src/utl/include/utl/Logger.h:127:9: error: ‘SchemaInfo’ does not name a type
  127 |   const SchemaInfo& schema_info() const { return info_; }
      |         ^~~~~~~~~~
In file included from /OpenROAD/src/utl/src/CommandLineProgress.cpp:8:
/OpenROAD/src/utl/include/utl/Logger.h:64:3: error: ‘ToolId’ does not name a type
   64 |   ToolId tool;
      |   ^~~~~~
/OpenROAD/src/utl/include/utl/Logger.h:147:3: error: ‘SchemaInfo’ does not name a type
  147 |   SchemaInfo info_;
      |   ^~~~~~~~~~
/OpenROAD/src/utl/include/utl/Logger.h:159:33: error: expected ‘)’ before ‘info’
  159 |   explicit TypedQueue(SchemaInfo info) { info_ = std::move(info); }
      |                      ~          ^~~~~
      |                                 )
/OpenROAD/src/utl/include/utl/Logger.h: In static member function ‘static void TypedQueue<Args>::bind_field(sqlite3_stmt*, int, T)’:
/OpenROAD/src/utl/include/utl/Logger.h:237:45: error: ‘SQLiteType’ has not been declared
  237 |     if constexpr (TypeToSQLite<T>::value == SQLiteType::INTEGER) {
      |                                             ^~~~~~~~~~
/OpenROAD/src/utl/include/utl/Logger.h:239:52: error: ‘SQLiteType’ has not been declared
  239 |     } else if constexpr (TypeToSQLite<T>::value == SQLiteType::REAL) {
      |                                                    ^~~~~~~~~~
/OpenROAD/src/utl/include/utl/Logger.h: In member function ‘bool utl::SchemaKey::operator==(const utl::SchemaKey&) const’:
/OpenROAD/src/utl/include/utl/Logger.h:68:12: error: ‘tool’ was not declared in this scope; did you mean ‘bool’?
   68 |     return tool == other.tool && id == other.id;
      |            ^~~~
      |            bool
/OpenROAD/src/utl/include/utl/Logger.h:68:26: error: ‘const struct utl::SchemaKey’ has no member named ‘tool’
   68 |     return tool == other.tool && id == other.id;
      |                          ^~~~
/OpenROAD/src/utl/include/utl/Logger.h: In member function ‘size_t utl::SchemaKeyHasher::operator()(const utl::SchemaKey&) const’:
/OpenROAD/src/utl/include/utl/Logger.h:74:48: error: ‘const struct utl::SchemaKey’ has no member named ‘tool’
   74 |     return std::hash<int>{}(static_cast<int>(k.tool)) ^ (std::hash<int>{}(k.id) << 1);
      |                                                ^~~~
/OpenROAD/src/utl/include/utl/Logger.h: In member function ‘bool TypedQueue<Args>::build_insert_stmt(sqlite3*)’:
/OpenROAD/src/utl/include/utl/Logger.h:256:40: error: ‘info_’ was not declared in this scope
  256 |     std::string sql = "INSERT INTO " + info_.table_name + " (";
      |                                        ^~~~~
/OpenROAD/src/utl/include/utl/Logger.h: At global scope:
/OpenROAD/src/utl/include/utl/Logger.h:101:20: error: ‘SQLiteType’ does not name a type
  101 |   static constexpr SQLiteType value = SQLiteType::INTEGER;
      |                    ^~~~~~~~~~
/OpenROAD/src/utl/include/utl/Logger.h: At global scope:
/OpenROAD/src/utl/include/utl/Logger.h:280:3: error: ‘SchemaKey’ does not name a type
  280 |   SchemaKey key;
      |   ^~~~~~~~~
/OpenROAD/src/utl/include/utl/Logger.h:106:20: error: ‘SQLiteType’ does not name a type
  106 |   static constexpr SQLiteType value = SQLiteType::REAL;
      |                    ^~~~~~~~~~
/OpenROAD/src/utl/include/utl/Logger.h:287:28: error: ‘SchemaKey’ was not declared in this scope; did you mean ‘utl::SchemaKey’?
  287 |       = std::unordered_map<SchemaKey, std::shared_ptr<AbstractQueue>, SchemaKeyHasher>;
      |                            ^~~~~~~~~
      |                            utl::SchemaKey
/OpenROAD/src/utl/include/utl/Logger.h:63:8: note: ‘utl::SchemaKey’ declared here
   63 | struct SchemaKey {
      |        ^~~~~~~~~
/OpenROAD/src/utl/include/utl/Logger.h:287:71: error: ‘SchemaKeyHasher’ was not declared in this scope; did you mean ‘utl::SchemaKeyHasher’?
  287 |       = std::unordered_map<SchemaKey, std::shared_ptr<AbstractQueue>, SchemaKeyHasher>;
      |                                                                       ^~~~~~~~~~~~~~~
      |                                                                       utl::SchemaKeyHasher
/OpenROAD/src/utl/include/utl/Logger.h:72:8: note: ‘utl::SchemaKeyHasher’ declared here
   72 | struct SchemaKeyHasher {
      |        ^~~~~~~~~~~~~~~
/OpenROAD/src/utl/include/utl/Logger.h:287:86: error: template argument 1 is invalid
  287 |       = std::unordered_map<SchemaKey, std::shared_ptr<AbstractQueue>, SchemaKeyHasher>;
      |                                                                                      ^
/OpenROAD/src/utl/include/utl/Logger.h:287:86: error: template argument 3 is invalid
/OpenROAD/src/utl/include/utl/Logger.h:287:86: error: template argument 4 is invalid
/OpenROAD/src/utl/include/utl/Logger.h:287:86: error: template argument 5 is invalid
/OpenROAD/src/utl/include/utl/Logger.h:287:14: error: ‘<expression error>’ in namespace ‘std’ does not name a type
  287 |       = std::unordered_map<SchemaKey, std::shared_ptr<AbstractQueue>, SchemaKeyHasher>;
      |              ^~~~~~~~~~~~~~~~~~~~~~~~~~~~~~~~~~~~~~~~~~~~~~~~~~~~~~~~~~~~~~~~~~~~~~~~~
/OpenROAD/src/utl/include/utl/Logger.h:291:25: error: ISO C++ forbids declaration of ‘type name’ with no type [-fpermissive]
  291 |   std::shared_ptr<const RegistryMap> get_map() const {
      |                         ^~~~~~~~~~~
/OpenROAD/src/utl/include/utl/Logger.h:291:36: error: template argument 1 is invalid
  291 |   std::shared_ptr<const RegistryMap> get_map() const {
      |                                    ^
/OpenROAD/src/utl/include/utl/Logger.h:291:8: error: ‘<expression error>’ in namespace ‘std’ does not name a type
  291 |   std::shared_ptr<const RegistryMap> get_map() const {
      |        ^~~~~~~~~~~~~~~~~~~~~~~~~~~~~
/OpenROAD/src/utl/include/utl/Logger.h:298:7: error: ‘SchemaKey’ has not been declared
  298 |       SchemaKey key,
      |       ^~~~~~~~~
/OpenROAD/src/utl/include/utl/Logger.h:318:25: error: ISO C++ forbids declaration of ‘type name’ with no type [-fpermissive]
  318 |   std::shared_ptr<const RegistryMap> registry_ptr_;
      |                         ^~~~~~~~~~~
/OpenROAD/src/utl/include/utl/Logger.h:318:36: error: template argument 1 is invalid
  318 |   std::shared_ptr<const RegistryMap> registry_ptr_;
      |                                    ^
/OpenROAD/src/utl/include/utl/Logger.h:318:8: error: ‘<expression error>’ in namespace ‘std’ does not name a type
  318 |   std::shared_ptr<const RegistryMap> registry_ptr_;
      |        ^~~~~~~~~~~~~~~~~~~~~~~~~~~~~
/OpenROAD/src/utl/include/utl/Logger.h: In constructor ‘SchemaRegistry::SchemaRegistry()’:
/OpenROAD/src/utl/include/utl/Logger.h:289:22: error: class ‘SchemaRegistry’ does not have any field named ‘registry_ptr_’
  289 |   SchemaRegistry() : registry_ptr_(std::make_shared<const RegistryMap>()) {}
      |                      ^~~~~~~~~~~~~
/OpenROAD/src/utl/include/utl/Logger.h:289:59: error: ISO C++ forbids declaration of ‘type name’ with no type [-fpermissive]
  289 |   SchemaRegistry() : registry_ptr_(std::make_shared<const RegistryMap>()) {}
      |                                                           ^~~~~~~~~~~
/OpenROAD/src/utl/include/utl/Logger.h:289:41: error: parse error in template argument list
  289 |   SchemaRegistry() : registry_ptr_(std::make_shared<const RegistryMap>()) {}
      |                                         ^~~~~~~~~~~~~~~~~~~~~~~~~~~~~~
/OpenROAD/src/utl/include/utl/Logger.h:289:71: error: no matching function for call to ‘make_shared<<expression error> >()’
  289 |   SchemaRegistry() : registry_ptr_(std::make_shared<const RegistryMap>()) {}
      |                                    ~~~~~~~~~~~~~~~~~~~~~~~~~~~~~~~~~~~^~
In file included from /usr/include/c++/13/memory:80,
                 from /OpenROAD/src/utl/include/utl/Progress.h:11,
                 from /OpenROAD/src/utl/src/Progress.cpp:4:
/usr/include/c++/13/bits/shared_ptr.h:1005:5: note: candidate: ‘template<class _Tp, class ... _Args> std::shared_ptr<std::_NonArray<_Tp> > std::make_shared(_Args&& ...)’
 1005 |     make_shared(_Args&&... __args)
      |     ^~~~~~~~~~~
/usr/include/c++/13/bits/shared_ptr.h:1005:5: note:   template argument deduction/substitution failed:
/OpenROAD/src/utl/include/utl/Logger.h:289:71: error: template argument 1 is invalid
  289 |   SchemaRegistry() : registry_ptr_(std::make_shared<const RegistryMap>()) {}
      |                                    ~~~~~~~~~~~~~~~~~~~~~~~~~~~~~~~~~~~^~
/usr/include/c++/13/bits/shared_ptr.h:1037:5: note: candidate: ‘template<class _Tp> std::shared_ptr<std::_UnboundedArray<_Tp> > std::make_shared(size_t)’
 1037 |     make_shared(size_t __n)
      |     ^~~~~~~~~~~
/usr/include/c++/13/bits/shared_ptr.h:1037:5: note:   candidate expects 1 argument, 0 provided
/usr/include/c++/13/bits/shared_ptr.h:1053:5: note: candidate: ‘template<class _Tp> std::shared_ptr<std::_UnboundedArray<_Tp> > std::make_shared(size_t, remove_extent_t<_Iter>&)’
 1053 |     make_shared(size_t __n, const remove_extent_t<_Tp>& __u)
      |     ^~~~~~~~~~~
/usr/include/c++/13/bits/shared_ptr.h:1053:5: note:   candidate expects 2 arguments, 0 provided
/usr/include/c++/13/bits/shared_ptr.h:1080:5: note: candidate: ‘template<class _Tp> std::shared_ptr<std::_BoundedArray<_Tp> > std::make_shared()’
 1080 |     make_shared()
      |     ^~~~~~~~~~~
/usr/include/c++/13/bits/shared_ptr.h:1080:5: note:   template argument deduction/substitution failed:
/OpenROAD/src/utl/include/utl/Logger.h:289:71: error: template argument 1 is invalid
  289 |   SchemaRegistry() : registry_ptr_(std::make_shared<const RegistryMap>()) {}
      |                                    ~~~~~~~~~~~~~~~~~~~~~~~~~~~~~~~~~~~^~
/usr/include/c++/13/bits/shared_ptr.h:1095:5: note: candidate: ‘template<class _Tp> std::shared_ptr<std::_BoundedArray<_Tp> > std::make_shared(remove_extent_t<_Iter>&)’
 1095 |     make_shared(const remove_extent_t<_Tp>& __u)
      |     ^~~~~~~~~~~
/usr/include/c++/13/bits/shared_ptr.h:1095:5: note:   candidate expects 1 argument, 0 provided
/OpenROAD/src/utl/include/utl/Logger.h:127:9: error: ‘SchemaInfo’ does not name a type
  127 |   const SchemaInfo& schema_info() const { return info_; }
      |         ^~~~~~~~~~
/OpenROAD/src/utl/include/utl/Logger.h:147:3: error: ‘SchemaInfo’ does not name a type
  147 |   SchemaInfo info_;
      |   ^~~~~~~~~~
/OpenROAD/src/utl/include/utl/Logger.h:159:33: error: expected ‘)’ before ‘info’
  159 |   explicit TypedQueue(SchemaInfo info) { info_ = std::move(info); }
      |                      ~          ^~~~~
      |                                 )
/OpenROAD/src/utl/include/utl/Logger.h: In static member function ‘static void TypedQueue<Args>::bind_field(sqlite3_stmt*, int, T)’:
/OpenROAD/src/utl/include/utl/Logger.h:237:45: error: ‘SQLiteType’ has not been declared
  237 |     if constexpr (TypeToSQLite<T>::value == SQLiteType::INTEGER) {
      |                                             ^~~~~~~~~~
/OpenROAD/src/utl/include/utl/Logger.h:239:52: error: ‘SQLiteType’ has not been declared
  239 |     } else if constexpr (TypeToSQLite<T>::value == SQLiteType::REAL) {
      |                                                    ^~~~~~~~~~
/OpenROAD/src/utl/include/utl/Logger.h: In member function ‘std::shared_ptr<AbstractQueue> SchemaRegistry::register_schema(int, std::shared_ptr<AbstractQueue>)’:
/OpenROAD/src/utl/include/utl/Logger.h:302:24: error: ‘get_map’ was not declared in this scope
  302 |     auto current_map = get_map();
      |                        ^~~~~~~
/OpenROAD/src/utl/include/utl/Logger.h: In member function ‘bool TypedQueue<Args>::build_insert_stmt(sqlite3*)’:
/OpenROAD/src/utl/include/utl/Logger.h:256:40: error: ‘info_’ was not declared in this scope
  256 |     std::string sql = "INSERT INTO " + info_.table_name + " (";
      |                                        ^~~~~
/OpenROAD/src/utl/include/utl/Logger.h:309:37: error: ‘RegistryMap’ was not declared in this scope
  309 |     auto new_map = std::make_shared<RegistryMap>(*current_map);
      |                                     ^~~~~~~~~~~
/OpenROAD/src/utl/include/utl/Logger.h: At global scope:
/OpenROAD/src/utl/include/utl/Logger.h:280:3: error: ‘SchemaKey’ does not name a type
  280 |   SchemaKey key;
      |   ^~~~~~~~~
/OpenROAD/src/utl/include/utl/Logger.h:287:28: error: ‘SchemaKey’ was not declared in this scope; did you mean ‘utl::SchemaKey’?
  287 |       = std::unordered_map<SchemaKey, std::shared_ptr<AbstractQueue>, SchemaKeyHasher>;
      |                            ^~~~~~~~~
      |                            utl::SchemaKey
/OpenROAD/src/utl/include/utl/Logger.h:63:8: note: ‘utl::SchemaKey’ declared here
   63 | struct SchemaKey {
      |        ^~~~~~~~~
/OpenROAD/src/utl/include/utl/Logger.h:287:71: error: ‘SchemaKeyHasher’ was not declared in this scope; did you mean ‘utl::SchemaKeyHasher’?
  287 |       = std::unordered_map<SchemaKey, std::shared_ptr<AbstractQueue>, SchemaKeyHasher>;
      |                                                                       ^~~~~~~~~~~~~~~
      |                                                                       utl::SchemaKeyHasher
/OpenROAD/src/utl/include/utl/Logger.h:72:8: note: ‘utl::SchemaKeyHasher’ declared here
   72 | struct SchemaKeyHasher {
      |        ^~~~~~~~~~~~~~~
/OpenROAD/src/utl/include/utl/Logger.h:287:86: error: template argument 1 is invalid
  287 |       = std::unordered_map<SchemaKey, std::shared_ptr<AbstractQueue>, SchemaKeyHasher>;
      |                                                                                      ^
/OpenROAD/src/utl/include/utl/Logger.h:287:86: error: template argument 3 is invalid
/OpenROAD/src/utl/include/utl/Logger.h:287:86: error: template argument 4 is invalid
/OpenROAD/src/utl/include/utl/Logger.h:287:86: error: template argument 5 is invalid
/OpenROAD/src/utl/include/utl/Logger.h:287:14: error: ‘<expression error>’ in namespace ‘std’ does not name a type
  287 |       = std::unordered_map<SchemaKey, std::shared_ptr<AbstractQueue>, SchemaKeyHasher>;
      |              ^~~~~~~~~~~~~~~~~~~~~~~~~~~~~~~~~~~~~~~~~~~~~~~~~~~~~~~~~~~~~~~~~~~~~~~~~
/OpenROAD/src/utl/include/utl/Logger.h:291:25: error: ISO C++ forbids declaration of ‘type name’ with no type [-fpermissive]
  291 |   std::shared_ptr<const RegistryMap> get_map() const {
      |                         ^~~~~~~~~~~
/OpenROAD/src/utl/include/utl/Logger.h:291:36: error: template argument 1 is invalid
  291 |   std::shared_ptr<const RegistryMap> get_map() const {
      |                                    ^
/OpenROAD/src/utl/include/utl/Logger.h:291:8: error: ‘<expression error>’ in namespace ‘std’ does not name a type
  291 |   std::shared_ptr<const RegistryMap> get_map() const {
      |        ^~~~~~~~~~~~~~~~~~~~~~~~~~~~~
/OpenROAD/src/utl/include/utl/Logger.h:298:7: error: ‘SchemaKey’ has not been declared
  298 |       SchemaKey key,
      |       ^~~~~~~~~
/OpenROAD/src/utl/include/utl/Logger.h:318:25: error: ISO C++ forbids declaration of ‘type name’ with no type [-fpermissive]
  318 |   std::shared_ptr<const RegistryMap> registry_ptr_;
      |                         ^~~~~~~~~~~
/OpenROAD/src/utl/include/utl/Logger.h:318:36: error: template argument 1 is invalid
  318 |   std::shared_ptr<const RegistryMap> registry_ptr_;
      |                                    ^
/OpenROAD/src/utl/include/utl/Logger.h:318:8: error: ‘<expression error>’ in namespace ‘std’ does not name a type
  318 |   std::shared_ptr<const RegistryMap> registry_ptr_;
      |        ^~~~~~~~~~~~~~~~~~~~~~~~~~~~~
/OpenROAD/src/utl/include/utl/Logger.h: In constructor ‘SchemaRegistry::SchemaRegistry()’:
/OpenROAD/src/utl/include/utl/Logger.h:289:22: error: class ‘SchemaRegistry’ does not have any field named ‘registry_ptr_’
  289 |   SchemaRegistry() : registry_ptr_(std::make_shared<const RegistryMap>()) {}
      |                      ^~~~~~~~~~~~~
/OpenROAD/src/utl/include/utl/Logger.h:289:59: error: ISO C++ forbids declaration of ‘type name’ with no type [-fpermissive]
  289 |   SchemaRegistry() : registry_ptr_(std::make_shared<const RegistryMap>()) {}
      |                                                           ^~~~~~~~~~~
/OpenROAD/src/utl/include/utl/Logger.h:289:41: error: parse error in template argument list
  289 |   SchemaRegistry() : registry_ptr_(std::make_shared<const RegistryMap>()) {}
      |                                         ^~~~~~~~~~~~~~~~~~~~~~~~~~~~~~
/OpenROAD/src/utl/include/utl/Logger.h:289:71: error: no matching function for call to ‘make_shared<<expression error> >()’
  289 |   SchemaRegistry() : registry_ptr_(std::make_shared<const RegistryMap>()) {}
      |                                    ~~~~~~~~~~~~~~~~~~~~~~~~~~~~~~~~~~~^~
In file included from /usr/include/c++/13/memory:80,
                 from /OpenROAD/src/utl/src/CommandLineProgress.h:7,
                 from /OpenROAD/src/utl/src/CommandLineProgress.cpp:4:
/usr/include/c++/13/bits/shared_ptr.h:1005:5: note: candidate: ‘template<class _Tp, class ... _Args> std::shared_ptr<std::_NonArray<_Tp> > std::make_shared(_Args&& ...)’
 1005 |     make_shared(_Args&&... __args)
      |     ^~~~~~~~~~~
/usr/include/c++/13/bits/shared_ptr.h:1005:5: note:   template argument deduction/substitution failed:
/OpenROAD/src/utl/include/utl/Logger.h:289:71: error: template argument 1 is invalid
  289 |   SchemaRegistry() : registry_ptr_(std::make_shared<const RegistryMap>()) {}
      |                                    ~~~~~~~~~~~~~~~~~~~~~~~~~~~~~~~~~~~^~
/usr/include/c++/13/bits/shared_ptr.h:1037:5: note: candidate: ‘template<class _Tp> std::shared_ptr<std::_UnboundedArray<_Tp> > std::make_shared(size_t)’
 1037 |     make_shared(size_t __n)
      |     ^~~~~~~~~~~
/usr/include/c++/13/bits/shared_ptr.h:1037:5: note:   candidate expects 1 argument, 0 provided
/usr/include/c++/13/bits/shared_ptr.h:1053:5: note: candidate: ‘template<class _Tp> std::shared_ptr<std::_UnboundedArray<_Tp> > std::make_shared(size_t, remove_extent_t<_Iter>&)’
 1053 |     make_shared(size_t __n, const remove_extent_t<_Tp>& __u)
      |     ^~~~~~~~~~~
/usr/include/c++/13/bits/shared_ptr.h:1053:5: note:   candidate expects 2 arguments, 0 provided
/usr/include/c++/13/bits/shared_ptr.h:1080:5: note: candidate: ‘template<class _Tp> std::shared_ptr<std::_BoundedArray<_Tp> > std::make_shared()’
 1080 |     make_shared()
      |     ^~~~~~~~~~~
/usr/include/c++/13/bits/shared_ptr.h:1080:5: note:   template argument deduction/substitution failed:
/OpenROAD/src/utl/include/utl/Logger.h:289:71: error: template argument 1 is invalid
  289 |   SchemaRegistry() : registry_ptr_(std::make_shared<const RegistryMap>()) {}
      |                                    ~~~~~~~~~~~~~~~~~~~~~~~~~~~~~~~~~~~^~
/usr/include/c++/13/bits/shared_ptr.h:1095:5: note: candidate: ‘template<class _Tp> std::shared_ptr<std::_BoundedArray<_Tp> > std::make_shared(remove_extent_t<_Iter>&)’
 1095 |     make_shared(const remove_extent_t<_Tp>& __u)
      |     ^~~~~~~~~~~
/usr/include/c++/13/bits/shared_ptr.h:1095:5: note:   candidate expects 1 argument, 0 provided
/OpenROAD/src/utl/include/utl/Logger.h:312:10: error: ‘registry_ptr_’ was not declared in this scope; did you mean ‘register_t’?
  312 |         &registry_ptr_,
      |          ^~~~~~~~~~~~~
      |          register_t
/OpenROAD/src/utl/include/utl/Logger.h:313:39: error: ISO C++ forbids declaration of ‘type name’ with no type [-fpermissive]
  313 |         std::const_pointer_cast<const RegistryMap>(new_map));
      |                                       ^~~~~~~~~~~
/OpenROAD/src/utl/include/utl/Logger.h:313:14: error: parse error in template argument list
  313 |         std::const_pointer_cast<const RegistryMap>(new_map));
      |              ^~~~~~~~~~~~~~~~~~~~~~~~~~~~~~~~~~~~~
/OpenROAD/src/utl/include/utl/Logger.h: In member function ‘std::shared_ptr<AbstractQueue> SchemaRegistry::register_schema(int, std::shared_ptr<AbstractQueue>)’:
/OpenROAD/src/utl/include/utl/Logger.h:302:24: error: ‘get_map’ was not declared in this scope
  302 |     auto current_map = get_map();
      |                        ^~~~~~~
/OpenROAD/src/utl/include/utl/Logger.h: At global scope:
/OpenROAD/src/utl/include/utl/Logger.h:698:13: error: ‘MetricsEntry’ was not declared in this scope; did you mean ‘utl::MetricsEntry’?
  698 |   std::list<MetricsEntry> metrics_entries_;
      |             ^~~~~~~~~~~~
      |             utl::MetricsEntry
In file included from /OpenROAD/src/utl/include/utl/Logger.h:44:
/OpenROAD/src/utl/include/utl/Metrics.h:13:8: note: ‘utl::MetricsEntry’ declared here
   13 | struct MetricsEntry
      |        ^~~~~~~~~~~~
/OpenROAD/src/utl/include/utl/Logger.h:698:25: error: template argument 1 is invalid
  698 |   std::list<MetricsEntry> metrics_entries_;
      |                         ^
/OpenROAD/src/utl/include/utl/Logger.h:698:25: error: template argument 2 is invalid
/OpenROAD/src/utl/include/utl/Logger.h:698:8: error: ‘<expression error>’ in namespace ‘std’ does not name a type
  698 |   std::list<MetricsEntry> metrics_entries_;
      |        ^~~~~~~~~~~~~~~~~~
/OpenROAD/src/utl/include/utl/Logger.h:699:15: error: ‘MetricsPolicy’ was not declared in this scope; did you mean ‘utl::MetricsPolicy’?
  699 |   std::vector<MetricsPolicy> metrics_policies_;
      |               ^~~~~~~~~~~~~
      |               utl::MetricsPolicy
/OpenROAD/src/utl/include/utl/Metrics.h:28:7: note: ‘utl::MetricsPolicy’ declared here
   28 | class MetricsPolicy
      |       ^~~~~~~~~~~~~
/OpenROAD/src/utl/include/utl/Logger.h:699:28: error: template argument 1 is invalid
  699 |   std::vector<MetricsPolicy> metrics_policies_;
      |                            ^
/OpenROAD/src/utl/include/utl/Logger.h:699:28: error: template argument 2 is invalid
/OpenROAD/src/utl/include/utl/Logger.h:699:8: error: ‘<expression error>’ in namespace ‘std’ does not name a type
  699 |   std::vector<MetricsPolicy> metrics_policies_;
      |        ^~~~~~~~~~~~~~~~~~~~~
/OpenROAD/src/utl/include/utl/Logger.h:309:37: error: ‘RegistryMap’ was not declared in this scope
  309 |     auto new_map = std::make_shared<RegistryMap>(*current_map);
      |                                     ^~~~~~~~~~~
/OpenROAD/src/utl/include/utl/Logger.h:312:10: error: ‘registry_ptr_’ was not declared in this scope; did you mean ‘register_t’?
  312 |         &registry_ptr_,
      |          ^~~~~~~~~~~~~
      |          register_t
/OpenROAD/src/utl/include/utl/Logger.h:313:39: error: ISO C++ forbids declaration of ‘type name’ with no type [-fpermissive]
  313 |         std::const_pointer_cast<const RegistryMap>(new_map));
      |                                       ^~~~~~~~~~~
/OpenROAD/src/utl/include/utl/Logger.h:313:14: error: parse error in template argument list
  313 |         std::const_pointer_cast<const RegistryMap>(new_map));
      |              ^~~~~~~~~~~~~~~~~~~~~~~~~~~~~~~~~~~~~
/OpenROAD/src/utl/include/utl/Logger.h: At global scope:
/OpenROAD/src/utl/include/utl/Logger.h:698:13: error: ‘MetricsEntry’ was not declared in this scope; did you mean ‘utl::MetricsEntry’?
  698 |   std::list<MetricsEntry> metrics_entries_;
      |             ^~~~~~~~~~~~
      |             utl::MetricsEntry
In file included from /OpenROAD/src/utl/include/utl/Logger.h:44:
/OpenROAD/src/utl/include/utl/Metrics.h:13:8: note: ‘utl::MetricsEntry’ declared here
   13 | struct MetricsEntry
      |        ^~~~~~~~~~~~
/OpenROAD/src/utl/include/utl/Logger.h:698:25: error: template argument 1 is invalid
  698 |   std::list<MetricsEntry> metrics_entries_;
      |                         ^
/OpenROAD/src/utl/include/utl/Logger.h:698:25: error: template argument 2 is invalid
/OpenROAD/src/utl/include/utl/Logger.h:698:8: error: ‘<expression error>’ in namespace ‘std’ does not name a type
  698 |   std::list<MetricsEntry> metrics_entries_;
      |        ^~~~~~~~~~~~~~~~~~
/OpenROAD/src/utl/include/utl/Logger.h:699:15: error: ‘MetricsPolicy’ was not declared in this scope; did you mean ‘utl::MetricsPolicy’?
  699 |   std::vector<MetricsPolicy> metrics_policies_;
      |               ^~~~~~~~~~~~~
      |               utl::MetricsPolicy
/OpenROAD/src/utl/include/utl/Metrics.h:28:7: note: ‘utl::MetricsPolicy’ declared here
   28 | class MetricsPolicy
      |       ^~~~~~~~~~~~~
/OpenROAD/src/utl/include/utl/Logger.h:699:28: error: template argument 1 is invalid
  699 |   std::vector<MetricsPolicy> metrics_policies_;
      |                            ^
/OpenROAD/src/utl/include/utl/Logger.h:699:28: error: template argument 2 is invalid
/OpenROAD/src/utl/include/utl/Logger.h:699:8: error: ‘<expression error>’ in namespace ‘std’ does not name a type
  699 |   std::vector<MetricsPolicy> metrics_policies_;
      |        ^~~~~~~~~~~~~~~~~~~~~
/OpenROAD/src/utl/include/utl/Logger.h:816:66: error: ‘SchemaKey’ has not been declared
  816 |   std::optional<std::shared_ptr<AbstractQueue>> logToDbFindQueue(SchemaKey key);
      |                                                                  ^~~~~~~~~
gmake[2]: *** [src/utl/CMakeFiles/utl_lib.dir/build.make:135: src/utl/CMakeFiles/utl_lib.dir/src/SuppressStdout.cpp.o] Error 1
/OpenROAD/src/utl/src/Logger.cpp:40:70: error: invalid use of incomplete type ‘class utl::Logger’
   40 | Logger::Logger(const char* log_filename, const char* metrics_filename)
      |                                                                      ^
In file included from /OpenROAD/src/utl/src/CommandLineProgress.h:9,
                 from /OpenROAD/src/utl/src/Logger.cpp:22:
/OpenROAD/src/utl/include/utl/Progress.h:21:7: note: forward declaration of ‘class utl::Logger’
   21 | class Logger;
      |       ^~~~~~
/OpenROAD/src/utl/src/Logger.cpp:76:17: error: invalid use of incomplete type ‘class utl::Logger’
   76 | Logger::~Logger()
      |                 ^
/OpenROAD/src/utl/include/utl/Progress.h:21:7: note: forward declaration of ‘class utl::Logger’
   21 | class Logger;
      |       ^~~~~~
/OpenROAD/src/utl/src/Logger.cpp:82:57: error: invalid use of incomplete type ‘class utl::Logger’
   82 | void Logger::addMetricsSink(const char* metrics_filename)
      |                                                         ^
/OpenROAD/src/utl/include/utl/Progress.h:21:7: note: forward declaration of ‘class utl::Logger’
   21 | class Logger;
      |       ^~~~~~
/OpenROAD/src/utl/src/Logger.cpp:87:60: error: invalid use of incomplete type ‘class utl::Logger’
   87 | void Logger::removeMetricsSink(const char* metrics_filename)
      |                                                            ^
/OpenROAD/src/utl/include/utl/Progress.h:21:7: note: forward declaration of ‘class utl::Logger’
   21 | class Logger;
      |       ^~~~~~
/OpenROAD/src/utl/src/Logger.cpp:98:45: error: invalid use of incomplete type ‘class utl::Logger’
   98 | void Logger::startLogDb(const char* filename)
      |                                             ^
/OpenROAD/src/utl/include/utl/Progress.h:21:7: note: forward declaration of ‘class utl::Logger’
   21 | class Logger;
      |       ^~~~~~
/OpenROAD/src/utl/src/Logger.cpp:121:24: error: invalid use of incomplete type ‘class utl::Logger’
  121 | void Logger::stopLogDb()
      |                        ^
/OpenROAD/src/utl/include/utl/Progress.h:21:7: note: forward declaration of ‘class utl::Logger’
   21 | class Logger;
      |       ^~~~~~
/OpenROAD/src/utl/include/utl/Logger.h:817:3: error: ‘SchemaInfo’ does not name a type
  817 |   SchemaInfo logToDbBuildSchemaInfo(sqlite3* db,
      |   ^~~~~~~~~~
/OpenROAD/src/utl/include/utl/Logger.h:821:29: error: ‘SchemaKey’ has not been declared
  821 |   void logToDbRegisterQueue(SchemaKey key,
      |                             ^~~~~~~~~
/OpenROAD/src/utl/src/Logger.cpp:197:85: error: invalid use of incomplete type ‘class utl::Logger’
  197 | std::optional<std::shared_ptr<AbstractQueue>> Logger::logToDbFindQueue(SchemaKey key)
      |                                                                                     ^
/OpenROAD/src/utl/include/utl/Progress.h:21:7: note: forward declaration of ‘class utl::Logger’
   21 | class Logger;
      |       ^~~~~~
/OpenROAD/src/utl/src/Logger.cpp:211:41: error: invalid use of incomplete type ‘class utl::Logger’
  211 |     const std::vector<SQLiteType>& types)
      |                                         ^
/OpenROAD/src/utl/include/utl/Progress.h:21:7: note: forward declaration of ‘class utl::Logger’
   21 | class Logger;
      |       ^~~~~~
/OpenROAD/src/utl/src/Logger.cpp:242:72: error: invalid use of incomplete type ‘class utl::Logger’
  242 |                                    std::shared_ptr<AbstractQueue> queue)
      |                                                                        ^
/OpenROAD/src/utl/include/utl/Progress.h:21:7: note: forward declaration of ‘class utl::Logger’
   21 | class Logger;
      |       ^~~~~~
/OpenROAD/src/utl/src/Logger.cpp:257:24: error: invalid use of incomplete type ‘class utl::Logger’
  257 | void Logger::logDbLoop()
      |                        ^
/OpenROAD/src/utl/include/utl/Progress.h:21:7: note: forward declaration of ‘class utl::Logger’
   21 | class Logger;
      |       ^~~~~~
/OpenROAD/src/utl/src/Logger.cpp:375:48: error: invalid use of incomplete type ‘class utl::Logger’
  375 | ToolId Logger::findToolId(const char* tool_name)
      |                                                ^
/OpenROAD/src/utl/include/utl/Progress.h:21:7: note: forward declaration of ‘class utl::Logger’
   21 | class Logger;
      |       ^~~~~~
/OpenROAD/src/utl/src/Logger.cpp:387:69: error: invalid use of incomplete type ‘class utl::Logger’
  387 | void Logger::setDebugLevel(ToolId tool, const char* group, int level)
      |                                                                     ^
/OpenROAD/src/utl/include/utl/Progress.h:21:7: note: forward declaration of ‘class utl::Logger’
   21 | class Logger;
      |       ^~~~~~
/OpenROAD/src/utl/src/Logger.cpp:405:43: error: invalid use of incomplete type ‘class utl::Logger’
  405 | void Logger::addSink(spdlog::sink_ptr sink)
      |                                           ^
/OpenROAD/src/utl/include/utl/Progress.h:21:7: note: forward declaration of ‘class utl::Logger’
   21 | class Logger;
      |       ^~~~~~
/OpenROAD/src/utl/src/Logger.cpp:412:53: error: invalid use of incomplete type ‘class utl::Logger’
  412 | void Logger::removeSink(const spdlog::sink_ptr& sink)
      |                                                     ^
/OpenROAD/src/utl/include/utl/Progress.h:21:7: note: forward declaration of ‘class utl::Logger’
   21 | class Logger;
      |       ^~~~~~
/OpenROAD/src/utl/src/Logger.cpp:427:53: error: invalid use of incomplete type ‘class utl::Logger’
  427 | void Logger::setMetricsStage(std::string_view format)
      |                                                     ^
/OpenROAD/src/utl/include/utl/Progress.h:21:7: note: forward declaration of ‘class utl::Logger’
   21 | class Logger;
      |       ^~~~~~
/OpenROAD/src/utl/src/Logger.cpp:436:32: error: invalid use of incomplete type ‘class utl::Logger’
  436 | void Logger::clearMetricsStage()
      |                                ^
/OpenROAD/src/utl/include/utl/Progress.h:21:7: note: forward declaration of ‘class utl::Logger’
   21 | class Logger;
      |       ^~~~~~
/OpenROAD/src/utl/src/Logger.cpp:442:54: error: invalid use of incomplete type ‘class utl::Logger’
  442 | void Logger::pushMetricsStage(std::string_view format)
      |                                                      ^
/OpenROAD/src/utl/include/utl/Progress.h:21:7: note: forward declaration of ‘class utl::Logger’
   21 | class Logger;
      |       ^~~~~~
/OpenROAD/src/utl/src/Logger.cpp:447:37: error: invalid use of incomplete type ‘class utl::Logger’
  447 | std::string Logger::popMetricsStage()
      |                                     ^
/OpenROAD/src/utl/include/utl/Progress.h:21:7: note: forward declaration of ‘class utl::Logger’
   21 | class Logger;
      |       ^~~~~~
/OpenROAD/src/utl/src/Logger.cpp:457:27: error: invalid use of incomplete type ‘class utl::Logger’
  457 | void Logger::flushMetrics()
      |                           ^
/OpenROAD/src/utl/include/utl/Progress.h:21:7: note: forward declaration of ‘class utl::Logger’
   21 | class Logger;
      |       ^~~~~~
/OpenROAD/src/utl/src/Logger.cpp:471:32: error: invalid use of incomplete type ‘class utl::Logger’
  471 | void Logger::addWarningMetrics()
      |                                ^
/OpenROAD/src/utl/include/utl/Progress.h:21:7: note: forward declaration of ‘class utl::Logger’
   21 | class Logger;
      |       ^~~~~~
/OpenROAD/src/utl/src/Logger.cpp:492:30: error: invalid use of incomplete type ‘class utl::Logger’
  492 | void Logger::finalizeMetrics()
      |                              ^
/OpenROAD/src/utl/include/utl/Progress.h:21:7: note: forward declaration of ‘class utl::Logger’
   21 | class Logger;
      |       ^~~~~~
/OpenROAD/src/utl/src/Logger.cpp:506:49: error: invalid use of incomplete type ‘class utl::Logger’
  506 | void Logger::suppressMessage(ToolId tool, int id)
      |                                                 ^
/OpenROAD/src/utl/include/utl/Progress.h:21:7: note: forward declaration of ‘class utl::Logger’
   21 | class Logger;
      |       ^~~~~~
/OpenROAD/src/utl/src/Logger.cpp:511:51: error: invalid use of incomplete type ‘class utl::Logger’
  511 | void Logger::unsuppressMessage(ToolId tool, int id)
      |                                                   ^
/OpenROAD/src/utl/include/utl/Progress.h:21:7: note: forward declaration of ‘class utl::Logger’
   21 | class Logger;
      |       ^~~~~~
/OpenROAD/src/utl/src/Logger.cpp:516:59: error: invalid use of incomplete type ‘class utl::Logger’
  516 | void Logger::redirectFileBegin(const std::string& filename)
      |                                                           ^
/OpenROAD/src/utl/include/utl/Progress.h:21:7: note: forward declaration of ‘class utl::Logger’
   21 | class Logger;
      |       ^~~~~~
/OpenROAD/src/utl/src/Logger.cpp:524:65: error: invalid use of incomplete type ‘class utl::Logger’
  524 | void Logger::redirectFileAppendBegin(const std::string& filename)
      |                                                                 ^
/OpenROAD/src/utl/include/utl/Progress.h:21:7: note: forward declaration of ‘class utl::Logger’
   21 | class Logger;
      |       ^~~~~~
/OpenROAD/src/utl/src/Logger.cpp:533:30: error: invalid use of incomplete type ‘class utl::Logger’
  533 | void Logger::redirectFileEnd()
      |                              ^
/OpenROAD/src/utl/include/utl/Progress.h:21:7: note: forward declaration of ‘class utl::Logger’
   21 | class Logger;
      |       ^~~~~~
/OpenROAD/src/utl/src/Logger.cpp:545:54: error: invalid use of incomplete type ‘class utl::Logger’
  545 | void Logger::teeFileBegin(const std::string& filename)
      |                                                      ^
/OpenROAD/src/utl/include/utl/Progress.h:21:7: note: forward declaration of ‘class utl::Logger’
   21 | class Logger;
      |       ^~~~~~
/OpenROAD/src/utl/src/Logger.cpp:553:60: error: invalid use of incomplete type ‘class utl::Logger’
  553 | void Logger::teeFileAppendBegin(const std::string& filename)
      |                                                            ^
/OpenROAD/src/utl/include/utl/Progress.h:21:7: note: forward declaration of ‘class utl::Logger’
   21 | class Logger;
      |       ^~~~~~
/OpenROAD/src/utl/src/Logger.cpp:562:25: error: invalid use of incomplete type ‘class utl::Logger’
  562 | void Logger::teeFileEnd()
      |                         ^
/OpenROAD/src/utl/include/utl/Progress.h:21:7: note: forward declaration of ‘class utl::Logger’
   21 | class Logger;
      |       ^~~~~~
/OpenROAD/src/utl/src/Logger.cpp:567:34: error: invalid use of incomplete type ‘class utl::Logger’
  567 | void Logger::redirectStringBegin()
      |                                  ^
/OpenROAD/src/utl/include/utl/Progress.h:21:7: note: forward declaration of ‘class utl::Logger’
   21 | class Logger;
      |       ^~~~~~
/OpenROAD/src/utl/src/Logger.cpp:575:39: error: invalid use of incomplete type ‘class utl::Logger’
  575 | std::string Logger::redirectStringEnd()
      |                                       ^
/OpenROAD/src/utl/include/utl/Progress.h:21:7: note: forward declaration of ‘class utl::Logger’
   21 | class Logger;
      |       ^~~~~~
/OpenROAD/src/utl/src/Logger.cpp:589:29: error: invalid use of incomplete type ‘class utl::Logger’
  589 | void Logger::teeStringBegin()
      |                             ^
/OpenROAD/src/utl/include/utl/Progress.h:21:7: note: forward declaration of ‘class utl::Logger’
   21 | class Logger;
      |       ^~~~~~
/OpenROAD/src/utl/src/Logger.cpp:597:34: error: invalid use of incomplete type ‘class utl::Logger’
  597 | std::string Logger::teeStringEnd()
      |                                  ^
/OpenROAD/src/utl/include/utl/Progress.h:21:7: note: forward declaration of ‘class utl::Logger’
   21 | class Logger;
      |       ^~~~~~
/OpenROAD/src/utl/src/Logger.cpp:602:31: error: invalid use of incomplete type ‘class utl::Logger’
  602 | Logger* Logger::defaultLogger()
      |                               ^
/OpenROAD/src/utl/include/utl/Progress.h:21:7: note: forward declaration of ‘class utl::Logger’
   21 | class Logger;
      |       ^~~~~~
/OpenROAD/src/utl/src/Logger.cpp:608:31: error: invalid use of incomplete type ‘class utl::Logger’
  608 | void Logger::assertNoRedirect()
      |                               ^
/OpenROAD/src/utl/include/utl/Progress.h:21:7: note: forward declaration of ‘class utl::Logger’
   21 | class Logger;
      |       ^~~~~~
/OpenROAD/src/utl/src/Logger.cpp:616:72: error: invalid use of incomplete type ‘class utl::Logger’
  616 | void Logger::setRedirectSink(std::ostream& sink_stream, bool keep_sinks)
      |                                                                        ^
/OpenROAD/src/utl/include/utl/Progress.h:21:7: note: forward declaration of ‘class utl::Logger’
   21 | class Logger;
      |       ^~~~~~
/OpenROAD/src/utl/src/Logger.cpp:627:34: error: invalid use of incomplete type ‘class utl::Logger’
  627 | void Logger::restoreFromRedirect()
      |                                  ^
/OpenROAD/src/utl/include/utl/Progress.h:21:7: note: forward declaration of ‘class utl::Logger’
   21 | class Logger;
      |       ^~~~~~
/OpenROAD/src/utl/src/Logger.cpp:634:51: error: invalid use of incomplete type ‘class utl::Logger’
  634 | void Logger::startPrometheusEndpoint(uint16_t port)
      |                                                   ^
/OpenROAD/src/utl/include/utl/Progress.h:21:7: note: forward declaration of ‘class utl::Logger’
   21 | class Logger;
      |       ^~~~~~
/OpenROAD/src/utl/src/Logger.cpp:644:57: error: invalid use of incomplete type ‘class utl::Logger’
  644 | std::shared_ptr<PrometheusRegistry> Logger::getRegistry()
      |                                                         ^
/OpenROAD/src/utl/include/utl/Progress.h:21:7: note: forward declaration of ‘class utl::Logger’
   21 | class Logger;
      |       ^~~~~~
/OpenROAD/src/utl/src/Logger.cpp:649:45: error: invalid use of incomplete type ‘class utl::Logger’
  649 | bool Logger::isPrometheusServerReadyToServe()
      |                                             ^
/OpenROAD/src/utl/include/utl/Progress.h:21:7: note: forward declaration of ‘class utl::Logger’
   21 | class Logger;
      |       ^~~~~~
/OpenROAD/src/utl/src/Logger.cpp:658:47: error: invalid use of incomplete type ‘class utl::Logger’
  658 | bool Logger::hasPrometheusServerStartupFailed()
      |                                               ^
/OpenROAD/src/utl/include/utl/Progress.h:21:7: note: forward declaration of ‘class utl::Logger’
   21 | class Logger;
      |       ^~~~~~
/OpenROAD/src/utl/src/Logger.cpp:667:36: error: invalid use of incomplete type ‘class utl::Logger’
  667 | uint16_t Logger::getPrometheusPort()
      |                                    ^
/OpenROAD/src/utl/include/utl/Progress.h:21:7: note: forward declaration of ‘class utl::Logger’
   21 | class Logger;
      |       ^~~~~~
/OpenROAD/src/utl/src/Logger.cpp:676:27: error: invalid use of incomplete type ‘class utl::Logger’
  676 | void Logger::setFormatter()
      |                           ^
/OpenROAD/src/utl/include/utl/Progress.h:21:7: note: forward declaration of ‘class utl::Logger’
   21 | class Logger;
      |       ^~~~~~
/OpenROAD/src/utl/src/Logger.cpp:685:66: error: invalid use of incomplete type ‘class utl::Logger’
  685 | std::unique_ptr<Progress> Logger::swapProgress(Progress* progress)
      |                                                                  ^
/OpenROAD/src/utl/include/utl/Progress.h:21:7: note: forward declaration of ‘class utl::Logger’
   21 | class Logger;
      |       ^~~~~~
/OpenROAD/src/utl/src/Logger.cpp:693:47: error: invalid use of incomplete type ‘class utl::Logger’
  693 | void Logger::setDbLogGlobalMaxMem(size_t bytes)
      |                                               ^
/OpenROAD/src/utl/include/utl/Progress.h:21:7: note: forward declaration of ‘class utl::Logger’
   21 | class Logger;
      |       ^~~~~~
/OpenROAD/src/utl/src/Logger.cpp:698:39: error: invalid use of incomplete type ‘class utl::Logger’
  698 | size_t Logger::getDbLogGlobalMaxMem() const
      |                                       ^~~~~
/OpenROAD/src/utl/include/utl/Progress.h:21:7: note: forward declaration of ‘class utl::Logger’
   21 | class Logger;
      |       ^~~~~~
/OpenROAD/src/utl/src/Logger.cpp:703:51: error: invalid use of incomplete type ‘class utl::Logger’
  703 | void Logger::setDbLogPerChannelMaxMem(size_t bytes)
      |                                                   ^
/OpenROAD/src/utl/include/utl/Progress.h:21:7: note: forward declaration of ‘class utl::Logger’
   21 | class Logger;
      |       ^~~~~~
/OpenROAD/src/utl/src/Logger.cpp:708:43: error: invalid use of incomplete type ‘class utl::Logger’
  708 | size_t Logger::getDbLogPerChannelMaxMem() const
      |                                           ^~~~~
/OpenROAD/src/utl/include/utl/Progress.h:21:7: note: forward declaration of ‘class utl::Logger’
   21 | class Logger;
      |       ^~~~~~
/OpenROAD/src/utl/include/utl/Logger.h: In member function ‘void Logger::logToDb(ToolId, int, Args&& ...)’:
/OpenROAD/src/utl/include/utl/Logger.h:623:26: error: ‘SQLiteType’ was not declared in this scope; did you mean ‘utl::SQLiteType’?
  623 |     constexpr std::array<SQLiteType, sizeof...(Args)> types_arr
      |                          ^~~~~~~~~~
      |                          utl::SQLiteType
/OpenROAD/src/utl/include/utl/Logger.h:56:12: note: ‘utl::SQLiteType’ declared here
   56 | enum class SQLiteType {
      |            ^~~~~~~~~~
/OpenROAD/src/utl/include/utl/Logger.h:623:53: error: template argument 1 is invalid
  623 |     constexpr std::array<SQLiteType, sizeof...(Args)> types_arr
      |                                                     ^
/OpenROAD/src/utl/include/utl/Logger.h:627:5: error: ‘SchemaKey’ was not declared in this scope; did you mean ‘utl::SchemaKey’?
  627 |     SchemaKey key{tool, id};
      |     ^~~~~~~~~
      |     utl::SchemaKey
/OpenROAD/src/utl/include/utl/Logger.h:63:8: note: ‘utl::SchemaKey’ declared here
   63 | struct SchemaKey {
      |        ^~~~~~~~~
/OpenROAD/src/utl/include/utl/Logger.h:816:66: error: ‘SchemaKey’ has not been declared
  816 |   std::optional<std::shared_ptr<AbstractQueue>> logToDbFindQueue(SchemaKey key);
      |                                                                  ^~~~~~~~~
/OpenROAD/src/utl/include/utl/Logger.h:628:39: error: ‘key’ was not declared in this scope; did you mean ‘key_t’?
  628 |     auto queue_opt = logToDbFindQueue(key);
      |                                       ^~~
      |                                       key_t
/OpenROAD/src/utl/include/utl/Logger.h:631:7: error: ‘SchemaInfo’ was not declared in this scope; did you mean ‘utl::SchemaInfo’?
  631 |       SchemaInfo info = logToDbBuildSchemaInfo(
      |       ^~~~~~~~~~
      |       utl::SchemaInfo
/OpenROAD/src/utl/include/utl/Logger.h:83:8: note: ‘utl::SchemaInfo’ declared here
   83 | struct SchemaInfo {
      |        ^~~~~~~~~~
/OpenROAD/src/utl/include/utl/Logger.h:636:67: error: no matching function for call to ‘move(<unresolved overloaded function type>)’
  636 |       auto queue = std::make_shared<TypedQueue<Args...>>(std::move(info));
      |                                                          ~~~~~~~~~^~~~~~
In file included from /usr/include/c++/13/bits/atomic_base.h:39,
                 from /usr/include/c++/13/atomic:41,
                 from /OpenROAD/src/utl/include/utl/Progress.h:8:
/usr/include/c++/13/bits/move.h:97:5: note: candidate: ‘template<class _Tp> constexpr typename std::remove_reference<_Tp>::type&& std::move(_Tp&&)’
   97 |     move(_Tp&& __t) noexcept
      |     ^~~~
/usr/include/c++/13/bits/move.h:97:5: note:   template argument deduction/substitution failed:
/OpenROAD/src/utl/include/utl/Logger.h:636:67: note:   couldn’t deduce template parameter ‘_Tp’
  636 |       auto queue = std::make_shared<TypedQueue<Args...>>(std::move(info));
      |                                                          ~~~~~~~~~^~~~~~
In file included from /usr/include/c++/13/bits/stl_uninitialized.h:63,
                 from /usr/include/c++/13/memory:69:
/usr/include/c++/13/bits/stl_algobase.h:657:5: note: candidate: ‘template<class _II, class _OI> constexpr _OI std::move(_II, _II, _OI)’
  657 |     move(_II __first, _II __last, _OI __result)
      |     ^~~~
/usr/include/c++/13/bits/stl_algobase.h:657:5: note:   template argument deduction/substitution failed:
/OpenROAD/src/utl/include/utl/Logger.h:636:67: note:   candidate expects 3 arguments, 1 provided
  636 |       auto queue = std::make_shared<TypedQueue<Args...>>(std::move(info));
      |                                                          ~~~~~~~~~^~~~~~
In file included from /usr/include/c++/13/algorithm:73,
                 from /opt/or-tools/include/absl/synchronization/internal/kernel_timeout.h:22,
                 from /opt/or-tools/include/absl/synchronization/mutex.h:76,
                 from /OpenROAD/src/utl/include/utl/Progress.h:17:
/usr/include/c++/13/pstl/glue_algorithm_defs.h:353:1: note: candidate: ‘template<class _ExecutionPolicy, class _ForwardIterator1, class _ForwardIterator2> __pstl::__internal::__enable_if_execution_policy<_ExecutionPolicy, _ForwardIterator> std::move(_ExecutionPolicy&&, _ForwardIterator1, _ForwardIterator1, _ForwardIterator2)’
  353 | move(_ExecutionPolicy&& __exec, _ForwardIterator1 __first, _ForwardIterator1 __last, _ForwardIterator2 __d_first);
      | ^~~~
/usr/include/c++/13/pstl/glue_algorithm_defs.h:353:1: note:   template argument deduction/substitution failed:
/OpenROAD/src/utl/include/utl/Logger.h:636:67: note:   candidate expects 4 arguments, 1 provided
  636 |       auto queue = std::make_shared<TypedQueue<Args...>>(std::move(info));
      |                                                          ~~~~~~~~~^~~~~~
/OpenROAD/src/utl/include/utl/Logger.h:817:3: error: ‘SchemaInfo’ does not name a type
  817 |   SchemaInfo logToDbBuildSchemaInfo(sqlite3* db,
      |   ^~~~~~~~~~
/OpenROAD/src/utl/include/utl/Logger.h:821:29: error: ‘SchemaKey’ has not been declared
  821 |   void logToDbRegisterQueue(SchemaKey key,
      |                             ^~~~~~~~~
/OpenROAD/src/utl/include/utl/Logger.h: In member function ‘void Logger::logToDb(ToolId, int, Args&& ...)’:
/OpenROAD/src/utl/include/utl/Logger.h:623:26: error: ‘SQLiteType’ was not declared in this scope; did you mean ‘utl::SQLiteType’?
  623 |     constexpr std::array<SQLiteType, sizeof...(Args)> types_arr
      |                          ^~~~~~~~~~
      |                          utl::SQLiteType
/OpenROAD/src/utl/include/utl/Logger.h:56:12: note: ‘utl::SQLiteType’ declared here
   56 | enum class SQLiteType {
      |            ^~~~~~~~~~
/OpenROAD/src/utl/include/utl/Logger.h:623:53: error: template argument 1 is invalid
  623 |     constexpr std::array<SQLiteType, sizeof...(Args)> types_arr
      |                                                     ^
/OpenROAD/src/utl/include/utl/Logger.h:627:5: error: ‘SchemaKey’ was not declared in this scope; did you mean ‘utl::SchemaKey’?
  627 |     SchemaKey key{tool, id};
      |     ^~~~~~~~~
      |     utl::SchemaKey
/OpenROAD/src/utl/include/utl/Logger.h:63:8: note: ‘utl::SchemaKey’ declared here
   63 | struct SchemaKey {
      |        ^~~~~~~~~
/OpenROAD/src/utl/include/utl/Logger.h: In member function ‘void Logger::log_metric(const std::string&, const std::string&)’:
/OpenROAD/src/utl/include/utl/Logger.h:747:5: error: ‘metrics_entries_’ was not declared in this scope; did you mean ‘metrics_stages_’?
  747 |     metrics_entries_.push_back({std::move(key), value});
      |     ^~~~~~~~~~~~~~~~
      |     metrics_stages_
/OpenROAD/src/utl/include/utl/Logger.h: At global scope:
/OpenROAD/src/utl/include/utl/Logger.h:855:1: error: expected declaration before ‘}’ token
  855 | }  // namespace utl
      | ^
/OpenROAD/src/utl/src/Progress.cpp: In function ‘void utl::controlC_handler(int)’:
/OpenROAD/src/utl/src/Progress.cpp:51:24: error: invalid use of incomplete type ‘class utl::Logger’
   51 |     signal_halt->logger->warn(
      |                        ^~
/OpenROAD/src/utl/include/utl/Progress.h:21:7: note: forward declaration of ‘class utl::Logger’
   21 | class Logger;
      |       ^~~~~~
/OpenROAD/src/utl/src/Progress.cpp:52:14: error: ‘UTL’ is not a member of ‘utl’; did you mean ‘UTL’?
   52 |         utl::UTL, 14, "OpenROAD will terminate after the next control+C");
      |              ^~~
/OpenROAD/src/utl/include/utl/Logger.h:451:5: note: ‘UTL’ declared here
  451 |   X(UTL)                \
      |     ^~~
/OpenROAD/src/utl/include/utl/Logger.h:454:29: note: in definition of macro ‘GENERATE_ENUM’
  454 | #define GENERATE_ENUM(ENUM) ENUM,
      |                             ^~~~
/OpenROAD/src/utl/include/utl/Logger.h:466:3: note: in expansion of macro ‘FOREACH_TOOL’
  466 |   FOREACH_TOOL(GENERATE_ENUM)
      |   ^~~~~~~~~~~~
/OpenROAD/src/utl/include/utl/Logger.h:628:39: error: ‘key’ was not declared in this scope; did you mean ‘key_t’?
  628 |     auto queue_opt = logToDbFindQueue(key);
      |                                       ^~~
      |                                       key_t
/OpenROAD/src/utl/include/utl/Logger.h:631:7: error: ‘SchemaInfo’ was not declared in this scope; did you mean ‘utl::SchemaInfo’?
  631 |       SchemaInfo info = logToDbBuildSchemaInfo(
      |       ^~~~~~~~~~
      |       utl::SchemaInfo
/OpenROAD/src/utl/include/utl/Logger.h:83:8: note: ‘utl::SchemaInfo’ declared here
   83 | struct SchemaInfo {
      |        ^~~~~~~~~~
/OpenROAD/src/utl/include/utl/Logger.h:636:67: error: no matching function for call to ‘move(<unresolved overloaded function type>)’
  636 |       auto queue = std::make_shared<TypedQueue<Args...>>(std::move(info));
      |                                                          ~~~~~~~~~^~~~~~
In file included from /usr/include/c++/13/bits/new_allocator.h:36,
                 from /usr/include/x86_64-linux-gnu/c++/13/bits/c++allocator.h:33,
                 from /usr/include/c++/13/bits/allocator.h:46,
                 from /usr/include/c++/13/memory:65:
/usr/include/c++/13/bits/move.h:97:5: note: candidate: ‘template<class _Tp> constexpr typename std::remove_reference<_Tp>::type&& std::move(_Tp&&)’
   97 |     move(_Tp&& __t) noexcept
      |     ^~~~
/usr/include/c++/13/bits/move.h:97:5: note:   template argument deduction/substitution failed:
/OpenROAD/src/utl/include/utl/Logger.h:636:67: note:   couldn’t deduce template parameter ‘_Tp’
  636 |       auto queue = std::make_shared<TypedQueue<Args...>>(std::move(info));
      |                                                          ~~~~~~~~~^~~~~~
In file included from /usr/include/c++/13/bits/stl_uninitialized.h:63,
                 from /usr/include/c++/13/memory:69:
/usr/include/c++/13/bits/stl_algobase.h:657:5: note: candidate: ‘template<class _II, class _OI> constexpr _OI std::move(_II, _II, _OI)’
  657 |     move(_II __first, _II __last, _OI __result)
      |     ^~~~
/usr/include/c++/13/bits/stl_algobase.h:657:5: note:   template argument deduction/substitution failed:
/OpenROAD/src/utl/include/utl/Logger.h:636:67: note:   candidate expects 3 arguments, 1 provided
  636 |       auto queue = std::make_shared<TypedQueue<Args...>>(std::move(info));
      |                                                          ~~~~~~~~~^~~~~~
In file included from /usr/include/c++/13/algorithm:73,
                 from /opt/or-tools/include/absl/synchronization/internal/kernel_timeout.h:22,
                 from /opt/or-tools/include/absl/synchronization/mutex.h:76,
                 from /OpenROAD/src/utl/include/utl/Progress.h:17,
                 from /OpenROAD/src/utl/src/CommandLineProgress.h:9:
/usr/include/c++/13/pstl/glue_algorithm_defs.h:353:1: note: candidate: ‘template<class _ExecutionPolicy, class _ForwardIterator1, class _ForwardIterator2> __pstl::__internal::__enable_if_execution_policy<_ExecutionPolicy, _ForwardIterator> std::move(_ExecutionPolicy&&, _ForwardIterator1, _ForwardIterator1, _ForwardIterator2)’
  353 | move(_ExecutionPolicy&& __exec, _ForwardIterator1 __first, _ForwardIterator1 __last, _ForwardIterator2 __d_first);
      | ^~~~
/usr/include/c++/13/pstl/glue_algorithm_defs.h:353:1: note:   template argument deduction/substitution failed:
/OpenROAD/src/utl/include/utl/Logger.h:636:67: note:   candidate expects 4 arguments, 1 provided
  636 |       auto queue = std::make_shared<TypedQueue<Args...>>(std::move(info));
      |                                                          ~~~~~~~~~^~~~~~
/OpenROAD/src/utl/src/Progress.cpp: In member function ‘void utl::ProgressReporter::report()’:
/OpenROAD/src/utl/src/Progress.cpp:236:14: error: invalid use of incomplete type ‘class utl::Logger’
  236 |       logger_->report(msg.value());
      |              ^~
/OpenROAD/src/utl/include/utl/Progress.h:21:7: note: forward declaration of ‘class utl::Logger’
   21 | class Logger;
      |       ^~~~~~
/OpenROAD/src/utl/src/Progress.cpp: In member function ‘bool utl::ProgressReporter::end(bool)’:
/OpenROAD/src/utl/src/Progress.cpp:246:12: error: invalid use of incomplete type ‘class utl::Logger’
  246 |     logger_->error(utl::UTL,
      |            ^~
/OpenROAD/src/utl/include/utl/Progress.h:21:7: note: forward declaration of ‘class utl::Logger’
   21 | class Logger;
      |       ^~~~~~
/OpenROAD/src/utl/src/Progress.cpp:246:25: error: ‘UTL’ is not a member of ‘utl’; did you mean ‘UTL’?
  246 |     logger_->error(utl::UTL,
      |                         ^~~
/OpenROAD/src/utl/include/utl/Logger.h:451:5: note: ‘UTL’ declared here
  451 |   X(UTL)                \
      |     ^~~
/OpenROAD/src/utl/include/utl/Logger.h:454:29: note: in definition of macro ‘GENERATE_ENUM’
  454 | #define GENERATE_ENUM(ENUM) ENUM,
      |                             ^~~~
/OpenROAD/src/utl/include/utl/Logger.h:466:3: note: in expansion of macro ‘FOREACH_TOOL’
  466 |   FOREACH_TOOL(GENERATE_ENUM)
      |   ^~~~~~~~~~~~
/OpenROAD/src/utl/src/Progress.cpp:255:14: error: invalid use of incomplete type ‘class utl::Logger’
  255 |       logger_->report(msg.value());
      |              ^~
/OpenROAD/src/utl/include/utl/Progress.h:21:7: note: forward declaration of ‘class utl::Logger’
   21 | class Logger;
      |       ^~~~~~
/OpenROAD/src/utl/include/utl/Logger.h: In member function ‘void Logger::log_metric(const std::string&, const std::string&)’:
/OpenROAD/src/utl/include/utl/Logger.h:747:5: error: ‘metrics_entries_’ was not declared in this scope; did you mean ‘metrics_stages_’?
  747 |     metrics_entries_.push_back({std::move(key), value});
      |     ^~~~~~~~~~~~~~~~
      |     metrics_stages_
/OpenROAD/src/utl/include/utl/Logger.h: At global scope:
/OpenROAD/src/utl/include/utl/Logger.h:855:1: error: expected declaration before ‘}’ token
  855 | }  // namespace utl
      | ^
gmake[2]: *** [src/utl/CMakeFiles/utl_py.dir/build.make:92: src/utl/CMakeFiles/utl_py.dir/CMakeFiles/utl_py.dir/Logger-pyPYTHON_wrap.cxx.o] Error 1
gmake[1]: *** [CMakeFiles/Makefile2:11909: src/utl/CMakeFiles/utl_py.dir/all] Error 2
gmake[1]: *** Waiting for unfinished jobs....
gmake[2]: *** [src/utl/CMakeFiles/utl_lib.dir/build.make:177: src/utl/CMakeFiles/utl_lib.dir/src/CommandLineProgress.cpp.o] Error 1
gmake[2]: *** [src/utl/CMakeFiles/utl_lib.dir/build.make:163: src/utl/CMakeFiles/utl_lib.dir/src/Progress.cpp.o] Error 1
/OpenROAD/src/utl/src/Logger.cpp:177:31: warning: ‘std::vector<utl::ColumnDefinition> utl::{anonymous}::build_columns_from_runtime(std::string_view, const std::vector<utl::SQLiteType>&)’ defined but not used [-Wunused-function]
  177 | std::vector<ColumnDefinition> build_columns_from_runtime(
      |                               ^~~~~~~~~~~~~~~~~~~~~~~~~~
/OpenROAD/src/utl/src/Logger.cpp:140:13: warning: ‘const char* utl::{anonymous}::sqlite_type_name(utl::SQLiteType)’ defined but not used [-Wunused-function]
  140 | const char* sqlite_type_name(utl::SQLiteType t) {
      |             ^~~~~~~~~~~~~~~~
gmake[2]: *** [src/utl/CMakeFiles/utl_lib.dir/build.make:149: src/utl/CMakeFiles/utl_lib.dir/src/Logger.cpp.o] Error 1
gmake[2]: *** [src/utl/CMakeFiles/utl_lib.dir/build.make:107: src/utl/CMakeFiles/utl_lib.dir/src/ScopedTemporaryFile.cpp.o] Error 1
gmake[1]: *** [CMakeFiles/Makefile2:11941: src/utl/CMakeFiles/utl_lib.dir/all] Error 2
